Archive member included because of file (symbol)

/usr/lib/gcc/avr/4.5.3/avr51/libgcc.a(_mulsi3.o)
                              ../../LUFA/Drivers/USB/Class/Host/MassStorageClassHost.o (__mulsi3)
/usr/lib/gcc/avr/4.5.3/avr51/libgcc.a(_udivmodsi4.o)
                              USBtoSerial.o (__udivmodsi4)
/usr/lib/gcc/avr/4.5.3/avr51/libgcc.a(_exit.o)
                              /usr/lib/gcc/avr/4.5.3/../../../avr/lib/avr51/crtusb1286.o (exit)
/usr/lib/gcc/avr/4.5.3/avr51/libgcc.a(_copy_data.o)
                              USBtoSerial.o (__do_copy_data)
/usr/lib/gcc/avr/4.5.3/avr51/libgcc.a(_clear_bss.o)
                              USBtoSerial.o (__do_clear_bss)
/usr/lib/gcc/avr/4.5.3/../../../avr/lib/avr51/libc.a(memcpy_P.o)
                              ../../LUFA/Drivers/USB/Class/Device/RNDISClassDevice.o (memcpy_P)
/usr/lib/gcc/avr/4.5.3/../../../avr/lib/avr51/libc.a(memcmp.o)
                              ../../LUFA/Drivers/USB/Class/Device/HIDClassDevice.o (memcmp)
/usr/lib/gcc/avr/4.5.3/../../../avr/lib/avr51/libc.a(memcpy.o)
                              ../../LUFA/Drivers/USB/Class/Device/HIDClassDevice.o (memcpy)
/usr/lib/gcc/avr/4.5.3/../../../avr/lib/avr51/libc.a(memmove.o)
                              ../../LUFA/Drivers/USB/Class/Host/PrinterClassHost.o (memmove)
/usr/lib/gcc/avr/4.5.3/../../../avr/lib/avr51/libc.a(memset.o)
                              ../../LUFA/Drivers/USB/Class/Device/HIDClassDevice.o (memset)
/usr/lib/gcc/avr/4.5.3/../../../avr/lib/avr51/libc.a(eerd_byte_at90usb1287.o)
                              ../../LUFA/Drivers/USB/Core/AVR8/EndpointStream_AVR8.o (__eerd_byte_usb1287)
/usr/lib/gcc/avr/4.5.3/../../../avr/lib/avr51/libc.a(eeupd_byte_at90usb1287.o)
                              ../../LUFA/Drivers/USB/Core/AVR8/EndpointStream_AVR8.o (__eeupd_byte_usb1287)

Allocating common symbols
Common symbol       size              file

USB_IsInitialized   0x1               ../../LUFA/Drivers/USB/Core/USBTask.o
USB_Host_ConfigurationNumber
                    0x1               ../../LUFA/Drivers/USB/Core/HostStandardReq.o
USB_Device_ConfigurationNumber
                    0x1               ../../LUFA/Drivers/USB/Core/DeviceStandardReq.o
USB_Device_CurrentlySelfPowered
                    0x1               ../../LUFA/Drivers/USB/Core/DeviceStandardReq.o
USB_ControlRequest  0x8               ../../LUFA/Drivers/USB/Core/USBTask.o
USB_Device_RemoteWakeupEnabled
                    0x1               ../../LUFA/Drivers/USB/Core/DeviceStandardReq.o

Discarded input sections

 .data          0x0000000000000000        0x0 /usr/lib/gcc/avr/4.5.3/../../../avr/lib/avr51/crtusb1286.o
 .bss           0x0000000000000000        0x0 /usr/lib/gcc/avr/4.5.3/../../../avr/lib/avr51/crtusb1286.o
 .text          0x0000000000000000        0x0 USBtoSerial.o
 .text          0x0000000000000000        0x0 Descriptors.o
 .data          0x0000000000000000        0x0 Descriptors.o
 .bss           0x0000000000000000        0x0 Descriptors.o
 .text          0x0000000000000000        0x0 ../../LUFA/Drivers/USB/Core/AVR8/Device_AVR8.o
 .data          0x0000000000000000        0x0 ../../LUFA/Drivers/USB/Core/AVR8/Device_AVR8.o
 .bss           0x0000000000000000        0x0 ../../LUFA/Drivers/USB/Core/AVR8/Device_AVR8.o
 .text.USB_Device_SendRemoteWakeup
                0x0000000000000000       0x2c ../../LUFA/Drivers/USB/Core/AVR8/Device_AVR8.o
 .text          0x0000000000000000        0x0 ../../LUFA/Drivers/USB/Core/AVR8/Endpoint_AVR8.o
 .data          0x0000000000000000        0x0 ../../LUFA/Drivers/USB/Core/AVR8/Endpoint_AVR8.o
 .bss           0x0000000000000000        0x0 ../../LUFA/Drivers/USB/Core/AVR8/Endpoint_AVR8.o
 .text.Endpoint_ClearEndpoints
                0x0000000000000000       0x2c ../../LUFA/Drivers/USB/Core/AVR8/Endpoint_AVR8.o
 .text          0x0000000000000000        0x0 ../../LUFA/Drivers/USB/Core/AVR8/Host_AVR8.o
 .data          0x0000000000000000        0x0 ../../LUFA/Drivers/USB/Core/AVR8/Host_AVR8.o
 .bss           0x0000000000000000        0x0 ../../LUFA/Drivers/USB/Core/AVR8/Host_AVR8.o
 .text          0x0000000000000000        0x0 ../../LUFA/Drivers/USB/Core/AVR8/Pipe_AVR8.o
 .data          0x0000000000000000        0x0 ../../LUFA/Drivers/USB/Core/AVR8/Pipe_AVR8.o
 .bss           0x0000000000000000        0x0 ../../LUFA/Drivers/USB/Core/AVR8/Pipe_AVR8.o
 .text          0x0000000000000000        0x0 ../../LUFA/Drivers/USB/Core/AVR8/USBController_AVR8.o
 .data          0x0000000000000000        0x0 ../../LUFA/Drivers/USB/Core/AVR8/USBController_AVR8.o
 .bss           0x0000000000000000        0x0 ../../LUFA/Drivers/USB/Core/AVR8/USBController_AVR8.o
 .text.USB_Disable
                0x0000000000000000       0x34 ../../LUFA/Drivers/USB/Core/AVR8/USBController_AVR8.o
 .text          0x0000000000000000        0x0 ../../LUFA/Drivers/USB/Core/AVR8/USBInterrupt_AVR8.o
 .data          0x0000000000000000        0x0 ../../LUFA/Drivers/USB/Core/AVR8/USBInterrupt_AVR8.o
[...]
Memory Configuration

Name             Origin             Length             Attributes
text             0x0000000000000000 0x0000000000020000 xr
data             0x0000000000800100 0x000000000000ff00 rw !x
eeprom           0x0000000000810000 0x0000000000010000 rw !x
fuse             0x0000000000820000 0x0000000000000400 rw !x
lock             0x0000000000830000 0x0000000000000400 rw !x
signature        0x0000000000840000 0x0000000000000400 rw !x
*default*        0x0000000000000000 0xffffffffffffffff

Linker script and memory map

Address of section .data set to 0x800100
LOAD /usr/lib/gcc/avr/4.5.3/../../../avr/lib/avr51/crtusb1286.o
LOAD /usr/lib/gcc/avr/4.5.3/../../../avr/lib/avr51/libm.a
LOAD USBtoSerial.o
LOAD Descriptors.o
LOAD ../../LUFA/Drivers/USB/Core/AVR8/Device_AVR8.o
LOAD ../../LUFA/Drivers/USB/Core/AVR8/Endpoint_AVR8.o
LOAD ../../LUFA/Drivers/USB/Core/AVR8/Host_AVR8.o
LOAD ../../LUFA/Drivers/USB/Core/AVR8/Pipe_AVR8.o
LOAD ../../LUFA/Drivers/USB/Core/AVR8/USBController_AVR8.o
LOAD ../../LUFA/Drivers/USB/Core/AVR8/USBInterrupt_AVR8.o
LOAD ../../LUFA/Drivers/USB/Core/AVR8/EndpointStream_AVR8.o
LOAD ../../LUFA/Drivers/USB/Core/AVR8/PipeStream_AVR8.o
LOAD ../../LUFA/Drivers/USB/Core/ConfigDescriptors.o
LOAD ../../LUFA/Drivers/USB/Core/DeviceStandardReq.o
LOAD ../../LUFA/Drivers/USB/Core/Events.o
LOAD ../../LUFA/Drivers/USB/Core/HostStandardReq.o
LOAD ../../LUFA/Drivers/USB/Core/USBTask.o
LOAD ../../LUFA/Drivers/USB/Class/Common/HIDParser.o
LOAD ../../LUFA/Drivers/USB/Class/Device/AudioClassDevice.o
LOAD ../../LUFA/Drivers/USB/Class/Device/CDCClassDevice.o
LOAD ../../LUFA/Drivers/USB/Class/Device/HIDClassDevice.o
LOAD ../../LUFA/Drivers/USB/Class/Device/MassStorageClassDevice.o
LOAD ../../LUFA/Drivers/USB/Class/Device/MIDIClassDevice.o
LOAD ../../LUFA/Drivers/USB/Class/Device/RNDISClassDevice.o
LOAD ../../LUFA/Drivers/USB/Class/Host/AndroidAccessoryClassHost.o
LOAD ../../LUFA/Drivers/USB/Class/Host/AudioClassHost.o
LOAD ../../LUFA/Drivers/USB/Class/Host/CDCClassHost.o
LOAD ../../LUFA/Drivers/USB/Class/Host/HIDClassHost.o
LOAD ../../LUFA/Drivers/USB/Class/Host/MassStorageClassHost.o
LOAD ../../LUFA/Drivers/USB/Class/Host/MIDIClassHost.o
LOAD ../../LUFA/Drivers/USB/Class/Host/PrinterClassHost.o
LOAD ../../LUFA/Drivers/USB/Class/Host/RNDISClassHost.o
LOAD ../../LUFA/Drivers/USB/Class/Host/StillImageClassHost.o
LOAD /usr/lib/gcc/avr/4.5.3/avr51/libgcc.a
LOAD /usr/lib/gcc/avr/4.5.3/../../../avr/lib/avr51/libc.a
LOAD /usr/lib/gcc/avr/4.5.3/avr51/libgcc.a

.hash
 *(.hash)

.dynsym
 *(.dynsym)

.dynstr
 *(.dynstr)

.gnu.version
 *(.gnu.version)

.gnu.version_d
 *(.gnu.version_d)

.gnu.version_r
 *(.gnu.version_r)

.rel.init
 *(.rel.init)

.rela.init
 *(.rela.init)

.rel.text
 *(.rel.text)
 *(.rel.text.*)
 *(.rel.gnu.linkonce.t*)

.rela.text
 *(.rela.text)
 *(.rela.text.*)
 *(.rela.gnu.linkonce.t*)

.rel.fini
 *(.rel.fini)

.rela.fini
 *(.rela.fini)

.rel.rodata
 *(.rel.rodata)
 *(.rel.rodata.*)
 *(.rel.gnu.linkonce.r*)

.rela.rodata
 *(.rela.rodata)
 *(.rela.rodata.*)
 *(.rela.gnu.linkonce.r*)

.rel.data
 *(.rel.data)
 *(.rel.data.*)
 *(.rel.gnu.linkonce.d*)

.rela.data
 *(.rela.data)
 *(.rela.data.*)
 *(.rela.gnu.linkonce.d*)

.rel.ctors
 *(.rel.ctors)

.rela.ctors
 *(.rela.ctors)

.rel.dtors
 *(.rel.dtors)

.rela.dtors
 *(.rela.dtors)

.rel.got
 *(.rel.got)

.rela.got
 *(.rela.got)

.rel.bss
 *(.rel.bss)

.rela.bss
 *(.rela.bss)

.rel.plt
 *(.rel.plt)

.rela.plt
 *(.rela.plt)

.text           0x0000000000000000     0x1046
 *(.vectors)
 .vectors       0x0000000000000000       0x98 /usr/lib/gcc/avr/4.5.3/../../../avr/lib/avr51/crtusb1286.o
                0x0000000000000000                __vectors
                0x0000000000000000                __vector_default
 *(.vectors)
 *(.progmem.gcc*)
 *(.progmem*)
 .progmem.data  0x0000000000000098       0x9e Descriptors.o
                0x0000000000000098                DeviceDescriptor
                0x00000000000000aa                ConfigurationDescriptor
                0x00000000000000e8                LanguageString
                0x00000000000000ec                ManufacturerString
                0x0000000000000106                ProductString
                0x0000000000000136                . = ALIGN (0x2)
                0x0000000000000136                __trampolines_start = .
 *(.trampolines)
 .trampolines   0x0000000000000136        0x0 linker stubs
 *(.trampolines*)
                0x0000000000000136                __trampolines_end = .
 *(.jumptables)
 *(.jumptables*)
 *(.lowtext)
 *(.lowtext*)
                0x0000000000000136                __ctors_start = .
 *(.ctors)
                0x0000000000000136                __ctors_end = .
                0x0000000000000136                __dtors_start = .
 *(.dtors)
                0x0000000000000136                __dtors_end = .
 SORT(*)(.ctors)
 SORT(*)(.dtors)
 *(.init0)
 .init0         0x0000000000000136        0x0 /usr/lib/gcc/avr/4.5.3/../../../avr/lib/avr51/crtusb1286.o
                0x0000000000000136                __init
 *(.init0)
 *(.init1)
 *(.init1)
 *(.init2)
 .init2         0x0000000000000136        0xc /usr/lib/gcc/avr/4.5.3/../../../avr/lib/avr51/crtusb1286.o
 *(.init2)
 *(.init3)
 *(.init3)
 *(.init4)
 .init4         0x0000000000000142       0x1a /usr/lib/gcc/avr/4.5.3/avr51/libgcc.a(_copy_data.o)
                0x0000000000000142                __do_copy_data
 .init4         0x000000000000015c       0x10 /usr/lib/gcc/avr/4.5.3/avr51/libgcc.a(_clear_bss.o)
                0x000000000000015c                __do_clear_bss
 *(.init4)
 *(.init5)
 *(.init5)
 *(.init6)
 *(.init6)
 *(.init7)
 *(.init7)
 *(.init8)
 *(.init8)
 *(.init9)
 .init9         0x000000000000016c        0x4 /usr/lib/gcc/avr/4.5.3/../../../avr/lib/avr51/crtusb1286.o
 *(.init9)
 *(.text)
 .text          0x0000000000000170        0x2 /usr/lib/gcc/avr/4.5.3/../../../avr/lib/avr51/crtusb1286.o
                0x0000000000000170                __vector_22
                0x0000000000000170                __vector_28
                0x0000000000000170                __vector_1
                0x0000000000000170                __vector_32
                0x0000000000000170                __vector_34
                0x0000000000000170                __vector_24
                0x0000000000000170                __vector_12
                0x0000000000000170                __bad_interrupt
                0x0000000000000170                __vector_6
                0x0000000000000170                __vector_31
                0x0000000000000170                __vector_35
                0x0000000000000170                __vector_3
                0x0000000000000170                __vector_23
                0x0000000000000170                __vector_30
                0x0000000000000170                __vector_13
                0x0000000000000170                __vector_17
                0x0000000000000170                __vector_19
                0x0000000000000170                __vector_7
                0x0000000000000170                __vector_27
                0x0000000000000170                __vector_5
                0x0000000000000170                __vector_33
                0x0000000000000170                __vector_37
                0x0000000000000170                __vector_4
                0x0000000000000170                __vector_9
                0x0000000000000170                __vector_2
                0x0000000000000170                __vector_21
                0x0000000000000170                __vector_15
                0x0000000000000170                __vector_36
                0x0000000000000170                __vector_29
                0x0000000000000170                __vector_8
                0x0000000000000170                __vector_26
                0x0000000000000170                __vector_14
                0x0000000000000170                __vector_16
                0x0000000000000170                __vector_18
                0x0000000000000170                __vector_20
                0x0000000000000172                . = ALIGN (0x2)
 *(.text.*)
 .text.LEDs_SetAllLEDs
                0x0000000000000172        0xa USBtoSerial.o
 .text.RingBuffer_Insert
                0x000000000000017c       0x36 USBtoSerial.o
 .text.RingBuffer_Remove
                0x00000000000001b2       0x32 USBtoSerial.o
 .text.RingBuffer_InitBuffer.clone.0
                0x00000000000001e4       0x2a USBtoSerial.o
 .text.SetupHardware
                0x000000000000020e       0x3c USBtoSerial.o
                0x000000000000020e                SetupHardware
 .text.main     0x000000000000024a       0xb8 USBtoSerial.o
                0x000000000000024a                main
 .text.EVENT_USB_Device_Connect
                0x0000000000000302        0x4 USBtoSerial.o
                0x0000000000000302                EVENT_USB_Device_Connect
 .text.EVENT_USB_Device_Disconnect
                0x0000000000000306        0x4 USBtoSerial.o
                0x0000000000000306                EVENT_USB_Device_Disconnect
 .text.EVENT_USB_Device_ConfigurationChanged
                0x000000000000030a       0x12 USBtoSerial.o
                0x000000000000030a                EVENT_USB_Device_ConfigurationChanged
 .text.EVENT_USB_Device_ControlRequest
                0x000000000000031c        0x6 USBtoSerial.o
                0x000000000000031c                EVENT_USB_Device_ControlRequest
 .text.__vector_25
                0x0000000000000322       0x5c USBtoSerial.o
                0x0000000000000322                __vector_25
 .text.EVENT_CDC_Device_LineEncodingChanged
                0x000000000000037e       0x82 USBtoSerial.o
                0x000000000000037e                EVENT_CDC_Device_LineEncodingChanged
 .text.CALLBACK_USB_GetDescriptor
                0x0000000000000400       0x5a Descriptors.o
                0x0000000000000400                CALLBACK_USB_GetDescriptor
 .text.Endpoint_ConfigureEndpoint_Prv
                0x000000000000045a       0x6e ../../LUFA/Drivers/USB/Core/AVR8/Endpoint_AVR8.o
                0x000000000000045a                Endpoint_ConfigureEndpoint_Prv
 .text.Endpoint_ConfigureEndpointTable
                0x00000000000004c8       0x88 ../../LUFA/Drivers/USB/Core/AVR8/Endpoint_AVR8.o
                0x00000000000004c8                Endpoint_ConfigureEndpointTable
 .text.Endpoint_ClearStatusStage
                0x0000000000000550       0x3e ../../LUFA/Drivers/USB/Core/AVR8/Endpoint_AVR8.o
                0x0000000000000550                Endpoint_ClearStatusStage
 .text.Endpoint_WaitUntilReady
                0x000000000000058e       0x66 ../../LUFA/Drivers/USB/Core/AVR8/Endpoint_AVR8.o
                0x000000000000058e                Endpoint_WaitUntilReady
 .text.USB_ResetInterface
                0x00000000000005f4       0x88 ../../LUFA/Drivers/USB/Core/AVR8/USBController_AVR8.o
                0x00000000000005f4                USB_ResetInterface
 .text.USB_Init
                0x000000000000067c       0x12 ../../LUFA/Drivers/USB/Core/AVR8/USBController_AVR8.o
                0x000000000000067c                USB_Init
 .text.USB_INT_DisableAllInterrupts
                0x000000000000068e       0x10 ../../LUFA/Drivers/USB/Core/AVR8/USBInterrupt_AVR8.o
                0x000000000000068e                USB_INT_DisableAllInterrupts
 .text.USB_INT_ClearAllInterrupts
                0x000000000000069e        0xa ../../LUFA/Drivers/USB/Core/AVR8/USBInterrupt_AVR8.o
                0x000000000000069e                USB_INT_ClearAllInterrupts
 .text.__vector_10
                0x00000000000006a8      0x190 ../../LUFA/Drivers/USB/Core/AVR8/USBInterrupt_AVR8.o
                0x00000000000006a8                __vector_10
 .text.__vector_11
                0x0000000000000838       0x7e ../../LUFA/Drivers/USB/Core/AVR8/USBInterrupt_AVR8.o
                0x0000000000000838                __vector_11
 .text.Endpoint_Write_Control_Stream_LE
                0x00000000000008b6       0xb6 ../../LUFA/Drivers/USB/Core/AVR8/EndpointStream_AVR8.o
                0x00000000000008b6                Endpoint_Write_Control_Stream_LE
 .text.Endpoint_Write_Control_PStream_LE
                0x000000000000096c       0xb8 ../../LUFA/Drivers/USB/Core/AVR8/EndpointStream_AVR8.o
                0x000000000000096c                Endpoint_Write_Control_PStream_LE
 .text.USB_Device_ProcessControlRequest
                0x0000000000000a24      0x2c8 ../../LUFA/Drivers/USB/Core/DeviceStandardReq.o
                0x0000000000000a24                USB_Device_ProcessControlRequest
 .text.USB_Event_Stub
                0x0000000000000cec        0x2 ../../LUFA/Drivers/USB/Core/Events.o
                0x0000000000000cec                EVENT_USB_Device_WakeUp
                0x0000000000000cec                USB_Event_Stub
                0x0000000000000cec                EVENT_USB_Device_Suspend
                0x0000000000000cec                EVENT_USB_Device_StartOfFrame
                0x0000000000000cec                EVENT_USB_Device_Reset
 .text.USB_USBTask
                0x0000000000000cee       0x36 ../../LUFA/Drivers/USB/Core/USBTask.o
                0x0000000000000cee                USB_USBTask
 .text.CDC_Device_ProcessControlRequest
                0x0000000000000d24      0x158 ../../LUFA/Drivers/USB/Class/Device/CDCClassDevice.o
                0x0000000000000d24                CDC_Device_ProcessControlRequest
 .text.CDC_Device_ConfigureEndpoints
                0x0000000000000e7c       0x48 ../../LUFA/Drivers/USB/Class/Device/CDCClassDevice.o
                0x0000000000000e7c                CDC_Device_ConfigureEndpoints
 .text.CDC_Device_SendByte
                0x0000000000000ec4       0x5a ../../LUFA/Drivers/USB/Class/Device/CDCClassDevice.o
                0x0000000000000ec4                CDC_Device_SendByte
 .text.CDC_Device_Flush
                0x0000000000000f1e       0x5e ../../LUFA/Drivers/USB/Class/Device/CDCClassDevice.o
                0x0000000000000f1e                CDC_Device_Flush
 .text.CDC_Device_USBTask
                0x0000000000000f7c       0x1e ../../LUFA/Drivers/USB/Class/Device/CDCClassDevice.o
                0x0000000000000f7c                CDC_Device_USBTask
 .text.CDC_Device_ReceiveByte
                0x0000000000000f9a       0x62 ../../LUFA/Drivers/USB/Class/Device/CDCClassDevice.o
                0x0000000000000f9a                CDC_Device_ReceiveByte
 .text.CDC_Device_Event_Stub
                0x0000000000000ffc        0x2 ../../LUFA/Drivers/USB/Class/Device/CDCClassDevice.o
                0x0000000000000ffc                EVENT_CDC_Device_ControLineStateChanged
                0x0000000000000ffc                EVENT_CDC_Device_BreakSent
                0x0000000000000ffc                CDC_Device_Event_Stub
 .text.libgcc   0x0000000000000ffe       0x44 /usr/lib/gcc/avr/4.5.3/avr51/libgcc.a(_udivmodsi4.o)
                0x0000000000000ffe                __udivmodsi4
                0x0000000000001042                . = ALIGN (0x2)
 *(.fini9)
 .fini9         0x0000000000001042        0x0 /usr/lib/gcc/avr/4.5.3/avr51/libgcc.a(_exit.o)
                0x0000000000001042                exit
                0x0000000000001042                _exit
 *(.fini9)
 *(.fini8)
 *(.fini8)
 *(.fini7)
 *(.fini7)
 *(.fini6)
 *(.fini6)
 *(.fini5)
 *(.fini5)
 *(.fini4)
 *(.fini4)
 *(.fini3)
 *(.fini3)
 *(.fini2)
 *(.fini2)
 *(.fini1)
 *(.fini1)
 *(.fini0)
 .fini0         0x0000000000001042        0x4 /usr/lib/gcc/avr/4.5.3/avr51/libgcc.a(_exit.o)
 *(.fini0)
                0x0000000000001046                _etext = .

.data           0x0000000000800100       0x1e load address 0x0000000000001046
                0x0000000000800100                PROVIDE (__data_start, .)
 *(.data)
 .data          0x0000000000800100       0x1d USBtoSerial.o
                0x0000000000800100                VirtualSerial_CDC_Interface
 *(.data*)
 *(.rodata)
 *(.rodata*)
 *(.gnu.linkonce.d*)
                0x000000000080011e                . = ALIGN (0x2)
 *fill*         0x000000000080011d        0x1 00
                0x000000000080011e                _edata = .
                0x000000000080011e                PROVIDE (__data_end, .)

.bss            0x000000000080011e      0x124
                0x000000000080011e                PROVIDE (__bss_start, .)
 *(.bss)
 .bss           0x000000000080011e      0x118 USBtoSerial.o
 *(.bss*)
 *(COMMON)
 COMMON         0x0000000000800236        0x3 ../../LUFA/Drivers/USB/Core/DeviceStandardReq.o
                0x0000000000800236                USB_Device_ConfigurationNumber
                0x0000000000800237                USB_Device_CurrentlySelfPowered
                0x0000000000800238                USB_Device_RemoteWakeupEnabled
 COMMON         0x0000000000800239        0x9 ../../LUFA/Drivers/USB/Core/USBTask.o
                0x0000000000800239                USB_IsInitialized
                0x000000000080023a                USB_ControlRequest
                0x0000000000800242                PROVIDE (__bss_end, .)
                0x0000000000001046                __data_load_start = LOADADDR (.data)
                0x0000000000001064                __data_load_end = (__data_load_start + SIZEOF (.data))

.noinit         0x0000000000800242        0x0
                0x0000000000800242                PROVIDE (__noinit_start, .)
 *(.noinit*)
                0x0000000000800242                PROVIDE (__noinit_end, .)
                0x0000000000800242                _end = .
                0x0000000000800242                PROVIDE (__heap_start, .)

.eeprom         0x0000000000810000        0x0
 *(.eeprom*)
                0x0000000000810000                __eeprom_end = .

.fuse
 *(.fuse)
 *(.lfuse)
 *(.hfuse)
 *(.efuse)

.lock
 *(.lock*)

.signature
 *(.signature*)

.stab           0x0000000000000000      0xb7c
 *(.stab)
 .stab          0x0000000000000000      0x6cc /usr/lib/gcc/avr/4.5.3/../../../avr/lib/avr51/crtusb1286.o
 .stab          0x00000000000006cc       0x84 /usr/lib/gcc/avr/4.5.3/../../../avr/lib/avr51/libc.a(memcpy_P.o)
                                         0x90 (size before relaxing)
 .stab          0x0000000000000750       0xb4 /usr/lib/gcc/avr/4.5.3/../../../avr/lib/avr51/libc.a(memcmp.o)
                                         0xc0 (size before relaxing)
 .stab          0x0000000000000804       0x84 /usr/lib/gcc/avr/4.5.3/../../../avr/lib/avr51/libc.a(memcpy.o)
                                         0x90 (size before relaxing)
 .stab          0x0000000000000888       0xe4 /usr/lib/gcc/avr/4.5.3/../../../avr/lib/avr51/libc.a(memmove.o)
                                         0xf0 (size before relaxing)
 .stab          0x000000000000096c       0x6c /usr/lib/gcc/avr/4.5.3/../../../avr/lib/avr51/libc.a(memset.o)
                                         0x78 (size before relaxing)
 .stab          0x00000000000009d8       0x90 /usr/lib/gcc/avr/4.5.3/../../../avr/lib/avr51/libc.a(eerd_byte_at90usb1287.o)
                                         0x9c (size before relaxing)
 .stab          0x0000000000000a68      0x114 /usr/lib/gcc/avr/4.5.3/../../../avr/lib/avr51/libc.a(eeupd_byte_at90usb1287.o)
                                        0x120 (size before relaxing)

.stabstr        0x0000000000000000      0x19e
 *(.stabstr)
 .stabstr       0x0000000000000000      0x19e /usr/lib/gcc/avr/4.5.3/../../../avr/lib/avr51/crtusb1286.o

.stab.excl
 *(.stab.excl)

.stab.exclstr
 *(.stab.exclstr)

.stab.index
 *(.stab.index)

.stab.indexstr
 *(.stab.indexstr)

.comment
 *(.comment)

.debug
 *(.debug)

.line
 *(.line)

.debug_srcinfo
 *(.debug_srcinfo)

.debug_sfnames
 *(.debug_sfnames)

.debug_aranges  0x0000000000000000      0x978
 *(.debug_aranges)
 .debug_aranges
                0x0000000000000000       0x78 USBtoSerial.o
 .debug_aranges
                0x0000000000000078       0x20 Descriptors.o
 .debug_aranges
                0x0000000000000098       0x20 ../../LUFA/Drivers/USB/Core/AVR8/Device_AVR8.o
 .debug_aranges
                0x00000000000000b8       0x40 ../../LUFA/Drivers/USB/Core/AVR8/Endpoint_AVR8.o
 .debug_aranges
                0x00000000000000f8       0x30 ../../LUFA/Drivers/USB/Core/AVR8/USBController_AVR8.o
 .debug_aranges
                0x0000000000000128       0x38 ../../LUFA/Drivers/USB/Core/AVR8/USBInterrupt_AVR8.o
 .debug_aranges
                0x0000000000000160       0xc8 ../../LUFA/Drivers/USB/Core/AVR8/EndpointStream_AVR8.o
 .debug_aranges
                0x0000000000000228       0x38 ../../LUFA/Drivers/USB/Core/ConfigDescriptors.o
 .debug_aranges
                0x0000000000000260       0x20 ../../LUFA/Drivers/USB/Core/DeviceStandardReq.o
 .debug_aranges
                0x0000000000000280       0x20 ../../LUFA/Drivers/USB/Core/Events.o
 .debug_aranges
                0x00000000000002a0       0x60 ../../LUFA/Drivers/USB/Core/HostStandardReq.o
 .debug_aranges
                0x0000000000000300       0x20 ../../LUFA/Drivers/USB/Core/USBTask.o
 .debug_aranges
                0x0000000000000320       0x38 ../../LUFA/Drivers/USB/Class/Common/HIDParser.o
 .debug_aranges
                0x0000000000000358       0x30 ../../LUFA/Drivers/USB/Class/Device/AudioClassDevice.o
 .debug_aranges
                0x0000000000000388       0x98 ../../LUFA/Drivers/USB/Class/Device/CDCClassDevice.o
 .debug_aranges
                0x0000000000000420       0x30 ../../LUFA/Drivers/USB/Class/Device/HIDClassDevice.o
 .debug_aranges
                0x0000000000000450       0x30 ../../LUFA/Drivers/USB/Class/Device/MassStorageClassDevice.o
 .debug_aranges
                0x0000000000000480       0x40 ../../LUFA/Drivers/USB/Class/Device/MIDIClassDevice.o
 .debug_aranges
                0x00000000000004c0       0x48 ../../LUFA/Drivers/USB/Class/Device/RNDISClassDevice.o
 .debug_aranges
                0x0000000000000508       0xa0 ../../LUFA/Drivers/USB/Class/Host/AndroidAccessoryClassHost.o
 .debug_aranges
                0x00000000000005a8       0x48 ../../LUFA/Drivers/USB/Class/Host/AudioClassHost.o
 .debug_aranges
                0x00000000000005f0       0xb8 ../../LUFA/Drivers/USB/Class/Host/CDCClassHost.o
 .debug_aranges
                0x00000000000006a8       0x70 ../../LUFA/Drivers/USB/Class/Host/HIDClassHost.o
 .debug_aranges
                0x0000000000000718       0x88 ../../LUFA/Drivers/USB/Class/Host/MassStorageClassHost.o
 .debug_aranges
                0x00000000000007a0       0x50 ../../LUFA/Drivers/USB/Class/Host/MIDIClassHost.o
 .debug_aranges
                0x00000000000007f0       0x88 ../../LUFA/Drivers/USB/Class/Host/PrinterClassHost.o
 .debug_aranges
                0x0000000000000878       0x80 ../../LUFA/Drivers/USB/Class/Host/RNDISClassHost.o
 .debug_aranges
                0x00000000000008f8       0x80 ../../LUFA/Drivers/USB/Class/Host/StillImageClassHost.o

.debug_pubnames
                0x0000000000000000     0x1767
 *(.debug_pubnames)
 .debug_pubnames
                0x0000000000000000      0x111 USBtoSerial.o
 .debug_pubnames
                0x0000000000000111       0x9e Descriptors.o
 .debug_pubnames
                0x00000000000001af       0x32 ../../LUFA/Drivers/USB/Core/AVR8/Device_AVR8.o
 .debug_pubnames
                0x00000000000001e1       0xaf ../../LUFA/Drivers/USB/Core/AVR8/Endpoint_AVR8.o
 .debug_pubnames
                0x0000000000000290       0x46 ../../LUFA/Drivers/USB/Core/AVR8/USBController_AVR8.o
 .debug_pubnames
                0x00000000000002d6       0x72 ../../LUFA/Drivers/USB/Core/AVR8/USBInterrupt_AVR8.o
 .debug_pubnames
                0x0000000000000348      0x2df ../../LUFA/Drivers/USB/Core/AVR8/EndpointStream_AVR8.o
 .debug_pubnames
                0x0000000000000627       0x9b ../../LUFA/Drivers/USB/Core/ConfigDescriptors.o
 .debug_pubnames
                0x00000000000006c2       0xa1 ../../LUFA/Drivers/USB/Core/DeviceStandardReq.o
 .debug_pubnames
                0x0000000000000763       0x25 ../../LUFA/Drivers/USB/Core/Events.o
 .debug_pubnames
                0x0000000000000788      0x13b ../../LUFA/Drivers/USB/Core/HostStandardReq.o
 .debug_pubnames
                0x00000000000008c3       0x4f ../../LUFA/Drivers/USB/Core/USBTask.o
 .debug_pubnames
                0x0000000000000912       0x7e ../../LUFA/Drivers/USB/Class/Common/HIDParser.o
 .debug_pubnames
                0x0000000000000990       0x79 ../../LUFA/Drivers/USB/Class/Device/AudioClassDevice.o
 .debug_pubnames
                0x0000000000000a09      0x18b ../../LUFA/Drivers/USB/Class/Device/CDCClassDevice.o
 .debug_pubnames
                0x0000000000000b94       0x70 ../../LUFA/Drivers/USB/Class/Device/HIDClassDevice.o
 .debug_pubnames
                0x0000000000000c04       0x6d ../../LUFA/Drivers/USB/Class/Device/MassStorageClassDevice.o
 .debug_pubnames
                0x0000000000000c71       0xa6 ../../LUFA/Drivers/USB/Class/Device/MIDIClassDevice.o
 .debug_pubnames
                0x0000000000000d17       0xd0 ../../LUFA/Drivers/USB/Class/Device/RNDISClassDevice.o
 .debug_pubnames
                0x0000000000000de7      0x14f ../../LUFA/Drivers/USB/Class/Host/AndroidAccessoryClassHost.o
 .debug_pubnames
                0x0000000000000f36       0x78 ../../LUFA/Drivers/USB/Class/Host/AudioClassHost.o
 .debug_pubnames
                0x0000000000000fae      0x17e ../../LUFA/Drivers/USB/Class/Host/CDCClassHost.o
 .debug_pubnames
                0x000000000000112c       0xf9 ../../LUFA/Drivers/USB/Class/Host/HIDClassHost.o
 .debug_pubnames
                0x0000000000001225      0x12e ../../LUFA/Drivers/USB/Class/Host/MassStorageClassHost.o
 .debug_pubnames
                0x0000000000001353       0x98 ../../LUFA/Drivers/USB/Class/Host/MIDIClassHost.o
 .debug_pubnames
                0x00000000000013eb      0x147 ../../LUFA/Drivers/USB/Class/Host/PrinterClassHost.o
 .debug_pubnames
                0x0000000000001532      0x103 ../../LUFA/Drivers/USB/Class/Host/RNDISClassHost.o
 .debug_pubnames
                0x0000000000001635      0x132 ../../LUFA/Drivers/USB/Class/Host/StillImageClassHost.o

.debug_info     0x0000000000000000    0x10efc
 *(.debug_info)
 .debug_info    0x0000000000000000      0xa12 USBtoSerial.o
 .debug_info    0x0000000000000a12      0x781 Descriptors.o
 .debug_info    0x0000000000001193       0xdc ../../LUFA/Drivers/USB/Core/AVR8/Device_AVR8.o
 .debug_info    0x000000000000126f      0x607 ../../LUFA/Drivers/USB/Core/AVR8/Endpoint_AVR8.o
 .debug_info    0x0000000000001876       0x70 ../../LUFA/Drivers/USB/Core/AVR8/Host_AVR8.o
 .debug_info    0x00000000000018e6       0x70 ../../LUFA/Drivers/USB/Core/AVR8/Pipe_AVR8.o
 .debug_info    0x0000000000001956      0x46c ../../LUFA/Drivers/USB/Core/AVR8/USBController_AVR8.o
 .debug_info    0x0000000000001dc2      0x6fa ../../LUFA/Drivers/USB/Core/AVR8/USBInterrupt_AVR8.o
 .debug_info    0x00000000000024bc     0x1550 ../../LUFA/Drivers/USB/Core/AVR8/EndpointStream_AVR8.o
 .debug_info    0x0000000000003a0c       0x70 ../../LUFA/Drivers/USB/Core/AVR8/PipeStream_AVR8.o
 .debug_info    0x0000000000003a7c      0x390 ../../LUFA/Drivers/USB/Core/ConfigDescriptors.o
 .debug_info    0x0000000000003e0c      0x9b6 ../../LUFA/Drivers/USB/Core/DeviceStandardReq.o
 .debug_info    0x00000000000047c2       0x89 ../../LUFA/Drivers/USB/Core/Events.o
 .debug_info    0x000000000000484b      0x98c ../../LUFA/Drivers/USB/Core/HostStandardReq.o
 .debug_info    0x00000000000051d7      0x24b ../../LUFA/Drivers/USB/Core/USBTask.o
 .debug_info    0x0000000000005422      0x6fd ../../LUFA/Drivers/USB/Class/Common/HIDParser.o
 .debug_info    0x0000000000005b1f      0x58f ../../LUFA/Drivers/USB/Class/Device/AudioClassDevice.o
 .debug_info    0x00000000000060ae      0xc24 ../../LUFA/Drivers/USB/Class/Device/CDCClassDevice.o
 .debug_info    0x0000000000006cd2      0x69d ../../LUFA/Drivers/USB/Class/Device/HIDClassDevice.o
 .debug_info    0x000000000000736f      0x7ed ../../LUFA/Drivers/USB/Class/Device/MassStorageClassDevice.o
 .debug_info    0x0000000000007b5c      0x4aa ../../LUFA/Drivers/USB/Class/Device/MIDIClassDevice.o
 .debug_info    0x0000000000008006      0xf16 ../../LUFA/Drivers/USB/Class/Device/RNDISClassDevice.o
 .debug_info    0x0000000000008f1c     0x1034 ../../LUFA/Drivers/USB/Class/Host/AndroidAccessoryClassHost.o
 .debug_info    0x0000000000009f50      0x76e ../../LUFA/Drivers/USB/Class/Host/AudioClassHost.o
 .debug_info    0x000000000000a6be      0xff2 ../../LUFA/Drivers/USB/Class/Host/CDCClassHost.o
 .debug_info    0x000000000000b6b0      0xf83 ../../LUFA/Drivers/USB/Class/Host/HIDClassHost.o
 .debug_info    0x000000000000c633     0x13f0 ../../LUFA/Drivers/USB/Class/Host/MassStorageClassHost.o
 .debug_info    0x000000000000da23      0x8c0 ../../LUFA/Drivers/USB/Class/Host/MIDIClassHost.o
 .debug_info    0x000000000000e2e3      0xd91 ../../LUFA/Drivers/USB/Class/Host/PrinterClassHost.o
 .debug_info    0x000000000000f074     0x1155 ../../LUFA/Drivers/USB/Class/Host/RNDISClassHost.o
 .debug_info    0x00000000000101c9      0xd33 ../../LUFA/Drivers/USB/Class/Host/StillImageClassHost.o
 *(.gnu.linkonce.wi.*)

.debug_abbrev   0x0000000000000000     0x3878
 *(.debug_abbrev)
 .debug_abbrev  0x0000000000000000      0x328 USBtoSerial.o
 .debug_abbrev  0x0000000000000328      0x155 Descriptors.o
 .debug_abbrev  0x000000000000047d       0x7f ../../LUFA/Drivers/USB/Core/AVR8/Device_AVR8.o
 .debug_abbrev  0x00000000000004fc      0x1f0 ../../LUFA/Drivers/USB/Core/AVR8/Endpoint_AVR8.o
 .debug_abbrev  0x00000000000006ec       0x2c ../../LUFA/Drivers/USB/Core/AVR8/Host_AVR8.o
 .debug_abbrev  0x0000000000000718       0x2c ../../LUFA/Drivers/USB/Core/AVR8/Pipe_AVR8.o
 .debug_abbrev  0x0000000000000744      0x12f ../../LUFA/Drivers/USB/Core/AVR8/USBController_AVR8.o
 .debug_abbrev  0x0000000000000873      0x1e4 ../../LUFA/Drivers/USB/Core/AVR8/USBInterrupt_AVR8.o
 .debug_abbrev  0x0000000000000a57      0x18d ../../LUFA/Drivers/USB/Core/AVR8/EndpointStream_AVR8.o
 .debug_abbrev  0x0000000000000be4       0x2c ../../LUFA/Drivers/USB/Core/AVR8/PipeStream_AVR8.o
 .debug_abbrev  0x0000000000000c10      0x14a ../../LUFA/Drivers/USB/Core/ConfigDescriptors.o
 .debug_abbrev  0x0000000000000d5a      0x20d ../../LUFA/Drivers/USB/Core/DeviceStandardReq.o
 .debug_abbrev  0x0000000000000f67       0x43 ../../LUFA/Drivers/USB/Core/Events.o
 .debug_abbrev  0x0000000000000faa      0x27a ../../LUFA/Drivers/USB/Core/HostStandardReq.o
 .debug_abbrev  0x0000000000001224      0x152 ../../LUFA/Drivers/USB/Core/USBTask.o
 .debug_abbrev  0x0000000000001376      0x1ee ../../LUFA/Drivers/USB/Class/Common/HIDParser.o
 .debug_abbrev  0x0000000000001564      0x169 ../../LUFA/Drivers/USB/Class/Device/AudioClassDevice.o
 .debug_abbrev  0x00000000000016cd      0x2f0 ../../LUFA/Drivers/USB/Class/Device/CDCClassDevice.o
 .debug_abbrev  0x00000000000019bd      0x1be ../../LUFA/Drivers/USB/Class/Device/HIDClassDevice.o
 .debug_abbrev  0x0000000000001b7b      0x207 ../../LUFA/Drivers/USB/Class/Device/MassStorageClassDevice.o
 .debug_abbrev  0x0000000000001d82      0x186 ../../LUFA/Drivers/USB/Class/Device/MIDIClassDevice.o
 .debug_abbrev  0x0000000000001f08      0x2bb ../../LUFA/Drivers/USB/Class/Device/RNDISClassDevice.o
 .debug_abbrev  0x00000000000021c3      0x346 ../../LUFA/Drivers/USB/Class/Host/AndroidAccessoryClassHost.o
 .debug_abbrev  0x0000000000002509      0x1b3 ../../LUFA/Drivers/USB/Class/Host/AudioClassHost.o
 .debug_abbrev  0x00000000000026bc      0x30a ../../LUFA/Drivers/USB/Class/Host/CDCClassHost.o
 .debug_abbrev  0x00000000000029c6      0x299 ../../LUFA/Drivers/USB/Class/Host/HIDClassHost.o
 .debug_abbrev  0x0000000000002c5f      0x300 ../../LUFA/Drivers/USB/Class/Host/MassStorageClassHost.o
 .debug_abbrev  0x0000000000002f5f      0x1b4 ../../LUFA/Drivers/USB/Class/Host/MIDIClassHost.o
 .debug_abbrev  0x0000000000003113      0x2b2 ../../LUFA/Drivers/USB/Class/Host/PrinterClassHost.o
 .debug_abbrev  0x00000000000033c5      0x252 ../../LUFA/Drivers/USB/Class/Host/RNDISClassHost.o
 .debug_abbrev  0x0000000000003617      0x261 ../../LUFA/Drivers/USB/Class/Host/StillImageClassHost.o

.debug_line     0x0000000000000000    0x1fc3c
 *(.debug_line)
 .debug_line    0x0000000000000000     0x1432 USBtoSerial.o
 .debug_line    0x0000000000001432      0xbfc Descriptors.o
 .debug_line    0x000000000000202e      0x8b7 ../../LUFA/Drivers/USB/Core/AVR8/Device_AVR8.o
 .debug_line    0x00000000000028e5      0xb86 ../../LUFA/Drivers/USB/Core/AVR8/Endpoint_AVR8.o
 .debug_line    0x000000000000346b      0x367 ../../LUFA/Drivers/USB/Core/AVR8/Host_AVR8.o
 .debug_line    0x00000000000037d2      0x367 ../../LUFA/Drivers/USB/Core/AVR8/Pipe_AVR8.o
 .debug_line    0x0000000000003b39      0x814 ../../LUFA/Drivers/USB/Core/AVR8/USBController_AVR8.o
 .debug_line    0x000000000000434d      0xb55 ../../LUFA/Drivers/USB/Core/AVR8/USBInterrupt_AVR8.o
 .debug_line    0x0000000000004ea2     0x1fd4 ../../LUFA/Drivers/USB/Core/AVR8/EndpointStream_AVR8.o
 .debug_line    0x0000000000006e76      0x36d ../../LUFA/Drivers/USB/Core/AVR8/PipeStream_AVR8.o
 .debug_line    0x00000000000071e3      0x7f6 ../../LUFA/Drivers/USB/Core/ConfigDescriptors.o
 .debug_line    0x00000000000079d9      0xc3b ../../LUFA/Drivers/USB/Core/DeviceStandardReq.o
 .debug_line    0x0000000000008614      0x356 ../../LUFA/Drivers/USB/Core/Events.o
 .debug_line    0x000000000000896a      0xd06 ../../LUFA/Drivers/USB/Core/HostStandardReq.o
 .debug_line    0x0000000000009670      0x6f9 ../../LUFA/Drivers/USB/Core/USBTask.o
 .debug_line    0x0000000000009d69      0xad7 ../../LUFA/Drivers/USB/Class/Common/HIDParser.o
 .debug_line    0x000000000000a840     0x13e4 ../../LUFA/Drivers/USB/Class/Device/AudioClassDevice.o
 .debug_line    0x000000000000bc24     0x1881 ../../LUFA/Drivers/USB/Class/Device/CDCClassDevice.o
 .debug_line    0x000000000000d4a5     0x14f6 ../../LUFA/Drivers/USB/Class/Device/HIDClassDevice.o
 .debug_line    0x000000000000e99b     0x14b9 ../../LUFA/Drivers/USB/Class/Device/MassStorageClassDevice.o
 .debug_line    0x000000000000fe54     0x130f ../../LUFA/Drivers/USB/Class/Device/MIDIClassDevice.o
 .debug_line    0x0000000000011163     0x1691 ../../LUFA/Drivers/USB/Class/Device/RNDISClassDevice.o
 .debug_line    0x00000000000127f4     0x1907 ../../LUFA/Drivers/USB/Class/Host/AndroidAccessoryClassHost.o
 .debug_line    0x00000000000140fb     0x1434 ../../LUFA/Drivers/USB/Class/Host/AudioClassHost.o
 .debug_line    0x000000000001552f     0x1986 ../../LUFA/Drivers/USB/Class/Host/CDCClassHost.o
 .debug_line    0x0000000000016eb5     0x16ac ../../LUFA/Drivers/USB/Class/Host/HIDClassHost.o
 .debug_line    0x0000000000018561     0x18ce ../../LUFA/Drivers/USB/Class/Host/MassStorageClassHost.o
 .debug_line    0x0000000000019e2f     0x14df ../../LUFA/Drivers/USB/Class/Host/MIDIClassHost.o
 .debug_line    0x000000000001b30e     0x185c ../../LUFA/Drivers/USB/Class/Host/PrinterClassHost.o
 .debug_line    0x000000000001cb6a     0x17bc ../../LUFA/Drivers/USB/Class/Host/RNDISClassHost.o
 .debug_line    0x000000000001e326     0x1916 ../../LUFA/Drivers/USB/Class/Host/StillImageClassHost.o

.debug_frame    0x0000000000000000      0xf70
 *(.debug_frame)
 .debug_frame   0x0000000000000000       0xd0 USBtoSerial.o
 .debug_frame   0x00000000000000d0       0x20 Descriptors.o
 .debug_frame   0x00000000000000f0       0x20 ../../LUFA/Drivers/USB/Core/AVR8/Device_AVR8.o
 .debug_frame   0x0000000000000110       0x60 ../../LUFA/Drivers/USB/Core/AVR8/Endpoint_AVR8.o
 .debug_frame   0x0000000000000170       0x40 ../../LUFA/Drivers/USB/Core/AVR8/USBController_AVR8.o
 .debug_frame   0x00000000000001b0       0x50 ../../LUFA/Drivers/USB/Core/AVR8/USBInterrupt_AVR8.o
 .debug_frame   0x0000000000000200      0x170 ../../LUFA/Drivers/USB/Core/AVR8/EndpointStream_AVR8.o
 .debug_frame   0x0000000000000370       0x50 ../../LUFA/Drivers/USB/Core/ConfigDescriptors.o
 .debug_frame   0x00000000000003c0       0x20 ../../LUFA/Drivers/USB/Core/DeviceStandardReq.o
 .debug_frame   0x00000000000003e0       0x20 ../../LUFA/Drivers/USB/Core/Events.o
 .debug_frame   0x0000000000000400       0xa0 ../../LUFA/Drivers/USB/Core/HostStandardReq.o
 .debug_frame   0x00000000000004a0       0x20 ../../LUFA/Drivers/USB/Core/USBTask.o
 .debug_frame   0x00000000000004c0       0x50 ../../LUFA/Drivers/USB/Class/Common/HIDParser.o
 .debug_frame   0x0000000000000510       0x40 ../../LUFA/Drivers/USB/Class/Device/AudioClassDevice.o
 .debug_frame   0x0000000000000550      0x110 ../../LUFA/Drivers/USB/Class/Device/CDCClassDevice.o
 .debug_frame   0x0000000000000660       0x40 ../../LUFA/Drivers/USB/Class/Device/HIDClassDevice.o
 .debug_frame   0x00000000000006a0       0x40 ../../LUFA/Drivers/USB/Class/Device/MassStorageClassDevice.o
 .debug_frame   0x00000000000006e0       0x60 ../../LUFA/Drivers/USB/Class/Device/MIDIClassDevice.o
 .debug_frame   0x0000000000000740       0x70 ../../LUFA/Drivers/USB/Class/Device/RNDISClassDevice.o
 .debug_frame   0x00000000000007b0      0x120 ../../LUFA/Drivers/USB/Class/Host/AndroidAccessoryClassHost.o
 .debug_frame   0x00000000000008d0       0x70 ../../LUFA/Drivers/USB/Class/Host/AudioClassHost.o
 .debug_frame   0x0000000000000940      0x150 ../../LUFA/Drivers/USB/Class/Host/CDCClassHost.o
 .debug_frame   0x0000000000000a90       0xc0 ../../LUFA/Drivers/USB/Class/Host/HIDClassHost.o
 .debug_frame   0x0000000000000b50       0xf0 ../../LUFA/Drivers/USB/Class/Host/MassStorageClassHost.o
 .debug_frame   0x0000000000000c40       0x80 ../../LUFA/Drivers/USB/Class/Host/MIDIClassHost.o
 .debug_frame   0x0000000000000cc0       0xf0 ../../LUFA/Drivers/USB/Class/Host/PrinterClassHost.o
 .debug_frame   0x0000000000000db0       0xe0 ../../LUFA/Drivers/USB/Class/Host/RNDISClassHost.o
 .debug_frame   0x0000000000000e90       0xe0 ../../LUFA/Drivers/USB/Class/Host/StillImageClassHost.o

.debug_str      0x0000000000000000     0x61a5
 *(.debug_str)
 .debug_str     0x0000000000000000      0x71d USBtoSerial.o
                                        0x7aa (size before relaxing)
 .debug_str     0x000000000000071d      0x8aa Descriptors.o
                                        0x9f6 (size before relaxing)
 .debug_str     0x0000000000000fc7       0xc2 ../../LUFA/Drivers/USB/Core/AVR8/Device_AVR8.o
                                        0x14f (size before relaxing)
 .debug_str     0x0000000000001089      0x2d2 ../../LUFA/Drivers/USB/Core/AVR8/Endpoint_AVR8.o
                                        0x54b (size before relaxing)
 .debug_str     0x000000000000135b       0x2d ../../LUFA/Drivers/USB/Core/AVR8/Host_AVR8.o
                                         0xe1 (size before relaxing)
 .debug_str     0x0000000000001388       0x2d ../../LUFA/Drivers/USB/Core/AVR8/Pipe_AVR8.o
                                         0xe1 (size before relaxing)
 .debug_str     0x00000000000013b5      0x24d ../../LUFA/Drivers/USB/Core/AVR8/USBController_AVR8.o
                                        0x433 (size before relaxing)
 .debug_str     0x0000000000001602      0x13c ../../LUFA/Drivers/USB/Core/AVR8/USBInterrupt_AVR8.o
                                        0x42e (size before relaxing)
 .debug_str     0x000000000000173e      0x4fd ../../LUFA/Drivers/USB/Core/AVR8/EndpointStream_AVR8.o
                                        0x74f (size before relaxing)
 .debug_str     0x0000000000001c3b       0x33 ../../LUFA/Drivers/USB/Core/AVR8/PipeStream_AVR8.o
                                         0xe7 (size before relaxing)
 .debug_str     0x0000000000001c6e      0x227 ../../LUFA/Drivers/USB/Core/ConfigDescriptors.o
                                        0x321 (size before relaxing)
 .debug_str     0x0000000000001e95      0x393 ../../LUFA/Drivers/USB/Core/DeviceStandardReq.o
                                        0x825 (size before relaxing)
 .debug_str     0x0000000000002228       0x34 ../../LUFA/Drivers/USB/Core/Events.o
                                         0xe8 (size before relaxing)
 .debug_str     0x000000000000225c      0x61b ../../LUFA/Drivers/USB/Core/HostStandardReq.o
                                        0x8ec (size before relaxing)
 .debug_str     0x0000000000002877       0x4e ../../LUFA/Drivers/USB/Core/USBTask.o
                                        0x28f (size before relaxing)
 .debug_str     0x00000000000028c5      0x45b ../../LUFA/Drivers/USB/Class/Common/HIDParser.o
                                        0x5d6 (size before relaxing)
 .debug_str     0x0000000000002d20      0x219 ../../LUFA/Drivers/USB/Class/Device/AudioClassDevice.o
                                        0x51d (size before relaxing)
 .debug_str     0x0000000000002f39      0x2fa ../../LUFA/Drivers/USB/Class/Device/CDCClassDevice.o
                                        0x8d1 (size before relaxing)
 .debug_str     0x0000000000003233      0x1ed ../../LUFA/Drivers/USB/Class/Device/HIDClassDevice.o
                                        0x54c (size before relaxing)
 .debug_str     0x0000000000003420      0x23d ../../LUFA/Drivers/USB/Class/Device/MassStorageClassDevice.o
                                        0x6ad (size before relaxing)
 .debug_str     0x000000000000365d      0x118 ../../LUFA/Drivers/USB/Class/Device/MIDIClassDevice.o
                                        0x521 (size before relaxing)
 .debug_str     0x0000000000003775      0x776 ../../LUFA/Drivers/USB/Class/Device/RNDISClassDevice.o
                                        0xc80 (size before relaxing)
 .debug_str     0x0000000000003eeb      0x55d ../../LUFA/Drivers/USB/Class/Host/AndroidAccessoryClassHost.o
                                        0xdb8 (size before relaxing)
 .debug_str     0x0000000000004448      0x339 ../../LUFA/Drivers/USB/Class/Host/AudioClassHost.o
                                        0x945 (size before relaxing)
 .debug_str     0x0000000000004781      0x2fb ../../LUFA/Drivers/USB/Class/Host/CDCClassHost.o
                                        0xd58 (size before relaxing)
 .debug_str     0x0000000000004a7c      0x4a9 ../../LUFA/Drivers/USB/Class/Host/HIDClassHost.o
                                       0x1164 (size before relaxing)
 .debug_str     0x0000000000004f25      0x581 ../../LUFA/Drivers/USB/Class/Host/MassStorageClassHost.o
                                        0xf77 (size before relaxing)
 .debug_str     0x00000000000054a6      0x1e8 ../../LUFA/Drivers/USB/Class/Host/MIDIClassHost.o
                                        0xb25 (size before relaxing)
 .debug_str     0x000000000000568e      0x380 ../../LUFA/Drivers/USB/Class/Host/PrinterClassHost.o
                                        0xc72 (size before relaxing)
 .debug_str     0x0000000000005a0e      0x3b1 ../../LUFA/Drivers/USB/Class/Host/RNDISClassHost.o
                                       0x105f (size before relaxing)
 .debug_str     0x0000000000005dbf      0x3e6 ../../LUFA/Drivers/USB/Class/Host/StillImageClassHost.o
                                        0xb74 (size before relaxing)

.debug_loc      0x0000000000000000     0x8ea9
 *(.debug_loc)
 .debug_loc     0x0000000000000000      0x225 USBtoSerial.o
 .debug_loc     0x0000000000000225       0xd3 Descriptors.o
 .debug_loc     0x00000000000002f8      0x39b ../../LUFA/Drivers/USB/Core/AVR8/Endpoint_AVR8.o
 .debug_loc     0x0000000000000693      0x1b8 ../../LUFA/Drivers/USB/Core/AVR8/USBInterrupt_AVR8.o
 .debug_loc     0x000000000000084b     0x19a2 ../../LUFA/Drivers/USB/Core/AVR8/EndpointStream_AVR8.o
 .debug_loc     0x00000000000021ed      0x2bc ../../LUFA/Drivers/USB/Core/ConfigDescriptors.o
 .debug_loc     0x00000000000024a9      0x25c ../../LUFA/Drivers/USB/Core/DeviceStandardReq.o
 .debug_loc     0x0000000000002705      0x43b ../../LUFA/Drivers/USB/Core/HostStandardReq.o
 .debug_loc     0x0000000000002b40       0x27 ../../LUFA/Drivers/USB/Core/USBTask.o
 .debug_loc     0x0000000000002b67      0x90e ../../LUFA/Drivers/USB/Class/Common/HIDParser.o
 .debug_loc     0x0000000000003475      0x16d ../../LUFA/Drivers/USB/Class/Device/AudioClassDevice.o
 .debug_loc     0x00000000000035e2      0x517 ../../LUFA/Drivers/USB/Class/Device/CDCClassDevice.o
 .debug_loc     0x0000000000003af9      0x249 ../../LUFA/Drivers/USB/Class/Device/HIDClassDevice.o
 .debug_loc     0x0000000000003d42      0x152 ../../LUFA/Drivers/USB/Class/Device/MassStorageClassDevice.o
 .debug_loc     0x0000000000003e94      0x1e2 ../../LUFA/Drivers/USB/Class/Device/MIDIClassDevice.o
 .debug_loc     0x0000000000004076      0x746 ../../LUFA/Drivers/USB/Class/Device/RNDISClassDevice.o
 .debug_loc     0x00000000000047bc      0x77d ../../LUFA/Drivers/USB/Class/Host/AndroidAccessoryClassHost.o
 .debug_loc     0x0000000000004f39      0x586 ../../LUFA/Drivers/USB/Class/Host/AudioClassHost.o
 .debug_loc     0x00000000000054bf      0x854 ../../LUFA/Drivers/USB/Class/Host/CDCClassHost.o
 .debug_loc     0x0000000000005d13      0x743 ../../LUFA/Drivers/USB/Class/Host/HIDClassHost.o
 .debug_loc     0x0000000000006456      0xba1 ../../LUFA/Drivers/USB/Class/Host/MassStorageClassHost.o
 .debug_loc     0x0000000000006ff7      0x4db ../../LUFA/Drivers/USB/Class/Host/MIDIClassHost.o
 .debug_loc     0x00000000000074d2      0x7a4 ../../LUFA/Drivers/USB/Class/Host/PrinterClassHost.o
 .debug_loc     0x0000000000007c76      0x83b ../../LUFA/Drivers/USB/Class/Host/RNDISClassHost.o
 .debug_loc     0x00000000000084b1      0x9f8 ../../LUFA/Drivers/USB/Class/Host/StillImageClassHost.o

.debug_macinfo  0x0000000000000000   0x2193a4
 *(.debug_macinfo)
 .debug_macinfo
                0x0000000000000000    0x150b8 USBtoSerial.o
 .debug_macinfo
                0x00000000000150b8    0x13d36 Descriptors.o
 .debug_macinfo
                0x0000000000028dee     0xd787 ../../LUFA/Drivers/USB/Core/AVR8/Device_AVR8.o
 .debug_macinfo
                0x0000000000036575     0xd869 ../../LUFA/Drivers/USB/Core/AVR8/Endpoint_AVR8.o
 .debug_macinfo
                0x0000000000043dde     0xccda ../../LUFA/Drivers/USB/Core/AVR8/Host_AVR8.o
 .debug_macinfo
                0x0000000000050ab8     0xccda ../../LUFA/Drivers/USB/Core/AVR8/Pipe_AVR8.o
 .debug_macinfo
                0x000000000005d792     0xd864 ../../LUFA/Drivers/USB/Core/AVR8/USBController_AVR8.o
 .debug_macinfo
                0x000000000006aff6     0xd855 ../../LUFA/Drivers/USB/Core/AVR8/USBInterrupt_AVR8.o
 .debug_macinfo
                0x000000000007884b     0xf740 ../../LUFA/Drivers/USB/Core/AVR8/EndpointStream_AVR8.o
 .debug_macinfo
                0x0000000000087f8b     0xccda ../../LUFA/Drivers/USB/Core/AVR8/PipeStream_AVR8.o
 .debug_macinfo
                0x0000000000094c65     0xd9e5 ../../LUFA/Drivers/USB/Core/ConfigDescriptors.o
 .debug_macinfo
                0x00000000000a264a     0xdbbb ../../LUFA/Drivers/USB/Core/DeviceStandardReq.o
 .debug_macinfo
                0x00000000000b0205     0xcd0c ../../LUFA/Drivers/USB/Core/Events.o
 .debug_macinfo
                0x00000000000bcf11     0xdbb5 ../../LUFA/Drivers/USB/Core/HostStandardReq.o
 .debug_macinfo
                0x00000000000caac6     0xd869 ../../LUFA/Drivers/USB/Core/USBTask.o
 .debug_macinfo
                0x00000000000d832f    0x10e03 ../../LUFA/Drivers/USB/Class/Common/HIDParser.o
 .debug_macinfo
                0x00000000000e9132    0x1446f ../../LUFA/Drivers/USB/Class/Device/AudioClassDevice.o
 .debug_macinfo
                0x00000000000fd5a1    0x1446b ../../LUFA/Drivers/USB/Class/Device/CDCClassDevice.o
 .debug_macinfo
                0x0000000000111a0c    0x1446a ../../LUFA/Drivers/USB/Class/Device/HIDClassDevice.o
 .debug_macinfo
                0x0000000000125e76    0x14471 ../../LUFA/Drivers/USB/Class/Device/MassStorageClassDevice.o
 .debug_macinfo
                0x000000000013a2e7    0x1446c ../../LUFA/Drivers/USB/Class/Device/MIDIClassDevice.o
 .debug_macinfo
                0x000000000014e753    0x1446e ../../LUFA/Drivers/USB/Class/Device/RNDISClassDevice.o
 .debug_macinfo
                0x0000000000162bc1    0x1447a ../../LUFA/Drivers/USB/Class/Host/AndroidAccessoryClassHost.o
 .debug_macinfo
                0x000000000017703b    0x1446c ../../LUFA/Drivers/USB/Class/Host/AudioClassHost.o
 .debug_macinfo
                0x000000000018b4a7    0x14468 ../../LUFA/Drivers/USB/Class/Host/CDCClassHost.o
 .debug_macinfo
                0x000000000019f90f    0x14468 ../../LUFA/Drivers/USB/Class/Host/HIDClassHost.o
 .debug_macinfo
                0x00000000001b3d77    0x1446f ../../LUFA/Drivers/USB/Class/Host/MassStorageClassHost.o
 .debug_macinfo
                0x00000000001c81e6    0x1446a ../../LUFA/Drivers/USB/Class/Host/MIDIClassHost.o
 .debug_macinfo
                0x00000000001dc650    0x14475 ../../LUFA/Drivers/USB/Class/Host/PrinterClassHost.o
 .debug_macinfo
                0x00000000001f0ac5    0x1446c ../../LUFA/Drivers/USB/Class/Host/RNDISClassHost.o
 .debug_macinfo
                0x0000000000204f31    0x14473 ../../LUFA/Drivers/USB/Class/Host/StillImageClassHost.o
OUTPUT(USBtoSerial.elf elf32-avr)
LOAD linker stubs

.debug_pubtypes
                0x0000000000000000     0x26d4
 .debug_pubtypes
                0x0000000000000000      0x13f USBtoSerial.o
 .debug_pubtypes
                0x000000000000013f      0x1f1 Descriptors.o
 .debug_pubtypes
                0x0000000000000330       0x1e ../../LUFA/Drivers/USB/Core/AVR8/Device_AVR8.o
 .debug_pubtypes
                0x000000000000034e       0x9e ../../LUFA/Drivers/USB/Core/AVR8/Endpoint_AVR8.o
 .debug_pubtypes
                0x00000000000003ec       0x12 ../../LUFA/Drivers/USB/Core/AVR8/Host_AVR8.o
 .debug_pubtypes
                0x00000000000003fe       0x12 ../../LUFA/Drivers/USB/Core/AVR8/Pipe_AVR8.o
 .debug_pubtypes
                0x0000000000000410       0x68 ../../LUFA/Drivers/USB/Core/AVR8/USBController_AVR8.o
 .debug_pubtypes
                0x0000000000000478       0x58 ../../LUFA/Drivers/USB/Core/AVR8/USBInterrupt_AVR8.o
 .debug_pubtypes
                0x00000000000004d0       0xab ../../LUFA/Drivers/USB/Core/AVR8/EndpointStream_AVR8.o
 .debug_pubtypes
                0x000000000000057b       0x12 ../../LUFA/Drivers/USB/Core/AVR8/PipeStream_AVR8.o
 .debug_pubtypes
                0x000000000000058d       0xb4 ../../LUFA/Drivers/USB/Core/ConfigDescriptors.o
 .debug_pubtypes
                0x0000000000000641       0xd7 ../../LUFA/Drivers/USB/Core/DeviceStandardReq.o
 .debug_pubtypes
                0x0000000000000718       0x12 ../../LUFA/Drivers/USB/Core/Events.o
 .debug_pubtypes
                0x000000000000072a       0xec ../../LUFA/Drivers/USB/Core/HostStandardReq.o
 .debug_pubtypes
                0x0000000000000816       0x5c ../../LUFA/Drivers/USB/Core/USBTask.o
 .debug_pubtypes
                0x0000000000000872      0x145 ../../LUFA/Drivers/USB/Class/Common/HIDParser.o
 .debug_pubtypes
                0x00000000000009b7       0xb2 ../../LUFA/Drivers/USB/Class/Device/AudioClassDevice.o
 .debug_pubtypes
                0x0000000000000a69      0x151 ../../LUFA/Drivers/USB/Class/Device/CDCClassDevice.o
 .debug_pubtypes
                0x0000000000000bba       0xc6 ../../LUFA/Drivers/USB/Class/Device/HIDClassDevice.o
 .debug_pubtypes
                0x0000000000000c80      0x132 ../../LUFA/Drivers/USB/Class/Device/MassStorageClassDevice.o
 .debug_pubtypes
                0x0000000000000db2       0xe0 ../../LUFA/Drivers/USB/Class/Device/MIDIClassDevice.o
 .debug_pubtypes
                0x0000000000000e92      0x2ae ../../LUFA/Drivers/USB/Class/Device/RNDISClassDevice.o
 .debug_pubtypes
                0x0000000000001140      0x252 ../../LUFA/Drivers/USB/Class/Host/AndroidAccessoryClassHost.o
 .debug_pubtypes
                0x0000000000001392      0x1b1 ../../LUFA/Drivers/USB/Class/Host/AudioClassHost.o
 .debug_pubtypes
                0x0000000000001543      0x231 ../../LUFA/Drivers/USB/Class/Host/CDCClassHost.o
 .debug_pubtypes
                0x0000000000001774      0x374 ../../LUFA/Drivers/USB/Class/Host/HIDClassHost.o
 .debug_pubtypes
                0x0000000000001ae8      0x2ab ../../LUFA/Drivers/USB/Class/Host/MassStorageClassHost.o
 .debug_pubtypes
                0x0000000000001d93      0x208 ../../LUFA/Drivers/USB/Class/Host/MIDIClassHost.o
 .debug_pubtypes
                0x0000000000001f9b      0x22e ../../LUFA/Drivers/USB/Class/Host/PrinterClassHost.o
 .debug_pubtypes
                0x00000000000021c9      0x32e ../../LUFA/Drivers/USB/Class/Host/RNDISClassHost.o
 .debug_pubtypes
                0x00000000000024f7      0x1dd ../../LUFA/Drivers/USB/Class/Host/StillImageClassHost.o

.debug_ranges   0x0000000000000000      0xdd8
 .debug_ranges  0x0000000000000000       0x68 USBtoSerial.o
 .debug_ranges  0x0000000000000068       0x10 Descriptors.o
 .debug_ranges  0x0000000000000078       0x10 ../../LUFA/Drivers/USB/Core/AVR8/Device_AVR8.o
 .debug_ranges  0x0000000000000088       0xa8 ../../LUFA/Drivers/USB/Core/AVR8/Endpoint_AVR8.o
 .debug_ranges  0x0000000000000130       0x20 ../../LUFA/Drivers/USB/Core/AVR8/USBController_AVR8.o
 .debug_ranges  0x0000000000000150       0x28 ../../LUFA/Drivers/USB/Core/AVR8/USBInterrupt_AVR8.o
 .debug_ranges  0x0000000000000178      0x298 ../../LUFA/Drivers/USB/Core/AVR8/EndpointStream_AVR8.o
 .debug_ranges  0x0000000000000410       0x28 ../../LUFA/Drivers/USB/Core/ConfigDescriptors.o
 .debug_ranges  0x0000000000000438       0x10 ../../LUFA/Drivers/USB/Core/DeviceStandardReq.o
 .debug_ranges  0x0000000000000448       0x10 ../../LUFA/Drivers/USB/Core/Events.o
 .debug_ranges  0x0000000000000458       0x98 ../../LUFA/Drivers/USB/Core/HostStandardReq.o
 .debug_ranges  0x00000000000004f0       0x10 ../../LUFA/Drivers/USB/Core/USBTask.o
 .debug_ranges  0x0000000000000500      0x100 ../../LUFA/Drivers/USB/Class/Common/HIDParser.o
 .debug_ranges  0x0000000000000600       0x20 ../../LUFA/Drivers/USB/Class/Device/AudioClassDevice.o
 .debug_ranges  0x0000000000000620       0x88 ../../LUFA/Drivers/USB/Class/Device/CDCClassDevice.o
 .debug_ranges  0x00000000000006a8       0x20 ../../LUFA/Drivers/USB/Class/Device/HIDClassDevice.o
 .debug_ranges  0x00000000000006c8       0x20 ../../LUFA/Drivers/USB/Class/Device/MassStorageClassDevice.o
 .debug_ranges  0x00000000000006e8       0x30 ../../LUFA/Drivers/USB/Class/Device/MIDIClassDevice.o
 .debug_ranges  0x0000000000000718       0x80 ../../LUFA/Drivers/USB/Class/Device/RNDISClassDevice.o
 .debug_ranges  0x0000000000000798       0xc0 ../../LUFA/Drivers/USB/Class/Host/AndroidAccessoryClassHost.o
 .debug_ranges  0x0000000000000858       0xa0 ../../LUFA/Drivers/USB/Class/Host/AudioClassHost.o
 .debug_ranges  0x00000000000008f8       0xd8 ../../LUFA/Drivers/USB/Class/Host/CDCClassHost.o
 .debug_ranges  0x00000000000009d0       0xa8 ../../LUFA/Drivers/USB/Class/Host/HIDClassHost.o
 .debug_ranges  0x0000000000000a78       0xf0 ../../LUFA/Drivers/USB/Class/Host/MassStorageClassHost.o
 .debug_ranges  0x0000000000000b68       0x70 ../../LUFA/Drivers/USB/Class/Host/MIDIClassHost.o
 .debug_ranges  0x0000000000000bd8       0xa8 ../../LUFA/Drivers/USB/Class/Host/PrinterClassHost.o
 .debug_ranges  0x0000000000000c80       0xa0 ../../LUFA/Drivers/USB/Class/Host/RNDISClassHost.o
 .debug_ranges  0x0000000000000d20       0xb8 ../../LUFA/Drivers/USB/Class/Host/StillImageClassHost.o

Cross Reference Table

Symbol                                            File
AOA_Host_BytesReceived                            ../../LUFA/Drivers/USB/Class/Host/AndroidAccessoryClassHost.o
AOA_Host_ConfigurePipes                           ../../LUFA/Drivers/USB/Class/Host/AndroidAccessoryClassHost.o
AOA_Host_CreateBlockingStream                     ../../LUFA/Drivers/USB/Class/Host/AndroidAccessoryClassHost.o
AOA_Host_CreateStream                             ../../LUFA/Drivers/USB/Class/Host/AndroidAccessoryClassHost.o
AOA_Host_Flush                                    ../../LUFA/Drivers/USB/Class/Host/AndroidAccessoryClassHost.o
AOA_Host_ReceiveByte                              ../../LUFA/Drivers/USB/Class/Host/AndroidAccessoryClassHost.o
AOA_Host_SendByte                                 ../../LUFA/Drivers/USB/Class/Host/AndroidAccessoryClassHost.o
AOA_Host_SendData                                 ../../LUFA/Drivers/USB/Class/Host/AndroidAccessoryClassHost.o
AOA_Host_SendString                               ../../LUFA/Drivers/USB/Class/Host/AndroidAccessoryClassHost.o
AOA_Host_StartAccessoryMode                       ../../LUFA/Drivers/USB/Class/Host/AndroidAccessoryClassHost.o
AOA_Host_USBTask                                  ../../LUFA/Drivers/USB/Class/Host/AndroidAccessoryClassHost.o
AOA_Host_ValidateAccessoryDevice                  ../../LUFA/Drivers/USB/Class/Host/AndroidAccessoryClassHost.o
Audio_Device_ConfigureEndpoints                   ../../LUFA/Drivers/USB/Class/Device/AudioClassDevice.o
Audio_Device_Event_Stub                           ../../LUFA/Drivers/USB/Class/Device/AudioClassDevice.o
Audio_Device_ProcessControlRequest                ../../LUFA/Drivers/USB/Class/Device/AudioClassDevice.o
Audio_Host_ConfigurePipes                         ../../LUFA/Drivers/USB/Class/Host/AudioClassHost.o
Audio_Host_GetSetEndpointProperty                 ../../LUFA/Drivers/USB/Class/Host/AudioClassHost.o
Audio_Host_StartStopStreaming                     ../../LUFA/Drivers/USB/Class/Host/AudioClassHost.o
CALLBACK_Audio_Device_GetSetEndpointProperty      ../../LUFA/Drivers/USB/Class/Device/AudioClassDevice.o
CALLBACK_Audio_Device_GetSetInterfaceProperty     ../../LUFA/Drivers/USB/Class/Device/AudioClassDevice.o
CALLBACK_HIDParser_FilterHIDReportItem            ../../LUFA/Drivers/USB/Class/Common/HIDParser.o
CALLBACK_HID_Device_CreateHIDReport               ../../LUFA/Drivers/USB/Class/Device/HIDClassDevice.o
CALLBACK_HID_Device_ProcessHIDReport              ../../LUFA/Drivers/USB/Class/Device/HIDClassDevice.o
CALLBACK_MS_Device_SCSICommandReceived            ../../LUFA/Drivers/USB/Class/Device/MassStorageClassDevice.o
CALLBACK_USB_GetDescriptor                        Descriptors.o
                                                  ../../LUFA/Drivers/USB/Core/DeviceStandardReq.o
CDC_Device_BytesReceived                          ../../LUFA/Drivers/USB/Class/Device/CDCClassDevice.o
CDC_Device_ConfigureEndpoints                     ../../LUFA/Drivers/USB/Class/Device/CDCClassDevice.o
                                                  USBtoSerial.o
CDC_Device_CreateBlockingStream                   ../../LUFA/Drivers/USB/Class/Device/CDCClassDevice.o
CDC_Device_CreateStream                           ../../LUFA/Drivers/USB/Class/Device/CDCClassDevice.o
CDC_Device_Event_Stub                             ../../LUFA/Drivers/USB/Class/Device/CDCClassDevice.o
CDC_Device_Flush                                  ../../LUFA/Drivers/USB/Class/Device/CDCClassDevice.o
CDC_Device_ProcessControlRequest                  ../../LUFA/Drivers/USB/Class/Device/CDCClassDevice.o
                                                  USBtoSerial.o
CDC_Device_ReceiveByte                            ../../LUFA/Drivers/USB/Class/Device/CDCClassDevice.o
                                                  USBtoSerial.o
CDC_Device_SendByte                               ../../LUFA/Drivers/USB/Class/Device/CDCClassDevice.o
                                                  USBtoSerial.o
CDC_Device_SendControlLineStateChange             ../../LUFA/Drivers/USB/Class/Device/CDCClassDevice.o
CDC_Device_SendData                               ../../LUFA/Drivers/USB/Class/Device/CDCClassDevice.o
CDC_Device_SendString                             ../../LUFA/Drivers/USB/Class/Device/CDCClassDevice.o
CDC_Device_USBTask                                ../../LUFA/Drivers/USB/Class/Device/CDCClassDevice.o
                                                  USBtoSerial.o
CDC_Host_BytesReceived                            ../../LUFA/Drivers/USB/Class/Host/CDCClassHost.o
CDC_Host_ConfigurePipes                           ../../LUFA/Drivers/USB/Class/Host/CDCClassHost.o
CDC_Host_CreateBlockingStream                     ../../LUFA/Drivers/USB/Class/Host/CDCClassHost.o
CDC_Host_CreateStream                             ../../LUFA/Drivers/USB/Class/Host/CDCClassHost.o
CDC_Host_Event_Stub                               ../../LUFA/Drivers/USB/Class/Host/CDCClassHost.o
CDC_Host_Flush                                    ../../LUFA/Drivers/USB/Class/Host/CDCClassHost.o
CDC_Host_ReceiveByte                              ../../LUFA/Drivers/USB/Class/Host/CDCClassHost.o
CDC_Host_SendBreak                                ../../LUFA/Drivers/USB/Class/Host/CDCClassHost.o
CDC_Host_SendByte                                 ../../LUFA/Drivers/USB/Class/Host/CDCClassHost.o
CDC_Host_SendControlLineStateChange               ../../LUFA/Drivers/USB/Class/Host/CDCClassHost.o
CDC_Host_SendData                                 ../../LUFA/Drivers/USB/Class/Host/CDCClassHost.o
CDC_Host_SendString                               ../../LUFA/Drivers/USB/Class/Host/CDCClassHost.o
CDC_Host_SetLineEncoding                          ../../LUFA/Drivers/USB/Class/Host/CDCClassHost.o
CDC_Host_USBTask                                  ../../LUFA/Drivers/USB/Class/Host/CDCClassHost.o
ConfigurationDescriptor                           Descriptors.o
DeviceDescriptor                                  Descriptors.o
EVENT_Audio_Device_StreamStartStop                ../../LUFA/Drivers/USB/Class/Device/AudioClassDevice.o
EVENT_CDC_Device_BreakSent                        ../../LUFA/Drivers/USB/Class/Device/CDCClassDevice.o
EVENT_CDC_Device_ControLineStateChanged           ../../LUFA/Drivers/USB/Class/Device/CDCClassDevice.o
EVENT_CDC_Device_LineEncodingChanged              USBtoSerial.o
EVENT_CDC_Host_ControLineStateChanged             ../../LUFA/Drivers/USB/Class/Host/CDCClassHost.o
EVENT_USB_Device_ConfigurationChanged             USBtoSerial.o
                                                  ../../LUFA/Drivers/USB/Core/DeviceStandardReq.o
EVENT_USB_Device_Connect                          USBtoSerial.o
                                                  ../../LUFA/Drivers/USB/Core/AVR8/USBInterrupt_AVR8.o
EVENT_USB_Device_ControlRequest                   USBtoSerial.o
                                                  ../../LUFA/Drivers/USB/Core/DeviceStandardReq.o
EVENT_USB_Device_Disconnect                       USBtoSerial.o
                                                  ../../LUFA/Drivers/USB/Core/AVR8/USBInterrupt_AVR8.o
EVENT_USB_Device_Reset                            ../../LUFA/Drivers/USB/Core/Events.o
                                                  ../../LUFA/Drivers/USB/Core/AVR8/USBInterrupt_AVR8.o
EVENT_USB_Device_StartOfFrame                     ../../LUFA/Drivers/USB/Core/Events.o
                                                  ../../LUFA/Drivers/USB/Core/AVR8/USBInterrupt_AVR8.o
EVENT_USB_Device_Suspend                          ../../LUFA/Drivers/USB/Core/Events.o
                                                  ../../LUFA/Drivers/USB/Core/AVR8/USBInterrupt_AVR8.o
EVENT_USB_Device_WakeUp                           ../../LUFA/Drivers/USB/Core/Events.o
                                                  ../../LUFA/Drivers/USB/Core/AVR8/USBInterrupt_AVR8.o
Endpoint_ClearEndpoints                           ../../LUFA/Drivers/USB/Core/AVR8/Endpoint_AVR8.o
Endpoint_ClearStatusStage                         ../../LUFA/Drivers/USB/Core/AVR8/Endpoint_AVR8.o
                                                  ../../LUFA/Drivers/USB/Class/Device/MassStorageClassDevice.o
                                                  ../../LUFA/Drivers/USB/Class/Device/HIDClassDevice.o
                                                  ../../LUFA/Drivers/USB/Class/Device/CDCClassDevice.o
                                                  ../../LUFA/Drivers/USB/Class/Device/AudioClassDevice.o
                                                  ../../LUFA/Drivers/USB/Core/DeviceStandardReq.o
Endpoint_ConfigureEndpointTable                   ../../LUFA/Drivers/USB/Core/AVR8/Endpoint_AVR8.o
                                                  ../../LUFA/Drivers/USB/Class/Device/RNDISClassDevice.o
                                                  ../../LUFA/Drivers/USB/Class/Device/MIDIClassDevice.o
                                                  ../../LUFA/Drivers/USB/Class/Device/MassStorageClassDevice.o
                                                  ../../LUFA/Drivers/USB/Class/Device/HIDClassDevice.o
                                                  ../../LUFA/Drivers/USB/Class/Device/CDCClassDevice.o
                                                  ../../LUFA/Drivers/USB/Class/Device/AudioClassDevice.o
Endpoint_ConfigureEndpoint_Prv                    ../../LUFA/Drivers/USB/Core/AVR8/Endpoint_AVR8.o
                                                  ../../LUFA/Drivers/USB/Core/AVR8/USBInterrupt_AVR8.o
                                                  ../../LUFA/Drivers/USB/Core/AVR8/USBController_AVR8.o
Endpoint_Discard_Stream                           ../../LUFA/Drivers/USB/Core/AVR8/EndpointStream_AVR8.o
Endpoint_Null_Stream                              ../../LUFA/Drivers/USB/Core/AVR8/EndpointStream_AVR8.o
Endpoint_Read_Control_EStream_BE                  ../../LUFA/Drivers/USB/Core/AVR8/EndpointStream_AVR8.o
Endpoint_Read_Control_EStream_LE                  ../../LUFA/Drivers/USB/Core/AVR8/EndpointStream_AVR8.o
Endpoint_Read_Control_Stream_BE                   ../../LUFA/Drivers/USB/Core/AVR8/EndpointStream_AVR8.o
Endpoint_Read_Control_Stream_LE                   ../../LUFA/Drivers/USB/Core/AVR8/EndpointStream_AVR8.o
                                                  ../../LUFA/Drivers/USB/Class/Device/RNDISClassDevice.o
                                                  ../../LUFA/Drivers/USB/Class/Device/HIDClassDevice.o
                                                  ../../LUFA/Drivers/USB/Class/Device/AudioClassDevice.o
Endpoint_Read_EStream_BE                          ../../LUFA/Drivers/USB/Core/AVR8/EndpointStream_AVR8.o
Endpoint_Read_EStream_LE                          ../../LUFA/Drivers/USB/Core/AVR8/EndpointStream_AVR8.o
Endpoint_Read_Stream_BE                           ../../LUFA/Drivers/USB/Core/AVR8/EndpointStream_AVR8.o
Endpoint_Read_Stream_LE                           ../../LUFA/Drivers/USB/Core/AVR8/EndpointStream_AVR8.o
                                                  ../../LUFA/Drivers/USB/Class/Device/RNDISClassDevice.o
                                                  ../../LUFA/Drivers/USB/Class/Device/MIDIClassDevice.o
                                                  ../../LUFA/Drivers/USB/Class/Device/MassStorageClassDevice.o
Endpoint_WaitUntilReady                           ../../LUFA/Drivers/USB/Core/AVR8/Endpoint_AVR8.o
                                                  ../../LUFA/Drivers/USB/Class/Device/RNDISClassDevice.o
                                                  ../../LUFA/Drivers/USB/Class/Device/MIDIClassDevice.o
                                                  ../../LUFA/Drivers/USB/Class/Device/CDCClassDevice.o
                                                  ../../LUFA/Drivers/USB/Core/AVR8/EndpointStream_AVR8.o
Endpoint_Write_Control_EStream_BE                 ../../LUFA/Drivers/USB/Core/AVR8/EndpointStream_AVR8.o
Endpoint_Write_Control_EStream_LE                 ../../LUFA/Drivers/USB/Core/AVR8/EndpointStream_AVR8.o
Endpoint_Write_Control_PStream_BE                 ../../LUFA/Drivers/USB/Core/AVR8/EndpointStream_AVR8.o
Endpoint_Write_Control_PStream_LE                 ../../LUFA/Drivers/USB/Core/AVR8/EndpointStream_AVR8.o
                                                  ../../LUFA/Drivers/USB/Core/DeviceStandardReq.o
Endpoint_Write_Control_Stream_BE                  ../../LUFA/Drivers/USB/Core/AVR8/EndpointStream_AVR8.o
Endpoint_Write_Control_Stream_LE                  ../../LUFA/Drivers/USB/Core/AVR8/EndpointStream_AVR8.o
                                                  ../../LUFA/Drivers/USB/Class/Device/RNDISClassDevice.o
                                                  ../../LUFA/Drivers/USB/Class/Device/HIDClassDevice.o
                                                  ../../LUFA/Drivers/USB/Class/Device/AudioClassDevice.o
                                                  ../../LUFA/Drivers/USB/Core/DeviceStandardReq.o
Endpoint_Write_EStream_BE                         ../../LUFA/Drivers/USB/Core/AVR8/EndpointStream_AVR8.o
Endpoint_Write_EStream_LE                         ../../LUFA/Drivers/USB/Core/AVR8/EndpointStream_AVR8.o
Endpoint_Write_PStream_BE                         ../../LUFA/Drivers/USB/Core/AVR8/EndpointStream_AVR8.o
Endpoint_Write_PStream_LE                         ../../LUFA/Drivers/USB/Core/AVR8/EndpointStream_AVR8.o
Endpoint_Write_Stream_BE                          ../../LUFA/Drivers/USB/Core/AVR8/EndpointStream_AVR8.o
Endpoint_Write_Stream_LE                          ../../LUFA/Drivers/USB/Core/AVR8/EndpointStream_AVR8.o
                                                  ../../LUFA/Drivers/USB/Class/Device/RNDISClassDevice.o
                                                  ../../LUFA/Drivers/USB/Class/Device/MIDIClassDevice.o
                                                  ../../LUFA/Drivers/USB/Class/Device/MassStorageClassDevice.o
                                                  ../../LUFA/Drivers/USB/Class/Device/HIDClassDevice.o
                                                  ../../LUFA/Drivers/USB/Class/Device/CDCClassDevice.o
HID_Device_ConfigureEndpoints                     ../../LUFA/Drivers/USB/Class/Device/HIDClassDevice.o
HID_Device_ProcessControlRequest                  ../../LUFA/Drivers/USB/Class/Device/HIDClassDevice.o
HID_Device_USBTask                                ../../LUFA/Drivers/USB/Class/Device/HIDClassDevice.o
HID_Host_ConfigurePipes                           ../../LUFA/Drivers/USB/Class/Host/HIDClassHost.o
HID_Host_IsReportReceived                         ../../LUFA/Drivers/USB/Class/Host/HIDClassHost.o
HID_Host_ReceiveReport                            ../../LUFA/Drivers/USB/Class/Host/HIDClassHost.o
HID_Host_ReceiveReportByID                        ../../LUFA/Drivers/USB/Class/Host/HIDClassHost.o
HID_Host_SendReportByID                           ../../LUFA/Drivers/USB/Class/Host/HIDClassHost.o
HID_Host_SetBootProtocol                          ../../LUFA/Drivers/USB/Class/Host/HIDClassHost.o
HID_Host_SetIdlePeriod                            ../../LUFA/Drivers/USB/Class/Host/HIDClassHost.o
HID_Host_SetReportProtocol                        ../../LUFA/Drivers/USB/Class/Host/HIDClassHost.o
LanguageString                                    Descriptors.o
MIDI_Device_ConfigureEndpoints                    ../../LUFA/Drivers/USB/Class/Device/MIDIClassDevice.o
MIDI_Device_Flush                                 ../../LUFA/Drivers/USB/Class/Device/MIDIClassDevice.o
MIDI_Device_ReceiveEventPacket                    ../../LUFA/Drivers/USB/Class/Device/MIDIClassDevice.o
MIDI_Device_SendEventPacket                       ../../LUFA/Drivers/USB/Class/Device/MIDIClassDevice.o
MIDI_Device_USBTask                               ../../LUFA/Drivers/USB/Class/Device/MIDIClassDevice.o
MIDI_Host_ConfigurePipes                          ../../LUFA/Drivers/USB/Class/Host/MIDIClassHost.o
MIDI_Host_Flush                                   ../../LUFA/Drivers/USB/Class/Host/MIDIClassHost.o
MIDI_Host_ReceiveEventPacket                      ../../LUFA/Drivers/USB/Class/Host/MIDIClassHost.o
MIDI_Host_SendEventPacket                         ../../LUFA/Drivers/USB/Class/Host/MIDIClassHost.o
MIDI_Host_USBTask                                 ../../LUFA/Drivers/USB/Class/Host/MIDIClassHost.o
MS_Device_ConfigureEndpoints                      ../../LUFA/Drivers/USB/Class/Device/MassStorageClassDevice.o
MS_Device_ProcessControlRequest                   ../../LUFA/Drivers/USB/Class/Device/MassStorageClassDevice.o
MS_Device_USBTask                                 ../../LUFA/Drivers/USB/Class/Device/MassStorageClassDevice.o
MS_Host_ConfigurePipes                            ../../LUFA/Drivers/USB/Class/Host/MassStorageClassHost.o
MS_Host_GetInquiryData                            ../../LUFA/Drivers/USB/Class/Host/MassStorageClassHost.o
MS_Host_GetMaxLUN                                 ../../LUFA/Drivers/USB/Class/Host/MassStorageClassHost.o
MS_Host_PreventAllowMediumRemoval                 ../../LUFA/Drivers/USB/Class/Host/MassStorageClassHost.o
MS_Host_ReadDeviceBlocks                          ../../LUFA/Drivers/USB/Class/Host/MassStorageClassHost.o
MS_Host_ReadDeviceCapacity                        ../../LUFA/Drivers/USB/Class/Host/MassStorageClassHost.o
MS_Host_RequestSense                              ../../LUFA/Drivers/USB/Class/Host/MassStorageClassHost.o
MS_Host_ResetMSInterface                          ../../LUFA/Drivers/USB/Class/Host/MassStorageClassHost.o
MS_Host_TestUnitReady                             ../../LUFA/Drivers/USB/Class/Host/MassStorageClassHost.o
MS_Host_WriteDeviceBlocks                         ../../LUFA/Drivers/USB/Class/Host/MassStorageClassHost.o
ManufacturerString                                Descriptors.o
PRNT_Host_BytesReceived                           ../../LUFA/Drivers/USB/Class/Host/PrinterClassHost.o
PRNT_Host_ConfigurePipes                          ../../LUFA/Drivers/USB/Class/Host/PrinterClassHost.o
PRNT_Host_Flush                                   ../../LUFA/Drivers/USB/Class/Host/PrinterClassHost.o
PRNT_Host_GetDeviceID                             ../../LUFA/Drivers/USB/Class/Host/PrinterClassHost.o
PRNT_Host_GetPortStatus                           ../../LUFA/Drivers/USB/Class/Host/PrinterClassHost.o
PRNT_Host_ReceiveByte                             ../../LUFA/Drivers/USB/Class/Host/PrinterClassHost.o
PRNT_Host_SendByte                                ../../LUFA/Drivers/USB/Class/Host/PrinterClassHost.o
PRNT_Host_SendData                                ../../LUFA/Drivers/USB/Class/Host/PrinterClassHost.o
PRNT_Host_SendString                              ../../LUFA/Drivers/USB/Class/Host/PrinterClassHost.o
PRNT_Host_SetBidirectionalMode                    ../../LUFA/Drivers/USB/Class/Host/PrinterClassHost.o
PRNT_Host_SoftReset                               ../../LUFA/Drivers/USB/Class/Host/PrinterClassHost.o
PRNT_Host_USBTask                                 ../../LUFA/Drivers/USB/Class/Host/PrinterClassHost.o
Pipe_ConfigurePipeTable                           ../../LUFA/Drivers/USB/Class/Host/StillImageClassHost.o
                                                  ../../LUFA/Drivers/USB/Class/Host/RNDISClassHost.o
                                                  ../../LUFA/Drivers/USB/Class/Host/PrinterClassHost.o
                                                  ../../LUFA/Drivers/USB/Class/Host/MIDIClassHost.o
                                                  ../../LUFA/Drivers/USB/Class/Host/MassStorageClassHost.o
                                                  ../../LUFA/Drivers/USB/Class/Host/HIDClassHost.o
                                                  ../../LUFA/Drivers/USB/Class/Host/CDCClassHost.o
                                                  ../../LUFA/Drivers/USB/Class/Host/AudioClassHost.o
                                                  ../../LUFA/Drivers/USB/Class/Host/AndroidAccessoryClassHost.o
Pipe_Discard_Stream                               ../../LUFA/Drivers/USB/Class/Host/RNDISClassHost.o
Pipe_IsEndpointBound                              ../../LUFA/Drivers/USB/Class/Host/StillImageClassHost.o
                                                  ../../LUFA/Drivers/USB/Class/Host/RNDISClassHost.o
                                                  ../../LUFA/Drivers/USB/Class/Host/MIDIClassHost.o
                                                  ../../LUFA/Drivers/USB/Class/Host/MassStorageClassHost.o
                                                  ../../LUFA/Drivers/USB/Class/Host/HIDClassHost.o
                                                  ../../LUFA/Drivers/USB/Class/Host/CDCClassHost.o
                                                  ../../LUFA/Drivers/USB/Class/Host/AndroidAccessoryClassHost.o
Pipe_Read_Stream_LE                               ../../LUFA/Drivers/USB/Class/Host/StillImageClassHost.o
                                                  ../../LUFA/Drivers/USB/Class/Host/RNDISClassHost.o
                                                  ../../LUFA/Drivers/USB/Class/Host/MIDIClassHost.o
                                                  ../../LUFA/Drivers/USB/Class/Host/MassStorageClassHost.o
                                                  ../../LUFA/Drivers/USB/Class/Host/HIDClassHost.o
                                                  ../../LUFA/Drivers/USB/Class/Host/CDCClassHost.o
Pipe_WaitUntilReady                               ../../LUFA/Drivers/USB/Class/Host/PrinterClassHost.o
                                                  ../../LUFA/Drivers/USB/Class/Host/MIDIClassHost.o
                                                  ../../LUFA/Drivers/USB/Class/Host/MassStorageClassHost.o
                                                  ../../LUFA/Drivers/USB/Class/Host/CDCClassHost.o
                                                  ../../LUFA/Drivers/USB/Class/Host/AndroidAccessoryClassHost.o
Pipe_Write_Stream_LE                              ../../LUFA/Drivers/USB/Class/Host/StillImageClassHost.o
                                                  ../../LUFA/Drivers/USB/Class/Host/RNDISClassHost.o
                                                  ../../LUFA/Drivers/USB/Class/Host/PrinterClassHost.o
                                                  ../../LUFA/Drivers/USB/Class/Host/MIDIClassHost.o
                                                  ../../LUFA/Drivers/USB/Class/Host/MassStorageClassHost.o
                                                  ../../LUFA/Drivers/USB/Class/Host/HIDClassHost.o
                                                  ../../LUFA/Drivers/USB/Class/Host/CDCClassHost.o
                                                  ../../LUFA/Drivers/USB/Class/Host/AndroidAccessoryClassHost.o
ProductString                                     Descriptors.o
RNDIS_Device_ConfigureEndpoints                   ../../LUFA/Drivers/USB/Class/Device/RNDISClassDevice.o
RNDIS_Device_IsPacketReceived                     ../../LUFA/Drivers/USB/Class/Device/RNDISClassDevice.o
RNDIS_Device_ProcessControlRequest                ../../LUFA/Drivers/USB/Class/Device/RNDISClassDevice.o
RNDIS_Device_ReadPacket                           ../../LUFA/Drivers/USB/Class/Device/RNDISClassDevice.o
RNDIS_Device_SendPacket                           ../../LUFA/Drivers/USB/Class/Device/RNDISClassDevice.o
RNDIS_Device_USBTask                              ../../LUFA/Drivers/USB/Class/Device/RNDISClassDevice.o
RNDIS_Host_ConfigurePipes                         ../../LUFA/Drivers/USB/Class/Host/RNDISClassHost.o
RNDIS_Host_InitializeDevice                       ../../LUFA/Drivers/USB/Class/Host/RNDISClassHost.o
RNDIS_Host_IsPacketReceived                       ../../LUFA/Drivers/USB/Class/Host/RNDISClassHost.o
RNDIS_Host_QueryRNDISProperty                     ../../LUFA/Drivers/USB/Class/Host/RNDISClassHost.o
RNDIS_Host_ReadPacket                             ../../LUFA/Drivers/USB/Class/Host/RNDISClassHost.o
RNDIS_Host_SendKeepAlive                          ../../LUFA/Drivers/USB/Class/Host/RNDISClassHost.o
RNDIS_Host_SendPacket                             ../../LUFA/Drivers/USB/Class/Host/RNDISClassHost.o
RNDIS_Host_SetRNDISProperty                       ../../LUFA/Drivers/USB/Class/Host/RNDISClassHost.o
SI_Host_CloseSession                              ../../LUFA/Drivers/USB/Class/Host/StillImageClassHost.o
SI_Host_ConfigurePipes                            ../../LUFA/Drivers/USB/Class/Host/StillImageClassHost.o
SI_Host_IsEventReceived                           ../../LUFA/Drivers/USB/Class/Host/StillImageClassHost.o
SI_Host_OpenSession                               ../../LUFA/Drivers/USB/Class/Host/StillImageClassHost.o
SI_Host_ReadData                                  ../../LUFA/Drivers/USB/Class/Host/StillImageClassHost.o
SI_Host_ReceiveBlockHeader                        ../../LUFA/Drivers/USB/Class/Host/StillImageClassHost.o
SI_Host_ReceiveEventHeader                        ../../LUFA/Drivers/USB/Class/Host/StillImageClassHost.o
SI_Host_ReceiveResponse                           ../../LUFA/Drivers/USB/Class/Host/StillImageClassHost.o
SI_Host_SendBlockHeader                           ../../LUFA/Drivers/USB/Class/Host/StillImageClassHost.o
SI_Host_SendCommand                               ../../LUFA/Drivers/USB/Class/Host/StillImageClassHost.o
SI_Host_SendData                                  ../../LUFA/Drivers/USB/Class/Host/StillImageClassHost.o
SetupHardware                                     USBtoSerial.o
USB_ControlRequest                                ../../LUFA/Drivers/USB/Class/Host/RNDISClassHost.o
                                                  ../../LUFA/Drivers/USB/Class/Host/PrinterClassHost.o
                                                  ../../LUFA/Drivers/USB/Class/Host/MassStorageClassHost.o
                                                  ../../LUFA/Drivers/USB/Class/Host/HIDClassHost.o
                                                  ../../LUFA/Drivers/USB/Class/Host/CDCClassHost.o
                                                  ../../LUFA/Drivers/USB/Class/Host/AudioClassHost.o
                                                  ../../LUFA/Drivers/USB/Class/Host/AndroidAccessoryClassHost.o
                                                  ../../LUFA/Drivers/USB/Class/Device/RNDISClassDevice.o
                                                  ../../LUFA/Drivers/USB/Class/Device/MassStorageClassDevice.o
                                                  ../../LUFA/Drivers/USB/Class/Device/HIDClassDevice.o
                                                  ../../LUFA/Drivers/USB/Class/Device/CDCClassDevice.o
                                                  ../../LUFA/Drivers/USB/Class/Device/AudioClassDevice.o
                                                  ../../LUFA/Drivers/USB/Core/USBTask.o
                                                  ../../LUFA/Drivers/USB/Core/HostStandardReq.o
                                                  ../../LUFA/Drivers/USB/Core/DeviceStandardReq.o
                                                  ../../LUFA/Drivers/USB/Core/AVR8/EndpointStream_AVR8.o
                                                  ../../LUFA/Drivers/USB/Core/AVR8/Endpoint_AVR8.o
USB_Device_ConfigurationNumber                    ../../LUFA/Drivers/USB/Core/DeviceStandardReq.o
                                                  ../../LUFA/Drivers/USB/Core/AVR8/USBInterrupt_AVR8.o
                                                  ../../LUFA/Drivers/USB/Core/AVR8/USBController_AVR8.o
USB_Device_CurrentlySelfPowered                   ../../LUFA/Drivers/USB/Core/DeviceStandardReq.o
                                                  ../../LUFA/Drivers/USB/Core/AVR8/USBController_AVR8.o
USB_Device_ProcessControlRequest                  ../../LUFA/Drivers/USB/Core/DeviceStandardReq.o
                                                  ../../LUFA/Drivers/USB/Core/USBTask.o
                                                  ../../LUFA/Drivers/USB/Core/AVR8/USBInterrupt_AVR8.o
USB_Device_RemoteWakeupEnabled                    ../../LUFA/Drivers/USB/Core/DeviceStandardReq.o
                                                  ../../LUFA/Drivers/USB/Core/AVR8/USBController_AVR8.o
USB_Device_SendRemoteWakeup                       ../../LUFA/Drivers/USB/Core/AVR8/Device_AVR8.o
USB_Disable                                       ../../LUFA/Drivers/USB/Core/AVR8/USBController_AVR8.o
USB_Event_Stub                                    ../../LUFA/Drivers/USB/Core/Events.o
USB_GetHIDReportItemInfo                          ../../LUFA/Drivers/USB/Class/Common/HIDParser.o
USB_GetHIDReportSize                              ../../LUFA/Drivers/USB/Class/Common/HIDParser.o
                                                  ../../LUFA/Drivers/USB/Class/Host/HIDClassHost.o
USB_GetNextDescriptorComp                         ../../LUFA/Drivers/USB/Core/ConfigDescriptors.o
                                                  ../../LUFA/Drivers/USB/Class/Host/StillImageClassHost.o
                                                  ../../LUFA/Drivers/USB/Class/Host/RNDISClassHost.o
                                                  ../../LUFA/Drivers/USB/Class/Host/PrinterClassHost.o
                                                  ../../LUFA/Drivers/USB/Class/Host/MIDIClassHost.o
                                                  ../../LUFA/Drivers/USB/Class/Host/MassStorageClassHost.o
                                                  ../../LUFA/Drivers/USB/Class/Host/HIDClassHost.o
                                                  ../../LUFA/Drivers/USB/Class/Host/CDCClassHost.o
                                                  ../../LUFA/Drivers/USB/Class/Host/AudioClassHost.o
                                                  ../../LUFA/Drivers/USB/Class/Host/AndroidAccessoryClassHost.o
USB_GetNextDescriptorOfType                       ../../LUFA/Drivers/USB/Core/ConfigDescriptors.o
USB_GetNextDescriptorOfTypeAfter                  ../../LUFA/Drivers/USB/Core/ConfigDescriptors.o
USB_GetNextDescriptorOfTypeBefore                 ../../LUFA/Drivers/USB/Core/ConfigDescriptors.o
USB_HostState                                     ../../LUFA/Drivers/USB/Class/Host/StillImageClassHost.o
                                                  ../../LUFA/Drivers/USB/Class/Host/RNDISClassHost.o
                                                  ../../LUFA/Drivers/USB/Class/Host/PrinterClassHost.o
                                                  ../../LUFA/Drivers/USB/Class/Host/MIDIClassHost.o
                                                  ../../LUFA/Drivers/USB/Class/Host/MassStorageClassHost.o
                                                  ../../LUFA/Drivers/USB/Class/Host/HIDClassHost.o
                                                  ../../LUFA/Drivers/USB/Class/Host/CDCClassHost.o
                                                  ../../LUFA/Drivers/USB/Class/Host/AndroidAccessoryClassHost.o
                                                  ../../LUFA/Drivers/USB/Core/HostStandardReq.o
USB_Host_ClearEndpointStall                       ../../LUFA/Drivers/USB/Core/HostStandardReq.o
                                                  ../../LUFA/Drivers/USB/Class/Host/StillImageClassHost.o
                                                  ../../LUFA/Drivers/USB/Class/Host/MassStorageClassHost.o
USB_Host_ConfigurationNumber                      ../../LUFA/Drivers/USB/Core/HostStandardReq.o
USB_Host_ControlPipeSize                          ../../LUFA/Drivers/USB/Core/HostStandardReq.o
USB_Host_GetDescriptor                            ../../LUFA/Drivers/USB/Core/HostStandardReq.o
USB_Host_GetDeviceConfiguration                   ../../LUFA/Drivers/USB/Core/HostStandardReq.o
USB_Host_GetDeviceStatus                          ../../LUFA/Drivers/USB/Core/HostStandardReq.o
USB_Host_GetInterfaceAltSetting                   ../../LUFA/Drivers/USB/Core/HostStandardReq.o
USB_Host_SendControlRequest                       ../../LUFA/Drivers/USB/Core/HostStandardReq.o
                                                  ../../LUFA/Drivers/USB/Class/Host/RNDISClassHost.o
                                                  ../../LUFA/Drivers/USB/Class/Host/PrinterClassHost.o
                                                  ../../LUFA/Drivers/USB/Class/Host/MassStorageClassHost.o
                                                  ../../LUFA/Drivers/USB/Class/Host/HIDClassHost.o
                                                  ../../LUFA/Drivers/USB/Class/Host/CDCClassHost.o
                                                  ../../LUFA/Drivers/USB/Class/Host/AudioClassHost.o
                                                  ../../LUFA/Drivers/USB/Class/Host/AndroidAccessoryClassHost.o
USB_Host_SetDeviceConfiguration                   ../../LUFA/Drivers/USB/Core/HostStandardReq.o
USB_Host_SetInterfaceAltSetting                   ../../LUFA/Drivers/USB/Core/HostStandardReq.o
                                                  ../../LUFA/Drivers/USB/Class/Host/PrinterClassHost.o
                                                  ../../LUFA/Drivers/USB/Class/Host/AudioClassHost.o
USB_Host_WaitMS                                   ../../LUFA/Drivers/USB/Core/HostStandardReq.o
USB_INT_ClearAllInterrupts                        ../../LUFA/Drivers/USB/Core/AVR8/USBInterrupt_AVR8.o
                                                  ../../LUFA/Drivers/USB/Core/AVR8/USBController_AVR8.o
USB_INT_DisableAllInterrupts                      ../../LUFA/Drivers/USB/Core/AVR8/USBInterrupt_AVR8.o
                                                  ../../LUFA/Drivers/USB/Core/AVR8/USBController_AVR8.o
USB_Init                                          ../../LUFA/Drivers/USB/Core/AVR8/USBController_AVR8.o
                                                  USBtoSerial.o
USB_IsInitialized                                 ../../LUFA/Drivers/USB/Core/USBTask.o
                                                  ../../LUFA/Drivers/USB/Core/AVR8/USBController_AVR8.o
USB_ProcessHIDReport                              ../../LUFA/Drivers/USB/Class/Common/HIDParser.o
                                                  ../../LUFA/Drivers/USB/Class/Host/HIDClassHost.o
USB_ResetInterface                                ../../LUFA/Drivers/USB/Core/AVR8/USBController_AVR8.o
USB_SetHIDReportItemInfo                          ../../LUFA/Drivers/USB/Class/Common/HIDParser.o
USB_USBTask                                       ../../LUFA/Drivers/USB/Core/USBTask.o
                                                  ../../LUFA/Drivers/USB/Class/Host/CDCClassHost.o
                                                  ../../LUFA/Drivers/USB/Class/Host/AndroidAccessoryClassHost.o
                                                  ../../LUFA/Drivers/USB/Class/Device/CDCClassDevice.o
                                                  USBtoSerial.o
VirtualSerial_CDC_Interface                       USBtoSerial.o
__bad_interrupt                                   /usr/lib/gcc/avr/4.5.3/../../../avr/lib/avr51/crtusb1286.o
__bss_end                                         /usr/lib/gcc/avr/4.5.3/avr51/libgcc.a(_clear_bss.o)
__bss_start                                       /usr/lib/gcc/avr/4.5.3/avr51/libgcc.a(_clear_bss.o)
__data_end                                        /usr/lib/gcc/avr/4.5.3/avr51/libgcc.a(_copy_data.o)
__data_load_start                                 /usr/lib/gcc/avr/4.5.3/avr51/libgcc.a(_copy_data.o)
__data_start                                      /usr/lib/gcc/avr/4.5.3/avr51/libgcc.a(_copy_data.o)
__do_clear_bss                                    /usr/lib/gcc/avr/4.5.3/avr51/libgcc.a(_clear_bss.o)
                                                  ../../LUFA/Drivers/USB/Core/USBTask.o
                                                  ../../LUFA/Drivers/USB/Core/HostStandardReq.o
                                                  ../../LUFA/Drivers/USB/Core/DeviceStandardReq.o
                                                  USBtoSerial.o
__do_copy_data                                    /usr/lib/gcc/avr/4.5.3/avr51/libgcc.a(_copy_data.o)
                                                  ../../LUFA/Drivers/USB/Class/Host/AndroidAccessoryClassHost.o
                                                  ../../LUFA/Drivers/USB/Class/Device/RNDISClassDevice.o
                                                  ../../LUFA/Drivers/USB/Class/Device/CDCClassDevice.o
                                                  ../../LUFA/Drivers/USB/Core/HostStandardReq.o
                                                  USBtoSerial.o
__eerd_byte_usb1287                               /usr/lib/gcc/avr/4.5.3/../../../avr/lib/avr51/libc.a(eerd_byte_at90usb1287.o)
                                                  ../../LUFA/Drivers/USB/Core/AVR8/EndpointStream_AVR8.o
__eeupd_byte_usb1287                              /usr/lib/gcc/avr/4.5.3/../../../avr/lib/avr51/libc.a(eeupd_byte_at90usb1287.o)
                                                  ../../LUFA/Drivers/USB/Core/AVR8/EndpointStream_AVR8.o
__eeupd_r18_usb1287                               /usr/lib/gcc/avr/4.5.3/../../../avr/lib/avr51/libc.a(eeupd_byte_at90usb1287.o)
__heap_end                                        /usr/lib/gcc/avr/4.5.3/../../../avr/lib/avr51/crtusb1286.o
__init                                            /usr/lib/gcc/avr/4.5.3/../../../avr/lib/avr51/crtusb1286.o
__mulsi3                                          /usr/lib/gcc/avr/4.5.3/avr51/libgcc.a(_mulsi3.o)
                                                  ../../LUFA/Drivers/USB/Class/Host/MassStorageClassHost.o
__stack                                           /usr/lib/gcc/avr/4.5.3/../../../avr/lib/avr51/crtusb1286.o
__udivmodsi4                                      /usr/lib/gcc/avr/4.5.3/avr51/libgcc.a(_udivmodsi4.o)
                                                  USBtoSerial.o
__vector_1                                        /usr/lib/gcc/avr/4.5.3/../../../avr/lib/avr51/crtusb1286.o
__vector_10                                       ../../LUFA/Drivers/USB/Core/AVR8/USBInterrupt_AVR8.o
                                                  /usr/lib/gcc/avr/4.5.3/../../../avr/lib/avr51/crtusb1286.o
__vector_11                                       ../../LUFA/Drivers/USB/Core/AVR8/USBInterrupt_AVR8.o
                                                  /usr/lib/gcc/avr/4.5.3/../../../avr/lib/avr51/crtusb1286.o
__vector_12                                       /usr/lib/gcc/avr/4.5.3/../../../avr/lib/avr51/crtusb1286.o
__vector_13                                       /usr/lib/gcc/avr/4.5.3/../../../avr/lib/avr51/crtusb1286.o
__vector_14                                       /usr/lib/gcc/avr/4.5.3/../../../avr/lib/avr51/crtusb1286.o
__vector_15                                       /usr/lib/gcc/avr/4.5.3/../../../avr/lib/avr51/crtusb1286.o
__vector_16                                       /usr/lib/gcc/avr/4.5.3/../../../avr/lib/avr51/crtusb1286.o
__vector_17                                       /usr/lib/gcc/avr/4.5.3/../../../avr/lib/avr51/crtusb1286.o
__vector_18                                       /usr/lib/gcc/avr/4.5.3/../../../avr/lib/avr51/crtusb1286.o
__vector_19                                       /usr/lib/gcc/avr/4.5.3/../../../avr/lib/avr51/crtusb1286.o
__vector_2                                        /usr/lib/gcc/avr/4.5.3/../../../avr/lib/avr51/crtusb1286.o
__vector_20                                       /usr/lib/gcc/avr/4.5.3/../../../avr/lib/avr51/crtusb1286.o
__vector_21                                       /usr/lib/gcc/avr/4.5.3/../../../avr/lib/avr51/crtusb1286.o
__vector_22                                       /usr/lib/gcc/avr/4.5.3/../../../avr/lib/avr51/crtusb1286.o
__vector_23                                       /usr/lib/gcc/avr/4.5.3/../../../avr/lib/avr51/crtusb1286.o