Archive member included because of file (symbol)

../../../../../c-bowler/firmware/library/NR-Clib/development/c-bowler.X/dist/default/production/c-bowler.X.a(BowlerPacketParser.o)
                              build/default/production/_ext/990863823/CoProcCom.o (_getBowlerPacket)
../../../../../c-bowler/firmware/library/NR-Clib/development/c-bowler.X/dist/default/production/c-bowler.X.a(Namespace_bcs_core.o)
                              build/default/production/_ext/805493626/Namespace_bcs_io.o (addRpcToNamespace)
../../../../../c-bowler/firmware/library/NR-Clib/development/c-bowler.X/dist/default/production/c-bowler.X.a(Bowler_Server.o)
                              build/default/production/_ext/321196743/Namespace_neuronrobotics_dyio.o (getLastPacketTime)
../../../../../c-bowler/firmware/library/NR-Clib/development/c-bowler.X/dist/default/production/c-bowler.X.a(Debug.o)
                              build/default/production/_ext/1825615050/PID.o (getPrintLevel)
../../../../../c-bowler/firmware/library/NR-Clib/development/c-bowler.X/dist/default/production/c-bowler.X.a(FIFO.o)
                              build/default/production/_ext/990863823/DyIODataTableManager.o (InitByteFifo)
../../../../../c-bowler/firmware/library/NR-Clib/development/c-bowler.X/dist/default/production/c-bowler.X.a(Bowler_Helper.o)
                              ../../../../../c-bowler/firmware/library/NR-Clib/development/c-bowler.X/dist/default/production/c-bowler.X.a(Debug.o) (CalcCRC)
../../../../../c-bowler/firmware/library/NR-Clib/development/c-bowler.X/dist/default/production/c-bowler.X.a(Scheduler.o)
                              build/default/production/_ext/805493626/Bcs_IO_AdvancedAsync.o (RunEvery)
../../../../../c-bowler/firmware/library/NR-Clib/development/c-bowler.X/dist/default/production/c-bowler.X.a(Namespace_bcs_pid.o)
                              build/default/production/_ext/1978776677/InitializationCallbacks.o (getBcsPidNamespace)
../../../../../c-bowler/firmware/library/NR-Clib/development/c-bowler.X/dist/default/production/c-bowler.X.a(AbstractPID.o)
                              ../../../../../c-bowler/firmware/library/NR-Clib/development/c-bowler.X/dist/default/production/c-bowler.X.a(Debug.o) (getPidGroupDataTable)
../../../../../c-bowler/firmware/library/NR-Clib/development/c-bowler.X/dist/default/production/c-bowler.X.a(usb_fifo.o)
                              build/default/production/_ext/1978776677/InitializationCallbacks.o (usb_CDC_Serial_Init)
../../../../../c-bowler/firmware/library/NR-Clib/development/c-bowler.X/dist/default/production/c-bowler.X.a(usb_device.o)
                              ../../../../../c-bowler/firmware/library/NR-Clib/development/c-bowler.X/dist/default/production/c-bowler.X.a(usb_fifo.o) (USBDeviceInit)
../../../../../c-bowler/firmware/library/NR-Clib/development/c-bowler.X/dist/default/production/c-bowler.X.a(LED.o)
                              build/default/production/_ext/1978776677/InitializationCallbacks.o (InitLEDS)
../../../../../c-bowler/firmware/library/NR-Clib/development/c-bowler.X/dist/default/production/c-bowler.X.a(ADC.o)
                              build/default/production/_ext/990863823/ADC.o (InitADCHardware)
../../../../../c-bowler/firmware/library/NR-Clib/development/c-bowler.X/dist/default/production/c-bowler.X.a(HAL_P32.o)
                              build/default/production/_ext/1978776677/InitializationCallbacks.o (Pic32_Bowler_HAL_Init)
../../../../../c-bowler/firmware/library/NR-Clib/development/c-bowler.X/dist/default/production/c-bowler.X.a(Delay.o)
                              ../../../../../c-bowler/firmware/library/NR-Clib/development/c-bowler.X/dist/default/production/c-bowler.X.a(ADC.o) (Delay10us)
../../../../../c-bowler/firmware/library/NR-Clib/development/c-bowler.X/dist/default/production/c-bowler.X.a(Bowler_USB_HAL.o)
                              ../../../../../c-bowler/firmware/library/NR-Clib/development/c-bowler.X/dist/default/production/c-bowler.X.a(HAL_P32.o) (SendPacketUSB)
../../../../../c-bowler/firmware/library/NR-Clib/development/c-bowler.X/dist/default/production/c-bowler.X.a(FlashStorage.o)
                              build/default/production/_ext/321196743/Namespace_neuronrobotics_dyio.o (FlashSetMac)
../../../../../c-bowler/firmware/library/NR-Clib/development/c-bowler.X/dist/default/production/c-bowler.X.a(Bowler_UART_HAL.o)
                              ../../../../../c-bowler/firmware/library/NR-Clib/development/c-bowler.X/dist/default/production/c-bowler.X.a(HAL_P32.o) (SetPICUARTFifo)
../../../../../c-bowler/firmware/library/NR-Clib/development/c-bowler.X/dist/default/production/c-bowler.X.a(Tick.o)
                              ../../../../../c-bowler/firmware/library/NR-Clib/development/c-bowler.X/dist/default/production/c-bowler.X.a(HAL_P32.o) (TickInit)
../../../../../c-bowler/firmware/library/NR-Clib/development/c-bowler.X/dist/default/production/c-bowler.X.a(UART.o)
[...]
Memory Configuration

Name             Origin             Length             Attributes
kseg0_program_mem 0x9d000000         0x00020000         xr
kseg0_boot_mem   0x9fc00490         0x00000970
exception_mem    0x9fc01000         0x00001000
kseg1_boot_mem   0xbfc00000         0x00000490
debug_exec_mem   0xbfc02000         0x00000ff0
config3          0xbfc02ff0         0x00000004
config2          0xbfc02ff4         0x00000004
config1          0xbfc02ff8         0x00000004
config0          0xbfc02ffc         0x00000004
kseg1_data_mem   0xa0000000         0x00008000         w !x
sfrs             0xbf800000         0x00100000
configsfrs       0xbfc02ff0         0x00000010
*default*        0x00000000         0xffffffff

Linker script and memory map

LOAD /home/opt/microchip/xc32/v1.00/bin/../lib/gcc/pic32mx/4.5.1/../../../../pic32mx/lib/crt0.o
LOAD build/default/production/_ext/108654538/PinFunctions.o
LOAD build/default/production/_ext/805493626/Debug_DyIO.o
LOAD build/default/production/_ext/805493626/Namespace_bcs_io.o
LOAD build/default/production/_ext/805493626/Abstract_bcs_io.o
LOAD build/default/production/_ext/805493626/Bcs_IO_AdvancedAsync.o
LOAD build/default/production/_ext/1051272628/Abstract_bcs_io_setmode.o
LOAD build/default/production/_ext/1051272628/Namespace_bcs_io_setmode.o
LOAD build/default/production/_ext/1825615050/CartesianController.o
LOAD build/default/production/_ext/1825615050/PID.o
LOAD build/default/production/_ext/1978776677/UpstreamPackets.o
LOAD build/default/production/_ext/1978776677/InitializationCallbacks.o
LOAD build/default/production/_ext/1978776677/DownStreamPackets.o
LOAD build/default/production/_ext/1978776677/AsyncManager.o
LOAD build/default/production/_ext/2110062566/UartDMARx.o
LOAD build/default/production/_ext/990863823/AVRInterface.o
LOAD build/default/production/_ext/990863823/Switches.o
LOAD build/default/production/_ext/990863823/DyIODataTableManager.o
LOAD build/default/production/_ext/990863823/CoProcCom.o
LOAD build/default/production/_ext/990863823/ADC.o
LOAD build/default/production/_ext/990863823/Counter.o
LOAD build/default/production/_ext/990863823/EEPROMMannager.o
LOAD build/default/production/_ext/990863823/SerialPassThrough.o
LOAD build/default/production/_ext/990863823/SPI.o
LOAD build/default/production/_ext/990863823/PPMReader.o
LOAD build/default/production/_ext/1020318379/Pin_State.o
LOAD build/default/production/_ext/1020318379/ChannelConfig.o
LOAD build/default/production/_ext/1020318379/ChannelValues.o
LOAD build/default/production/_ext/1020318379/ChannelMode.o
LOAD build/default/production/_ext/1281821416/Abstract_bsc_safe.o
LOAD build/default/production/_ext/1281821416/Namespace_bcs_safe.o
LOAD build/default/production/_ext/321196743/Namespace_neuronrobotics_dyio.o
LOAD build/default/production/_ext/321196743/Namespace_bcs_pid_dypid.o
LOAD build/default/production/_ext/1360937237/Main.o
LOAD build/default/production/_ext/1360937237/DyIOMain.o
LOAD ../../../../../c-bowler/firmware/library/NR-Clib/development/c-bowler.X/dist/default/production/c-bowler.X.a
                0x00000001                __MPLAB_BUILD = 0x1
LOAD /home/opt/microchip/xc32/v1.00/bin/../lib/gcc/pic32mx/4.5.1/libgcc.a
START GROUP
LOAD /home/opt/microchip/xc32/v1.00/bin/../lib/gcc/pic32mx/4.5.1/../../../../pic32mx/lib/libdebug.a
LOAD /home/opt/microchip/xc32/v1.00/bin/../lib/gcc/pic32mx/4.5.1/../../../../pic32mx/lib/libc.a
LOAD /home/opt/microchip/xc32/v1.00/bin/../lib/gcc/pic32mx/4.5.1/../../../../pic32mx/lib/libm.a
LOAD /home/opt/microchip/xc32/v1.00/bin/../lib/gcc/pic32mx/4.5.1/../../../../pic32mx/lib/libe.a
LOAD /home/opt/microchip/xc32/v1.00/bin/../lib/gcc/pic32mx/4.5.1/../../../../pic32mx/lib/libdsp.a
END GROUP
LOAD /home/opt/microchip/xc32/v1.00/bin/../lib/gcc/pic32mx/4.5.1/libgcc.a
                0x00000400                PROVIDE (_min_stack_size, 0x400)
                0x00000000                PROVIDE (_min_heap_size, 0x0)
LOAD /home/opt/microchip/xc32/v1.00/bin/../lib/gcc/pic32mx/4.5.1/../../../../pic32mx/lib/./proc/32MX440F128H/processor.o
START GROUP
LOAD /home/opt/microchip/xc32/v1.00/bin/../lib/gcc/pic32mx/4.5.1/../../../../pic32mx/lib/libmchp_peripheral.a
END GROUP
START GROUP
LOAD /home/opt/microchip/xc32/v1.00/bin/../lib/gcc/pic32mx/4.5.1/../../../../pic32mx/lib/libmchp_peripheral_32MX440F128H.a
END GROUP
                0x00000001                PROVIDE (_vector_spacing, 0x1)
                0x9fc01000                _ebase_address = 0x9fc01000
                0xbfc00000                _RESET_ADDR = 0xbfc00000
                0xbfc00380                _BEV_EXCPT_ADDR = 0xbfc00380
                0xbfc00480                _DBG_EXCPT_ADDR = 0xbfc00480
                0xbfc02000                _DBG_CODE_ADDR = 0xbfc02000
                0x00000ff0                _DBG_CODE_SIZE = 0xff0
                0x9fc01180                _GEN_EXCPT_ADDR = (_ebase_address + 0x180)

.config_BFC02FF0
 *(.config_BFC02FF0)

.config_BFC02FF4
                0xbfc02ff4        0x4
 *(.config_BFC02FF4)
 .config_BFC02FF4
                0xbfc02ff4        0x4 build/default/production/_ext/1360937237/Main.o

.config_BFC02FF8
                0xbfc02ff8        0x4
 *(.config_BFC02FF8)
 .config_BFC02FF8
                0xbfc02ff8        0x4 build/default/production/_ext/1360937237/Main.o

.config_BFC02FFC
                0xbfc02ffc        0x4
 *(.config_BFC02FFC)
 .config_BFC02FFC
                0xbfc02ffc        0x4 build/default/production/_ext/1360937237/Main.o
                0xbfc02000                PROVIDE (_DBG_CODE_ADDR, 0xbfc02000)
                0x00000ff0                PROVIDE (_DBG_CODE_SIZE, 0xff0)

.reset          0xbfc00000      0x1f4
 *(.reset)
 .reset         0xbfc00000       0x10 /home/opt/microchip/xc32/v1.00/bin/../lib/gcc/pic32mx/4.5.1/../../../../pic32mx/lib/crt0.o
                0xbfc00000                _reset
 *(.reset.startup)
 .reset.startup
                0xbfc00010      0x1e4 /home/opt/microchip/xc32/v1.00/bin/../lib/gcc/pic32mx/4.5.1/../../../../pic32mx/lib/crt0.o

.bev_excpt      0xbfc00380       0x10
 *(.bev_handler)
 .bev_handler   0xbfc00380       0x10 /home/opt/microchip/xc32/v1.00/bin/../lib/gcc/pic32mx/4.5.1/../../../../pic32mx/lib/crt0.o

.dbg_excpt      0xbfc00480        0x0
                0xbfc00480                . = (. + DEFINED (_DEBUGGER)?0x8:0x0)

.dbg_code       0xbfc02000        0x0
                0xbfc02000                . = (. + DEFINED (_DEBUGGER)?_DBG_CODE_SIZE:0x0)

.app_excpt      0x9fc01180       0x10
 *(.gen_handler)
 .gen_handler   0x9fc01180       0x10 /home/opt/microchip/xc32/v1.00/bin/../lib/gcc/pic32mx/4.5.1/../../../../pic32mx/lib/crt0.o

.vector_0       0x9fc01200        0x0
 *(.vector_0)
                0x00000001                ASSERT (((_vector_spacing == 0x0) || (SIZEOF (.vector_0) <= (_vector_spacing << 0x5))), function at exception vector 0 too large)

.vector_1       0x9fc01220        0x0
 *(.vector_1)
                0x00000001                ASSERT (((_vector_spacing == 0x0) || (SIZEOF (.vector_1) <= (_vector_spacing << 0x5))), function at exception vector 1 too large)

.vector_2       0x9fc01240        0x0
 *(.vector_2)
                0x00000001                ASSERT (((_vector_spacing == 0x0) || (SIZEOF (.vector_2) <= (_vector_spacing << 0x5))), function at exception vector 2 too large)

.vector_3       0x9fc01260        0x0
 *(.vector_3)
                0x00000001                ASSERT (((_vector_spacing == 0x0) || (SIZEOF (.vector_3) <= (_vector_spacing << 0x5))), function at exception vector 3 too large)

.vector_4       0x9fc01280        0x8
 *(.vector_4)
 .vector_4      0x9fc01280        0x8 ../../../../../c-bowler/firmware/library/NR-Clib/development/c-bowler.X/dist/default/production/c-bowler.X.a(Tick.o)
                0x00000001                ASSERT (((_vector_spacing == 0x0) || (SIZEOF (.vector_4) <= (_vector_spacing << 0x5))), function at exception vector 4 too large)

.vector_5       0x9fc012a0        0x0
 *(.vector_5)
                0x00000001                ASSERT (((_vector_spacing == 0x0) || (SIZEOF (.vector_5) <= (_vector_spacing << 0x5))), function at exception vector 5 too large)

.vector_6       0x9fc012c0        0x0
 *(.vector_6)
                0x00000001                ASSERT (((_vector_spacing == 0x0) || (SIZEOF (.vector_6) <= (_vector_spacing << 0x5))), function at exception vector 6 too large)

.vector_7       0x9fc012e0        0x8
 *(.vector_7)
 .vector_7      0x9fc012e0        0x8 build/default/production/_ext/990863823/Counter.o
                0x00000001                ASSERT (((_vector_spacing == 0x0) || (SIZEOF (.vector_7) <= (_vector_spacing << 0x5))), function at exception vector 7 too large)

.vector_8       0x9fc01300        0x0
 *(.vector_8)
                0x00000001                ASSERT (((_vector_spacing == 0x0) || (SIZEOF (.vector_8) <= (_vector_spacing << 0x5))), function at exception vector 8 too large)

.vector_9       0x9fc01320        0x0
 *(.vector_9)
                0x00000001                ASSERT (((_vector_spacing == 0x0) || (SIZEOF (.vector_9) <= (_vector_spacing << 0x5))), function at exception vector 9 too large)

.vector_10      0x9fc01340        0x0
 *(.vector_10)
                0x00000001                ASSERT (((_vector_spacing == 0x0) || (SIZEOF (.vector_10) <= (_vector_spacing << 0x5))), function at exception vector 10 too large)

.vector_11      0x9fc01360        0x8
 *(.vector_11)
 .vector_11     0x9fc01360        0x8 build/default/production/_ext/990863823/Counter.o
                0x00000001                ASSERT (((_vector_spacing == 0x0) || (SIZEOF (.vector_11) <= (_vector_spacing << 0x5))), function at exception vector 11 too large)

.vector_12      0x9fc01380        0x8
 *(.vector_12)
 .vector_12     0x9fc01380        0x8 build/default/production/_ext/990863823/Counter.o
                0x00000001                ASSERT (((_vector_spacing == 0x0) || (SIZEOF (.vector_12) <= (_vector_spacing << 0x5))), function at exception vector 12 too large)

.vector_13      0x9fc013a0        0x0
 *(.vector_13)
                0x00000001                ASSERT (((_vector_spacing == 0x0) || (SIZEOF (.vector_13) <= (_vector_spacing << 0x5))), function at exception vector 13 too large)

.vector_14      0x9fc013c0        0x0
 *(.vector_14)
                0x00000001                ASSERT (((_vector_spacing == 0x0) || (SIZEOF (.vector_14) <= (_vector_spacing << 0x5))), function at exception vector 14 too large)

.vector_15      0x9fc013e0        0x8
 *(.vector_15)
 .vector_15     0x9fc013e0        0x8 build/default/production/_ext/990863823/Counter.o
                0x00000001                ASSERT (((_vector_spacing == 0x0) || (SIZEOF (.vector_15) <= (_vector_spacing << 0x5))), function at exception vector 15 too large)

.vector_16      0x9fc01400        0x0
 *(.vector_16)
                0x00000001                ASSERT (((_vector_spacing == 0x0) || (SIZEOF (.vector_16) <= (_vector_spacing << 0x5))), function at exception vector 16 too large)

.vector_17      0x9fc01420        0x0
 *(.vector_17)
                0x00000001                ASSERT (((_vector_spacing == 0x0) || (SIZEOF (.vector_17) <= (_vector_spacing << 0x5))), function at exception vector 17 too large)

.vector_18      0x9fc01440        0x0
 *(.vector_18)
                0x00000001                ASSERT (((_vector_spacing == 0x0) || (SIZEOF (.vector_18) <= (_vector_spacing << 0x5))), function at exception vector 18 too large)

.vector_19      0x9fc01460        0x8
 *(.vector_19)
 .vector_19     0x9fc01460        0x8 build/default/production/_ext/990863823/Counter.o
                0x00000001                ASSERT (((_vector_spacing == 0x0) || (SIZEOF (.vector_19) <= (_vector_spacing << 0x5))), function at exception vector 19 too large)

.vector_20      0x9fc01480        0x0
 *(.vector_20)
                0x00000001                ASSERT (((_vector_spacing == 0x0) || (SIZEOF (.vector_20) <= (_vector_spacing << 0x5))), function at exception vector 20 too large)

.vector_21      0x9fc014a0        0x0
 *(.vector_21)
                0x00000001                ASSERT (((_vector_spacing == 0x0) || (SIZEOF (.vector_21) <= (_vector_spacing << 0x5))), function at exception vector 21 too large)

.vector_22      0x9fc014c0        0x0
 *(.vector_22)
                0x00000001                ASSERT (((_vector_spacing == 0x0) || (SIZEOF (.vector_22) <= (_vector_spacing << 0x5))), function at exception vector 22 too large)

.vector_23      0x9fc014e0        0x0
 *(.vector_23)
                0x00000001                ASSERT (((_vector_spacing == 0x0) || (SIZEOF (.vector_23) <= (_vector_spacing << 0x5))), function at exception vector 23 too large)

.vector_24      0x9fc01500        0x8
 *(.vector_24)
 .vector_24     0x9fc01500        0x8 ../../../../../c-bowler/firmware/library/NR-Clib/development/c-bowler.X/dist/default/production/c-bowler.X.a(Bowler_UART_HAL.o)
                0x00000001                ASSERT (((_vector_spacing == 0x0) || (SIZEOF (.vector_24) <= (_vector_spacing << 0x5))), function at exception vector 24 too large)

.vector_25      0x9fc01520        0x0
 *(.vector_25)
                0x00000001                ASSERT (((_vector_spacing == 0x0) || (SIZEOF (.vector_25) <= (_vector_spacing << 0x5))), function at exception vector 25 too large)

.vector_26      0x9fc01540        0x0
 *(.vector_26)
                0x00000001                ASSERT (((_vector_spacing == 0x0) || (SIZEOF (.vector_26) <= (_vector_spacing << 0x5))), function at exception vector 26 too large)

.vector_27      0x9fc01560        0x0
 *(.vector_27)
                0x00000001                ASSERT (((_vector_spacing == 0x0) || (SIZEOF (.vector_27) <= (_vector_spacing << 0x5))), function at exception vector 27 too large)

.vector_28      0x9fc01580        0x0
 *(.vector_28)
                0x00000001                ASSERT (((_vector_spacing == 0x0) || (SIZEOF (.vector_28) <= (_vector_spacing << 0x5))), function at exception vector 28 too large)

.vector_29      0x9fc015a0        0x0
 *(.vector_29)
                0x00000001                ASSERT (((_vector_spacing == 0x0) || (SIZEOF (.vector_29) <= (_vector_spacing << 0x5))), function at exception vector 29 too large)

.vector_30      0x9fc015c0        0x0
 *(.vector_30)
                0x00000001                ASSERT (((_vector_spacing == 0x0) || (SIZEOF (.vector_30) <= (_vector_spacing << 0x5))), function at exception vector 30 too large)

.vector_31      0x9fc015e0        0x0
 *(.vector_31)
                0x00000001                ASSERT (((_vector_spacing == 0x0) || (SIZEOF (.vector_31) <= (_vector_spacing << 0x5))), function at exception vector 31 too large)

.vector_32      0x9fc01600        0x8
 *(.vector_32)
 .vector_32     0x9fc01600        0x8 build/default/production/_ext/990863823/CoProcCom.o
                0x00000001                ASSERT (((_vector_spacing == 0x0) || (SIZEOF (.vector_32) <= (_vector_spacing << 0x5))), function at exception vector 32 too large)

.vector_33      0x9fc01620        0x0
 *(.vector_33)
                0x00000001                ASSERT (((_vector_spacing == 0x0) || (SIZEOF (.vector_33) <= (_vector_spacing << 0x5))), function at exception vector 33 too large)

.vector_34      0x9fc01640        0x0
 *(.vector_34)
                0x00000001                ASSERT (((_vector_spacing == 0x0) || (SIZEOF (.vector_34) <= (_vector_spacing << 0x5))), function at exception vector 34 too large)

.vector_35      0x9fc01660        0x0
 *(.vector_35)
                0x00000001                ASSERT (((_vector_spacing == 0x0) || (SIZEOF (.vector_35) <= (_vector_spacing << 0x5))), function at exception vector 35 too large)

.vector_36      0x9fc01680        0x0
 *(.vector_36)
                0x00000001                ASSERT (((_vector_spacing == 0x0) || (SIZEOF (.vector_36) <= (_vector_spacing << 0x5))), function at exception vector 36 too large)

.vector_37      0x9fc016a0        0x0
 *(.vector_37)
                0x00000001                ASSERT (((_vector_spacing == 0x0) || (SIZEOF (.vector_37) <= (_vector_spacing << 0x5))), function at exception vector 37 too large)

.vector_38      0x9fc016c0        0x0
 *(.vector_38)
                0x00000001                ASSERT (((_vector_spacing == 0x0) || (SIZEOF (.vector_38) <= (_vector_spacing << 0x5))), function at exception vector 38 too large)

.vector_39      0x9fc016e0        0x0
 *(.vector_39)
                0x00000001                ASSERT (((_vector_spacing == 0x0) || (SIZEOF (.vector_39) <= (_vector_spacing << 0x5))), function at exception vector 39 too large)

.vector_40      0x9fc01700        0x0
 *(.vector_40)
                0x00000001                ASSERT (((_vector_spacing == 0x0) || (SIZEOF (.vector_40) <= (_vector_spacing << 0x5))), function at exception vector 40 too large)

.vector_41      0x9fc01720        0x0
 *(.vector_41)
                0x00000001                ASSERT (((_vector_spacing == 0x0) || (SIZEOF (.vector_41) <= (_vector_spacing << 0x5))), function at exception vector 41 too large)

.vector_42      0x9fc01740        0x0
 *(.vector_42)
                0x00000001                ASSERT (((_vector_spacing == 0x0) || (SIZEOF (.vector_42) <= (_vector_spacing << 0x5))), function at exception vector 42 too large)

.vector_43      0x9fc01760        0x0
 *(.vector_43)
                0x00000001                ASSERT (((_vector_spacing == 0x0) || (SIZEOF (.vector_43) <= (_vector_spacing << 0x5))), function at exception vector 43 too large)

.vector_44      0x9fc01780        0x0
 *(.vector_44)
                0x00000001                ASSERT (((_vector_spacing == 0x0) || (SIZEOF (.vector_44) <= (_vector_spacing << 0x5))), function at exception vector 44 too large)

.vector_45      0x9fc017a0        0x8
 *(.vector_45)
 .vector_45     0x9fc017a0        0x8 ../../../../../c-bowler/firmware/library/NR-Clib/development/c-bowler.X/dist/default/production/c-bowler.X.a(usb_device.o)
                0x00000001                ASSERT (((_vector_spacing == 0x0) || (SIZEOF (.vector_45) <= (_vector_spacing << 0x5))), function at exception vector 45 too large)

.vector_46      0x9fc017c0        0x0
 *(.vector_46)
                0x00000001                ASSERT (((_vector_spacing == 0x0) || (SIZEOF (.vector_46) <= (_vector_spacing << 0x5))), function at exception vector 46 too large)

.vector_47      0x9fc017e0        0x0
 *(.vector_47)
                0x00000001                ASSERT (((_vector_spacing == 0x0) || (SIZEOF (.vector_47) <= (_vector_spacing << 0x5))), function at exception vector 47 too large)

.vector_48      0x9fc01800        0x0
 *(.vector_48)
                0x00000001                ASSERT (((_vector_spacing == 0x0) || (SIZEOF (.vector_48) <= (_vector_spacing << 0x5))), function at exception vector 48 too large)

.vector_49      0x9fc01820        0x0
 *(.vector_49)
                0x00000001                ASSERT (((_vector_spacing == 0x0) || (SIZEOF (.vector_49) <= (_vector_spacing << 0x5))), function at exception vector 49 too large)

.vector_50      0x9fc01840        0x0
 *(.vector_50)
                0x00000001                ASSERT (((_vector_spacing == 0x0) || (SIZEOF (.vector_50) <= (_vector_spacing << 0x5))), function at exception vector 50 too large)

.vector_51      0x9fc01860        0x0
 *(.vector_51)
                0x00000001                ASSERT (((_vector_spacing == 0x0) || (SIZEOF (.vector_51) <= (_vector_spacing << 0x5))), function at exception vector 51 too large)

.vector_52      0x9fc01880        0x0
 *(.vector_52)
                0x00000001                ASSERT (((_vector_spacing == 0x0) || (SIZEOF (.vector_52) <= (_vector_spacing << 0x5))), function at exception vector 52 too large)

.vector_53      0x9fc018a0        0x0
 *(.vector_53)
                0x00000001                ASSERT (((_vector_spacing == 0x0) || (SIZEOF (.vector_53) <= (_vector_spacing << 0x5))), function at exception vector 53 too large)

.vector_54      0x9fc018c0        0x0
 *(.vector_54)
                0x00000001                ASSERT (((_vector_spacing == 0x0) || (SIZEOF (.vector_54) <= (_vector_spacing << 0x5))), function at exception vector 54 too large)

.vector_55      0x9fc018e0        0x0
 *(.vector_55)
                0x00000001                ASSERT (((_vector_spacing == 0x0) || (SIZEOF (.vector_55) <= (_vector_spacing << 0x5))), function at exception vector 55 too large)

.vector_56      0x9fc01900        0x0
 *(.vector_56)
                0x00000001                ASSERT (((_vector_spacing == 0x0) || (SIZEOF (.vector_56) <= (_vector_spacing << 0x5))), function at exception vector 56 too large)

.vector_57      0x9fc01920        0x0
 *(.vector_57)
                0x00000001                ASSERT (((_vector_spacing == 0x0) || (SIZEOF (.vector_57) <= (_vector_spacing << 0x5))), function at exception vector 57 too large)

.vector_58      0x9fc01940        0x0
 *(.vector_58)
                0x00000001                ASSERT (((_vector_spacing == 0x0) || (SIZEOF (.vector_58) <= (_vector_spacing << 0x5))), function at exception vector 58 too large)

.vector_59      0x9fc01960        0x0
 *(.vector_59)
                0x00000001                ASSERT (((_vector_spacing == 0x0) || (SIZEOF (.vector_59) <= (_vector_spacing << 0x5))), function at exception vector 59 too large)

.vector_60      0x9fc01980        0x0
 *(.vector_60)
                0x00000001                ASSERT (((_vector_spacing == 0x0) || (SIZEOF (.vector_60) <= (_vector_spacing << 0x5))), function at exception vector 60 too large)

.vector_61      0x9fc019a0        0x0
 *(.vector_61)
                0x00000001                ASSERT (((_vector_spacing == 0x0) || (SIZEOF (.vector_61) <= (_vector_spacing << 0x5))), function at exception vector 61 too large)

.vector_62      0x9fc019c0        0x0
 *(.vector_62)
                0x00000001                ASSERT (((_vector_spacing == 0x0) || (SIZEOF (.vector_62) <= (_vector_spacing << 0x5))), function at exception vector 62 too large)

.vector_63      0x9fc019e0        0x0
 *(.vector_63)
                0x00000001                ASSERT (((_vector_spacing == 0x0) || (SIZEOF (.vector_63) <= (_vector_spacing << 0x5))), function at exception vector 63 too large)

.startup
 *(.startup)

.text
 *(.stub .gnu.linkonce.t.*)
 *(.text.*personality*)
 *(.mips16.fn.*)
 *(.mips16.call.*)
 *(.gnu.warning)

.rodata         0x9d000000       0x74
 *(.rodata.* .gnu.linkonce.r.*)
 .rodata.MY_MAC_ADDRESS
                0x9d000000        0x8 build/default/production/_ext/1978776677/InitializationCallbacks.o
                0x9d000000                MY_MAC_ADDRESS
 .rodata.coreName
                0x9d000008       0x14 ../../../../../c-bowler/firmware/library/NR-Clib/development/c-bowler.X/dist/default/production/c-bowler.X.a(Namespace_bcs_core.o)
                0x9d000008                coreName
 .rodata.Broadcast
                0x9d00001c        0x8 ../../../../../c-bowler/firmware/library/NR-Clib/development/c-bowler.X/dist/default/production/c-bowler.X.a(Bowler_Server.o)
                0x9d00001c                Broadcast
 .rodata.AsciiHex
                0x9d000024       0x10 ../../../../../c-bowler/firmware/library/NR-Clib/development/c-bowler.X/dist/default/production/c-bowler.X.a(Debug.o)
                0x9d000024                AsciiHex
 .rodata.errorColor
                0x9d000034        0x8 ../../../../../c-bowler/firmware/library/NR-Clib/development/c-bowler.X/dist/default/production/c-bowler.X.a(Debug.o)
                0x9d000034                errorColor
 .rodata.infoColor
                0x9d00003c        0x8 ../../../../../c-bowler/firmware/library/NR-Clib/development/c-bowler.X/dist/default/production/c-bowler.X.a(Debug.o)
                0x9d00003c                infoColor
 .rodata.warningColor
                0x9d000044        0x8 ../../../../../c-bowler/firmware/library/NR-Clib/development/c-bowler.X/dist/default/production/c-bowler.X.a(Debug.o)
                0x9d000044                warningColor
 .rodata.clearErrorColor
                0x9d00004c        0x8 ../../../../../c-bowler/firmware/library/NR-Clib/development/c-bowler.X/dist/default/production/c-bowler.X.a(Debug.o)
                0x9d00004c                clearErrorColor
 .rodata.pidNSName
                0x9d000054       0x10 ../../../../../c-bowler/firmware/library/NR-Clib/development/c-bowler.X/dist/default/production/c-bowler.X.a(Namespace_bcs_pid.o)
 .rodata.rpcNSName
                0x9d000064       0x10 ../../../../../c-bowler/firmware/library/NR-Clib/development/c-bowler.X/dist/default/production/c-bowler.X.a(Namespace_bcs_rpc.o)
 *(.rodata1)
                0x9d000074                . = ALIGN (0x4)

.sdata2         0x9d000074        0x0
 *(.sdata2 .sdata2.* .gnu.linkonce.s2.*)
                0x9d000074                . = ALIGN (0x4)

.sbss2          0x9d000074        0x0
 *(.sbss2 .sbss2.* .gnu.linkonce.sb2.*)
                0x9d000074                . = ALIGN (0x4)

.eh_frame_hdr
 *(.eh_frame_hdr)

.eh_frame
 *(.eh_frame)

.dbg_data       0xa0000000        0x0
                0xa0000000                . = (. + DEFINED (_DEBUGGER)?0x200:0x0)

.persist        0xa0000000        0x0
                0xa0000000                _persist_begin = .
 *(.persist .persist.*)
                0xa0000000                . = ALIGN (0x4)
                0xa0000000                _persist_end = .

.eh_frame
 *(.eh_frame)
                0xa0000000                . = .
                0xa0007ff0                _gp = (ALIGN (0x10) + 0x7ff0)

.got
 *(.got.plt)
 *(.got)

.sdata          0xa0000000      0x19c
                0xa0000000                _sdata_begin = .
 *(.sdata .sdata.* .gnu.linkonce.s.*)
 .sdata.__compound_literal.0
                0xa0000000        0x4 build/default/production/_ext/805493626/Namespace_bcs_io.o
 .sdata.__compound_literal.1
                0xa0000004        0x4 build/default/production/_ext/805493626/Namespace_bcs_io.o
 .sdata.__compound_literal.3
                0xa0000008        0x4 build/default/production/_ext/805493626/Namespace_bcs_io.o
 .sdata.__compound_literal.4
                0xa000000c        0x4 build/default/production/_ext/805493626/Namespace_bcs_io.o
 .sdata.__compound_literal.5
                0xa0000010        0x4 build/default/production/_ext/805493626/Namespace_bcs_io.o
 .sdata.__compound_literal.7
                0xa0000014        0x4 build/default/production/_ext/805493626/Namespace_bcs_io.o
 .sdata.__compound_literal.8
                0xa0000018        0x4 build/default/production/_ext/805493626/Namespace_bcs_io.o
 .sdata.__compound_literal.9
                0xa000001c        0x4 build/default/production/_ext/805493626/Namespace_bcs_io.o
 .sdata.__compound_literal.11
                0xa0000020        0x4 build/default/production/_ext/805493626/Namespace_bcs_io.o
 .sdata.__compound_literal.12
                0xa0000024        0x4 build/default/production/_ext/805493626/Namespace_bcs_io.o
 .sdata.__compound_literal.13
                0xa0000028        0x4 build/default/production/_ext/805493626/Namespace_bcs_io.o
 .sdata.__compound_literal.14
                0xa000002c        0x4 build/default/production/_ext/805493626/Namespace_bcs_io.o
 .sdata.__compound_literal.15
                0xa0000030        0x4 build/default/production/_ext/805493626/Namespace_bcs_io.o
 .sdata.__compound_literal.16
                0xa0000034        0x4 build/default/production/_ext/805493626/Namespace_bcs_io.o
 .sdata.__compound_literal.17
                0xa0000038        0x4 build/default/production/_ext/805493626/Namespace_bcs_io.o
 .sdata.__compound_literal.18
                0xa000003c        0x4 build/default/production/_ext/805493626/Namespace_bcs_io.o
 .sdata.__compound_literal.20
                0xa0000040        0x4 build/default/production/_ext/805493626/Namespace_bcs_io.o
 .sdata.__compound_literal.22
                0xa0000044        0x4 build/default/production/_ext/805493626/Namespace_bcs_io.o
 .sdata.__compound_literal.24
                0xa0000048        0x8 build/default/production/_ext/805493626/Namespace_bcs_io.o
 .sdata.__compound_literal.0
                0xa0000050        0x4 build/default/production/_ext/1051272628/Namespace_bcs_io_setmode.o
 .sdata.__compound_literal.2
                0xa0000054        0x4 build/default/production/_ext/1051272628/Namespace_bcs_io_setmode.o
 .sdata.bankA   0xa0000058        0x4 build/default/production/_ext/1978776677/DownStreamPackets.o
                0xa0000058                bankA
 .sdata.bankB   0xa000005c        0x4 build/default/production/_ext/1978776677/DownStreamPackets.o
                0xa000005c                bankB
 .sdata.printData
                0xa0000060        0x8 build/default/production/_ext/990863823/DyIODataTableManager.o
                0xa0000060                printData
 .sdata.ppmData
                0xa0000068        0x8 build/default/production/_ext/990863823/PPMReader.o
 .sdata.ppmLink
                0xa0000070        0x8 build/default/production/_ext/990863823/PPMReader.o
 .sdata.ppmLastSent
                0xa0000078        0x8 build/default/production/_ext/990863823/PPMReader.o
 .sdata.brownOutDetect
                0xa0000080        0x4 build/default/production/_ext/1020318379/ChannelMode.o
                0xa0000080                brownOutDetect
 .sdata.__compound_literal.1
                0xa0000084        0x4 build/default/production/_ext/1281821416/Namespace_bcs_safe.o
 .sdata.__compound_literal.2
                0xa0000088        0x4 build/default/production/_ext/1281821416/Namespace_bcs_safe.o
 .sdata.__compound_literal.3
                0xa000008c        0x4 build/default/production/_ext/1281821416/Namespace_bcs_safe.o
 .sdata.syncVolt
                0xa0000090        0x8 build/default/production/_ext/321196743/Namespace_neuronrobotics_dyio.o
                0xa0000090                syncVolt
 .sdata.ppm     0xa0000098        0x8 build/default/production/_ext/321196743/Namespace_neuronrobotics_dyio.o
                0xa0000098                ppm
 .sdata.heartBeatLockTime
                0xa00000a0        0x4 build/default/production/_ext/321196743/Namespace_neuronrobotics_dyio.o
 .sdata.heartBeatLock
                0xa00000a4        0x4 build/default/production/_ext/321196743/Namespace_neuronrobotics_dyio.o
 .sdata.__compound_literal.1
                0xa00000a8        0x8 build/default/production/_ext/321196743/Namespace_neuronrobotics_dyio.o
 .sdata.__compound_literal.3
                0xa00000b0        0x4 build/default/production/_ext/321196743/Namespace_neuronrobotics_dyio.o
 .sdata.__compound_literal.5
                0xa00000b4        0x4 build/default/production/_ext/321196743/Namespace_neuronrobotics_dyio.o
 .sdata.__compound_literal.6
                0xa00000b8        0x8 build/default/production/_ext/321196743/Namespace_neuronrobotics_dyio.o
 .sdata.__compound_literal.7
                0xa00000c0        0x4 build/default/production/_ext/321196743/Namespace_neuronrobotics_dyio.o
 .sdata.__compound_literal.8
                0xa00000c4        0x4 build/default/production/_ext/321196743/Namespace_neuronrobotics_dyio.o
 .sdata.__compound_literal.9
                0xa00000c8        0x4 build/default/production/_ext/321196743/Namespace_neuronrobotics_dyio.o
 .sdata.__compound_literal.10
                0xa00000cc        0x4 build/default/production/_ext/321196743/Namespace_neuronrobotics_dyio.o
 .sdata.__compound_literal.11
                0xa00000d0        0x4 build/default/production/_ext/321196743/Namespace_neuronrobotics_dyio.o
 .sdata.pid     0xa00000d4        0x8 build/default/production/_ext/321196743/Namespace_bcs_pid_dypid.o
                0xa00000d4                pid
 .sdata.vel     0xa00000dc        0x8 build/default/production/_ext/321196743/Namespace_bcs_pid_dypid.o
                0xa00000dc                vel
 .sdata.__compound_literal.0
                0xa00000e4        0x4 build/default/production/_ext/321196743/Namespace_bcs_pid_dypid.o
 .sdata.__compound_literal.1
                0xa00000e8        0x8 build/default/production/_ext/321196743/Namespace_bcs_pid_dypid.o
 .sdata.__compound_literal.2
                0xa00000f0        0x8 build/default/production/_ext/321196743/Namespace_bcs_pid_dypid.o
 .sdata.__compound_literal.0
                0xa00000f8        0x4 ../../../../../c-bowler/firmware/library/NR-Clib/development/c-bowler.X/dist/default/production/c-bowler.X.a(Namespace_bcs_core.o)
 .sdata.__compound_literal.1
                0xa00000fc        0x4 ../../../../../c-bowler/firmware/library/NR-Clib/development/c-bowler.X/dist/default/production/c-bowler.X.a(Namespace_bcs_core.o)
 .sdata.MyMAC   0xa0000100        0x8 ../../../../../c-bowler/firmware/library/NR-Clib/development/c-bowler.X/dist/default/production/c-bowler.X.a(Bowler_Server.o)
                0xa0000100                MyMAC
 .sdata.__compound_literal.0
                0xa0000108        0x4 ../../../../../c-bowler/firmware/library/NR-Clib/development/c-bowler.X/dist/default/production/c-bowler.X.a(Namespace_bcs_pid.o)
 .sdata.__compound_literal.1
                0xa000010c        0x4 ../../../../../c-bowler/firmware/library/NR-Clib/development/c-bowler.X/dist/default/production/c-bowler.X.a(Namespace_bcs_pid.o)
 .sdata.__compound_literal.2
                0xa0000110        0x4 ../../../../../c-bowler/firmware/library/NR-Clib/development/c-bowler.X/dist/default/production/c-bowler.X.a(Namespace_bcs_pid.o)
 .sdata.__compound_literal.3
                0xa0000114        0x4 ../../../../../c-bowler/firmware/library/NR-Clib/development/c-bowler.X/dist/default/production/c-bowler.X.a(Namespace_bcs_pid.o)
 .sdata.__compound_literal.5
                0xa0000118        0x4 ../../../../../c-bowler/firmware/library/NR-Clib/development/c-bowler.X/dist/default/production/c-bowler.X.a(Namespace_bcs_pid.o)
 .sdata.__compound_literal.6
                0xa000011c        0x4 ../../../../../c-bowler/firmware/library/NR-Clib/development/c-bowler.X/dist/default/production/c-bowler.X.a(Namespace_bcs_pid.o)
 .sdata.__compound_literal.7
                0xa0000120        0x4 ../../../../../c-bowler/firmware/library/NR-Clib/development/c-bowler.X/dist/default/production/c-bowler.X.a(Namespace_bcs_pid.o)
 .sdata.__compound_literal.8
                0xa0000124        0x4 ../../../../../c-bowler/firmware/library/NR-Clib/development/c-bowler.X/dist/default/production/c-bowler.X.a(Namespace_bcs_pid.o)
 .sdata.__compound_literal.9
                0xa0000128        0x4 ../../../../../c-bowler/firmware/library/NR-Clib/development/c-bowler.X/dist/default/production/c-bowler.X.a(Namespace_bcs_pid.o)
 .sdata.__compound_literal.10
                0xa000012c        0x4 ../../../../../c-bowler/firmware/library/NR-Clib/development/c-bowler.X/dist/default/production/c-bowler.X.a(Namespace_bcs_pid.o)
 .sdata.__compound_literal.11
                0xa0000130        0x4 ../../../../../c-bowler/firmware/library/NR-Clib/development/c-bowler.X/dist/default/production/c-bowler.X.a(Namespace_bcs_pid.o)
 .sdata.__compound_literal.12
                0xa0000134        0x4 ../../../../../c-bowler/firmware/library/NR-Clib/development/c-bowler.X/dist/default/production/c-bowler.X.a(Namespace_bcs_pid.o)
 .sdata.__compound_literal.13
                0xa0000138        0x4 ../../../../../c-bowler/firmware/library/NR-Clib/development/c-bowler.X/dist/default/production/c-bowler.X.a(Namespace_bcs_pid.o)
 .sdata.__compound_literal.14
                0xa000013c        0x4 ../../../../../c-bowler/firmware/library/NR-Clib/development/c-bowler.X/dist/default/production/c-bowler.X.a(Namespace_bcs_pid.o)
 .sdata.__compound_literal.15
                0xa0000140        0x4 ../../../../../c-bowler/firmware/library/NR-Clib/development/c-bowler.X/dist/default/production/c-bowler.X.a(Namespace_bcs_pid.o)
 .sdata.__compound_literal.18
                0xa0000144        0x4 ../../../../../c-bowler/firmware/library/NR-Clib/development/c-bowler.X/dist/default/production/c-bowler.X.a(Namespace_bcs_pid.o)
 .sdata.__compound_literal.20
                0xa0000148        0x4 ../../../../../c-bowler/firmware/library/NR-Clib/development/c-bowler.X/dist/default/production/c-bowler.X.a(Namespace_bcs_pid.o)
 .sdata.__compound_literal.21
                0xa000014c        0x4 ../../../../../c-bowler/firmware/library/NR-Clib/development/c-bowler.X/dist/default/production/c-bowler.X.a(Namespace_bcs_pid.o)
 .sdata.__compound_literal.22
                0xa0000150        0x4 ../../../../../c-bowler/firmware/library/NR-Clib/development/c-bowler.X/dist/default/production/c-bowler.X.a(Namespace_bcs_pid.o)
 .sdata.__compound_literal.16
                0xa0000154        0x4 ../../../../../c-bowler/firmware/library/NR-Clib/development/c-bowler.X/dist/default/production/c-bowler.X.a(Namespace_bcs_pid.o)
 .sdata.__compound_literal.17
                0xa0000158        0x4 ../../../../../c-bowler/firmware/library/NR-Clib/development/c-bowler.X/dist/default/production/c-bowler.X.a(Namespace_bcs_pid.o)
 .sdata.usbActive
                0xa000015c        0x4 ../../../../../c-bowler/firmware/library/NR-Clib/development/c-bowler.X/dist/default/production/c-bowler.X.a(usb_fifo.o)
 .sdata.defMac  0xa0000160        0x8 ../../../../../c-bowler/firmware/library/NR-Clib/development/c-bowler.X/dist/default/production/c-bowler.X.a(FlashStorage.o)
                0xa0000160                defMac
 .sdata.MEMORY_BASE
                0xa0000168        0x4 ../../../../../c-bowler/firmware/library/NR-Clib/development/c-bowler.X/dist/default/production/c-bowler.X.a(FlashStorage.o)
                0xa0000168                MEMORY_BASE
 .sdata.VirtualBase
                0xa000016c        0x4 ../../../../../c-bowler/firmware/library/NR-Clib/development/c-bowler.X/dist/default/production/c-bowler.X.a(FlashStorage.o)
                0xa000016c                VirtualBase
 .sdata.__compound_literal.0
                0xa0000170        0x4 ../../../../../c-bowler/firmware/library/NR-Clib/development/c-bowler.X/dist/default/production/c-bowler.X.a(Namespace_bcs_rpc.o)
 .sdata.__compound_literal.1
                0xa0000174        0x8 ../../../../../c-bowler/firmware/library/NR-Clib/development/c-bowler.X/dist/default/production/c-bowler.X.a(Namespace_bcs_rpc.o)
 .sdata.__compound_literal.2
                0xa000017c        0x4 ../../../../../c-bowler/firmware/library/NR-Clib/development/c-bowler.X/dist/default/production/c-bowler.X.a(Namespace_bcs_rpc.o)
 .sdata.__compound_literal.3
                0xa0000180        0x8 ../../../../../c-bowler/firmware/library/NR-Clib/development/c-bowler.X/dist/default/production/c-bowler.X.a(Namespace_bcs_rpc.o)
 .sdata.zone    0xa0000188        0x4 ../../../../../c-bowler/firmware/library/NR-Clib/development/c-bowler.X/dist/default/production/c-bowler.X.a(PidRpc.o)
                0xa0000188                zone
 .sdata.pid     0xa000018c        0x8 ../../../../../c-bowler/firmware/library/NR-Clib/development/c-bowler.X/dist/default/production/c-bowler.X.a(PidAsync.o)
 .sdata.sd000   0xa0000194        0x4 ../../../../../c-bowler/firmware/library/NR-Clib/development/c-bowler.X/dist/default/production/c-bowler.X.a(usb_descriptors.o)
                0xa0000194                sd000
 .sdata.USB_CD_Ptr
                0xa0000198        0x4 ../../../../../c-bowler/firmware/library/NR-Clib/development/c-bowler.X/dist/default/production/c-bowler.X.a(usb_descriptors.o)
                0xa0000198                USB_CD_Ptr
                0xa000019c                _sdata_end = .

.lit8
 *(.lit8)

.lit4
 *(.lit4)
                0xa000019c                . = ALIGN (0x4)
                0xa000019c                _data_end = .
                0xa000019c                _bss_begin = .

.sbss           0xa000019c      0x1dc
                0xa000019c                _sbss_begin = .
 *(.dynsbss)
 *(.sbss .sbss.* .gnu.linkonce.sb.*)
 .sbss.maxNumCharsInModes
                0xa000019c        0x4 build/default/production/_ext/805493626/Debug_DyIO.o
                0xa000019c                maxNumCharsInModes
 .sbss.namespcaedAdded
                0xa00001a0        0x4 build/default/production/_ext/805493626/Namespace_bcs_io.o
 .sbss.__compound_literal.2
                0xa00001a4        0x4 build/default/production/_ext/805493626/Namespace_bcs_io.o
 .sbss.__compound_literal.6
                0xa00001a8        0x4 build/default/production/_ext/805493626/Namespace_bcs_io.o
 .sbss.__compound_literal.10
                0xa00001ac        0x4 build/default/production/_ext/805493626/Namespace_bcs_io.o
 .sbss.__compound_literal.19
                0xa00001b0        0x4 build/default/production/_ext/805493626/Namespace_bcs_io.o
 .sbss.__compound_literal.21
                0xa00001b4        0x4 build/default/production/_ext/805493626/Namespace_bcs_io.o
 .sbss.__compound_literal.23
                0xa00001b8        0x4 build/default/production/_ext/805493626/Namespace_bcs_io.o
 .sbss.__compound_literal.25
                0xa00001bc        0x4 build/default/production/_ext/805493626/Namespace_bcs_io.o
 .sbss.dataPtr  0xa00001c0        0x4 build/default/production/_ext/805493626/Abstract_bcs_io.o
 .sbss.NumberOfIOChannels
                0xa00001c4        0x4 build/default/production/_ext/805493626/Abstract_bcs_io.o
 .sbss.isInit   0xa00001c8        0x4 build/default/production/_ext/805493626/Bcs_IO_AdvancedAsync.o
                0xa00001c8                isInit
 .sbss.setChanelModeHWPtr
                0xa00001cc        0x4 build/default/production/_ext/1051272628/Abstract_bcs_io_setmode.o
                0xa00001cc                setChanelModeHWPtr
 .sbss.namespcaedAdded
                0xa00001d0        0x4 build/default/production/_ext/1051272628/Namespace_bcs_io_setmode.o
 .sbss.__compound_literal.1
                0xa00001d4        0x4 build/default/production/_ext/1051272628/Namespace_bcs_io_setmode.o
 .sbss.__compound_literal.3
                0xa00001d8        0x4 build/default/production/_ext/1051272628/Namespace_bcs_io_setmode.o
 .sbss.SaveTheState
                0xa00001dc        0x1 build/default/production/_ext/1978776677/InitializationCallbacks.o
                0xa00001dc                SaveTheState
 .sbss.batteryCode0
                0xa00001dd        0x1 build/default/production/_ext/1978776677/DownStreamPackets.o
                0xa00001dd                batteryCode0
 .sbss.batteryCode1
                0xa00001de        0x1 build/default/production/_ext/1978776677/DownStreamPackets.o
                0xa00001de                batteryCode1
 .sbss.switched
                0xa00001df        0x1 build/default/production/_ext/990863823/Switches.o
 .sbss.volt     0xa00001e0        0x4 build/default/production/_ext/990863823/Switches.o
 .sbss.bankState
                0xa00001e4        0x4 build/default/production/_ext/990863823/Switches.o
 .sbss.lastVolt
                0xa00001e8        0x4 build/default/production/_ext/990863823/Switches.o
 .sbss.coProcRunning
                0xa00001ec        0x4 build/default/production/_ext/990863823/CoProcCom.o
                0xa00001ec                coProcRunning
 .sbss.processing
                0xa00001f0        0x4 build/default/production/_ext/990863823/CoProcCom.o
 .sbss.init     0xa00001f4        0x4 build/default/production/_ext/990863823/CoProcCom.o
 .sbss.lastWasError
                0xa00001f8        0x4 build/default/production/_ext/990863823/CoProcCom.o
 .sbss.init     0xa00001fc        0x4 build/default/production/_ext/990863823/ADC.o
                0xa00001fc                init
 .sbss.lastHighTime
                0xa0000200        0x4 build/default/production/_ext/990863823/ADC.o
                0xa0000200                lastHighTime
 .sbss.lastLowTime
                0xa0000204        0x4 build/default/production/_ext/990863823/ADC.o
                0xa0000204                lastLowTime
 .sbss.lockOutRail
                0xa0000208        0x4 build/default/production/_ext/990863823/ADC.o
 .sbss.externalLock
                0xa000020c        0x4 build/default/production/_ext/990863823/ADC.o
 .sbss.loadEEDone
                0xa0000210        0x1 build/default/production/_ext/990863823/EEPROMMannager.o
                0xa0000210                loadEEDone
 *fill*         0xa0000211        0x3 00
 .sbss.state    0xa0000214        0x4 build/default/production/_ext/990863823/PPMReader.o
 .sbss.bufferStart
                0xa0000218        0x4 build/default/production/_ext/990863823/PPMReader.o
 .sbss.ppmIndex
                0xa000021c        0x1 build/default/production/_ext/990863823/PPMReader.o
 *fill*         0xa000021d        0x3 00
 .sbss.namespcaedAdded
                0xa0000220        0x4 build/default/production/_ext/1281821416/Namespace_bcs_safe.o
 .sbss.__compound_literal.0
                0xa0000224        0x4 build/default/production/_ext/1281821416/Namespace_bcs_safe.o
 .sbss.pwr      0xa0000228        0x4 build/default/production/_ext/321196743/Namespace_neuronrobotics_dyio.o
                0xa0000228                pwr
 .sbss.namespcaedAdded
                0xa000022c        0x4 build/default/production/_ext/321196743/Namespace_neuronrobotics_dyio.o
 .sbss.__compound_literal.0
                0xa0000230        0x4 build/default/production/_ext/321196743/Namespace_neuronrobotics_dyio.o
 .sbss.__compound_literal.2
                0xa0000234        0x4 build/default/production/_ext/321196743/Namespace_neuronrobotics_dyio.o
 .sbss.__compound_literal.4
                0xa0000238        0x4 build/default/production/_ext/321196743/Namespace_neuronrobotics_dyio.o
 .sbss.namespcaedAdded
                0xa000023c        0x4 build/default/production/_ext/321196743/Namespace_bcs_pid_dypid.o
 .sbss.__compound_literal.3
                0xa0000240        0x4 build/default/production/_ext/321196743/Namespace_bcs_pid_dypid.o
 .sbss.namespcaedAdded
                0xa0000244        0x4 ../../../../../c-bowler/firmware/library/NR-Clib/development/c-bowler.X/dist/default/production/c-bowler.X.a(Namespace_bcs_core.o)
 .sbss.lastPacketTime
                0xa0000248        0x4 ../../../../../c-bowler/firmware/library/NR-Clib/development/c-bowler.X/dist/default/production/c-bowler.X.a(Bowler_Server.o)
 .sbss.level    0xa000024c        0x4 ../../../../../c-bowler/firmware/library/NR-Clib/development/c-bowler.X/dist/default/production/c-bowler.X.a(Debug.o)
                0xa000024c                level
 .sbss.DebugINIT
                0xa0000250        0x4 ../../../../../c-bowler/firmware/library/NR-Clib/development/c-bowler.X/dist/default/production/c-bowler.X.a(Debug.o)
 .sbss.sendToStream
                0xa0000254        0x4 ../../../../../c-bowler/firmware/library/NR-Clib/development/c-bowler.X/dist/default/production/c-bowler.X.a(Debug.o)
 .sbss.namespcaedAdded
                0xa0000258        0x4 ../../../../../c-bowler/firmware/library/NR-Clib/development/c-bowler.X/dist/default/production/c-bowler.X.a(Namespace_bcs_pid.o)
 .sbss.number_of_pid_groups
                0xa000025c        0x4 ../../../../../c-bowler/firmware/library/NR-Clib/development/c-bowler.X/dist/default/production/c-bowler.X.a(AbstractPID.o)
                0xa000025c                number_of_pid_groups
 .sbss.velData  0xa0000260        0x4 ../../../../../c-bowler/firmware/library/NR-Clib/development/c-bowler.X/dist/default/production/c-bowler.X.a(AbstractPID.o)
 .sbss.pidGroupsInternal
                0xa0000264        0x4 ../../../../../c-bowler/firmware/library/NR-Clib/development/c-bowler.X/dist/default/production/c-bowler.X.a(AbstractPID.o)
 .sbss.gotData  0xa0000268        0x2 ../../../../../c-bowler/firmware/library/NR-Clib/development/c-bowler.X/dist/default/production/c-bowler.X.a(usb_fifo.o)
 .sbss.txSize   0xa000026a        0x2 ../../../../../c-bowler/firmware/library/NR-Clib/development/c-bowler.X/dist/default/production/c-bowler.X.a(usb_fifo.o)
 .sbss.bufferSet
                0xa000026c        0x4 ../../../../../c-bowler/firmware/library/NR-Clib/development/c-bowler.X/dist/default/production/c-bowler.X.a(usb_fifo.o)
 .sbss.usb_fifo_my_store
                0xa0000270        0x4 ../../../../../c-bowler/firmware/library/NR-Clib/development/c-bowler.X/dist/default/production/c-bowler.X.a(usb_fifo.o)
 .sbss.last_my_store
                0xa0000274        0x4 ../../../../../c-bowler/firmware/library/NR-Clib/development/c-bowler.X/dist/default/production/c-bowler.X.a(usb_fifo.o)
 .sbss.ADCMask  0xa0000278        0x4 ../../../../../c-bowler/firmware/library/NR-Clib/development/c-bowler.X/dist/default/production/c-bowler.X.a(ADC.o)
                0xa0000278                ADCMask
 .sbss.usbComs  0xa000027c        0x4 ../../../../../c-bowler/firmware/library/NR-Clib/development/c-bowler.X/dist/default/production/c-bowler.X.a(HAL_P32.o)
 .sbss.uartComs
                0xa0000280        0x4 ../../../../../c-bowler/firmware/library/NR-Clib/development/c-bowler.X/dist/default/production/c-bowler.X.a(HAL_P32.o)
 .sbss.init     0xa0000284        0x4 ../../../../../c-bowler/firmware/library/NR-Clib/development/c-bowler.X/dist/default/production/c-bowler.X.a(HAL_P32.o)
 .sbss.disableSerial
                0xa0000288        0x4 ../../../../../c-bowler/firmware/library/NR-Clib/development/c-bowler.X/dist/default/production/c-bowler.X.a(HAL_P32.o)
 .sbss._excep_code
                0xa000028c        0x4 ../../../../../c-bowler/firmware/library/NR-Clib/development/c-bowler.X/dist/default/production/c-bowler.X.a(HAL_P32.o)
 .sbss._excep_addr.12850
                0xa0000290        0x4 ../../../../../c-bowler/firmware/library/NR-Clib/development/c-bowler.X/dist/default/production/c-bowler.X.a(HAL_P32.o)
 .sbss.streamSize
                0xa0000294        0x4 ../../../../../c-bowler/firmware/library/NR-Clib/development/c-bowler.X/dist/default/production/c-bowler.X.a(FlashStorage.o)
                0xa0000294                streamSize
 .sbss.my_store
                0xa0000298        0x4 ../../../../../c-bowler/firmware/library/NR-Clib/development/c-bowler.X/dist/default/production/c-bowler.X.a(Bowler_UART_HAL.o)
 .sbss.gotData  0xa000029c        0x2 ../../../../../c-bowler/firmware/library/NR-Clib/development/c-bowler.X/dist/default/production/c-bowler.X.a(Bowler_UART_HAL.o)
 *fill*         0xa000029e        0x2 00
 .sbss.dwInternalTicks
                0xa00002a0        0x4 ../../../../../c-bowler/firmware/library/NR-Clib/development/c-bowler.X/dist/default/production/c-bowler.X.a(Tick.o)
 .sbss.dwInternalTicksUpper
                0xa00002a4        0x4 ../../../../../c-bowler/firmware/library/NR-Clib/development/c-bowler.X/dist/default/production/c-bowler.X.a(Tick.o)
 .sbss.useUart2
                0xa00002a8        0x4 ../../../../../c-bowler/firmware/library/NR-Clib/development/c-bowler.X/dist/default/production/c-bowler.X.a(UART.o)
                0xa00002a8                useUart2
 .sbss.useUart1
                0xa00002ac        0x4 ../../../../../c-bowler/firmware/library/NR-Clib/development/c-bowler.X/dist/default/production/c-bowler.X.a(UART.o)
                0xa00002ac                useUart1
 .sbss.namespcaedAdded
                0xa00002b0        0x4 ../../../../../c-bowler/firmware/library/NR-Clib/development/c-bowler.X/dist/default/production/c-bowler.X.a(Namespace_bcs_rpc.o)
 .sbss.delay_count.12856
                0xa00002b4        0x2 ../../../../../c-bowler/firmware/library/NR-Clib/development/c-bowler.X/dist/default/production/c-bowler.X.a(usb_callback.o)
 *(.scommon)
 *fill*         0xa00002b6        0x2 00
 .scommon       0xa00002b8       0x14 build/default/production/_ext/805493626/Abstract_bcs_io.o
                0xa00002b8                getAllChanelValueHWPtr
                0xa00002bc                getChanelValueHWPtr
                0xa00002c0                setAllChanelValueHWPtr
                0xa00002c4                setChanelValueHWPtr
                0xa00002c8                configChannelHWPtr
 .scommon       0xa00002cc        0x8 build/default/production/_ext/990863823/ADC.o
                0xa00002cc                lockOutTimeout
 .scommon       0xa00002d4       0x1c ../../../../../c-bowler/firmware/library/NR-Clib/development/c-bowler.X/dist/default/production/c-bowler.X.a(AbstractPID.o)
                0xa00002d4                resetPosition
                0xa00002d8                MathCalculationVelocity
                0xa00002dc                setOutputLocal
                0xa00002e0                MathCalculationPosition
                0xa00002e4                onPidConfigureLocal
                0xa00002e8                getPosition
                0xa00002ec                checkPIDLimitEvents
 .scommon       0xa00002f0       0x41 ../../../../../c-bowler/firmware/library/NR-Clib/development/c-bowler.X/dist/default/production/c-bowler.X.a(usb_device.o)
                0xa00002f0                pDst
                0xa00002f4                USBDeviceState
                0xa00002f8                controlTransferState
                0xa00002fc                USBInMaxPacketSize
                0xa0000304                inPipes
                0xa000030c                BothEP0OutUOWNsSet
                0xa0000310                pBDTEntryEP0OutNext
                0xa0000314                SetupPkt
                0xa000031c                shortPacketStatus
                0xa0000320                pBDTEntryEP0OutCurrent
                0xa0000324                USBActiveConfiguration
                0xa0000328                RemoteWakeup
                0xa000032c                USTATcopy
                0xa0000330                USBAlternateInterface
 *fill*         0xa0000331        0x3 00
 .scommon       0xa0000334        0x4 ../../../../../c-bowler/firmware/library/NR-Clib/development/c-bowler.X/dist/default/production/c-bowler.X.a(FlashStorage.o)
                0xa0000334                stream
 .scommon       0xa0000338       0x40 ../../../../../c-bowler/firmware/library/NR-Clib/development/c-bowler.X/dist/default/production/c-bowler.X.a(usb_function_cdc.o)
                0xa0000338                control_signal_bitmap
                0xa000033c                cdc_tx_len
                0xa0000340                pCDCSrc
                0xa0000344                CDCDataOutHandle
                0xa0000348                cdc_rx_len
                0xa000034c                line_coding
                0xa0000354                BaudRateGen
                0xa0000358                CDCDataInHandle
                0xa000035c                cdc_notice
                0xa0000364                cdc_trf_state
                0xa0000368                pCDCDst
                0xa000036c                cdc_mem_type
                0xa0000370                dummy_encapsulated_cmd_response
                0xa0000378                _sbss_end = .

.bss            0xa0000400      0x3f8
 *(.dynbss)
 *(COMMON)
 COMMON         0xa0000400      0x158 build/default/production/_ext/990863823/ADC.o
                0xa0000400                adc
 COMMON         0xa0000558       0x8c build/default/production/_ext/990863823/Counter.o
                0xa0000558                Counter
 COMMON         0xa00005e4       0x16 build/default/production/_ext/1020318379/Pin_State.o
                0xa00005e4                self
 *fill*         0xa00005fa        0x6 00
 COMMON         0xa0000600       0xf7 ../../../../../c-bowler/firmware/library/NR-Clib/development/c-bowler.X/dist/default/production/c-bowler.X.a(usb_device.o)
                0xa0000600                BDT
                0xa0000680                CtrlTrfData
                0xa00006c0                pBDTEntryIn
                0xa00006d0                pBDTEntryOut
                0xa00006e0                USBInData
                0xa00006ec                outPipes
 *fill*         0xa00006f7        0x1 00
 COMMON         0xa00006f8       0x80 ../../../../../c-bowler/firmware/library/NR-Clib/development/c-bowler.X/dist/default/production/c-bowler.X.a(FlashStorage.o)
                0xa00006f8                flash
 COMMON         0xa0000778       0x80 ../../../../../c-bowler/firmware/library/NR-Clib/development/c-bowler.X/dist/default/production/c-bowler.X.a(usb_function_cdc.o)
                0xa0000778                cdc_data_tx
                0xa00007b8                cdc_data_rx
                0xa00007f8                . = ALIGN (0x4)
                0xa00007f8                . = ALIGN (0x4)
                0xa00007f8                _end = .
                0xa00007f8                _bss_end = .
                0x00008000                _bmxdudba_address = 0x8000
                0x00008000                _bmxdupba_address = 0x8000

/DISCARD/
 *(.pdr)
 *(.reginfo)
 *(.rel.dyn)
 *(.note.GNU-stack)
 *(.note.GNU-stack)
 *(.gnu_debuglink)
 *(.gnu.lto_*)
 *(.discard)

.stab
 *(.stab)

.stabstr
 *(.stabstr)

.stab.excl
 *(.stab.excl)

.stab.exclstr
 *(.stab.exclstr)

.stab.index
 *(.stab.index)

.stab.indexstr
 *(.stab.indexstr)

.comment        0x00000000       0x84
 *(.comment)
 .comment       0x00000000       0x33 build/default/production/_ext/108654538/PinFunctions.o
                                 0x34 (size before relaxing)
 .comment       0x00000000       0x34 build/default/production/_ext/805493626/Debug_DyIO.o
 .comment       0x00000000       0x34 build/default/production/_ext/805493626/Namespace_bcs_io.o
 .comment       0x00000000       0x34 build/default/production/_ext/805493626/Abstract_bcs_io.o
 .comment       0x00000000       0x34 build/default/production/_ext/805493626/Bcs_IO_AdvancedAsync.o
 .comment       0x00000000       0x34 build/default/production/_ext/1051272628/Abstract_bcs_io_setmode.o
 .comment       0x00000000       0x34 build/default/production/_ext/1051272628/Namespace_bcs_io_setmode.o
 .comment       0x00000000       0x34 build/default/production/_ext/1825615050/CartesianController.o
 .comment       0x00000000       0x34 build/default/production/_ext/1825615050/PID.o
 .comment       0x00000000       0x34 build/default/production/_ext/1978776677/UpstreamPackets.o
 .comment       0x00000000       0x34 build/default/production/_ext/1978776677/InitializationCallbacks.o
 .comment       0x00000000       0x34 build/default/production/_ext/1978776677/DownStreamPackets.o
 .comment       0x00000000       0x34 build/default/production/_ext/1978776677/AsyncManager.o
 .comment       0x00000000       0x34 build/default/production/_ext/2110062566/UartDMARx.o
 .comment       0x00000000       0x34 build/default/production/_ext/990863823/AVRInterface.o
 .comment       0x00000000       0x34 build/default/production/_ext/990863823/Switches.o
 .comment       0x00000000       0x34 build/default/production/_ext/990863823/DyIODataTableManager.o
 .comment       0x00000000       0x34 build/default/production/_ext/990863823/CoProcCom.o
 .comment       0x00000000       0x34 build/default/production/_ext/990863823/ADC.o
 .comment       0x00000000       0x34 build/default/production/_ext/990863823/Counter.o
 .comment       0x00000000       0x34 build/default/production/_ext/990863823/EEPROMMannager.o
 .comment       0x00000000       0x34 build/default/production/_ext/990863823/SerialPassThrough.o
 .comment       0x00000000       0x34 build/default/production/_ext/990863823/SPI.o
 .comment       0x00000000       0x34 build/default/production/_ext/990863823/PPMReader.o
 .comment       0x00000000       0x34 build/default/production/_ext/1020318379/Pin_State.o
 .comment       0x00000000       0x34 build/default/production/_ext/1020318379/ChannelConfig.o
 .comment       0x00000000       0x34 build/default/production/_ext/1020318379/ChannelValues.o
 .comment       0x00000000       0x34 build/default/production/_ext/1020318379/ChannelMode.o
 .comment       0x00000000       0x34 build/default/production/_ext/1281821416/Abstract_bsc_safe.o
 .comment       0x00000000       0x34 build/default/production/_ext/1281821416/Namespace_bcs_safe.o
 .comment       0x00000000       0x34 build/default/production/_ext/321196743/Namespace_neuronrobotics_dyio.o
 .comment       0x00000000       0x34 build/default/production/_ext/321196743/Namespace_bcs_pid_dypid.o
 .comment       0x00000000       0x34 build/default/production/_ext/1360937237/Main.o
 .comment       0x00000000       0x34 build/default/production/_ext/1360937237/DyIOMain.o
 .comment       0x00000000       0x34 ../../../../../c-bowler/firmware/library/NR-Clib/development/c-bowler.X/dist/default/production/c-bowler.X.a(BowlerPacketParser.o)
 .comment       0x00000000       0x34 ../../../../../c-bowler/firmware/library/NR-Clib/development/c-bowler.X/dist/default/production/c-bowler.X.a(Namespace_bcs_core.o)
 .comment       0x00000000       0x34 ../../../../../c-bowler/firmware/library/NR-Clib/development/c-bowler.X/dist/default/production/c-bowler.X.a(Bowler_Server.o)
 .comment       0x00000000       0x34 ../../../../../c-bowler/firmware/library/NR-Clib/development/c-bowler.X/dist/default/production/c-bowler.X.a(Debug.o)
 .comment       0x00000000       0x34 ../../../../../c-bowler/firmware/library/NR-Clib/development/c-bowler.X/dist/default/production/c-bowler.X.a(FIFO.o)
 .comment       0x00000000       0x34 ../../../../../c-bowler/firmware/library/NR-Clib/development/c-bowler.X/dist/default/production/c-bowler.X.a(Bowler_Helper.o)
 .comment       0x00000000       0x34 ../../../../../c-bowler/firmware/library/NR-Clib/development/c-bowler.X/dist/default/production/c-bowler.X.a(Scheduler.o)
 .comment       0x00000000       0x34 ../../../../../c-bowler/firmware/library/NR-Clib/development/c-bowler.X/dist/default/production/c-bowler.X.a(Namespace_bcs_pid.o)
 .comment       0x00000000       0x34 ../../../../../c-bowler/firmware/library/NR-Clib/development/c-bowler.X/dist/default/production/c-bowler.X.a(AbstractPID.o)
 .comment       0x00000000       0x34 ../../../../../c-bowler/firmware/library/NR-Clib/development/c-bowler.X/dist/default/production/c-bowler.X.a(usb_fifo.o)
 .comment       0x00000000       0x34 ../../../../../c-bowler/firmware/library/NR-Clib/development/c-bowler.X/dist/default/production/c-bowler.X.a(usb_device.o)
 .comment       0x00000000       0x34 ../../../../../c-bowler/firmware/library/NR-Clib/development/c-bowler.X/dist/default/production/c-bowler.X.a(LED.o)
 .comment       0x00000000       0x34 ../../../../../c-bowler/firmware/library/NR-Clib/development/c-bowler.X/dist/default/production/c-bowler.X.a(ADC.o)
 .comment       0x00000000       0x34 ../../../../../c-bowler/firmware/library/NR-Clib/development/c-bowler.X/dist/default/production/c-bowler.X.a(HAL_P32.o)
 .comment       0x00000000       0x34 ../../../../../c-bowler/firmware/library/NR-Clib/development/c-bowler.X/dist/default/production/c-bowler.X.a(Delay.o)
 .comment       0x00000000       0x34 ../../../../../c-bowler/firmware/library/NR-Clib/development/c-bowler.X/dist/default/production/c-bowler.X.a(Bowler_USB_HAL.o)
 .comment       0x00000000       0x34 ../../../../../c-bowler/firmware/library/NR-Clib/development/c-bowler.X/dist/default/production/c-bowler.X.a(FlashStorage.o)
 .comment       0x00000000       0x34 ../../../../../c-bowler/firmware/library/NR-Clib/development/c-bowler.X/dist/default/production/c-bowler.X.a(Bowler_UART_HAL.o)
 .comment       0x00000000       0x34 ../../../../../c-bowler/firmware/library/NR-Clib/development/c-bowler.X/dist/default/production/c-bowler.X.a(Tick.o)
 .comment       0x00000000       0x34 ../../../../../c-bowler/firmware/library/NR-Clib/development/c-bowler.X/dist/default/production/c-bowler.X.a(UART.o)
 .comment       0x00000000       0x34 ../../../../../c-bowler/firmware/library/NR-Clib/development/c-bowler.X/dist/default/production/c-bowler.X.a(Namespace_bcs_rpc.o)
 .comment       0x00000000       0x34 ../../../../../c-bowler/firmware/library/NR-Clib/development/c-bowler.X/dist/default/production/c-bowler.X.a(PidRpc.o)
 .comment       0x00000000       0x34 ../../../../../c-bowler/firmware/library/NR-Clib/development/c-bowler.X/dist/default/production/c-bowler.X.a(PidHysteresis.o)
 .comment       0x00000000       0x34 ../../../../../c-bowler/firmware/library/NR-Clib/development/c-bowler.X/dist/default/production/c-bowler.X.a(PidAsync.o)
 .comment       0x00000000       0x34 ../../../../../c-bowler/firmware/library/NR-Clib/development/c-bowler.X/dist/default/production/c-bowler.X.a(usb_callback.o)
 .comment       0x00000000       0x34 ../../../../../c-bowler/firmware/library/NR-Clib/development/c-bowler.X/dist/default/production/c-bowler.X.a(usb_function_cdc.o)
 .comment       0x00000000       0x34 ../../../../../c-bowler/firmware/library/NR-Clib/development/c-bowler.X/dist/default/production/c-bowler.X.a(usb_descriptors.o)
 .comment       0x00000000       0x34 ../../../../../c-bowler/firmware/library/NR-Clib/development/c-bowler.X/dist/default/production/c-bowler.X.a(PidVelocity.o)
 .comment       0x00000000       0x34 /home/opt/microchip/xc32/v1.00/bin/../lib/gcc/pic32mx/4.5.1/libgcc.a(floatunsisf.o)
 .comment       0x00000000       0x34 /home/opt/microchip/xc32/v1.00/bin/../lib/gcc/pic32mx/4.5.1/../../../../pic32mx/lib/libc.a(default-bootstrap-exception-handler.o)
 .comment       0x00000000       0x34 /home/opt/microchip/xc32/v1.00/bin/../lib/gcc/pic32mx/4.5.1/../../../../pic32mx/lib/libc.a(default-on-reset.o)
 .comment       0x00000000       0x34 /home/opt/microchip/xc32/v1.00/bin/../lib/gcc/pic32mx/4.5.1/../../../../pic32mx/lib/libc.a(default-on-bootstrap.o)
 .comment       0x00000033       0x51 /home/opt/microchip/xc32/v1.00/bin/../lib/gcc/pic32mx/4.5.1/../../../../pic32mx/lib/libmchp_peripheral_32MX440F128H.a(soft_reset_lib.o)
                                 0x52 (size before relaxing)
 .comment       0x00000000       0x52 /home/opt/microchip/xc32/v1.00/bin/../lib/gcc/pic32mx/4.5.1/../../../../pic32mx/lib/libmchp_peripheral_32MX440F128H.a(int_enable_interrupts_lib.o)
 .comment       0x00000000       0x52 /home/opt/microchip/xc32/v1.00/bin/../lib/gcc/pic32mx/4.5.1/../../../../pic32mx/lib/libmchp_peripheral_32MX440F128H.a(int_disable_interrupts_lib.o)
 .comment       0x00000000       0x52 /home/opt/microchip/xc32/v1.00/bin/../lib/gcc/pic32mx/4.5.1/../../../../pic32mx/lib/libmchp_peripheral_32MX440F128H.a(int_enable_mv_int_lib.o)
 .comment       0x00000000       0x52 /home/opt/microchip/xc32/v1.00/bin/../lib/gcc/pic32mx/4.5.1/../../../../pic32mx/lib/libmchp_peripheral_32MX440F128H.a(int_tbl_lib.o)
 .comment       0x00000000       0x52 /home/opt/microchip/xc32/v1.00/bin/../lib/gcc/pic32mx/4.5.1/../../../../pic32mx/lib/libmchp_peripheral_32MX440F128H.a(spi_getc_spi2_lib_legacy.o)
 .comment       0x00000000       0x52 /home/opt/microchip/xc32/v1.00/bin/../lib/gcc/pic32mx/4.5.1/../../../../pic32mx/lib/libmchp_peripheral_32MX440F128H.a(spi_open_spi2_lib_legacy.o)
 .comment       0x00000000       0x52 /home/opt/microchip/xc32/v1.00/bin/../lib/gcc/pic32mx/4.5.1/../../../../pic32mx/lib/libmchp_peripheral_32MX440F128H.a(spi_brg_tbl_lib_legacy.o)
 .comment       0x00000000       0x52 /home/opt/microchip/xc32/v1.00/bin/../lib/gcc/pic32mx/4.5.1/../../../../pic32mx/lib/libmchp_peripheral_32MX440F128H.a(nvm_erase_page_lib.o)
 .comment       0x00000000       0x52 /home/opt/microchip/xc32/v1.00/bin/../lib/gcc/pic32mx/4.5.1/../../../../pic32mx/lib/libmchp_peripheral_32MX440F128H.a(nvm_operation_lib.o)
 .comment       0x00000000       0x52 /home/opt/microchip/xc32/v1.00/bin/../lib/gcc/pic32mx/4.5.1/../../../../pic32mx/lib/libmchp_peripheral_32MX440F128H.a(nvm_write_word_lib.o)
 .comment       0x00000000       0x52 /home/opt/microchip/xc32/v1.00/bin/../lib/gcc/pic32mx/4.5.1/../../../../pic32mx/lib/libmchp_peripheral_32MX440F128H.a(port_set_pins_digital_out_lib.o)
 .comment       0x00000000       0x52 /home/opt/microchip/xc32/v1.00/bin/../lib/gcc/pic32mx/4.5.1/../../../../pic32mx/lib/libmchp_peripheral_32MX440F128H.a(port_clear_bits_lib.o)
 .comment       0x00000000       0x52 /home/opt/microchip/xc32/v1.00/bin/../lib/gcc/pic32mx/4.5.1/../../../../pic32mx/lib/libmchp_peripheral_32MX440F128H.a(port_set_bits_lib.o)
 .comment       0x00000000       0x52 /home/opt/microchip/xc32/v1.00/bin/../lib/gcc/pic32mx/4.5.1/../../../../pic32mx/lib/libmchp_peripheral_32MX440F128H.a(_ports_tbl_libp.o)
 .comment       0x00000000       0x52 /home/opt/microchip/xc32/v1.00/bin/../lib/gcc/pic32mx/4.5.1/../../../../pic32mx/lib/libmchp_peripheral_32MX440F128H.a(uart_lib.o)
 .comment       0x00000000       0x52 /home/opt/microchip/xc32/v1.00/bin/../lib/gcc/pic32mx/4.5.1/../../../../pic32mx/lib/libmchp_peripheral_32MX440F128H.a(int_restore_interrupts_lib.o)

.debug
 *(.debug)

.line
 *(.line)

.debug_srcinfo
 *(.debug_srcinfo)

.debug_sfnames
 *(.debug_sfnames)

.debug_aranges  0x00000000     0x1790
 *(.debug_aranges)
 .debug_aranges
                0x00000000       0x20 build/default/production/_ext/108654538/PinFunctions.o
 .debug_aranges
                0x00000020       0x28 build/default/production/_ext/805493626/Debug_DyIO.o
 .debug_aranges
                0x00000048       0x28 build/default/production/_ext/805493626/Namespace_bcs_io.o
 .debug_aranges
                0x00000070       0xc0 build/default/production/_ext/805493626/Abstract_bcs_io.o
 .debug_aranges
                0x00000130       0x98 build/default/production/_ext/805493626/Bcs_IO_AdvancedAsync.o
 .debug_aranges
                0x000001c8       0x40 build/default/production/_ext/1051272628/Abstract_bcs_io_setmode.o
 .debug_aranges
                0x00000208       0x28 build/default/production/_ext/1051272628/Namespace_bcs_io_setmode.o
 .debug_aranges
                0x00000230       0x40 build/default/production/_ext/1825615050/CartesianController.o
 .debug_aranges
                0x00000270       0x80 build/default/production/_ext/1825615050/PID.o
 .debug_aranges
                0x000002f0       0x58 build/default/production/_ext/1978776677/UpstreamPackets.o
 .debug_aranges
                0x00000348       0x28 build/default/production/_ext/1978776677/InitializationCallbacks.o
 .debug_aranges
                0x00000370       0xc0 build/default/production/_ext/1978776677/DownStreamPackets.o
 .debug_aranges
                0x00000430       0x30 build/default/production/_ext/1978776677/AsyncManager.o
 .debug_aranges
                0x00000460       0x60 build/default/production/_ext/990863823/AVRInterface.o
 .debug_aranges
                0x000004c0       0x28 build/default/production/_ext/990863823/Switches.o
 .debug_aranges
                0x000004e8       0x40 build/default/production/_ext/990863823/DyIODataTableManager.o
 .debug_aranges
                0x00000528       0x90 build/default/production/_ext/990863823/CoProcCom.o
 .debug_aranges
                0x000005b8       0x78 build/default/production/_ext/990863823/ADC.o
 .debug_aranges
                0x00000630       0xd0 build/default/production/_ext/990863823/Counter.o
 .debug_aranges
                0x00000700       0x50 build/default/production/_ext/990863823/EEPROMMannager.o
 .debug_aranges
                0x00000750       0x20 build/default/production/_ext/990863823/SerialPassThrough.o
 .debug_aranges
                0x00000770       0x48 build/default/production/_ext/990863823/SPI.o
 .debug_aranges
                0x000007b8       0x58 build/default/production/_ext/990863823/PPMReader.o
 .debug_aranges
                0x00000810       0x20 build/default/production/_ext/1020318379/Pin_State.o
 .debug_aranges
                0x00000830       0x20 build/default/production/_ext/1020318379/ChannelConfig.o
 .debug_aranges
                0x00000850       0x48 build/default/production/_ext/1020318379/ChannelValues.o
 .debug_aranges
                0x00000898       0x38 build/default/production/_ext/1020318379/ChannelMode.o
 .debug_aranges
                0x000008d0       0x38 build/default/production/_ext/1281821416/Namespace_bcs_safe.o
 .debug_aranges
                0x00000908       0x60 build/default/production/_ext/321196743/Namespace_neuronrobotics_dyio.o
 .debug_aranges
                0x00000968       0x38 build/default/production/_ext/321196743/Namespace_bcs_pid_dypid.o
 .debug_aranges
                0x000009a0       0x20 build/default/production/_ext/1360937237/Main.o
 .debug_aranges
                0x000009c0       0x30 build/default/production/_ext/1360937237/DyIOMain.o
 .debug_aranges
                0x000009f0       0x58 ../../../../../c-bowler/firmware/library/NR-Clib/development/c-bowler.X/dist/default/production/c-bowler.X.a(BowlerPacketParser.o)
 .debug_aranges
                0x00000a48       0x70 ../../../../../c-bowler/firmware/library/NR-Clib/development/c-bowler.X/dist/default/production/c-bowler.X.a(Namespace_bcs_core.o)
 .debug_aranges
                0x00000ab8       0x48 ../../../../../c-bowler/firmware/library/NR-Clib/development/c-bowler.X/dist/default/production/c-bowler.X.a(Bowler_Server.o)
 .debug_aranges
                0x00000b00       0xb0 ../../../../../c-bowler/firmware/library/NR-Clib/development/c-bowler.X/dist/default/production/c-bowler.X.a(Debug.o)
 .debug_aranges
                0x00000bb0       0xa0 ../../../../../c-bowler/firmware/library/NR-Clib/development/c-bowler.X/dist/default/production/c-bowler.X.a(FIFO.o)
 .debug_aranges
                0x00000c50       0xb8 ../../../../../c-bowler/firmware/library/NR-Clib/development/c-bowler.X/dist/default/production/c-bowler.X.a(Bowler_Helper.o)
 .debug_aranges
                0x00000d08       0x20 ../../../../../c-bowler/firmware/library/NR-Clib/development/c-bowler.X/dist/default/production/c-bowler.X.a(Scheduler.o)
 .debug_aranges
                0x00000d28       0x28 ../../../../../c-bowler/firmware/library/NR-Clib/development/c-bowler.X/dist/default/production/c-bowler.X.a(Namespace_bcs_pid.o)
 .debug_aranges
                0x00000d50       0xf0 ../../../../../c-bowler/firmware/library/NR-Clib/development/c-bowler.X/dist/default/production/c-bowler.X.a(AbstractPID.o)
 .debug_aranges
                0x00000e40       0x80 ../../../../../c-bowler/firmware/library/NR-Clib/development/c-bowler.X/dist/default/production/c-bowler.X.a(usb_fifo.o)
 .debug_aranges
                0x00000ec0       0xe8 ../../../../../c-bowler/firmware/library/NR-Clib/development/c-bowler.X/dist/default/production/c-bowler.X.a(usb_device.o)
 .debug_aranges
                0x00000fa8       0x40 ../../../../../c-bowler/firmware/library/NR-Clib/development/c-bowler.X/dist/default/production/c-bowler.X.a(LED.o)
 .debug_aranges
                0x00000fe8       0x30 ../../../../../c-bowler/firmware/library/NR-Clib/development/c-bowler.X/dist/default/production/c-bowler.X.a(ADC.o)
 .debug_aranges
                0x00001018       0x78 ../../../../../c-bowler/firmware/library/NR-Clib/development/c-bowler.X/dist/default/production/c-bowler.X.a(HAL_P32.o)
 .debug_aranges
                0x00001090       0x40 ../../../../../c-bowler/firmware/library/NR-Clib/development/c-bowler.X/dist/default/production/c-bowler.X.a(Delay.o)
 .debug_aranges
                0x000010d0       0x30 ../../../../../c-bowler/firmware/library/NR-Clib/development/c-bowler.X/dist/default/production/c-bowler.X.a(Bowler_USB_HAL.o)
 .debug_aranges
                0x00001100       0x78 ../../../../../c-bowler/firmware/library/NR-Clib/development/c-bowler.X/dist/default/production/c-bowler.X.a(FlashStorage.o)
 .debug_aranges
                0x00001178       0x70 ../../../../../c-bowler/firmware/library/NR-Clib/development/c-bowler.X/dist/default/production/c-bowler.X.a(Bowler_UART_HAL.o)
 .debug_aranges
                0x000011e8       0x50 ../../../../../c-bowler/firmware/library/NR-Clib/development/c-bowler.X/dist/default/production/c-bowler.X.a(Tick.o)
 .debug_aranges
                0x00001238       0x28 ../../../../../c-bowler/firmware/library/NR-Clib/development/c-bowler.X/dist/default/production/c-bowler.X.a(UART.o)
 .debug_aranges
                0x00001260       0x30 ../../../../../c-bowler/firmware/library/NR-Clib/development/c-bowler.X/dist/default/production/c-bowler.X.a(Namespace_bcs_rpc.o)
 .debug_aranges
                0x00001290       0x58 ../../../../../c-bowler/firmware/library/NR-Clib/development/c-bowler.X/dist/default/production/c-bowler.X.a(PidRpc.o)
 .debug_aranges
                0x000012e8       0x78 ../../../../../c-bowler/firmware/library/NR-Clib/development/c-bowler.X/dist/default/production/c-bowler.X.a(PidHysteresis.o)
 .debug_aranges
                0x00001360       0x38 ../../../../../c-bowler/firmware/library/NR-Clib/development/c-bowler.X/dist/default/production/c-bowler.X.a(PidAsync.o)
 .debug_aranges
                0x00001398       0x68 ../../../../../c-bowler/firmware/library/NR-Clib/development/c-bowler.X/dist/default/production/c-bowler.X.a(usb_callback.o)
 .debug_aranges
                0x00001400       0x58 ../../../../../c-bowler/firmware/library/NR-Clib/development/c-bowler.X/dist/default/production/c-bowler.X.a(usb_function_cdc.o)
 .debug_aranges
                0x00001458       0x30 ../../../../../c-bowler/firmware/library/NR-Clib/development/c-bowler.X/dist/default/production/c-bowler.X.a(usb_descriptors.o)
 .debug_aranges
                0x00001488       0x30 ../../../../../c-bowler/firmware/library/NR-Clib/development/c-bowler.X/dist/default/production/c-bowler.X.a(PidVelocity.o)
 .debug_aranges
                0x000014b8       0x20 /home/opt/microchip/xc32/v1.00/bin/../lib/gcc/pic32mx/4.5.1/libgcc.a(floatunsisf.o)
 .debug_aranges
                0x000014d8       0x20 /home/opt/microchip/xc32/v1.00/bin/../lib/gcc/pic32mx/4.5.1/../../../../pic32mx/lib/libc.a(default-bootstrap-exception-handler.o)
 .debug_aranges
                0x000014f8       0x20 /home/opt/microchip/xc32/v1.00/bin/../lib/gcc/pic32mx/4.5.1/../../../../pic32mx/lib/libc.a(default-on-reset.o)
 .debug_aranges
                0x00001518       0x20 /home/opt/microchip/xc32/v1.00/bin/../lib/gcc/pic32mx/4.5.1/../../../../pic32mx/lib/libc.a(default-on-bootstrap.o)
 .debug_aranges
                0x00001538       0x20 /home/opt/microchip/xc32/v1.00/bin/../lib/gcc/pic32mx/4.5.1/../../../../pic32mx/lib/libmchp_peripheral_32MX440F128H.a(soft_reset_lib.o)
 .debug_aranges
                0x00001558       0x20 /home/opt/microchip/xc32/v1.00/bin/../lib/gcc/pic32mx/4.5.1/../../../../pic32mx/lib/libmchp_peripheral_32MX440F128H.a(int_enable_interrupts_lib.o)
 .debug_aranges
                0x00001578       0x20 /home/opt/microchip/xc32/v1.00/bin/../lib/gcc/pic32mx/4.5.1/../../../../pic32mx/lib/libmchp_peripheral_32MX440F128H.a(int_disable_interrupts_lib.o)
 .debug_aranges
                0x00001598       0x20 /home/opt/microchip/xc32/v1.00/bin/../lib/gcc/pic32mx/4.5.1/../../../../pic32mx/lib/libmchp_peripheral_32MX440F128H.a(int_enable_mv_int_lib.o)
 .debug_aranges
                0x000015b8       0x60 /home/opt/microchip/xc32/v1.00/bin/../lib/gcc/pic32mx/4.5.1/../../../../pic32mx/lib/libmchp_peripheral_32MX440F128H.a(int_tbl_lib.o)
 .debug_aranges
                0x00001618       0x20 /home/opt/microchip/xc32/v1.00/bin/../lib/gcc/pic32mx/4.5.1/../../../../pic32mx/lib/libmchp_peripheral_32MX440F128H.a(spi_getc_spi2_lib_legacy.o)
 .debug_aranges
                0x00001638       0x20 /home/opt/microchip/xc32/v1.00/bin/../lib/gcc/pic32mx/4.5.1/../../../../pic32mx/lib/libmchp_peripheral_32MX440F128H.a(spi_open_spi2_lib_legacy.o)
 .debug_aranges
                0x00001658       0x20 /home/opt/microchip/xc32/v1.00/bin/../lib/gcc/pic32mx/4.5.1/../../../../pic32mx/lib/libmchp_peripheral_32MX440F128H.a(nvm_erase_page_lib.o)
 .debug_aranges
                0x00001678       0x20 /home/opt/microchip/xc32/v1.00/bin/../lib/gcc/pic32mx/4.5.1/../../../../pic32mx/lib/libmchp_peripheral_32MX440F128H.a(nvm_operation_lib.o)
 .debug_aranges
                0x00001698       0x20 /home/opt/microchip/xc32/v1.00/bin/../lib/gcc/pic32mx/4.5.1/../../../../pic32mx/lib/libmchp_peripheral_32MX440F128H.a(nvm_write_word_lib.o)
 .debug_aranges
                0x000016b8       0x20 /home/opt/microchip/xc32/v1.00/bin/../lib/gcc/pic32mx/4.5.1/../../../../pic32mx/lib/libmchp_peripheral_32MX440F128H.a(port_set_pins_digital_out_lib.o)
 .debug_aranges
                0x000016d8       0x20 /home/opt/microchip/xc32/v1.00/bin/../lib/gcc/pic32mx/4.5.1/../../../../pic32mx/lib/libmchp_peripheral_32MX440F128H.a(port_clear_bits_lib.o)
 .debug_aranges
                0x000016f8       0x20 /home/opt/microchip/xc32/v1.00/bin/../lib/gcc/pic32mx/4.5.1/../../../../pic32mx/lib/libmchp_peripheral_32MX440F128H.a(port_set_bits_lib.o)
 .debug_aranges
                0x00001718       0x58 /home/opt/microchip/xc32/v1.00/bin/../lib/gcc/pic32mx/4.5.1/../../../../pic32mx/lib/libmchp_peripheral_32MX440F128H.a(uart_lib.o)
 .debug_aranges
                0x00001770       0x20 /home/opt/microchip/xc32/v1.00/bin/../lib/gcc/pic32mx/4.5.1/../../../../pic32mx/lib/libmchp_peripheral_32MX440F128H.a(int_restore_interrupts_lib.o)

.debug_pubnames
                0x00000000     0x3480
 *(.debug_pubnames)
 .debug_pubnames
                0x00000000       0x26 build/default/production/_ext/108654538/PinFunctions.o
 .debug_pubnames
                0x00000026       0x44 build/default/production/_ext/805493626/Debug_DyIO.o
 .debug_pubnames
                0x0000006a       0x52 build/default/production/_ext/805493626/Namespace_bcs_io.o
 .debug_pubnames
                0x000000bc      0x28c build/default/production/_ext/805493626/Abstract_bcs_io.o
 .debug_pubnames
                0x00000348      0x191 build/default/production/_ext/805493626/Bcs_IO_AdvancedAsync.o
 .debug_pubnames
                0x000004d9       0xa6 build/default/production/_ext/1051272628/Abstract_bcs_io_setmode.o
 .debug_pubnames
                0x0000057f       0x65 build/default/production/_ext/1051272628/Namespace_bcs_io_setmode.o
 .debug_pubnames
                0x000005e4       0xb3 build/default/production/_ext/1825615050/CartesianController.o
 .debug_pubnames
                0x00000697       0xff build/default/production/_ext/1825615050/PID.o
 .debug_pubnames
                0x00000796       0x9c build/default/production/_ext/1978776677/UpstreamPackets.o
 .debug_pubnames
                0x00000832       0x54 build/default/production/_ext/1978776677/InitializationCallbacks.o
 .debug_pubnames
                0x00000886      0x1c3 build/default/production/_ext/1978776677/DownStreamPackets.o
 .debug_pubnames
                0x00000a49       0x4c build/default/production/_ext/1978776677/AsyncManager.o
 .debug_pubnames
                0x00000a95       0xd0 build/default/production/_ext/990863823/AVRInterface.o
 .debug_pubnames
                0x00000b65       0x34 build/default/production/_ext/990863823/Switches.o
 .debug_pubnames
                0x00000b99       0x9f build/default/production/_ext/990863823/DyIODataTableManager.o
 .debug_pubnames
                0x00000c38      0x12e build/default/production/_ext/990863823/CoProcCom.o
 .debug_pubnames
                0x00000d66      0x123 build/default/production/_ext/990863823/ADC.o
 .debug_pubnames
                0x00000e89      0x1f9 build/default/production/_ext/990863823/Counter.o
 .debug_pubnames
                0x00001082       0xa5 build/default/production/_ext/990863823/EEPROMMannager.o
 .debug_pubnames
                0x00001127       0x2e build/default/production/_ext/990863823/SerialPassThrough.o
 .debug_pubnames
                0x00001155       0x74 build/default/production/_ext/990863823/SPI.o
 .debug_pubnames
                0x000011c9       0x9e build/default/production/_ext/990863823/PPMReader.o
 .debug_pubnames
                0x00001267       0x28 build/default/production/_ext/1020318379/Pin_State.o
 .debug_pubnames
                0x0000128f       0x24 build/default/production/_ext/1020318379/ChannelConfig.o
 .debug_pubnames
                0x000012b3       0x92 build/default/production/_ext/1020318379/ChannelValues.o
 .debug_pubnames
                0x00001345       0x6f build/default/production/_ext/1020318379/ChannelMode.o
 .debug_pubnames
                0x000013b4       0x86 build/default/production/_ext/1281821416/Namespace_bcs_safe.o
 .debug_pubnames
                0x0000143a      0x142 build/default/production/_ext/321196743/Namespace_neuronrobotics_dyio.o
 .debug_pubnames
                0x0000157c       0xa7 build/default/production/_ext/321196743/Namespace_bcs_pid_dypid.o
 .debug_pubnames
                0x00001623       0x1b build/default/production/_ext/1360937237/Main.o
 .debug_pubnames
                0x0000163e       0x3f build/default/production/_ext/1360937237/DyIOMain.o
 .debug_pubnames
                0x0000167d       0x9f ../../../../../c-bowler/firmware/library/NR-Clib/development/c-bowler.X/dist/default/production/c-bowler.X.a(BowlerPacketParser.o)
 .debug_pubnames
                0x0000171c       0xf3 ../../../../../c-bowler/firmware/library/NR-Clib/development/c-bowler.X/dist/default/production/c-bowler.X.a(Namespace_bcs_core.o)
 .debug_pubnames
                0x0000180f       0x9f ../../../../../c-bowler/firmware/library/NR-Clib/development/c-bowler.X/dist/default/production/c-bowler.X.a(Bowler_Server.o)
 .debug_pubnames
                0x000018ae      0x1be ../../../../../c-bowler/firmware/library/NR-Clib/development/c-bowler.X/dist/default/production/c-bowler.X.a(Debug.o)
 .debug_pubnames
                0x00001a6c      0x154 ../../../../../c-bowler/firmware/library/NR-Clib/development/c-bowler.X/dist/default/production/c-bowler.X.a(FIFO.o)
 .debug_pubnames
                0x00001bc0      0x136 ../../../../../c-bowler/firmware/library/NR-Clib/development/c-bowler.X/dist/default/production/c-bowler.X.a(Bowler_Helper.o)
 .debug_pubnames
                0x00001cf6       0x1f ../../../../../c-bowler/firmware/library/NR-Clib/development/c-bowler.X/dist/default/production/c-bowler.X.a(Scheduler.o)
 .debug_pubnames
                0x00001d15       0x48 ../../../../../c-bowler/firmware/library/NR-Clib/development/c-bowler.X/dist/default/production/c-bowler.X.a(Namespace_bcs_pid.o)
 .debug_pubnames
                0x00001d5d      0x2df ../../../../../c-bowler/firmware/library/NR-Clib/development/c-bowler.X/dist/default/production/c-bowler.X.a(AbstractPID.o)
 .debug_pubnames
                0x0000203c       0xfc ../../../../../c-bowler/firmware/library/NR-Clib/development/c-bowler.X/dist/default/production/c-bowler.X.a(usb_fifo.o)
 .debug_pubnames
                0x00002138      0x3d5 ../../../../../c-bowler/firmware/library/NR-Clib/development/c-bowler.X/dist/default/production/c-bowler.X.a(usb_device.o)
 .debug_pubnames
                0x0000250d       0x50 ../../../../../c-bowler/firmware/library/NR-Clib/development/c-bowler.X/dist/default/production/c-bowler.X.a(LED.o)
 .debug_pubnames
                0x0000255d       0x52 ../../../../../c-bowler/firmware/library/NR-Clib/development/c-bowler.X/dist/default/production/c-bowler.X.a(ADC.o)
 .debug_pubnames
                0x000025af      0x10c ../../../../../c-bowler/firmware/library/NR-Clib/development/c-bowler.X/dist/default/production/c-bowler.X.a(HAL_P32.o)
 .debug_pubnames
                0x000026bb       0x5d ../../../../../c-bowler/firmware/library/NR-Clib/development/c-bowler.X/dist/default/production/c-bowler.X.a(Delay.o)
 .debug_pubnames
                0x00002718       0x4c ../../../../../c-bowler/firmware/library/NR-Clib/development/c-bowler.X/dist/default/production/c-bowler.X.a(Bowler_USB_HAL.o)
 .debug_pubnames
                0x00002764      0x13a ../../../../../c-bowler/firmware/library/NR-Clib/development/c-bowler.X/dist/default/production/c-bowler.X.a(FlashStorage.o)
 .debug_pubnames
                0x0000289e       0xe8 ../../../../../c-bowler/firmware/library/NR-Clib/development/c-bowler.X/dist/default/production/c-bowler.X.a(Bowler_UART_HAL.o)
 .debug_pubnames
                0x00002986       0x8d ../../../../../c-bowler/firmware/library/NR-Clib/development/c-bowler.X/dist/default/production/c-bowler.X.a(Tick.o)
 .debug_pubnames
                0x00002a13       0x4e ../../../../../c-bowler/firmware/library/NR-Clib/development/c-bowler.X/dist/default/production/c-bowler.X.a(UART.o)
 .debug_pubnames
                0x00002a61       0x3f ../../../../../c-bowler/firmware/library/NR-Clib/development/c-bowler.X/dist/default/production/c-bowler.X.a(Namespace_bcs_rpc.o)
 .debug_pubnames
                0x00002aa0       0xb4 ../../../../../c-bowler/firmware/library/NR-Clib/development/c-bowler.X/dist/default/production/c-bowler.X.a(PidRpc.o)
 .debug_pubnames
                0x00002b54      0x11f ../../../../../c-bowler/firmware/library/NR-Clib/development/c-bowler.X/dist/default/production/c-bowler.X.a(PidHysteresis.o)
 .debug_pubnames
                0x00002c73       0x5f ../../../../../c-bowler/firmware/library/NR-Clib/development/c-bowler.X/dist/default/production/c-bowler.X.a(PidAsync.o)
 .debug_pubnames
                0x00002cd2       0xfc ../../../../../c-bowler/firmware/library/NR-Clib/development/c-bowler.X/dist/default/production/c-bowler.X.a(usb_callback.o)
 .debug_pubnames
                0x00002dce      0x1b1 ../../../../../c-bowler/firmware/library/NR-Clib/development/c-bowler.X/dist/default/production/c-bowler.X.a(usb_function_cdc.o)
 .debug_pubnames
                0x00002f7f       0xc2 ../../../../../c-bowler/firmware/library/NR-Clib/development/c-bowler.X/dist/default/production/c-bowler.X.a(usb_descriptors.o)
 .debug_pubnames
                0x00003041       0x39 ../../../../../c-bowler/firmware/library/NR-Clib/development/c-bowler.X/dist/default/production/c-bowler.X.a(PidVelocity.o)
 .debug_pubnames
                0x0000307a       0x24 /home/opt/microchip/xc32/v1.00/bin/../lib/gcc/pic32mx/4.5.1/libgcc.a(floatunsisf.o)
 .debug_pubnames
                0x0000309e       0x33 /home/opt/microchip/xc32/v1.00/bin/../lib/gcc/pic32mx/4.5.1/../../../../pic32mx/lib/libc.a(default-bootstrap-exception-handler.o)
 .debug_pubnames
                0x000030d1       0x20 /home/opt/microchip/xc32/v1.00/bin/../lib/gcc/pic32mx/4.5.1/../../../../pic32mx/lib/libc.a(default-on-reset.o)
 .debug_pubnames
                0x000030f1       0x24 /home/opt/microchip/xc32/v1.00/bin/../lib/gcc/pic32mx/4.5.1/../../../../pic32mx/lib/libc.a(default-on-bootstrap.o)
 .debug_pubnames
                0x00003115       0x20 /home/opt/microchip/xc32/v1.00/bin/../lib/gcc/pic32mx/4.5.1/../../../../pic32mx/lib/libmchp_peripheral_32MX440F128H.a(soft_reset_lib.o)
 .debug_pubnames
                0x00003135       0x2a /home/opt/microchip/xc32/v1.00/bin/../lib/gcc/pic32mx/4.5.1/../../../../pic32mx/lib/libmchp_peripheral_32MX440F128H.a(int_enable_interrupts_lib.o)
 .debug_pubnames
                0x0000315f       0x2b /home/opt/microchip/xc32/v1.00/bin/../lib/gcc/pic32mx/4.5.1/../../../../pic32mx/lib/libmchp_peripheral_32MX440F128H.a(int_disable_interrupts_lib.o)
 .debug_pubnames
                0x0000318a       0x36 /home/opt/microchip/xc32/v1.00/bin/../lib/gcc/pic32mx/4.5.1/../../../../pic32mx/lib/libmchp_peripheral_32MX440F128H.a(int_enable_mv_int_lib.o)
 .debug_pubnames
                0x000031c0       0xca /home/opt/microchip/xc32/v1.00/bin/../lib/gcc/pic32mx/4.5.1/../../../../pic32mx/lib/libmchp_peripheral_32MX440F128H.a(int_tbl_lib.o)
 .debug_pubnames
                0x0000328a       0x1f /home/opt/microchip/xc32/v1.00/bin/../lib/gcc/pic32mx/4.5.1/../../../../pic32mx/lib/libmchp_peripheral_32MX440F128H.a(spi_getc_spi2_lib_legacy.o)
 .debug_pubnames
                0x000032a9       0x1f /home/opt/microchip/xc32/v1.00/bin/../lib/gcc/pic32mx/4.5.1/../../../../pic32mx/lib/libmchp_peripheral_32MX440F128H.a(spi_open_spi2_lib_legacy.o)
 .debug_pubnames
                0x000032c8       0x23 /home/opt/microchip/xc32/v1.00/bin/../lib/gcc/pic32mx/4.5.1/../../../../pic32mx/lib/libmchp_peripheral_32MX440F128H.a(nvm_erase_page_lib.o)
 .debug_pubnames
                0x000032eb       0x24 /home/opt/microchip/xc32/v1.00/bin/../lib/gcc/pic32mx/4.5.1/../../../../pic32mx/lib/libmchp_peripheral_32MX440F128H.a(nvm_operation_lib.o)
 .debug_pubnames
                0x0000330f       0x23 /home/opt/microchip/xc32/v1.00/bin/../lib/gcc/pic32mx/4.5.1/../../../../pic32mx/lib/libmchp_peripheral_32MX440F128H.a(nvm_write_word_lib.o)
 .debug_pubnames
                0x00003332       0x2c /home/opt/microchip/xc32/v1.00/bin/../lib/gcc/pic32mx/4.5.1/../../../../pic32mx/lib/libmchp_peripheral_32MX440F128H.a(port_set_pins_digital_out_lib.o)
 .debug_pubnames
                0x0000335e       0x24 /home/opt/microchip/xc32/v1.00/bin/../lib/gcc/pic32mx/4.5.1/../../../../pic32mx/lib/libmchp_peripheral_32MX440F128H.a(port_clear_bits_lib.o)
 .debug_pubnames
                0x00003382       0x22 /home/opt/microchip/xc32/v1.00/bin/../lib/gcc/pic32mx/4.5.1/../../../../pic32mx/lib/libmchp_peripheral_32MX440F128H.a(port_set_bits_lib.o)
 .debug_pubnames
                0x000033a4       0xb1 /home/opt/microchip/xc32/v1.00/bin/../lib/gcc/pic32mx/4.5.1/../../../../pic32mx/lib/libmchp_peripheral_32MX440F128H.a(uart_lib.o)
 .debug_pubnames
                0x00003455       0x2b /home/opt/microchip/xc32/v1.00/bin/../lib/gcc/pic32mx/4.5.1/../../../../pic32mx/lib/libmchp_peripheral_32MX440F128H.a(int_restore_interrupts_lib.o)

.debug_info     0x00000000    0x5f2b2
 *(.debug_info .gnu.linkonce.wi.*)
 .debug_info    0x00000000     0x160f build/default/production/_ext/108654538/PinFunctions.o
 .debug_info    0x0000160f     0x1301 build/default/production/_ext/805493626/Debug_DyIO.o
 .debug_info    0x00002910     0x1829 build/default/production/_ext/805493626/Namespace_bcs_io.o
 .debug_info    0x00004139     0x214a build/default/production/_ext/805493626/Abstract_bcs_io.o
 .debug_info    0x00006283     0x1a2f build/default/production/_ext/805493626/Bcs_IO_AdvancedAsync.o
 .debug_info    0x00007cb2     0x15fa build/default/production/_ext/1051272628/Abstract_bcs_io_setmode.o
 .debug_info    0x000092ac     0x16d0 build/default/production/_ext/1051272628/Namespace_bcs_io_setmode.o
 .debug_info    0x0000a97c     0x1241 build/default/production/_ext/1825615050/CartesianController.o
 .debug_info    0x0000bbbd     0x1f92 build/default/production/_ext/1825615050/PID.o
 .debug_info    0x0000db4f     0x1725 build/default/production/_ext/1978776677/UpstreamPackets.o
 .debug_info    0x0000f274     0x1dbd build/default/production/_ext/1978776677/InitializationCallbacks.o
 .debug_info    0x00011031     0x1c6c build/default/production/_ext/1978776677/DownStreamPackets.o
 .debug_info    0x00012c9d     0x13b2 build/default/production/_ext/1978776677/AsyncManager.o
 .debug_info    0x0001404f      0xf61 build/default/production/_ext/2110062566/UartDMARx.o
 .debug_info    0x00014fb0     0x12d7 build/default/production/_ext/990863823/AVRInterface.o
 .debug_info    0x00016287     0x1377 build/default/production/_ext/990863823/Switches.o
 .debug_info    0x000175fe     0x151d build/default/production/_ext/990863823/DyIODataTableManager.o
 .debug_info    0x00018b1b     0x2b9a build/default/production/_ext/990863823/CoProcCom.o