Archive member included because of file (symbol)

../../../../../c-bowler/firmware/library/NR-Clib/development/c-bowler.X/dist/default/production/c-bowler.X.a(Namespace_bcs_pid.o)
                              build/default/production/_ext/1978776677/InitializationCallbacks.o (getBcsPidNamespace)
../../../../../c-bowler/firmware/library/NR-Clib/development/c-bowler.X/dist/default/production/c-bowler.X.a(AbstractPID.o)
                              build/default/production/_ext/1825615050/PID.o (InitilizePidController)
../../../../../c-bowler/firmware/library/NR-Clib/development/c-bowler.X/dist/default/production/c-bowler.X.a(Debug.o)
                              build/default/production/_ext/1825615050/PID.o (getPrintLevel)
../../../../../c-bowler/firmware/library/NR-Clib/development/c-bowler.X/dist/default/production/c-bowler.X.a(FIFO.o)
                              build/default/production/_ext/990863823/CoProcCom.o (printFiFoState)
../../../../../c-bowler/firmware/library/NR-Clib/development/c-bowler.X/dist/default/production/c-bowler.X.a(Bowler_Helper.o)
                              build/default/production/_ext/1978776677/DownStreamPackets.o (LoadCorePacket)
../../../../../c-bowler/firmware/library/NR-Clib/development/c-bowler.X/dist/default/production/c-bowler.X.a(Scheduler.o)
                              build/default/production/_ext/990863823/CoProcCom.o (RunEvery)
../../../../../c-bowler/firmware/library/NR-Clib/development/c-bowler.X/dist/default/production/c-bowler.X.a(BowlerPacketParser.o)
                              build/default/production/_ext/990863823/CoProcCom.o (_getBowlerPacket)
../../../../../c-bowler/firmware/library/NR-Clib/development/c-bowler.X/dist/default/production/c-bowler.X.a(Namespace_bcs_core.o)
                              build/default/production/_ext/805493626/Namespace_bcs_io.o (addRpcToNamespace)
../../../../../c-bowler/firmware/library/NR-Clib/development/c-bowler.X/dist/default/production/c-bowler.X.a(Bowler_Server.o)
                              build/default/production/_ext/1978776677/InitializationCallbacks.o (MyMAC)
../../../../../c-bowler/firmware/library/NR-Clib/development/c-bowler.X/dist/default/production/c-bowler.X.a(LED.o)
                              build/default/production/_ext/1978776677/InitializationCallbacks.o (InitLEDS)
../../../../../c-bowler/firmware/library/NR-Clib/development/c-bowler.X/dist/default/production/c-bowler.X.a(ADC.o)
                              build/default/production/_ext/990863823/ADC.o (InitADCHardware)
../../../../../c-bowler/firmware/library/NR-Clib/development/c-bowler.X/dist/default/production/c-bowler.X.a(HAL_P32.o)
                              build/default/production/_ext/1978776677/InitializationCallbacks.o (Pic32_Bowler_HAL_Init)
../../../../../c-bowler/firmware/library/NR-Clib/development/c-bowler.X/dist/default/production/c-bowler.X.a(Delay.o)
                              build/default/production/_ext/1978776677/InitializationCallbacks.o (DelayMs)
../../../../../c-bowler/firmware/library/NR-Clib/development/c-bowler.X/dist/default/production/c-bowler.X.a(Bowler_USB_HAL.o)
                              ../../../../../c-bowler/firmware/library/NR-Clib/development/c-bowler.X/dist/default/production/c-bowler.X.a(HAL_P32.o) (SendPacketUSB)
../../../../../c-bowler/firmware/library/NR-Clib/development/c-bowler.X/dist/default/production/c-bowler.X.a(FlashStorage.o)
                              build/default/production/_ext/321196743/Namespace_neuronrobotics_dyio.o (FlashSetMac)
../../../../../c-bowler/firmware/library/NR-Clib/development/c-bowler.X/dist/default/production/c-bowler.X.a(Bowler_UART_HAL.o)
                              ../../../../../c-bowler/firmware/library/NR-Clib/development/c-bowler.X/dist/default/production/c-bowler.X.a(HAL_P32.o) (SetPICUARTFifo)
../../../../../c-bowler/firmware/library/NR-Clib/development/c-bowler.X/dist/default/production/c-bowler.X.a(Tick.o)
                              ../../../../../c-bowler/firmware/library/NR-Clib/development/c-bowler.X/dist/default/production/c-bowler.X.a(HAL_P32.o) (TickInit)
../../../../../c-bowler/firmware/library/NR-Clib/development/c-bowler.X/dist/default/production/c-bowler.X.a(UART.o)
                              build/default/production/_ext/990863823/CoProcCom.o (Write32UART2)
../../../../../c-bowler/firmware/library/NR-Clib/development/c-bowler.X/dist/default/production/c-bowler.X.a(usb_fifo.o)
                              ../../../../../c-bowler/firmware/library/NR-Clib/development/c-bowler.X/dist/default/production/c-bowler.X.a(HAL_P32.o) (SetPICUSBFifo)
../../../../../c-bowler/firmware/library/NR-Clib/development/c-bowler.X/dist/default/production/c-bowler.X.a(usb_device.o)
                              ../../../../../c-bowler/firmware/library/NR-Clib/development/c-bowler.X/dist/default/production/c-bowler.X.a(usb_fifo.o) (USBDeviceState)
[...]
Memory Configuration

Name             Origin             Length             Attributes
kseg0_program_mem 0x9d000000         0x00020000         xr
kseg0_boot_mem   0x9fc00490         0x00000970
exception_mem    0x9fc01000         0x00001000
kseg1_boot_mem   0xbfc00000         0x00000490
debug_exec_mem   0xbfc02000         0x00000ff0
config3          0xbfc02ff0         0x00000004
config2          0xbfc02ff4         0x00000004
config1          0xbfc02ff8         0x00000004
config0          0xbfc02ffc         0x00000004
kseg1_data_mem   0xa0000000         0x00008000         w !x
sfrs             0xbf800000         0x00100000
configsfrs       0xbfc02ff0         0x00000010
*default*        0x00000000         0xffffffff

Linker script and memory map

LOAD /opt/microchip/xc32/v1.00/bin/../lib/gcc/pic32mx/4.5.1/../../../../pic32mx/lib/crt0.o
LOAD build/default/production/_ext/1825615050/CartesianController.o
LOAD build/default/production/_ext/1825615050/PID.o
LOAD build/default/production/_ext/1978776677/DownStreamPackets.o
LOAD build/default/production/_ext/1978776677/UpstreamPackets.o
LOAD build/default/production/_ext/1978776677/AsyncManager.o
LOAD build/default/production/_ext/1978776677/InitializationCallbacks.o
LOAD build/default/production/_ext/2110062566/UartDMARx.o
LOAD build/default/production/_ext/990863823/Counter.o
LOAD build/default/production/_ext/990863823/Switches.o
LOAD build/default/production/_ext/990863823/PPMReader.o
LOAD build/default/production/_ext/990863823/EEPROMMannager.o
LOAD build/default/production/_ext/990863823/CoProcCom.o
LOAD build/default/production/_ext/990863823/SPI.o
LOAD build/default/production/_ext/990863823/ADC.o
LOAD build/default/production/_ext/990863823/AVRInterface.o
LOAD build/default/production/_ext/990863823/SerialPassThrough.o
LOAD build/default/production/_ext/990863823/DyIODataTableManager.o
LOAD build/default/production/_ext/1020318379/ChannelMode.o
LOAD build/default/production/_ext/1020318379/Pin_State.o
LOAD build/default/production/_ext/1020318379/ChannelValues.o
LOAD build/default/production/_ext/1020318379/ChannelConfig.o
LOAD build/default/production/_ext/108654538/PinFunctions.o
LOAD build/default/production/_ext/805493626/Abstract_bcs_io.o
LOAD build/default/production/_ext/805493626/Debug_DyIO.o
LOAD build/default/production/_ext/805493626/Namespace_bcs_io.o
LOAD build/default/production/_ext/805493626/Bcs_IO_AdvancedAsync.o
LOAD build/default/production/_ext/1051272628/Namespace_bcs_io_setmode.o
LOAD build/default/production/_ext/1051272628/Abstract_bcs_io_setmode.o
LOAD build/default/production/_ext/1281821416/Namespace_bcs_safe.o
LOAD build/default/production/_ext/1281821416/Abstract_bsc_safe.o
LOAD build/default/production/_ext/321196743/Namespace_bcs_pid_dypid.o
LOAD build/default/production/_ext/321196743/Namespace_neuronrobotics_dyio.o
LOAD build/default/production/_ext/1360937237/Main.o
LOAD build/default/production/_ext/1360937237/DyIOMain.o
LOAD ../../../../../c-bowler/firmware/library/NR-Clib/development/c-bowler.X/dist/default/production/c-bowler.X.a
                0x00000001                __MPLAB_BUILD = 0x1
LOAD /opt/microchip/xc32/v1.00/bin/../lib/gcc/pic32mx/4.5.1/libgcc.a
START GROUP
LOAD /opt/microchip/xc32/v1.00/bin/../lib/gcc/pic32mx/4.5.1/../../../../pic32mx/lib/libdebug.a
LOAD /opt/microchip/xc32/v1.00/bin/../lib/gcc/pic32mx/4.5.1/../../../../pic32mx/lib/libc.a
LOAD /opt/microchip/xc32/v1.00/bin/../lib/gcc/pic32mx/4.5.1/../../../../pic32mx/lib/libm.a
LOAD /opt/microchip/xc32/v1.00/bin/../lib/gcc/pic32mx/4.5.1/../../../../pic32mx/lib/libe.a
LOAD /opt/microchip/xc32/v1.00/bin/../lib/gcc/pic32mx/4.5.1/../../../../pic32mx/lib/libdsp.a
END GROUP
LOAD /opt/microchip/xc32/v1.00/bin/../lib/gcc/pic32mx/4.5.1/libgcc.a
                0x00000400                PROVIDE (_min_stack_size, 0x400)
                0x00000000                PROVIDE (_min_heap_size, 0x0)
LOAD /opt/microchip/xc32/v1.00/bin/../lib/gcc/pic32mx/4.5.1/../../../../pic32mx/lib/./proc/32MX440F128H/processor.o
START GROUP
LOAD /opt/microchip/xc32/v1.00/bin/../lib/gcc/pic32mx/4.5.1/../../../../pic32mx/lib/libmchp_peripheral.a
END GROUP
START GROUP
LOAD /opt/microchip/xc32/v1.00/bin/../lib/gcc/pic32mx/4.5.1/../../../../pic32mx/lib/libmchp_peripheral_32MX440F128H.a
END GROUP
                0x00000001                PROVIDE (_vector_spacing, 0x1)
                0x9fc01000                _ebase_address = 0x9fc01000
                0xbfc00000                _RESET_ADDR = 0xbfc00000
                0xbfc00380                _BEV_EXCPT_ADDR = 0xbfc00380
                0xbfc00480                _DBG_EXCPT_ADDR = 0xbfc00480
                0xbfc02000                _DBG_CODE_ADDR = 0xbfc02000
                0x00000ff0                _DBG_CODE_SIZE = 0xff0
                0x9fc01180                _GEN_EXCPT_ADDR = (_ebase_address + 0x180)

.config_BFC02FF0
 *(.config_BFC02FF0)

.config_BFC02FF4
                0xbfc02ff4        0x4
 *(.config_BFC02FF4)
 .config_BFC02FF4
                0xbfc02ff4        0x4 build/default/production/_ext/1360937237/Main.o

.config_BFC02FF8
                0xbfc02ff8        0x4
 *(.config_BFC02FF8)
 .config_BFC02FF8
                0xbfc02ff8        0x4 build/default/production/_ext/1360937237/Main.o

.config_BFC02FFC
                0xbfc02ffc        0x4
 *(.config_BFC02FFC)
 .config_BFC02FFC
                0xbfc02ffc        0x4 build/default/production/_ext/1360937237/Main.o
                0xbfc02000                PROVIDE (_DBG_CODE_ADDR, 0xbfc02000)
                0x00000ff0                PROVIDE (_DBG_CODE_SIZE, 0xff0)

.reset          0xbfc00000      0x1f4
 *(.reset)
 .reset         0xbfc00000       0x10 /opt/microchip/xc32/v1.00/bin/../lib/gcc/pic32mx/4.5.1/../../../../pic32mx/lib/crt0.o
                0xbfc00000                _reset
 *(.reset.startup)
 .reset.startup
                0xbfc00010      0x1e4 /opt/microchip/xc32/v1.00/bin/../lib/gcc/pic32mx/4.5.1/../../../../pic32mx/lib/crt0.o

.bev_excpt      0xbfc00380       0x10
 *(.bev_handler)
 .bev_handler   0xbfc00380       0x10 /opt/microchip/xc32/v1.00/bin/../lib/gcc/pic32mx/4.5.1/../../../../pic32mx/lib/crt0.o

.dbg_excpt      0xbfc00480        0x0
                0xbfc00480                . = (. + DEFINED (_DEBUGGER)?0x8:0x0)

.dbg_code       0xbfc02000        0x0
                0xbfc02000                . = (. + DEFINED (_DEBUGGER)?_DBG_CODE_SIZE:0x0)

.app_excpt      0x9fc01180       0x10
 *(.gen_handler)
 .gen_handler   0x9fc01180       0x10 /opt/microchip/xc32/v1.00/bin/../lib/gcc/pic32mx/4.5.1/../../../../pic32mx/lib/crt0.o

.vector_0       0x9fc01200        0x0
 *(.vector_0)
                0x00000001                ASSERT (((_vector_spacing == 0x0) || (SIZEOF (.vector_0) <= (_vector_spacing << 0x5))), function at exception vector 0 too large)

.vector_1       0x9fc01220        0x0
 *(.vector_1)
                0x00000001                ASSERT (((_vector_spacing == 0x0) || (SIZEOF (.vector_1) <= (_vector_spacing << 0x5))), function at exception vector 1 too large)

.vector_2       0x9fc01240        0x0
 *(.vector_2)
                0x00000001                ASSERT (((_vector_spacing == 0x0) || (SIZEOF (.vector_2) <= (_vector_spacing << 0x5))), function at exception vector 2 too large)

.vector_3       0x9fc01260        0x0
 *(.vector_3)
                0x00000001                ASSERT (((_vector_spacing == 0x0) || (SIZEOF (.vector_3) <= (_vector_spacing << 0x5))), function at exception vector 3 too large)

.vector_4       0x9fc01280        0x8
 *(.vector_4)
 .vector_4      0x9fc01280        0x8 ../../../../../c-bowler/firmware/library/NR-Clib/development/c-bowler.X/dist/default/production/c-bowler.X.a(Tick.o)
                0x00000001                ASSERT (((_vector_spacing == 0x0) || (SIZEOF (.vector_4) <= (_vector_spacing << 0x5))), function at exception vector 4 too large)

.vector_5       0x9fc012a0        0x0
 *(.vector_5)
                0x00000001                ASSERT (((_vector_spacing == 0x0) || (SIZEOF (.vector_5) <= (_vector_spacing << 0x5))), function at exception vector 5 too large)

.vector_6       0x9fc012c0        0x0
 *(.vector_6)
                0x00000001                ASSERT (((_vector_spacing == 0x0) || (SIZEOF (.vector_6) <= (_vector_spacing << 0x5))), function at exception vector 6 too large)

.vector_7       0x9fc012e0        0x8
 *(.vector_7)
 .vector_7      0x9fc012e0        0x8 build/default/production/_ext/990863823/Counter.o
                0x00000001                ASSERT (((_vector_spacing == 0x0) || (SIZEOF (.vector_7) <= (_vector_spacing << 0x5))), function at exception vector 7 too large)

.vector_8       0x9fc01300        0x0
 *(.vector_8)
                0x00000001                ASSERT (((_vector_spacing == 0x0) || (SIZEOF (.vector_8) <= (_vector_spacing << 0x5))), function at exception vector 8 too large)

.vector_9       0x9fc01320        0x0
 *(.vector_9)
                0x00000001                ASSERT (((_vector_spacing == 0x0) || (SIZEOF (.vector_9) <= (_vector_spacing << 0x5))), function at exception vector 9 too large)

.vector_10      0x9fc01340        0x0
 *(.vector_10)
                0x00000001                ASSERT (((_vector_spacing == 0x0) || (SIZEOF (.vector_10) <= (_vector_spacing << 0x5))), function at exception vector 10 too large)

.vector_11      0x9fc01360        0x8
 *(.vector_11)
 .vector_11     0x9fc01360        0x8 build/default/production/_ext/990863823/Counter.o
                0x00000001                ASSERT (((_vector_spacing == 0x0) || (SIZEOF (.vector_11) <= (_vector_spacing << 0x5))), function at exception vector 11 too large)

.vector_12      0x9fc01380        0x8
 *(.vector_12)
 .vector_12     0x9fc01380        0x8 build/default/production/_ext/990863823/Counter.o
                0x00000001                ASSERT (((_vector_spacing == 0x0) || (SIZEOF (.vector_12) <= (_vector_spacing << 0x5))), function at exception vector 12 too large)

.vector_13      0x9fc013a0        0x0
 *(.vector_13)
                0x00000001                ASSERT (((_vector_spacing == 0x0) || (SIZEOF (.vector_13) <= (_vector_spacing << 0x5))), function at exception vector 13 too large)

.vector_14      0x9fc013c0        0x0
 *(.vector_14)
                0x00000001                ASSERT (((_vector_spacing == 0x0) || (SIZEOF (.vector_14) <= (_vector_spacing << 0x5))), function at exception vector 14 too large)

.vector_15      0x9fc013e0        0x8
 *(.vector_15)
 .vector_15     0x9fc013e0        0x8 build/default/production/_ext/990863823/Counter.o
                0x00000001                ASSERT (((_vector_spacing == 0x0) || (SIZEOF (.vector_15) <= (_vector_spacing << 0x5))), function at exception vector 15 too large)

.vector_16      0x9fc01400        0x0
 *(.vector_16)
                0x00000001                ASSERT (((_vector_spacing == 0x0) || (SIZEOF (.vector_16) <= (_vector_spacing << 0x5))), function at exception vector 16 too large)

.vector_17      0x9fc01420        0x0
 *(.vector_17)
                0x00000001                ASSERT (((_vector_spacing == 0x0) || (SIZEOF (.vector_17) <= (_vector_spacing << 0x5))), function at exception vector 17 too large)

.vector_18      0x9fc01440        0x0
 *(.vector_18)
                0x00000001                ASSERT (((_vector_spacing == 0x0) || (SIZEOF (.vector_18) <= (_vector_spacing << 0x5))), function at exception vector 18 too large)

.vector_19      0x9fc01460        0x8
 *(.vector_19)
 .vector_19     0x9fc01460        0x8 build/default/production/_ext/990863823/Counter.o
                0x00000001                ASSERT (((_vector_spacing == 0x0) || (SIZEOF (.vector_19) <= (_vector_spacing << 0x5))), function at exception vector 19 too large)

.vector_20      0x9fc01480        0x0
 *(.vector_20)
                0x00000001                ASSERT (((_vector_spacing == 0x0) || (SIZEOF (.vector_20) <= (_vector_spacing << 0x5))), function at exception vector 20 too large)

.vector_21      0x9fc014a0        0x0
 *(.vector_21)
                0x00000001                ASSERT (((_vector_spacing == 0x0) || (SIZEOF (.vector_21) <= (_vector_spacing << 0x5))), function at exception vector 21 too large)

.vector_22      0x9fc014c0        0x0
 *(.vector_22)
                0x00000001                ASSERT (((_vector_spacing == 0x0) || (SIZEOF (.vector_22) <= (_vector_spacing << 0x5))), function at exception vector 22 too large)

.vector_23      0x9fc014e0        0x0
 *(.vector_23)
                0x00000001                ASSERT (((_vector_spacing == 0x0) || (SIZEOF (.vector_23) <= (_vector_spacing << 0x5))), function at exception vector 23 too large)

.vector_24      0x9fc01500        0x8
 *(.vector_24)
 .vector_24     0x9fc01500        0x8 ../../../../../c-bowler/firmware/library/NR-Clib/development/c-bowler.X/dist/default/production/c-bowler.X.a(Bowler_UART_HAL.o)
                0x00000001                ASSERT (((_vector_spacing == 0x0) || (SIZEOF (.vector_24) <= (_vector_spacing << 0x5))), function at exception vector 24 too large)

.vector_25      0x9fc01520        0x0
 *(.vector_25)
                0x00000001                ASSERT (((_vector_spacing == 0x0) || (SIZEOF (.vector_25) <= (_vector_spacing << 0x5))), function at exception vector 25 too large)

.vector_26      0x9fc01540        0x0
 *(.vector_26)
                0x00000001                ASSERT (((_vector_spacing == 0x0) || (SIZEOF (.vector_26) <= (_vector_spacing << 0x5))), function at exception vector 26 too large)

.vector_27      0x9fc01560        0x0
 *(.vector_27)
                0x00000001                ASSERT (((_vector_spacing == 0x0) || (SIZEOF (.vector_27) <= (_vector_spacing << 0x5))), function at exception vector 27 too large)

.vector_28      0x9fc01580        0x0
 *(.vector_28)
                0x00000001                ASSERT (((_vector_spacing == 0x0) || (SIZEOF (.vector_28) <= (_vector_spacing << 0x5))), function at exception vector 28 too large)

.vector_29      0x9fc015a0        0x0
 *(.vector_29)
                0x00000001                ASSERT (((_vector_spacing == 0x0) || (SIZEOF (.vector_29) <= (_vector_spacing << 0x5))), function at exception vector 29 too large)

.vector_30      0x9fc015c0        0x0
 *(.vector_30)
                0x00000001                ASSERT (((_vector_spacing == 0x0) || (SIZEOF (.vector_30) <= (_vector_spacing << 0x5))), function at exception vector 30 too large)

.vector_31      0x9fc015e0        0x0
 *(.vector_31)
                0x00000001                ASSERT (((_vector_spacing == 0x0) || (SIZEOF (.vector_31) <= (_vector_spacing << 0x5))), function at exception vector 31 too large)

.vector_32      0x9fc01600        0x8
 *(.vector_32)
 .vector_32     0x9fc01600        0x8 build/default/production/_ext/990863823/CoProcCom.o
                0x00000001                ASSERT (((_vector_spacing == 0x0) || (SIZEOF (.vector_32) <= (_vector_spacing << 0x5))), function at exception vector 32 too large)

.vector_33      0x9fc01620        0x0
 *(.vector_33)
                0x00000001                ASSERT (((_vector_spacing == 0x0) || (SIZEOF (.vector_33) <= (_vector_spacing << 0x5))), function at exception vector 33 too large)

.vector_34      0x9fc01640        0x0
 *(.vector_34)
                0x00000001                ASSERT (((_vector_spacing == 0x0) || (SIZEOF (.vector_34) <= (_vector_spacing << 0x5))), function at exception vector 34 too large)

.vector_35      0x9fc01660        0x0
 *(.vector_35)
                0x00000001                ASSERT (((_vector_spacing == 0x0) || (SIZEOF (.vector_35) <= (_vector_spacing << 0x5))), function at exception vector 35 too large)

.vector_36      0x9fc01680        0x0
 *(.vector_36)
                0x00000001                ASSERT (((_vector_spacing == 0x0) || (SIZEOF (.vector_36) <= (_vector_spacing << 0x5))), function at exception vector 36 too large)

.vector_37      0x9fc016a0        0x0
 *(.vector_37)
                0x00000001                ASSERT (((_vector_spacing == 0x0) || (SIZEOF (.vector_37) <= (_vector_spacing << 0x5))), function at exception vector 37 too large)

.vector_38      0x9fc016c0        0x0
 *(.vector_38)
                0x00000001                ASSERT (((_vector_spacing == 0x0) || (SIZEOF (.vector_38) <= (_vector_spacing << 0x5))), function at exception vector 38 too large)

.vector_39      0x9fc016e0        0x0
 *(.vector_39)
                0x00000001                ASSERT (((_vector_spacing == 0x0) || (SIZEOF (.vector_39) <= (_vector_spacing << 0x5))), function at exception vector 39 too large)

.vector_40      0x9fc01700        0x0
 *(.vector_40)
                0x00000001                ASSERT (((_vector_spacing == 0x0) || (SIZEOF (.vector_40) <= (_vector_spacing << 0x5))), function at exception vector 40 too large)

.vector_41      0x9fc01720        0x0
 *(.vector_41)
                0x00000001                ASSERT (((_vector_spacing == 0x0) || (SIZEOF (.vector_41) <= (_vector_spacing << 0x5))), function at exception vector 41 too large)

.vector_42      0x9fc01740        0x0
 *(.vector_42)
                0x00000001                ASSERT (((_vector_spacing == 0x0) || (SIZEOF (.vector_42) <= (_vector_spacing << 0x5))), function at exception vector 42 too large)

.vector_43      0x9fc01760        0x0
 *(.vector_43)
                0x00000001                ASSERT (((_vector_spacing == 0x0) || (SIZEOF (.vector_43) <= (_vector_spacing << 0x5))), function at exception vector 43 too large)

.vector_44      0x9fc01780        0x0
 *(.vector_44)
                0x00000001                ASSERT (((_vector_spacing == 0x0) || (SIZEOF (.vector_44) <= (_vector_spacing << 0x5))), function at exception vector 44 too large)

.vector_45      0x9fc017a0        0x8
 *(.vector_45)
 .vector_45     0x9fc017a0        0x8 ../../../../../c-bowler/firmware/library/NR-Clib/development/c-bowler.X/dist/default/production/c-bowler.X.a(usb_device.o)
                0x00000001                ASSERT (((_vector_spacing == 0x0) || (SIZEOF (.vector_45) <= (_vector_spacing << 0x5))), function at exception vector 45 too large)

.vector_46      0x9fc017c0        0x0
 *(.vector_46)
                0x00000001                ASSERT (((_vector_spacing == 0x0) || (SIZEOF (.vector_46) <= (_vector_spacing << 0x5))), function at exception vector 46 too large)

.vector_47      0x9fc017e0        0x0
 *(.vector_47)
                0x00000001                ASSERT (((_vector_spacing == 0x0) || (SIZEOF (.vector_47) <= (_vector_spacing << 0x5))), function at exception vector 47 too large)

.vector_48      0x9fc01800        0x0
 *(.vector_48)
                0x00000001                ASSERT (((_vector_spacing == 0x0) || (SIZEOF (.vector_48) <= (_vector_spacing << 0x5))), function at exception vector 48 too large)

.vector_49      0x9fc01820        0x0
 *(.vector_49)
                0x00000001                ASSERT (((_vector_spacing == 0x0) || (SIZEOF (.vector_49) <= (_vector_spacing << 0x5))), function at exception vector 49 too large)

.vector_50      0x9fc01840        0x0
 *(.vector_50)
                0x00000001                ASSERT (((_vector_spacing == 0x0) || (SIZEOF (.vector_50) <= (_vector_spacing << 0x5))), function at exception vector 50 too large)

.vector_51      0x9fc01860        0x0
 *(.vector_51)
                0x00000001                ASSERT (((_vector_spacing == 0x0) || (SIZEOF (.vector_51) <= (_vector_spacing << 0x5))), function at exception vector 51 too large)

.vector_52      0x9fc01880        0x0
 *(.vector_52)
                0x00000001                ASSERT (((_vector_spacing == 0x0) || (SIZEOF (.vector_52) <= (_vector_spacing << 0x5))), function at exception vector 52 too large)

.vector_53      0x9fc018a0        0x0
 *(.vector_53)
                0x00000001                ASSERT (((_vector_spacing == 0x0) || (SIZEOF (.vector_53) <= (_vector_spacing << 0x5))), function at exception vector 53 too large)

.vector_54      0x9fc018c0        0x0
 *(.vector_54)
                0x00000001                ASSERT (((_vector_spacing == 0x0) || (SIZEOF (.vector_54) <= (_vector_spacing << 0x5))), function at exception vector 54 too large)

.vector_55      0x9fc018e0        0x0
 *(.vector_55)
                0x00000001                ASSERT (((_vector_spacing == 0x0) || (SIZEOF (.vector_55) <= (_vector_spacing << 0x5))), function at exception vector 55 too large)

.vector_56      0x9fc01900        0x0
 *(.vector_56)
                0x00000001                ASSERT (((_vector_spacing == 0x0) || (SIZEOF (.vector_56) <= (_vector_spacing << 0x5))), function at exception vector 56 too large)

.vector_57      0x9fc01920        0x0
 *(.vector_57)
                0x00000001                ASSERT (((_vector_spacing == 0x0) || (SIZEOF (.vector_57) <= (_vector_spacing << 0x5))), function at exception vector 57 too large)

.vector_58      0x9fc01940        0x0
 *(.vector_58)
                0x00000001                ASSERT (((_vector_spacing == 0x0) || (SIZEOF (.vector_58) <= (_vector_spacing << 0x5))), function at exception vector 58 too large)

.vector_59      0x9fc01960        0x0
 *(.vector_59)
                0x00000001                ASSERT (((_vector_spacing == 0x0) || (SIZEOF (.vector_59) <= (_vector_spacing << 0x5))), function at exception vector 59 too large)

.vector_60      0x9fc01980        0x0
 *(.vector_60)
                0x00000001                ASSERT (((_vector_spacing == 0x0) || (SIZEOF (.vector_60) <= (_vector_spacing << 0x5))), function at exception vector 60 too large)

.vector_61      0x9fc019a0        0x0
 *(.vector_61)
                0x00000001                ASSERT (((_vector_spacing == 0x0) || (SIZEOF (.vector_61) <= (_vector_spacing << 0x5))), function at exception vector 61 too large)

.vector_62      0x9fc019c0        0x0
 *(.vector_62)
                0x00000001                ASSERT (((_vector_spacing == 0x0) || (SIZEOF (.vector_62) <= (_vector_spacing << 0x5))), function at exception vector 62 too large)

.vector_63      0x9fc019e0        0x0
 *(.vector_63)
                0x00000001                ASSERT (((_vector_spacing == 0x0) || (SIZEOF (.vector_63) <= (_vector_spacing << 0x5))), function at exception vector 63 too large)

.startup
 *(.startup)

.text
 *(.stub .gnu.linkonce.t.*)
 *(.text.*personality*)
 *(.mips16.fn.*)
 *(.mips16.call.*)
 *(.gnu.warning)

.rodata         0x9d000000        0x0
 *(.rodata.* .gnu.linkonce.r.*)
 *(.rodata1)
                0x9d000000                . = ALIGN (0x4)

.sdata2         0x9fc00490        0x0
 *(.sdata2 .sdata2.* .gnu.linkonce.s2.*)
                0x9fc00490                . = ALIGN (0x4)

.sbss2          0x9fc00490        0x0
 *(.sbss2 .sbss2.* .gnu.linkonce.sb2.*)
                0x9fc00490                . = ALIGN (0x4)

.eh_frame_hdr
 *(.eh_frame_hdr)

.eh_frame
 *(.eh_frame)

.dbg_data       0xa0000000        0x0
                0xa0000000                . = (. + DEFINED (_DEBUGGER)?0x200:0x0)

.persist        0xa0000000        0x0
                0xa0000000                _persist_begin = .
 *(.persist .persist.*)
                0xa0000000                . = ALIGN (0x4)
                0xa0000000                _persist_end = .

.eh_frame
 *(.eh_frame)
                0xa0000000                . = .
                0xa0007ff0                _gp = (ALIGN (0x10) + 0x7ff0)

.got
 *(.got.plt)
 *(.got)

.sdata          0xa0000000       0xe8
                0xa0000000                _sdata_begin = .
 *(.sdata .sdata.* .gnu.linkonce.s.*)
 .sdata         0xa0000000        0x8 build/default/production/_ext/1978776677/DownStreamPackets.o
                0xa0000000                bankA
                0xa0000004                bankB
 .sdata         0xa0000008       0x18 build/default/production/_ext/990863823/PPMReader.o
 .sdata         0xa0000020        0x8 build/default/production/_ext/990863823/DyIODataTableManager.o
                0xa0000020                printData
 .sdata         0xa0000028        0x4 build/default/production/_ext/1020318379/ChannelMode.o
                0xa0000028                brownOutDetect
 .sdata         0xa000002c       0x10 build/default/production/_ext/321196743/Namespace_bcs_pid_dypid.o
                0xa000002c                pid
                0xa0000034                vel
 .sdata         0xa000003c       0x18 build/default/production/_ext/321196743/Namespace_neuronrobotics_dyio.o
                0xa000003c                syncVolt
                0xa0000044                ppm
 .sdata         0xa0000054       0x4c ../../../../../c-bowler/firmware/library/NR-Clib/development/c-bowler.X/dist/default/production/c-bowler.X.a(Namespace_bcs_pid.o)
 .sdata         0xa00000a0        0x8 ../../../../../c-bowler/firmware/library/NR-Clib/development/c-bowler.X/dist/default/production/c-bowler.X.a(Namespace_bcs_core.o)
 .sdata         0xa00000a8        0x8 ../../../../../c-bowler/firmware/library/NR-Clib/development/c-bowler.X/dist/default/production/c-bowler.X.a(Bowler_Server.o)
                0xa00000a8                MyMAC
 .sdata         0xa00000b0       0x10 ../../../../../c-bowler/firmware/library/NR-Clib/development/c-bowler.X/dist/default/production/c-bowler.X.a(FlashStorage.o)
                0xa00000b0                defMac
                0xa00000b8                MEMORY_BASE
                0xa00000bc                VirtualBase
 .sdata         0xa00000c0        0x4 ../../../../../c-bowler/firmware/library/NR-Clib/development/c-bowler.X/dist/default/production/c-bowler.X.a(usb_fifo.o)
 .sdata         0xa00000c4        0x4 ../../../../../c-bowler/firmware/library/NR-Clib/development/c-bowler.X/dist/default/production/c-bowler.X.a(PidRpc.o)
                0xa00000c4                zone
 .sdata         0xa00000c8       0x18 ../../../../../c-bowler/firmware/library/NR-Clib/development/c-bowler.X/dist/default/production/c-bowler.X.a(Namespace_bcs_rpc.o)
 .sdata         0xa00000e0        0x8 ../../../../../c-bowler/firmware/library/NR-Clib/development/c-bowler.X/dist/default/production/c-bowler.X.a(usb_descriptors.o)
                0xa00000e0                sd000
                0xa00000e4                USB_CD_Ptr
                0xa00000e8                _sdata_end = .

.lit8
 *(.lit8)

.lit4
 *(.lit4)
                0xa00000e8                . = ALIGN (0x4)
                0xa00000e8                _data_end = .
                0xa00000e8                _bss_begin = .

.sbss           0xa00000e8      0x26c
                0xa00000e8                _sbss_begin = .
 *(.dynsbss)
 *(.sbss .sbss.* .gnu.linkonce.sb.*)
 .sbss          0xa00000e8        0x2 build/default/production/_ext/1978776677/DownStreamPackets.o
                0xa00000e8                batteryCode0
                0xa00000e9                batteryCode1
 .sbss          0xa00000ea        0x1 build/default/production/_ext/1978776677/InitializationCallbacks.o
                0xa00000ea                SaveTheState
 *fill*         0xa00000eb        0x1 00
 .sbss          0xa00000ec       0x10 build/default/production/_ext/990863823/Switches.o
 .sbss          0xa00000fc        0xc build/default/production/_ext/990863823/PPMReader.o
 .sbss          0xa0000108        0x1 build/default/production/_ext/990863823/EEPROMMannager.o
                0xa0000108                loadEEDone
 *fill*         0xa0000109        0x3 00
 .sbss          0xa000010c       0x10 build/default/production/_ext/990863823/CoProcCom.o
                0xa000010c                coProcRunning
 .sbss          0xa000011c       0x14 build/default/production/_ext/990863823/ADC.o
                0xa000011c                init
                0xa0000120                lastHighTime
                0xa0000124                lastLowTime
 .sbss          0xa0000130        0x8 build/default/production/_ext/805493626/Abstract_bcs_io.o
 .sbss          0xa0000138        0x4 build/default/production/_ext/805493626/Debug_DyIO.o
                0xa0000138                maxNumCharsInModes
 .sbss          0xa000013c       0x6c build/default/production/_ext/805493626/Namespace_bcs_io.o
 .sbss          0xa00001a8        0x4 build/default/production/_ext/805493626/Bcs_IO_AdvancedAsync.o
                0xa00001a8                isInit
 .sbss          0xa00001ac       0x14 build/default/production/_ext/1051272628/Namespace_bcs_io_setmode.o
 .sbss          0xa00001c0        0x4 build/default/production/_ext/1051272628/Abstract_bcs_io_setmode.o
                0xa00001c0                setChanelModeHWPtr
 .sbss          0xa00001c4       0x14 build/default/production/_ext/1281821416/Namespace_bcs_safe.o
 .sbss          0xa00001d8       0x14 build/default/production/_ext/321196743/Namespace_bcs_pid_dypid.o
 .sbss          0xa00001ec       0x38 build/default/production/_ext/321196743/Namespace_neuronrobotics_dyio.o
                0xa00001ec                pwr
 .sbss          0xa0000224        0x4 ../../../../../c-bowler/firmware/library/NR-Clib/development/c-bowler.X/dist/default/production/c-bowler.X.a(Namespace_bcs_pid.o)
 .sbss          0xa0000228        0xc ../../../../../c-bowler/firmware/library/NR-Clib/development/c-bowler.X/dist/default/production/c-bowler.X.a(AbstractPID.o)
                0xa0000228                number_of_pid_groups
 .sbss          0xa0000234        0xc ../../../../../c-bowler/firmware/library/NR-Clib/development/c-bowler.X/dist/default/production/c-bowler.X.a(Debug.o)
                0xa0000234                level
 .sbss          0xa0000240        0x4 ../../../../../c-bowler/firmware/library/NR-Clib/development/c-bowler.X/dist/default/production/c-bowler.X.a(Namespace_bcs_core.o)
 .sbss          0xa0000244        0x4 ../../../../../c-bowler/firmware/library/NR-Clib/development/c-bowler.X/dist/default/production/c-bowler.X.a(Bowler_Server.o)
 .sbss          0xa0000248        0x4 ../../../../../c-bowler/firmware/library/NR-Clib/development/c-bowler.X/dist/default/production/c-bowler.X.a(ADC.o)
                0xa0000248                ADCMask
 .sbss          0xa000024c       0x10 ../../../../../c-bowler/firmware/library/NR-Clib/development/c-bowler.X/dist/default/production/c-bowler.X.a(HAL_P32.o)
 .sbss          0xa000025c        0x4 ../../../../../c-bowler/firmware/library/NR-Clib/development/c-bowler.X/dist/default/production/c-bowler.X.a(FlashStorage.o)
                0xa000025c                streamSize
 .sbss          0xa0000260        0x8 ../../../../../c-bowler/firmware/library/NR-Clib/development/c-bowler.X/dist/default/production/c-bowler.X.a(Bowler_UART_HAL.o)
 .sbss          0xa0000268        0x8 ../../../../../c-bowler/firmware/library/NR-Clib/development/c-bowler.X/dist/default/production/c-bowler.X.a(Tick.o)
 .sbss          0xa0000270        0x8 ../../../../../c-bowler/firmware/library/NR-Clib/development/c-bowler.X/dist/default/production/c-bowler.X.a(UART.o)
                0xa0000270                useUart2
                0xa0000274                useUart1
 .sbss          0xa0000278       0x14 ../../../../../c-bowler/firmware/library/NR-Clib/development/c-bowler.X/dist/default/production/c-bowler.X.a(usb_fifo.o)
 .sbss          0xa000028c        0x4 ../../../../../c-bowler/firmware/library/NR-Clib/development/c-bowler.X/dist/default/production/c-bowler.X.a(Namespace_bcs_rpc.o)
 .sbss          0xa0000290        0x2 ../../../../../c-bowler/firmware/library/NR-Clib/development/c-bowler.X/dist/default/production/c-bowler.X.a(usb_callback.o)
 *(.scommon)
 *fill*         0xa0000292        0x2 00
 .scommon       0xa0000294        0x8 build/default/production/_ext/990863823/ADC.o
                0xa0000294                lockOutTimeout
 .scommon       0xa000029c       0x14 build/default/production/_ext/805493626/Abstract_bcs_io.o
                0xa000029c                getAllChanelValueHWPtr
                0xa00002a0                getChanelValueHWPtr
                0xa00002a4                setAllChanelValueHWPtr
                0xa00002a8                setChanelValueHWPtr
                0xa00002ac                configChannelHWPtr
 .scommon       0xa00002b0       0x1c ../../../../../c-bowler/firmware/library/NR-Clib/development/c-bowler.X/dist/default/production/c-bowler.X.a(AbstractPID.o)
                0xa00002b0                resetPosition
                0xa00002b4                MathCalculationVelocity
                0xa00002b8                setOutputLocal
                0xa00002bc                MathCalculationPosition
                0xa00002c0                onPidConfigureLocal
                0xa00002c4                getPosition
                0xa00002c8                checkPIDLimitEvents
 .scommon       0xa00002cc        0x4 ../../../../../c-bowler/firmware/library/NR-Clib/development/c-bowler.X/dist/default/production/c-bowler.X.a(FlashStorage.o)
                0xa00002cc                stream
 .scommon       0xa00002d0       0x41 ../../../../../c-bowler/firmware/library/NR-Clib/development/c-bowler.X/dist/default/production/c-bowler.X.a(usb_device.o)
                0xa00002d0                pDst
                0xa00002d4                USBDeviceState
                0xa00002d8                controlTransferState
                0xa00002dc                USBInMaxPacketSize
                0xa00002e4                inPipes
                0xa00002ec                BothEP0OutUOWNsSet
                0xa00002f0                pBDTEntryEP0OutNext
                0xa00002f4                SetupPkt
                0xa00002fc                shortPacketStatus
                0xa0000300                pBDTEntryEP0OutCurrent
                0xa0000304                USBActiveConfiguration
                0xa0000308                RemoteWakeup
                0xa000030c                USTATcopy
                0xa0000310                USBAlternateInterface
 *fill*         0xa0000311        0x3 00
 .scommon       0xa0000314       0x40 ../../../../../c-bowler/firmware/library/NR-Clib/development/c-bowler.X/dist/default/production/c-bowler.X.a(usb_function_cdc.o)
                0xa0000314                control_signal_bitmap
                0xa0000318                cdc_tx_len
                0xa000031c                pCDCSrc
                0xa0000320                CDCDataOutHandle
                0xa0000324                cdc_rx_len
                0xa0000328                line_coding
                0xa0000330                BaudRateGen
                0xa0000334                CDCDataInHandle
                0xa0000338                cdc_notice
                0xa0000340                cdc_trf_state
                0xa0000344                pCDCDst
                0xa0000348                cdc_mem_type
                0xa000034c                dummy_encapsulated_cmd_response
                0xa0000354                _sbss_end = .

.bss            0xa0000400      0x578
 *(.dynbss)
 *(COMMON)
 COMMON         0xa0000400       0x8c build/default/production/_ext/990863823/Counter.o
                0xa0000400                Counter
 COMMON         0xa000048c      0x158 build/default/production/_ext/990863823/ADC.o
                0xa000048c                adc
 COMMON         0xa00005e4       0x16 build/default/production/_ext/1020318379/Pin_State.o
                0xa00005e4                self
 *fill*         0xa00005fa        0x2 00
 COMMON         0xa00005fc       0x80 ../../../../../c-bowler/firmware/library/NR-Clib/development/c-bowler.X/dist/default/production/c-bowler.X.a(FlashStorage.o)
                0xa00005fc                flash
 *fill*         0xa000067c      0x184 00
 COMMON         0xa0000800       0xf7 ../../../../../c-bowler/firmware/library/NR-Clib/development/c-bowler.X/dist/default/production/c-bowler.X.a(usb_device.o)
                0xa0000800                BDT
                0xa0000880                CtrlTrfData
                0xa00008c0                pBDTEntryIn
                0xa00008d0                pBDTEntryOut
                0xa00008e0                USBInData
                0xa00008ec                outPipes
 *fill*         0xa00008f7        0x1 00
 COMMON         0xa00008f8       0x80 ../../../../../c-bowler/firmware/library/NR-Clib/development/c-bowler.X/dist/default/production/c-bowler.X.a(usb_function_cdc.o)
                0xa00008f8                cdc_data_tx
                0xa0000938                cdc_data_rx
                0xa0000978                . = ALIGN (0x4)
                0xa0000978                . = ALIGN (0x4)
                0xa0000978                _end = .
                0xa0000978                _bss_end = .
                0x00008000                _bmxdudba_address = 0x8000
                0x00008000                _bmxdupba_address = 0x8000

/DISCARD/
 *(.pdr)
 *(.reginfo)
 *(.rel.dyn)
 *(.note.GNU-stack)
 *(.note.GNU-stack)
 *(.gnu_debuglink)
 *(.gnu.lto_*)
 *(.discard)

.stab
 *(.stab)

.stabstr
 *(.stabstr)

.stab.excl
 *(.stab.excl)

.stab.exclstr
 *(.stab.exclstr)

.stab.index
 *(.stab.index)

.stab.indexstr
 *(.stab.indexstr)

.comment        0x00000000       0xb5
 *(.comment)
 .comment       0x00000000       0x33 build/default/production/_ext/1825615050/CartesianController.o
                                 0x34 (size before relaxing)
 .comment       0x00000000       0x34 build/default/production/_ext/1825615050/PID.o
 .comment       0x00000000       0x34 build/default/production/_ext/1978776677/DownStreamPackets.o
 .comment       0x00000000       0x34 build/default/production/_ext/1978776677/UpstreamPackets.o
 .comment       0x00000000       0x34 build/default/production/_ext/1978776677/AsyncManager.o
 .comment       0x00000000       0x34 build/default/production/_ext/1978776677/InitializationCallbacks.o
 .comment       0x00000000       0x34 build/default/production/_ext/2110062566/UartDMARx.o
 .comment       0x00000000       0x34 build/default/production/_ext/990863823/Counter.o
 .comment       0x00000000       0x34 build/default/production/_ext/990863823/Switches.o
 .comment       0x00000000       0x34 build/default/production/_ext/990863823/PPMReader.o
 .comment       0x00000000       0x34 build/default/production/_ext/990863823/EEPROMMannager.o
 .comment       0x00000000       0x34 build/default/production/_ext/990863823/CoProcCom.o
 .comment       0x00000000       0x34 build/default/production/_ext/990863823/SPI.o
 .comment       0x00000000       0x34 build/default/production/_ext/990863823/ADC.o
 .comment       0x00000000       0x34 build/default/production/_ext/990863823/AVRInterface.o
 .comment       0x00000000       0x34 build/default/production/_ext/990863823/SerialPassThrough.o
 .comment       0x00000000       0x34 build/default/production/_ext/990863823/DyIODataTableManager.o
 .comment       0x00000000       0x34 build/default/production/_ext/1020318379/ChannelMode.o
 .comment       0x00000000       0x34 build/default/production/_ext/1020318379/Pin_State.o
 .comment       0x00000000       0x34 build/default/production/_ext/1020318379/ChannelValues.o
 .comment       0x00000000       0x34 build/default/production/_ext/1020318379/ChannelConfig.o
 .comment       0x00000000       0x34 build/default/production/_ext/108654538/PinFunctions.o
 .comment       0x00000000       0x34 build/default/production/_ext/805493626/Abstract_bcs_io.o
 .comment       0x00000000       0x34 build/default/production/_ext/805493626/Debug_DyIO.o
 .comment       0x00000000       0x34 build/default/production/_ext/805493626/Namespace_bcs_io.o
 .comment       0x00000000       0x34 build/default/production/_ext/805493626/Bcs_IO_AdvancedAsync.o
 .comment       0x00000000       0x34 build/default/production/_ext/1051272628/Namespace_bcs_io_setmode.o
 .comment       0x00000000       0x34 build/default/production/_ext/1051272628/Abstract_bcs_io_setmode.o
 .comment       0x00000000       0x34 build/default/production/_ext/1281821416/Namespace_bcs_safe.o
 .comment       0x00000000       0x34 build/default/production/_ext/1281821416/Abstract_bsc_safe.o
 .comment       0x00000000       0x34 build/default/production/_ext/321196743/Namespace_bcs_pid_dypid.o
 .comment       0x00000000       0x34 build/default/production/_ext/321196743/Namespace_neuronrobotics_dyio.o
 .comment       0x00000000       0x34 build/default/production/_ext/1360937237/Main.o
 .comment       0x00000000       0x34 build/default/production/_ext/1360937237/DyIOMain.o
 .comment       0x00000000       0x34 ../../../../../c-bowler/firmware/library/NR-Clib/development/c-bowler.X/dist/default/production/c-bowler.X.a(Namespace_bcs_pid.o)
 .comment       0x00000000       0x34 ../../../../../c-bowler/firmware/library/NR-Clib/development/c-bowler.X/dist/default/production/c-bowler.X.a(AbstractPID.o)
 .comment       0x00000000       0x34 ../../../../../c-bowler/firmware/library/NR-Clib/development/c-bowler.X/dist/default/production/c-bowler.X.a(Debug.o)
 .comment       0x00000000       0x34 ../../../../../c-bowler/firmware/library/NR-Clib/development/c-bowler.X/dist/default/production/c-bowler.X.a(FIFO.o)
 .comment       0x00000000       0x34 ../../../../../c-bowler/firmware/library/NR-Clib/development/c-bowler.X/dist/default/production/c-bowler.X.a(Bowler_Helper.o)
 .comment       0x00000000       0x34 ../../../../../c-bowler/firmware/library/NR-Clib/development/c-bowler.X/dist/default/production/c-bowler.X.a(Scheduler.o)
 .comment       0x00000000       0x34 ../../../../../c-bowler/firmware/library/NR-Clib/development/c-bowler.X/dist/default/production/c-bowler.X.a(BowlerPacketParser.o)
 .comment       0x00000000       0x34 ../../../../../c-bowler/firmware/library/NR-Clib/development/c-bowler.X/dist/default/production/c-bowler.X.a(Namespace_bcs_core.o)
 .comment       0x00000000       0x34 ../../../../../c-bowler/firmware/library/NR-Clib/development/c-bowler.X/dist/default/production/c-bowler.X.a(Bowler_Server.o)
 .comment       0x00000000       0x34 ../../../../../c-bowler/firmware/library/NR-Clib/development/c-bowler.X/dist/default/production/c-bowler.X.a(LED.o)
 .comment       0x00000000       0x34 ../../../../../c-bowler/firmware/library/NR-Clib/development/c-bowler.X/dist/default/production/c-bowler.X.a(ADC.o)
 .comment       0x00000000       0x34 ../../../../../c-bowler/firmware/library/NR-Clib/development/c-bowler.X/dist/default/production/c-bowler.X.a(HAL_P32.o)
 .comment       0x00000000       0x34 ../../../../../c-bowler/firmware/library/NR-Clib/development/c-bowler.X/dist/default/production/c-bowler.X.a(Delay.o)
 .comment       0x00000000       0x34 ../../../../../c-bowler/firmware/library/NR-Clib/development/c-bowler.X/dist/default/production/c-bowler.X.a(Bowler_USB_HAL.o)
 .comment       0x00000000       0x34 ../../../../../c-bowler/firmware/library/NR-Clib/development/c-bowler.X/dist/default/production/c-bowler.X.a(FlashStorage.o)
 .comment       0x00000000       0x34 ../../../../../c-bowler/firmware/library/NR-Clib/development/c-bowler.X/dist/default/production/c-bowler.X.a(Bowler_UART_HAL.o)
 .comment       0x00000000       0x34 ../../../../../c-bowler/firmware/library/NR-Clib/development/c-bowler.X/dist/default/production/c-bowler.X.a(Tick.o)
 .comment       0x00000000       0x34 ../../../../../c-bowler/firmware/library/NR-Clib/development/c-bowler.X/dist/default/production/c-bowler.X.a(UART.o)
 .comment       0x00000000       0x34 ../../../../../c-bowler/firmware/library/NR-Clib/development/c-bowler.X/dist/default/production/c-bowler.X.a(usb_fifo.o)
 .comment       0x00000000       0x34 ../../../../../c-bowler/firmware/library/NR-Clib/development/c-bowler.X/dist/default/production/c-bowler.X.a(usb_device.o)
 .comment       0x00000000       0x34 ../../../../../c-bowler/firmware/library/NR-Clib/development/c-bowler.X/dist/default/production/c-bowler.X.a(PidRpc.o)
 .comment       0x00000000       0x34 ../../../../../c-bowler/firmware/library/NR-Clib/development/c-bowler.X/dist/default/production/c-bowler.X.a(PidHysteresis.o)
 .comment       0x00000000       0x34 ../../../../../c-bowler/firmware/library/NR-Clib/development/c-bowler.X/dist/default/production/c-bowler.X.a(PidAsync.o)
 .comment       0x00000000       0x34 ../../../../../c-bowler/firmware/library/NR-Clib/development/c-bowler.X/dist/default/production/c-bowler.X.a(Namespace_bcs_rpc.o)
 .comment       0x00000000       0x34 ../../../../../c-bowler/firmware/library/NR-Clib/development/c-bowler.X/dist/default/production/c-bowler.X.a(usb_callback.o)
 .comment       0x00000000       0x34 ../../../../../c-bowler/firmware/library/NR-Clib/development/c-bowler.X/dist/default/production/c-bowler.X.a(usb_function_cdc.o)
 .comment       0x00000000       0x34 ../../../../../c-bowler/firmware/library/NR-Clib/development/c-bowler.X/dist/default/production/c-bowler.X.a(usb_descriptors.o)
 .comment       0x00000000       0x34 ../../../../../c-bowler/firmware/library/NR-Clib/development/c-bowler.X/dist/default/production/c-bowler.X.a(PidVelocity.o)
 .comment       0x00000000       0x34 /opt/microchip/xc32/v1.00/bin/../lib/gcc/pic32mx/4.5.1/libgcc.a(floatunsisf.o)
 .comment       0x00000033       0x18 /opt/microchip/xc32/v1.00/bin/../lib/gcc/pic32mx/4.5.1/../../../../pic32mx/lib/libc.a(memset.o)
                                 0x19 (size before relaxing)
 .comment       0x0000004b       0x19 /opt/microchip/xc32/v1.00/bin/../lib/gcc/pic32mx/4.5.1/../../../../pic32mx/lib/libc.a(strcpy.o)
                                 0x1a (size before relaxing)
 .comment       0x00000000       0x34 /opt/microchip/xc32/v1.00/bin/../lib/gcc/pic32mx/4.5.1/../../../../pic32mx/lib/libc.a(default-bootstrap-exception-handler.o)
 .comment       0x00000000       0x34 /opt/microchip/xc32/v1.00/bin/../lib/gcc/pic32mx/4.5.1/../../../../pic32mx/lib/libc.a(default-on-reset.o)
 .comment       0x00000000       0x34 /opt/microchip/xc32/v1.00/bin/../lib/gcc/pic32mx/4.5.1/../../../../pic32mx/lib/libc.a(default-on-bootstrap.o)
 .comment       0x00000064       0x51 /opt/microchip/xc32/v1.00/bin/../lib/gcc/pic32mx/4.5.1/../../../../pic32mx/lib/libmchp_peripheral_32MX440F128H.a(soft_reset_lib.o)
                                 0x52 (size before relaxing)
 .comment       0x00000000       0x52 /opt/microchip/xc32/v1.00/bin/../lib/gcc/pic32mx/4.5.1/../../../../pic32mx/lib/libmchp_peripheral_32MX440F128H.a(int_enable_interrupts_lib.o)
 .comment       0x00000000       0x52 /opt/microchip/xc32/v1.00/bin/../lib/gcc/pic32mx/4.5.1/../../../../pic32mx/lib/libmchp_peripheral_32MX440F128H.a(int_disable_interrupts_lib.o)
 .comment       0x00000000       0x52 /opt/microchip/xc32/v1.00/bin/../lib/gcc/pic32mx/4.5.1/../../../../pic32mx/lib/libmchp_peripheral_32MX440F128H.a(int_enable_mv_int_lib.o)
 .comment       0x00000000       0x52 /opt/microchip/xc32/v1.00/bin/../lib/gcc/pic32mx/4.5.1/../../../../pic32mx/lib/libmchp_peripheral_32MX440F128H.a(int_tbl_lib.o)
 .comment       0x00000000       0x52 /opt/microchip/xc32/v1.00/bin/../lib/gcc/pic32mx/4.5.1/../../../../pic32mx/lib/libmchp_peripheral_32MX440F128H.a(spi_getc_spi2_lib_legacy.o)
 .comment       0x00000000       0x52 /opt/microchip/xc32/v1.00/bin/../lib/gcc/pic32mx/4.5.1/../../../../pic32mx/lib/libmchp_peripheral_32MX440F128H.a(spi_open_spi2_lib_legacy.o)
 .comment       0x00000000       0x52 /opt/microchip/xc32/v1.00/bin/../lib/gcc/pic32mx/4.5.1/../../../../pic32mx/lib/libmchp_peripheral_32MX440F128H.a(spi_brg_tbl_lib_legacy.o)
 .comment       0x00000000       0x52 /opt/microchip/xc32/v1.00/bin/../lib/gcc/pic32mx/4.5.1/../../../../pic32mx/lib/libmchp_peripheral_32MX440F128H.a(nvm_erase_page_lib.o)
 .comment       0x00000000       0x52 /opt/microchip/xc32/v1.00/bin/../lib/gcc/pic32mx/4.5.1/../../../../pic32mx/lib/libmchp_peripheral_32MX440F128H.a(nvm_operation_lib.o)
 .comment       0x00000000       0x52 /opt/microchip/xc32/v1.00/bin/../lib/gcc/pic32mx/4.5.1/../../../../pic32mx/lib/libmchp_peripheral_32MX440F128H.a(nvm_write_word_lib.o)
 .comment       0x00000000       0x52 /opt/microchip/xc32/v1.00/bin/../lib/gcc/pic32mx/4.5.1/../../../../pic32mx/lib/libmchp_peripheral_32MX440F128H.a(port_set_pins_digital_out_lib.o)
 .comment       0x00000000       0x52 /opt/microchip/xc32/v1.00/bin/../lib/gcc/pic32mx/4.5.1/../../../../pic32mx/lib/libmchp_peripheral_32MX440F128H.a(port_clear_bits_lib.o)
 .comment       0x00000000       0x52 /opt/microchip/xc32/v1.00/bin/../lib/gcc/pic32mx/4.5.1/../../../../pic32mx/lib/libmchp_peripheral_32MX440F128H.a(port_set_bits_lib.o)
 .comment       0x00000000       0x52 /opt/microchip/xc32/v1.00/bin/../lib/gcc/pic32mx/4.5.1/../../../../pic32mx/lib/libmchp_peripheral_32MX440F128H.a(_ports_tbl_libp.o)
 .comment       0x00000000       0x52 /opt/microchip/xc32/v1.00/bin/../lib/gcc/pic32mx/4.5.1/../../../../pic32mx/lib/libmchp_peripheral_32MX440F128H.a(uart_lib.o)
 .comment       0x00000000       0x52 /opt/microchip/xc32/v1.00/bin/../lib/gcc/pic32mx/4.5.1/../../../../pic32mx/lib/libmchp_peripheral_32MX440F128H.a(int_restore_interrupts_lib.o)

.debug
 *(.debug)

.line
 *(.line)

.debug_srcinfo
 *(.debug_srcinfo)

.debug_sfnames
 *(.debug_sfnames)

.debug_aranges  0x00000000      0xa58
 *(.debug_aranges)
 .debug_aranges
                0x00000000       0x20 build/default/production/_ext/1825615050/CartesianController.o
 .debug_aranges
                0x00000020       0x20 build/default/production/_ext/1825615050/PID.o
 .debug_aranges
                0x00000040       0x20 build/default/production/_ext/1978776677/DownStreamPackets.o
 .debug_aranges
                0x00000060       0x20 build/default/production/_ext/1978776677/UpstreamPackets.o
 .debug_aranges
                0x00000080       0x20 build/default/production/_ext/1978776677/AsyncManager.o
 .debug_aranges
                0x000000a0       0x20 build/default/production/_ext/1978776677/InitializationCallbacks.o
 .debug_aranges
                0x000000c0       0x20 build/default/production/_ext/990863823/Counter.o
 .debug_aranges
                0x000000e0       0x20 build/default/production/_ext/990863823/Switches.o
 .debug_aranges
                0x00000100       0x20 build/default/production/_ext/990863823/PPMReader.o
 .debug_aranges
                0x00000120       0x20 build/default/production/_ext/990863823/EEPROMMannager.o
 .debug_aranges
                0x00000140       0x20 build/default/production/_ext/990863823/CoProcCom.o
 .debug_aranges
                0x00000160       0x20 build/default/production/_ext/990863823/SPI.o
 .debug_aranges
                0x00000180       0x20 build/default/production/_ext/990863823/ADC.o
 .debug_aranges
                0x000001a0       0x20 build/default/production/_ext/990863823/AVRInterface.o
 .debug_aranges
                0x000001c0       0x20 build/default/production/_ext/990863823/SerialPassThrough.o
 .debug_aranges
                0x000001e0       0x20 build/default/production/_ext/990863823/DyIODataTableManager.o
 .debug_aranges
                0x00000200       0x20 build/default/production/_ext/1020318379/ChannelMode.o
 .debug_aranges
                0x00000220       0x20 build/default/production/_ext/1020318379/Pin_State.o
 .debug_aranges
                0x00000240       0x20 build/default/production/_ext/1020318379/ChannelValues.o
 .debug_aranges
                0x00000260       0x20 build/default/production/_ext/1020318379/ChannelConfig.o
 .debug_aranges
                0x00000280       0x20 build/default/production/_ext/108654538/PinFunctions.o
 .debug_aranges
                0x000002a0       0x20 build/default/production/_ext/805493626/Abstract_bcs_io.o
 .debug_aranges
                0x000002c0       0x20 build/default/production/_ext/805493626/Debug_DyIO.o
 .debug_aranges
                0x000002e0       0x20 build/default/production/_ext/805493626/Namespace_bcs_io.o
 .debug_aranges
                0x00000300       0x20 build/default/production/_ext/805493626/Bcs_IO_AdvancedAsync.o
 .debug_aranges
                0x00000320       0x20 build/default/production/_ext/1051272628/Namespace_bcs_io_setmode.o
 .debug_aranges
                0x00000340       0x20 build/default/production/_ext/1051272628/Abstract_bcs_io_setmode.o
 .debug_aranges
                0x00000360       0x20 build/default/production/_ext/1281821416/Namespace_bcs_safe.o
 .debug_aranges
                0x00000380       0x20 build/default/production/_ext/321196743/Namespace_bcs_pid_dypid.o
 .debug_aranges
                0x000003a0       0x20 build/default/production/_ext/321196743/Namespace_neuronrobotics_dyio.o
 .debug_aranges
                0x000003c0       0x20 build/default/production/_ext/1360937237/Main.o
 .debug_aranges
                0x000003e0       0x20 build/default/production/_ext/1360937237/DyIOMain.o
 .debug_aranges
                0x00000400       0x20 ../../../../../c-bowler/firmware/library/NR-Clib/development/c-bowler.X/dist/default/production/c-bowler.X.a(Namespace_bcs_pid.o)
 .debug_aranges
                0x00000420       0x20 ../../../../../c-bowler/firmware/library/NR-Clib/development/c-bowler.X/dist/default/production/c-bowler.X.a(AbstractPID.o)
 .debug_aranges
                0x00000440       0x20 ../../../../../c-bowler/firmware/library/NR-Clib/development/c-bowler.X/dist/default/production/c-bowler.X.a(Debug.o)
 .debug_aranges
                0x00000460       0x20 ../../../../../c-bowler/firmware/library/NR-Clib/development/c-bowler.X/dist/default/production/c-bowler.X.a(FIFO.o)
 .debug_aranges
                0x00000480       0x20 ../../../../../c-bowler/firmware/library/NR-Clib/development/c-bowler.X/dist/default/production/c-bowler.X.a(Bowler_Helper.o)
 .debug_aranges
                0x000004a0       0x20 ../../../../../c-bowler/firmware/library/NR-Clib/development/c-bowler.X/dist/default/production/c-bowler.X.a(Scheduler.o)
 .debug_aranges
                0x000004c0       0x20 ../../../../../c-bowler/firmware/library/NR-Clib/development/c-bowler.X/dist/default/production/c-bowler.X.a(BowlerPacketParser.o)
 .debug_aranges
                0x000004e0       0x20 ../../../../../c-bowler/firmware/library/NR-Clib/development/c-bowler.X/dist/default/production/c-bowler.X.a(Namespace_bcs_core.o)
 .debug_aranges
                0x00000500       0x20 ../../../../../c-bowler/firmware/library/NR-Clib/development/c-bowler.X/dist/default/production/c-bowler.X.a(Bowler_Server.o)
 .debug_aranges
                0x00000520       0x20 ../../../../../c-bowler/firmware/library/NR-Clib/development/c-bowler.X/dist/default/production/c-bowler.X.a(LED.o)
 .debug_aranges
                0x00000540       0x20 ../../../../../c-bowler/firmware/library/NR-Clib/development/c-bowler.X/dist/default/production/c-bowler.X.a(ADC.o)
 .debug_aranges
                0x00000560       0x20 ../../../../../c-bowler/firmware/library/NR-Clib/development/c-bowler.X/dist/default/production/c-bowler.X.a(HAL_P32.o)
 .debug_aranges
                0x00000580       0x20 ../../../../../c-bowler/firmware/library/NR-Clib/development/c-bowler.X/dist/default/production/c-bowler.X.a(Delay.o)
 .debug_aranges
                0x000005a0       0x20 ../../../../../c-bowler/firmware/library/NR-Clib/development/c-bowler.X/dist/default/production/c-bowler.X.a(Bowler_USB_HAL.o)
 .debug_aranges
                0x000005c0       0x20 ../../../../../c-bowler/firmware/library/NR-Clib/development/c-bowler.X/dist/default/production/c-bowler.X.a(FlashStorage.o)
 .debug_aranges
                0x000005e0       0x20 ../../../../../c-bowler/firmware/library/NR-Clib/development/c-bowler.X/dist/default/production/c-bowler.X.a(Bowler_UART_HAL.o)
 .debug_aranges
                0x00000600       0x20 ../../../../../c-bowler/firmware/library/NR-Clib/development/c-bowler.X/dist/default/production/c-bowler.X.a(Tick.o)
 .debug_aranges
                0x00000620       0x20 ../../../../../c-bowler/firmware/library/NR-Clib/development/c-bowler.X/dist/default/production/c-bowler.X.a(UART.o)
 .debug_aranges
                0x00000640       0x20 ../../../../../c-bowler/firmware/library/NR-Clib/development/c-bowler.X/dist/default/production/c-bowler.X.a(usb_fifo.o)
 .debug_aranges
                0x00000660       0x20 ../../../../../c-bowler/firmware/library/NR-Clib/development/c-bowler.X/dist/default/production/c-bowler.X.a(usb_device.o)
 .debug_aranges
                0x00000680       0x20 ../../../../../c-bowler/firmware/library/NR-Clib/development/c-bowler.X/dist/default/production/c-bowler.X.a(PidRpc.o)
 .debug_aranges
                0x000006a0       0x20 ../../../../../c-bowler/firmware/library/NR-Clib/development/c-bowler.X/dist/default/production/c-bowler.X.a(PidHysteresis.o)
 .debug_aranges
                0x000006c0       0x20 ../../../../../c-bowler/firmware/library/NR-Clib/development/c-bowler.X/dist/default/production/c-bowler.X.a(PidAsync.o)
 .debug_aranges
                0x000006e0       0x20 ../../../../../c-bowler/firmware/library/NR-Clib/development/c-bowler.X/dist/default/production/c-bowler.X.a(Namespace_bcs_rpc.o)
 .debug_aranges
                0x00000700       0x20 ../../../../../c-bowler/firmware/library/NR-Clib/development/c-bowler.X/dist/default/production/c-bowler.X.a(usb_callback.o)
 .debug_aranges
                0x00000720       0x20 ../../../../../c-bowler/firmware/library/NR-Clib/development/c-bowler.X/dist/default/production/c-bowler.X.a(usb_function_cdc.o)
 .debug_aranges
                0x00000740       0x20 ../../../../../c-bowler/firmware/library/NR-Clib/development/c-bowler.X/dist/default/production/c-bowler.X.a(usb_descriptors.o)
 .debug_aranges
                0x00000760       0x20 ../../../../../c-bowler/firmware/library/NR-Clib/development/c-bowler.X/dist/default/production/c-bowler.X.a(PidVelocity.o)
 .debug_aranges
                0x00000780       0x20 /opt/microchip/xc32/v1.00/bin/../lib/gcc/pic32mx/4.5.1/libgcc.a(floatunsisf.o)
 .debug_aranges
                0x000007a0       0x20 /opt/microchip/xc32/v1.00/bin/../lib/gcc/pic32mx/4.5.1/../../../../pic32mx/lib/libc.a(default-bootstrap-exception-handler.o)
 .debug_aranges
                0x000007c0       0x20 /opt/microchip/xc32/v1.00/bin/../lib/gcc/pic32mx/4.5.1/../../../../pic32mx/lib/libc.a(default-on-reset.o)
 .debug_aranges
                0x000007e0       0x20 /opt/microchip/xc32/v1.00/bin/../lib/gcc/pic32mx/4.5.1/../../../../pic32mx/lib/libc.a(default-on-bootstrap.o)
 .debug_aranges
                0x00000800       0x20 /opt/microchip/xc32/v1.00/bin/../lib/gcc/pic32mx/4.5.1/../../../../pic32mx/lib/libmchp_peripheral_32MX440F128H.a(soft_reset_lib.o)
 .debug_aranges
                0x00000820       0x20 /opt/microchip/xc32/v1.00/bin/../lib/gcc/pic32mx/4.5.1/../../../../pic32mx/lib/libmchp_peripheral_32MX440F128H.a(int_enable_interrupts_lib.o)
 .debug_aranges
                0x00000840       0x20 /opt/microchip/xc32/v1.00/bin/../lib/gcc/pic32mx/4.5.1/../../../../pic32mx/lib/libmchp_peripheral_32MX440F128H.a(int_disable_interrupts_lib.o)
 .debug_aranges
                0x00000860       0x20 /opt/microchip/xc32/v1.00/bin/../lib/gcc/pic32mx/4.5.1/../../../../pic32mx/lib/libmchp_peripheral_32MX440F128H.a(int_enable_mv_int_lib.o)
 .debug_aranges
                0x00000880       0x60 /opt/microchip/xc32/v1.00/bin/../lib/gcc/pic32mx/4.5.1/../../../../pic32mx/lib/libmchp_peripheral_32MX440F128H.a(int_tbl_lib.o)
 .debug_aranges
                0x000008e0       0x20 /opt/microchip/xc32/v1.00/bin/../lib/gcc/pic32mx/4.5.1/../../../../pic32mx/lib/libmchp_peripheral_32MX440F128H.a(spi_getc_spi2_lib_legacy.o)
 .debug_aranges
                0x00000900       0x20 /opt/microchip/xc32/v1.00/bin/../lib/gcc/pic32mx/4.5.1/../../../../pic32mx/lib/libmchp_peripheral_32MX440F128H.a(spi_open_spi2_lib_legacy.o)
 .debug_aranges
                0x00000920       0x20 /opt/microchip/xc32/v1.00/bin/../lib/gcc/pic32mx/4.5.1/../../../../pic32mx/lib/libmchp_peripheral_32MX440F128H.a(nvm_erase_page_lib.o)
 .debug_aranges
                0x00000940       0x20 /opt/microchip/xc32/v1.00/bin/../lib/gcc/pic32mx/4.5.1/../../../../pic32mx/lib/libmchp_peripheral_32MX440F128H.a(nvm_operation_lib.o)
 .debug_aranges
                0x00000960       0x20 /opt/microchip/xc32/v1.00/bin/../lib/gcc/pic32mx/4.5.1/../../../../pic32mx/lib/libmchp_peripheral_32MX440F128H.a(nvm_write_word_lib.o)
 .debug_aranges
                0x00000980       0x20 /opt/microchip/xc32/v1.00/bin/../lib/gcc/pic32mx/4.5.1/../../../../pic32mx/lib/libmchp_peripheral_32MX440F128H.a(port_set_pins_digital_out_lib.o)
 .debug_aranges
                0x000009a0       0x20 /opt/microchip/xc32/v1.00/bin/../lib/gcc/pic32mx/4.5.1/../../../../pic32mx/lib/libmchp_peripheral_32MX440F128H.a(port_clear_bits_lib.o)
 .debug_aranges
                0x000009c0       0x20 /opt/microchip/xc32/v1.00/bin/../lib/gcc/pic32mx/4.5.1/../../../../pic32mx/lib/libmchp_peripheral_32MX440F128H.a(port_set_bits_lib.o)
 .debug_aranges
                0x000009e0       0x58 /opt/microchip/xc32/v1.00/bin/../lib/gcc/pic32mx/4.5.1/../../../../pic32mx/lib/libmchp_peripheral_32MX440F128H.a(uart_lib.o)
 .debug_aranges
                0x00000a38       0x20 /opt/microchip/xc32/v1.00/bin/../lib/gcc/pic32mx/4.5.1/../../../../pic32mx/lib/libmchp_peripheral_32MX440F128H.a(int_restore_interrupts_lib.o)

.debug_pubnames
                0x00000000     0x3455
 *(.debug_pubnames)
 .debug_pubnames
                0x00000000       0xb3 build/default/production/_ext/1825615050/CartesianController.o
 .debug_pubnames
                0x000000b3       0xff build/default/production/_ext/1825615050/PID.o
 .debug_pubnames
                0x000001b2      0x1c3 build/default/production/_ext/1978776677/DownStreamPackets.o
 .debug_pubnames
                0x00000375       0x9c build/default/production/_ext/1978776677/UpstreamPackets.o
 .debug_pubnames
                0x00000411       0x4c build/default/production/_ext/1978776677/AsyncManager.o
 .debug_pubnames
                0x0000045d       0x54 build/default/production/_ext/1978776677/InitializationCallbacks.o
 .debug_pubnames
                0x000004b1      0x1f9 build/default/production/_ext/990863823/Counter.o
 .debug_pubnames
                0x000006aa       0x34 build/default/production/_ext/990863823/Switches.o
 .debug_pubnames
                0x000006de       0x9e build/default/production/_ext/990863823/PPMReader.o
 .debug_pubnames
                0x0000077c       0xa5 build/default/production/_ext/990863823/EEPROMMannager.o
 .debug_pubnames
                0x00000821      0x12e build/default/production/_ext/990863823/CoProcCom.o
 .debug_pubnames
                0x0000094f       0x74 build/default/production/_ext/990863823/SPI.o
 .debug_pubnames
                0x000009c3      0x123 build/default/production/_ext/990863823/ADC.o
 .debug_pubnames
                0x00000ae6       0xd0 build/default/production/_ext/990863823/AVRInterface.o
 .debug_pubnames
                0x00000bb6       0x2e build/default/production/_ext/990863823/SerialPassThrough.o
 .debug_pubnames
                0x00000be4       0x9f build/default/production/_ext/990863823/DyIODataTableManager.o
 .debug_pubnames
                0x00000c83       0x6f build/default/production/_ext/1020318379/ChannelMode.o
 .debug_pubnames
                0x00000cf2       0x28 build/default/production/_ext/1020318379/Pin_State.o
 .debug_pubnames
                0x00000d1a       0x92 build/default/production/_ext/1020318379/ChannelValues.o
 .debug_pubnames
                0x00000dac       0x24 build/default/production/_ext/1020318379/ChannelConfig.o
 .debug_pubnames
                0x00000dd0       0x26 build/default/production/_ext/108654538/PinFunctions.o
 .debug_pubnames
                0x00000df6      0x277 build/default/production/_ext/805493626/Abstract_bcs_io.o
 .debug_pubnames
                0x0000106d       0x44 build/default/production/_ext/805493626/Debug_DyIO.o
 .debug_pubnames
                0x000010b1       0x52 build/default/production/_ext/805493626/Namespace_bcs_io.o
 .debug_pubnames
                0x00001103      0x191 build/default/production/_ext/805493626/Bcs_IO_AdvancedAsync.o
 .debug_pubnames
                0x00001294       0x65 build/default/production/_ext/1051272628/Namespace_bcs_io_setmode.o
 .debug_pubnames
                0x000012f9       0xa6 build/default/production/_ext/1051272628/Abstract_bcs_io_setmode.o
 .debug_pubnames
                0x0000139f       0x86 build/default/production/_ext/1281821416/Namespace_bcs_safe.o
 .debug_pubnames
                0x00001425       0xa7 build/default/production/_ext/321196743/Namespace_bcs_pid_dypid.o
 .debug_pubnames
                0x000014cc      0x142 build/default/production/_ext/321196743/Namespace_neuronrobotics_dyio.o
 .debug_pubnames
                0x0000160e       0x1b build/default/production/_ext/1360937237/Main.o
 .debug_pubnames
                0x00001629       0x3f build/default/production/_ext/1360937237/DyIOMain.o
 .debug_pubnames
                0x00001668       0x48 ../../../../../c-bowler/firmware/library/NR-Clib/development/c-bowler.X/dist/default/production/c-bowler.X.a(Namespace_bcs_pid.o)
 .debug_pubnames
                0x000016b0      0x2df ../../../../../c-bowler/firmware/library/NR-Clib/development/c-bowler.X/dist/default/production/c-bowler.X.a(AbstractPID.o)
 .debug_pubnames
                0x0000198f      0x1be ../../../../../c-bowler/firmware/library/NR-Clib/development/c-bowler.X/dist/default/production/c-bowler.X.a(Debug.o)
 .debug_pubnames
                0x00001b4d      0x154 ../../../../../c-bowler/firmware/library/NR-Clib/development/c-bowler.X/dist/default/production/c-bowler.X.a(FIFO.o)
 .debug_pubnames
                0x00001ca1      0x136 ../../../../../c-bowler/firmware/library/NR-Clib/development/c-bowler.X/dist/default/production/c-bowler.X.a(Bowler_Helper.o)
 .debug_pubnames
                0x00001dd7       0x1f ../../../../../c-bowler/firmware/library/NR-Clib/development/c-bowler.X/dist/default/production/c-bowler.X.a(Scheduler.o)
 .debug_pubnames
                0x00001df6       0x9f ../../../../../c-bowler/firmware/library/NR-Clib/development/c-bowler.X/dist/default/production/c-bowler.X.a(BowlerPacketParser.o)
 .debug_pubnames
                0x00001e95       0xf3 ../../../../../c-bowler/firmware/library/NR-Clib/development/c-bowler.X/dist/default/production/c-bowler.X.a(Namespace_bcs_core.o)
 .debug_pubnames
                0x00001f88       0x9f ../../../../../c-bowler/firmware/library/NR-Clib/development/c-bowler.X/dist/default/production/c-bowler.X.a(Bowler_Server.o)
 .debug_pubnames
                0x00002027       0x50 ../../../../../c-bowler/firmware/library/NR-Clib/development/c-bowler.X/dist/default/production/c-bowler.X.a(LED.o)
 .debug_pubnames
                0x00002077       0x52 ../../../../../c-bowler/firmware/library/NR-Clib/development/c-bowler.X/dist/default/production/c-bowler.X.a(ADC.o)
 .debug_pubnames
                0x000020c9      0x10c ../../../../../c-bowler/firmware/library/NR-Clib/development/c-bowler.X/dist/default/production/c-bowler.X.a(HAL_P32.o)
 .debug_pubnames
                0x000021d5       0x5d ../../../../../c-bowler/firmware/library/NR-Clib/development/c-bowler.X/dist/default/production/c-bowler.X.a(Delay.o)
 .debug_pubnames
                0x00002232       0x4c ../../../../../c-bowler/firmware/library/NR-Clib/development/c-bowler.X/dist/default/production/c-bowler.X.a(Bowler_USB_HAL.o)
 .debug_pubnames
                0x0000227e      0x13a ../../../../../c-bowler/firmware/library/NR-Clib/development/c-bowler.X/dist/default/production/c-bowler.X.a(FlashStorage.o)
 .debug_pubnames
                0x000023b8       0xe8 ../../../../../c-bowler/firmware/library/NR-Clib/development/c-bowler.X/dist/default/production/c-bowler.X.a(Bowler_UART_HAL.o)
 .debug_pubnames
                0x000024a0       0x8d ../../../../../c-bowler/firmware/library/NR-Clib/development/c-bowler.X/dist/default/production/c-bowler.X.a(Tick.o)
 .debug_pubnames
                0x0000252d       0x4e ../../../../../c-bowler/firmware/library/NR-Clib/development/c-bowler.X/dist/default/production/c-bowler.X.a(UART.o)
 .debug_pubnames
                0x0000257b       0xfc ../../../../../c-bowler/firmware/library/NR-Clib/development/c-bowler.X/dist/default/production/c-bowler.X.a(usb_fifo.o)
 .debug_pubnames
                0x00002677      0x3d5 ../../../../../c-bowler/firmware/library/NR-Clib/development/c-bowler.X/dist/default/production/c-bowler.X.a(usb_device.o)
 .debug_pubnames
                0x00002a4c       0xb4 ../../../../../c-bowler/firmware/library/NR-Clib/development/c-bowler.X/dist/default/production/c-bowler.X.a(PidRpc.o)
 .debug_pubnames
                0x00002b00      0x109 ../../../../../c-bowler/firmware/library/NR-Clib/development/c-bowler.X/dist/default/production/c-bowler.X.a(PidHysteresis.o)
 .debug_pubnames
                0x00002c09       0x5f ../../../../../c-bowler/firmware/library/NR-Clib/development/c-bowler.X/dist/default/production/c-bowler.X.a(PidAsync.o)
 .debug_pubnames
                0x00002c68       0x3f ../../../../../c-bowler/firmware/library/NR-Clib/development/c-bowler.X/dist/default/production/c-bowler.X.a(Namespace_bcs_rpc.o)
 .debug_pubnames
                0x00002ca7       0xfc ../../../../../c-bowler/firmware/library/NR-Clib/development/c-bowler.X/dist/default/production/c-bowler.X.a(usb_callback.o)
 .debug_pubnames
                0x00002da3      0x1b1 ../../../../../c-bowler/firmware/library/NR-Clib/development/c-bowler.X/dist/default/production/c-bowler.X.a(usb_function_cdc.o)
 .debug_pubnames
                0x00002f54       0xc2 ../../../../../c-bowler/firmware/library/NR-Clib/development/c-bowler.X/dist/default/production/c-bowler.X.a(usb_descriptors.o)
 .debug_pubnames
                0x00003016       0x39 ../../../../../c-bowler/firmware/library/NR-Clib/development/c-bowler.X/dist/default/production/c-bowler.X.a(PidVelocity.o)
 .debug_pubnames
                0x0000304f       0x24 /opt/microchip/xc32/v1.00/bin/../lib/gcc/pic32mx/4.5.1/libgcc.a(floatunsisf.o)
 .debug_pubnames
                0x00003073       0x33 /opt/microchip/xc32/v1.00/bin/../lib/gcc/pic32mx/4.5.1/../../../../pic32mx/lib/libc.a(default-bootstrap-exception-handler.o)
 .debug_pubnames
                0x000030a6       0x20 /opt/microchip/xc32/v1.00/bin/../lib/gcc/pic32mx/4.5.1/../../../../pic32mx/lib/libc.a(default-on-reset.o)
 .debug_pubnames
                0x000030c6       0x24 /opt/microchip/xc32/v1.00/bin/../lib/gcc/pic32mx/4.5.1/../../../../pic32mx/lib/libc.a(default-on-bootstrap.o)
 .debug_pubnames
                0x000030ea       0x20 /opt/microchip/xc32/v1.00/bin/../lib/gcc/pic32mx/4.5.1/../../../../pic32mx/lib/libmchp_peripheral_32MX440F128H.a(soft_reset_lib.o)
 .debug_pubnames
                0x0000310a       0x2a /opt/microchip/xc32/v1.00/bin/../lib/gcc/pic32mx/4.5.1/../../../../pic32mx/lib/libmchp_peripheral_32MX440F128H.a(int_enable_interrupts_lib.o)
 .debug_pubnames
                0x00003134       0x2b /opt/microchip/xc32/v1.00/bin/../lib/gcc/pic32mx/4.5.1/../../../../pic32mx/lib/libmchp_peripheral_32MX440F128H.a(int_disable_interrupts_lib.o)
 .debug_pubnames
                0x0000315f       0x36 /opt/microchip/xc32/v1.00/bin/../lib/gcc/pic32mx/4.5.1/../../../../pic32mx/lib/libmchp_peripheral_32MX440F128H.a(int_enable_mv_int_lib.o)
 .debug_pubnames
                0x00003195       0xca /opt/microchip/xc32/v1.00/bin/../lib/gcc/pic32mx/4.5.1/../../../../pic32mx/lib/libmchp_peripheral_32MX440F128H.a(int_tbl_lib.o)
 .debug_pubnames
                0x0000325f       0x1f /opt/microchip/xc32/v1.00/bin/../lib/gcc/pic32mx/4.5.1/../../../../pic32mx/lib/libmchp_peripheral_32MX440F128H.a(spi_getc_spi2_lib_legacy.o)
 .debug_pubnames
                0x0000327e       0x1f /opt/microchip/xc32/v1.00/bin/../lib/gcc/pic32mx/4.5.1/../../../../pic32mx/lib/libmchp_peripheral_32MX440F128H.a(spi_open_spi2_lib_legacy.o)
 .debug_pubnames
                0x0000329d       0x23 /opt/microchip/xc32/v1.00/bin/../lib/gcc/pic32mx/4.5.1/../../../../pic32mx/lib/libmchp_peripheral_32MX440F128H.a(nvm_erase_page_lib.o)
 .debug_pubnames
                0x000032c0       0x24 /opt/microchip/xc32/v1.00/bin/../lib/gcc/pic32mx/4.5.1/../../../../pic32mx/lib/libmchp_peripheral_32MX440F128H.a(nvm_operation_lib.o)
 .debug_pubnames
                0x000032e4       0x23 /opt/microchip/xc32/v1.00/bin/../lib/gcc/pic32mx/4.5.1/../../../../pic32mx/lib/libmchp_peripheral_32MX440F128H.a(nvm_write_word_lib.o)
 .debug_pubnames
                0x00003307       0x2c /opt/microchip/xc32/v1.00/bin/../lib/gcc/pic32mx/4.5.1/../../../../pic32mx/lib/libmchp_peripheral_32MX440F128H.a(port_set_pins_digital_out_lib.o)
 .debug_pubnames
                0x00003333       0x24 /opt/microchip/xc32/v1.00/bin/../lib/gcc/pic32mx/4.5.1/../../../../pic32mx/lib/libmchp_peripheral_32MX440F128H.a(port_clear_bits_lib.o)
 .debug_pubnames
                0x00003357       0x22 /opt/microchip/xc32/v1.00/bin/../lib/gcc/pic32mx/4.5.1/../../../../pic32mx/lib/libmchp_peripheral_32MX440F128H.a(port_set_bits_lib.o)
 .debug_pubnames
                0x00003379       0xb1 /opt/microchip/xc32/v1.00/bin/../lib/gcc/pic32mx/4.5.1/../../../../pic32mx/lib/libmchp_peripheral_32MX440F128H.a(uart_lib.o)
 .debug_pubnames
                0x0000342a       0x2b /opt/microchip/xc32/v1.00/bin/../lib/gcc/pic32mx/4.5.1/../../../../pic32mx/lib/libmchp_peripheral_32MX440F128H.a(int_restore_interrupts_lib.o)

.debug_info     0x00000000    0x5a29c
 *(.debug_info .gnu.linkonce.wi.*)
 .debug_info    0x00000000     0x1238 build/default/production/_ext/1825615050/CartesianController.o
 .debug_info    0x00001238     0x1f71 build/default/production/_ext/1825615050/PID.o
 .debug_info    0x000031a9     0x1c5f build/default/production/_ext/1978776677/DownStreamPackets.o
 .debug_info    0x00004e08     0x1719 build/default/production/_ext/1978776677/UpstreamPackets.o
 .debug_info    0x00006521     0x13a1 build/default/production/_ext/1978776677/AsyncManager.o
 .debug_info    0x000078c2     0x1e50 build/default/production/_ext/1978776677/InitializationCallbacks.o
 .debug_info    0x00009712      0xf5c build/default/production/_ext/2110062566/UartDMARx.o
 .debug_info    0x0000a66e     0x215c build/default/production/_ext/990863823/Counter.o
 .debug_info    0x0000c7ca     0x136e build/default/production/_ext/990863823/Switches.o
 .debug_info    0x0000db38     0x1ac9 build/default/production/_ext/990863823/PPMReader.o
 .debug_info    0x0000f601     0x1ab4 build/default/production/_ext/990863823/EEPROMMannager.o
 .debug_info    0x000110b5     0x2bb8 build/default/production/_ext/990863823/CoProcCom.o
 .debug_info    0x00013c6d     0x1620 build/default/production/_ext/990863823/SPI.o
 .debug_info    0x0001528d     0x167b build/default/production/_ext/990863823/ADC.o
 .debug_info    0x00016908     0x12ce build/default/production/_ext/990863823/AVRInterface.o
 .debug_info    0x00017bd6     0x112c build/default/production/_ext/990863823/SerialPassThrough.o
 .debug_info    0x00018d02     0x16e8 build/default/production/_ext/990863823/DyIODataTableManager.o
 .debug_info    0x0001a3ea     0x135b build/default/production/_ext/1020318379/ChannelMode.o
 .debug_info    0x0001b745     0x1337 build/default/production/_ext/1020318379/Pin_State.o
 .debug_info    0x0001ca7c     0x12f9 build/default/production/_ext/1020318379/ChannelValues.o
 .debug_info    0x0001dd75     0x1147 build/default/production/_ext/1020318379/ChannelConfig.o
 .debug_info    0x0001eebc     0x1610 build/default/production/_ext/108654538/PinFunctions.o
 .debug_info    0x000204cc     0x20fa build/default/production/_ext/805493626/Abstract_bcs_io.o
 .debug_info    0x000225c6     0x1302 build/default/production/_ext/805493626/Debug_DyIO.o
 .debug_info    0x000238c8     0x1828 build/default/production/_ext/805493626/Namespace_bcs_io.o
 .debug_info    0x000250f0     0x1a30 build/default/production/_ext/805493626/Bcs_IO_AdvancedAsync.o
 .debug_info    0x00026b20     0x171e build/default/production/_ext/1051272628/Namespace_bcs_io_setmode.o
 .debug_info    0x0002823e     0x15fc build/default/production/_ext/1051272628/Abstract_bcs_io_setmode.o
 .debug_info    0x0002983a     0x1813 build/default/production/_ext/1281821416/Namespace_bcs_safe.o
 .debug_info    0x0002b04d      0xf6b build/default/production/_ext/1281821416/Abstract_bsc_safe.o
 .debug_info    0x0002bfb8     0x1821 build/default/production/_ext/321196743/Namespace_bcs_pid_dypid.o
 .debug_info    0x0002d7d9     0x1afb build/default/production/_ext/321196743/Namespace_neuronrobotics_dyio.o
 .debug_info    0x0002f2d4      0xf63 build/default/production/_ext/1360937237/Main.o
 .debug_info    0x00030237     0x1611 build/default/production/_ext/1360937237/DyIOMain.o
 .debug_info    0x00031848     0x1798 ../../../../../c-bowler/firmware/library/NR-Clib/development/c-bowler.X/dist/default/production/c-bowler.X.a(Namespace_bcs_pid.o)
 .debug_info    0x00032fe0     0x143b ../../../../../c-bowler/firmware/library/NR-Clib/development/c-bowler.X/dist/default/production/c-bowler.X.a(AbstractPID.o)
 .debug_info    0x0003441b     0x1b05 ../../../../../c-bowler/firmware/library/NR-Clib/development/c-bowler.X/dist/default/production/c-bowler.X.a(Debug.o)
 .debug_info    0x00035f20     0x17d1 ../../../../../c-bowler/firmware/library/NR-Clib/development/c-bowler.X/dist/default/production/c-bowler.X.a(FIFO.o)
 .debug_info    0x000376f1     0x1971 ../../../../../c-bowler/firmware/library/NR-Clib/development/c-bowler.X/dist/default/production/c-bowler.X.a(Bowler_Helper.o)
 .debug_info    0x00039062     0x100b ../../../../../c-bowler/firmware/library/NR-Clib/development/c-bowler.X/dist/default/production/c-bowler.X.a(Scheduler.o)
 .debug_info    0x0003a06d     0x1505 ../../../../../c-bowler/firmware/library/NR-Clib/development/c-bowler.X/dist/default/production/c-bowler.X.a(BowlerPacketParser.o)
 .debug_info    0x0003b572     0x19c7 ../../../../../c-bowler/firmware/library/NR-Clib/development/c-bowler.X/dist/default/production/c-bowler.X.a(Namespace_bcs_core.o)
 .debug_info    0x0003cf39     0x190e ../../../../../c-bowler/firmware/library/NR-Clib/development/c-bowler.X/dist/default/production/c-bowler.X.a(Bowler_Server.o)
 .debug_info    0x0003e847     0x1170 ../../../../../c-bowler/firmware/library/NR-Clib/development/c-bowler.X/dist/default/production/c-bowler.X.a(LED.o)
 .debug_info    0x0003f9b7     0x1b7b ../../../../../c-bowler/firmware/library/NR-Clib/development/c-bowler.X/dist/default/production/c-bowler.X.a(ADC.o)
 .debug_info    0x00041532     0x190e ../../../../../c-bowler/firmware/library/NR-Clib/development/c-bowler.X/dist/default/production/c-bowler.X.a(HAL_P32.o)
 .debug_info    0x00042e40     0x107b ../../../../../c-bowler/firmware/library/NR-Clib/development/c-bowler.X/dist/default/production/c-bowler.X.a(Delay.o)
 .debug_info    0x00043ebb     0x105b ../../../../../c-bowler/firmware/library/NR-Clib/development/c-bowler.X/dist/default/production/c-bowler.X.a(Bowler_USB_HAL.o)
 .debug_info    0x00044f16     0x175a ../../../../../c-bowler/firmware/library/NR-Clib/development/c-bowler.X/dist/default/production/c-bowler.X.a(FlashStorage.o)
 .debug_info    0x00046670     0x2512 ../../../../../c-bowler/firmware/library/NR-Clib/development/c-bowler.X/dist/default/production/c-bowler.X.a(Bowler_UART_HAL.o)
 .debug_info    0x00048b82     0x1463 ../../../../../c-bowler/firmware/library/NR-Clib/development/c-bowler.X/dist/default/production/c-bowler.X.a(Tick.o)
 .debug_info    0x00049fe5     0x16be ../../../../../c-bowler/firmware/library/NR-Clib/development/c-bowler.X/dist/default/production/c-bowler.X.a(UART.o)
 .debug_info    0x0004b6a3     0x1b42 ../../../../../c-bowler/firmware/library/NR-Clib/development/c-bowler.X/dist/default/production/c-bowler.X.a(usb_fifo.o)
 .debug_info    0x0004d1e5     0x3634 ../../../../../c-bowler/firmware/library/NR-Clib/development/c-bowler.X/dist/default/production/c-bowler.X.a(usb_device.o)
 .debug_info    0x00050819      0x5b9 ../../../../../c-bowler/firmware/library/NR-Clib/development/c-bowler.X/dist/default/production/c-bowler.X.a(PidRpc.o)
 .debug_info    0x00050dd2      0x59a ../../../../../c-bowler/firmware/library/NR-Clib/development/c-bowler.X/dist/default/production/c-bowler.X.a(PidHysteresis.o)
 .debug_info    0x0005136c      0x6a2 ../../../../../c-bowler/firmware/library/NR-Clib/development/c-bowler.X/dist/default/production/c-bowler.X.a(PidAsync.o)
 .debug_info    0x00051a0e     0x1806 ../../../../../c-bowler/firmware/library/NR-Clib/development/c-bowler.X/dist/default/production/c-bowler.X.a(Namespace_bcs_rpc.o)
 .debug_info    0x00053214     0x1c54 ../../../../../c-bowler/firmware/library/NR-Clib/development/c-bowler.X/dist/default/production/c-bowler.X.a(usb_callback.o)
 .debug_info    0x00054e68     0x28f8 ../../../../../c-bowler/firmware/library/NR-Clib/development/c-bowler.X/dist/default/production/c-bowler.X.a(usb_function_cdc.o)
 .debug_info    0x00057760     0x1690 ../../../../../c-bowler/firmware/library/NR-Clib/development/c-bowler.X/dist/default/production/c-bowler.X.a(usb_descriptors.o)
 .debug_info    0x00058df0      0x406 ../../../../../c-bowler/firmware/library/NR-Clib/development/c-bowler.X/dist/default/production/c-bowler.X.a(PidVelocity.o)
 .debug_info    0x000591f6      0x146 /opt/microchip/xc32/v1.00/bin/../lib/gcc/pic32mx/4.5.1/libgcc.a(floatunsisf.o)
 .debug_info    0x0005933c       0xcb /opt/microchip/xc32/v1.00/bin/../lib/gcc/pic32mx/4.5.1/../../../../pic32mx/lib/libc.a(default-bootstrap-exception-handler.o)
 .debug_info    0x00059407       0xa5 /opt/microchip/xc32/v1.00/bin/../lib/gcc/pic32mx/4.5.1/../../../../pic32mx/lib/libc.a(default-on-reset.o)
 .debug_info    0x000594ac       0xad /opt/microchip/xc32/v1.00/bin/../lib/gcc/pic32mx/4.5.1/../../../../pic32mx/lib/libc.a(default-on-bootstrap.o)
 .debug_info    0x00059559       0xc7 /opt/microchip/xc32/v1.00/bin/../lib/gcc/pic32mx/4.5.1/../../../../pic32mx/lib/libmchp_peripheral_32MX440F128H.a(soft_reset_lib.o)
 .debug_info    0x00059620       0xc9 /opt/microchip/xc32/v1.00/bin/../lib/gcc/pic32mx/4.5.1/../../../../pic32mx/lib/libmchp_peripheral_32MX440F128H.a(int_enable_interrupts_lib.o)
 .debug_info    0x000596e9       0xcb /opt/microchip/xc32/v1.00/bin/../lib/gcc/pic32mx/4.5.1/../../../../pic32mx/lib/libmchp_peripheral_32MX440F128H.a(int_disable_interrupts_lib.o)
 .debug_info    0x000597b4       0xd1 /opt/microchip/xc32/v1.00/bin/../lib/gcc/pic32mx/4.5.1/../../../../pic32mx/lib/libmchp_peripheral_32MX440F128H.a(int_enable_mv_int_lib.o)
 .debug_info    0x00059885      0x1ab /opt/microchip/xc32/v1.00/bin/../lib/gcc/pic32mx/4.5.1/../../../../pic32mx/lib/libmchp_peripheral_32MX440F128H.a(int_tbl_lib.o)
 .debug_info    0x00059a30       0xbd /opt/microchip/xc32/v1.00/bin/../lib/gcc/pic32mx/4.5.1/../../../../pic32mx/lib/libmchp_peripheral_32MX440F128H.a(spi_getc_spi2_lib_legacy.o)
 .debug_info    0x00059aed       0xbd /opt/microchip/xc32/v1.00/bin/../lib/gcc/pic32mx/4.5.1/../../../../pic32mx/lib/libmchp_peripheral_32MX440F128H.a(spi_open_spi2_lib_legacy.o)
 .debug_info    0x00059baa        0x0 /opt/microchip/xc32/v1.00/bin/../lib/gcc/pic32mx/4.5.1/../../../../pic32mx/lib/libmchp_peripheral_32MX440F128H.a(spi_brg_tbl_lib_legacy.o)
 .debug_info    0x00059baa       0xbb /opt/microchip/xc32/v1.00/bin/../lib/gcc/pic32mx/4.5.1/../../../../pic32mx/lib/libmchp_peripheral_32MX440F128H.a(nvm_erase_page_lib.o)
 .debug_info    0x00059c65       0xdc /opt/microchip/xc32/v1.00/bin/../lib/gcc/pic32mx/4.5.1/../../../../pic32mx/lib/libmchp_peripheral_32MX440F128H.a(nvm_operation_lib.o)
 .debug_info    0x00059d41       0xbb /opt/microchip/xc32/v1.00/bin/../lib/gcc/pic32mx/4.5.1/../../../../pic32mx/lib/libmchp_peripheral_32MX440F128H.a(nvm_write_word_lib.o)
 .debug_info    0x00059dfc       0xd1 /opt/microchip/xc32/v1.00/bin/../lib/gcc/pic32mx/4.5.1/../../../../pic32mx/lib/libmchp_peripheral_32MX440F128H.a(port_set_pins_digital_out_lib.o)
 .debug_info    0x00059ecd       0xbf /opt/microchip/xc32/v1.00/bin/../lib/gcc/pic32mx/4.5.1/../../../../pic32mx/lib/libmchp_peripheral_32MX440F128H.a(port_clear_bits_lib.o)
 .debug_info    0x00059f8c       0xbb /opt/microchip/xc32/v1.00/bin/../lib/gcc/pic32mx/4.5.1/../../../../pic32mx/lib/libmchp_peripheral_32MX440F128H.a(port_set_bits_lib.o)
 .debug_info    0x0005a047        0x0 /opt/microchip/xc32/v1.00/bin/../lib/gcc/pic32mx/4.5.1/../../../../pic32mx/lib/libmchp_peripheral_32MX440F128H.a(_ports_tbl_libp.o)
 .debug_info    0x0005a047      0x18a /opt/microchip/xc32/v1.00/bin/../lib/gcc/pic32mx/4.5.1/../../../../pic32mx/lib/libmchp_peripheral_32MX440F128H.a(uart_lib.o)
 .debug_info    0x0005a1d1       0xcb /opt/microchip/xc32/v1.00/bin/../lib/gcc/pic32mx/4.5.1/../../../../pic32mx/lib/libmchp_peripheral_32MX440F128H.a(int_restore_interrupts_lib.o)

.debug_abbrev   0x00000000     0x8bd6
 *(.debug_abbrev)
 .debug_abbrev  0x00000000      0x205 build/default/production/_ext/1825615050/CartesianController.o
 .debug_abbrev  0x00000205      0x2a7 build/default/production/_ext/1825615050/PID.o
 .debug_abbrev  0x000004ac      0x31b build/default/production/_ext/1978776677/DownStreamPackets.o
 .debug_abbrev  0x000007c7      0x25f build/default/production/_ext/1978776677/UpstreamPackets.o
 .debug_abbrev  0x00000a26      0x24d build/default/production/_ext/1978776677/AsyncManager.o
 .debug_abbrev  0x00000c73      0x27c build/default/production/_ext/1978776677/InitializationCallbacks.o
 .debug_abbrev  0x00000eef      0x166 build/default/production/_ext/2110062566/UartDMARx.o
 .debug_abbrev  0x00001055      0x300 build/default/production/_ext/990863823/Counter.o
 .debug_abbrev  0x00001355      0x1f1 build/default/production/_ext/990863823/Switches.o
 .debug_abbrev  0x00001546      0x260 build/default/production/_ext/990863823/PPMReader.o
 .debug_abbrev  0x000017a6      0x249 build/default/production/_ext/990863823/EEPROMMannager.o
 .debug_abbrev  0x000019ef      0x3ad build/default/production/_ext/990863823/CoProcCom.o
 .debug_abbrev  0x00001d9c      0x23a build/default/production/_ext/990863823/SPI.o
 .debug_abbrev  0x00001fd6      0x271 build/default/production/_ext/990863823/ADC.o
 .debug_abbrev  0x00002247      0x1f4 build/default/production/_ext/990863823/AVRInterface.o
 .debug_abbrev  0x0000243b      0x1d6 build/default/production/_ext/990863823/SerialPassThrough.o
 .debug_abbrev  0x00002611      0x2bb build/default/production/_ext/990863823/DyIODataTableManager.o
 .debug_abbrev  0x000028cc      0x20c build/default/production/_ext/1020318379/ChannelMode.o
 .debug_abbrev  0x00002ad8      0x1da build/default/production/_ext/1020318379/Pin_State.o
 .debug_abbrev  0x00002cb2      0x20a build/default/production/_ext/1020318379/ChannelValues.o
 .debug_abbrev  0x00002ebc      0x1f0 build/default/production/_ext/1020318379/ChannelConfig.o
 .debug_abbrev  0x000030ac      0x1d8 build/default/production/_ext/108654538/PinFunctions.o
 .debug_abbrev  0x00003284      0x34f build/default/production/_ext/805493626/Abstract_bcs_io.o
 .debug_abbrev  0x000035d3      0x1f9 build/default/production/_ext/805493626/Debug_DyIO.o
 .debug_abbrev  0x000037cc      0x253 build/default/production/_ext/805493626/Namespace_bcs_io.o
 .debug_abbrev  0x00003a1f      0x2c5 build/default/production/_ext/805493626/Bcs_IO_AdvancedAsync.o
 .debug_abbrev  0x00003ce4      0x244 build/default/production/_ext/1051272628/Namespace_bcs_io_setmode.o
 .debug_abbrev  0x00003f28      0x246 build/default/production/_ext/1051272628/Abstract_bcs_io_setmode.o
 .debug_abbrev  0x0000416e      0x28d build/default/production/_ext/1281821416/Namespace_bcs_safe.o
 .debug_abbrev  0x000043fb      0x166 build/default/production/_ext/1281821416/Abstract_bsc_safe.o
 .debug_abbrev  0x00004561      0x280 build/default/production/_ext/321196743/Namespace_bcs_pid_dypid.o
 .debug_abbrev  0x000047e1      0x313 build/default/production/_ext/321196743/Namespace_neuronrobotics_dyio.o
 .debug_abbrev  0x00004af4      0x17d build/default/production/_ext/1360937237/Main.o
 .debug_abbrev  0x00004c71      0x232 build/default/production/_ext/1360937237/DyIOMain.o
 .debug_abbrev  0x00004ea3      0x233 ../../../../../c-bowler/firmware/library/NR-Clib/development/c-bowler.X/dist/default/production/c-bowler.X.a(Namespace_bcs_pid.o)
 .debug_abbrev  0x000050d6      0x24c ../../../../../c-bowler/firmware/library/NR-Clib/development/c-bowler.X/dist/default/production/c-bowler.X.a(AbstractPID.o)
 .debug_abbrev  0x00005322      0x2a1 ../../../../../c-bowler/firmware/library/NR-Clib/development/c-bowler.X/dist/default/production/c-bowler.X.a(Debug.o)
 .debug_abbrev  0x000055c3      0x23d ../../../../../c-bowler/firmware/library/NR-Clib/development/c-bowler.X/dist/default/production/c-bowler.X.a(FIFO.o)
 .debug_abbrev  0x00005800      0x23d ../../../../../c-bowler/firmware/library/NR-Clib/development/c-bowler.X/dist/default/production/c-bowler.X.a(Bowler_Helper.o)
 .debug_abbrev  0x00005a3d      0x1ac ../../../../../c-bowler/firmware/library/NR-Clib/development/c-bowler.X/dist/default/production/c-bowler.X.a(Scheduler.o)
 .debug_abbrev  0x00005be9      0x235 ../../../../../c-bowler/firmware/library/NR-Clib/development/c-bowler.X/dist/default/production/c-bowler.X.a(BowlerPacketParser.o)
 .debug_abbrev  0x00005e1e      0x299 ../../../../../c-bowler/firmware/library/NR-Clib/development/c-bowler.X/dist/default/production/c-bowler.X.a(Namespace_bcs_core.o)
 .debug_abbrev  0x000060b7      0x2a6 ../../../../../c-bowler/firmware/library/NR-Clib/development/c-bowler.X/dist/default/production/c-bowler.X.a(Bowler_Server.o)
 .debug_abbrev  0x0000635d      0x1b7 ../../../../../c-bowler/firmware/library/NR-Clib/development/c-bowler.X/dist/default/production/c-bowler.X.a(LED.o)
 .debug_abbrev  0x00006514      0x1db ../../../../../c-bowler/firmware/library/NR-Clib/development/c-bowler.X/dist/default/production/c-bowler.X.a(ADC.o)
 .debug_abbrev  0x000066ef      0x289 ../../../../../c-bowler/firmware/library/NR-Clib/development/c-bowler.X/dist/default/production/c-bowler.X.a(HAL_P32.o)
 .debug_abbrev  0x00006978      0x1b0 ../../../../../c-bowler/firmware/library/NR-Clib/development/c-bowler.X/dist/default/production/c-bowler.X.a(Delay.o)
 .debug_abbrev  0x00006b28      0x1d4 ../../../../../c-bowler/firmware/library/NR-Clib/development/c-bowler.X/dist/default/production/c-bowler.X.a(Bowler_USB_HAL.o)
 .debug_abbrev  0x00006cfc      0x24f ../../../../../c-bowler/firmware/library/NR-Clib/development/c-bowler.X/dist/default/production/c-bowler.X.a(FlashStorage.o)
 .debug_abbrev  0x00006f4b      0x270 ../../../../../c-bowler/firmware/library/NR-Clib/development/c-bowler.X/dist/default/production/c-bowler.X.a(Bowler_UART_HAL.o)
 .debug_abbrev  0x000071bb      0x20b ../../../../../c-bowler/firmware/library/NR-Clib/development/c-bowler.X/dist/default/production/c-bowler.X.a(Tick.o)
 .debug_abbrev  0x000073c6      0x231 ../../../../../c-bowler/firmware/library/NR-Clib/development/c-bowler.X/dist/default/production/c-bowler.X.a(UART.o)
 .debug_abbrev  0x000075f7      0x289 ../../../../../c-bowler/firmware/library/NR-Clib/development/c-bowler.X/dist/default/production/c-bowler.X.a(usb_fifo.o)
 .debug_abbrev  0x00007880      0x2c0 ../../../../../c-bowler/firmware/library/NR-Clib/development/c-bowler.X/dist/default/production/c-bowler.X.a(usb_device.o)
 .debug_abbrev  0x00007b40      0x13d ../../../../../c-bowler/firmware/library/NR-Clib/development/c-bowler.X/dist/default/production/c-bowler.X.a(PidRpc.o)
 .debug_abbrev  0x00007c7d       0xce ../../../../../c-bowler/firmware/library/NR-Clib/development/c-bowler.X/dist/default/production/c-bowler.X.a(PidHysteresis.o)
 .debug_abbrev  0x00007d4b      0x14b ../../../../../c-bowler/firmware/library/NR-Clib/development/c-bowler.X/dist/default/production/c-bowler.X.a(PidAsync.o)
 .debug_abbrev  0x00007e96      0x251 ../../../../../c-bowler/firmware/library/NR-Clib/development/c-bowler.X/dist/default/production/c-bowler.X.a(Namespace_bcs_rpc.o)
 .debug_abbrev  0x000080e7      0x23e ../../../../../c-bowler/firmware/library/NR-Clib/development/c-bowler.X/dist/default/production/c-bowler.X.a(usb_callback.o)
 .debug_abbrev  0x00008325      0x2e3 ../../../../../c-bowler/firmware/library/NR-Clib/development/c-bowler.X/dist/default/production/c-bowler.X.a(usb_function_cdc.o)
 .debug_abbrev  0x00008608      0x209 ../../../../../c-bowler/firmware/library/NR-Clib/development/c-bowler.X/dist/default/production/c-bowler.X.a(usb_descriptors.o)
 .debug_abbrev  0x00008811       0x97 ../../../../../c-bowler/firmware/library/NR-Clib/development/c-bowler.X/dist/default/production/c-bowler.X.a(PidVelocity.o)
 .debug_abbrev  0x000088a8       0x61 /opt/microchip/xc32/v1.00/bin/../lib/gcc/pic32mx/4.5.1/libgcc.a(floatunsisf.o)
 .debug_abbrev  0x00008909       0x25 /opt/microchip/xc32/v1.00/bin/../lib/gcc/pic32mx/4.5.1/../../../../pic32mx/lib/libc.a(default-bootstrap-exception-handler.o)
 .debug_abbrev  0x0000892e       0x25 /opt/microchip/xc32/v1.00/bin/../lib/gcc/pic32mx/4.5.1/../../../../pic32mx/lib/libc.a(default-on-reset.o)
 .debug_abbrev  0x00008953       0x25 /opt/microchip/xc32/v1.00/bin/../lib/gcc/pic32mx/4.5.1/../../../../pic32mx/lib/libc.a(default-on-bootstrap.o)
 .debug_abbrev  0x00008978       0x34 /opt/microchip/xc32/v1.00/bin/../lib/gcc/pic32mx/4.5.1/../../../../pic32mx/lib/libmchp_peripheral_32MX440F128H.a(soft_reset_lib.o)
 .debug_abbrev  0x000089ac       0x25 /opt/microchip/xc32/v1.00/bin/../lib/gcc/pic32mx/4.5.1/../../../../pic32mx/lib/libmchp_peripheral_32MX440F128H.a(int_enable_interrupts_lib.o)
 .debug_abbrev  0x000089d1       0x25 /opt/microchip/xc32/v1.00/bin/../lib/gcc/pic32mx/4.5.1/../../../../pic32mx/lib/libmchp_peripheral_32MX440F128H.a(int_disable_interrupts_lib.o)
 .debug_abbrev  0x000089f6       0x25 /opt/microchip/xc32/v1.00/bin/../lib/gcc/pic32mx/4.5.1/../../../../pic32mx/lib/libmchp_peripheral_32MX440F128H.a(int_enable_mv_int_lib.o)
 .debug_abbrev  0x00008a1b       0x25 /opt/microchip/xc32/v1.00/bin/../lib/gcc/pic32mx/4.5.1/../../../../pic32mx/lib/libmchp_peripheral_32MX440F128H.a(int_tbl_lib.o)
 .debug_abbrev  0x00008a40       0x25 /opt/microchip/xc32/v1.00/bin/../lib/gcc/pic32mx/4.5.1/../../../../pic32mx/lib/libmchp_peripheral_32MX440F128H.a(spi_getc_spi2_lib_legacy.o)
 .debug_abbrev  0x00008a65       0x25 /opt/microchip/xc32/v1.00/bin/../lib/gcc/pic32mx/4.5.1/../../../../pic32mx/lib/libmchp_peripheral_32MX440F128H.a(spi_open_spi2_lib_legacy.o)
 .debug_abbrev  0x00008a8a        0x1 /opt/microchip/xc32/v1.00/bin/../lib/gcc/pic32mx/4.5.1/../../../../pic32mx/lib/libmchp_peripheral_32MX440F128H.a(spi_brg_tbl_lib_legacy.o)
 .debug_abbrev  0x00008a8b       0x25 /opt/microchip/xc32/v1.00/bin/../lib/gcc/pic32mx/4.5.1/../../../../pic32mx/lib/libmchp_peripheral_32MX440F128H.a(nvm_erase_page_lib.o)
 .debug_abbrev  0x00008ab0       0x34 /opt/microchip/xc32/v1.00/bin/../lib/gcc/pic32mx/4.5.1/../../../../pic32mx/lib/libmchp_peripheral_32MX440F128H.a(nvm_operation_lib.o)
 .debug_abbrev  0x00008ae4       0x25 /opt/microchip/xc32/v1.00/bin/../lib/gcc/pic32mx/4.5.1/../../../../pic32mx/lib/libmchp_peripheral_32MX440F128H.a(nvm_write_word_lib.o)