Archive member included because of file (symbol)

/home/opt/microchip/xc32/v1.00/bin/../lib/gcc/pic32mx/4.5.1/libgcc.a(floatunsisf.o)
                              build/default/production/_ext/1271783508/Tick.o (__floatunsisf)
/home/opt/microchip/xc32/v1.00/bin/../lib/gcc/pic32mx/4.5.1/../../../../pic32mx/lib/libc.a(memset.o)
                              build/default/production/_ext/161057953/usb_device.o (memset)
/home/opt/microchip/xc32/v1.00/bin/../lib/gcc/pic32mx/4.5.1/../../../../pic32mx/lib/libc.a(general-exception.o)
                              /home/opt/microchip/xc32/v1.00/bin/../lib/gcc/pic32mx/4.5.1/../../../../pic32mx/lib/crt0.o (_general_exception_context)
/home/opt/microchip/xc32/v1.00/bin/../lib/gcc/pic32mx/4.5.1/../../../../pic32mx/lib/libc.a(default-bootstrap-exception-handler.o)
                              /home/opt/microchip/xc32/v1.00/bin/../lib/gcc/pic32mx/4.5.1/../../../../pic32mx/lib/crt0.o (_bootstrap_exception_handler)
/home/opt/microchip/xc32/v1.00/bin/../lib/gcc/pic32mx/4.5.1/../../../../pic32mx/lib/libc.a(default-on-reset.o)
                              /home/opt/microchip/xc32/v1.00/bin/../lib/gcc/pic32mx/4.5.1/../../../../pic32mx/lib/crt0.o (_on_reset)
/home/opt/microchip/xc32/v1.00/bin/../lib/gcc/pic32mx/4.5.1/../../../../pic32mx/lib/libc.a(default-on-bootstrap.o)
                              /home/opt/microchip/xc32/v1.00/bin/../lib/gcc/pic32mx/4.5.1/../../../../pic32mx/lib/crt0.o (_on_bootstrap)
/home/opt/microchip/xc32/v1.00/bin/../lib/gcc/pic32mx/4.5.1/../../../../pic32mx/lib/libc.a(default-nmi-handler.o)
                              /home/opt/microchip/xc32/v1.00/bin/../lib/gcc/pic32mx/4.5.1/../../../../pic32mx/lib/crt0.o (_nmi_handler)
/home/opt/microchip/xc32/v1.00/bin/../lib/gcc/pic32mx/4.5.1/../../../../pic32mx/lib/libm.a(fp32.o)
                              build/default/production/_ext/464348676/AbstractPID.o (fpsub)
/home/opt/microchip/xc32/v1.00/bin/../lib/gcc/pic32mx/4.5.1/../../../../pic32mx/lib/libmchp_peripheral_32MX795F512L.a(int_enable_interrupts_lib.o)
                              build/default/production/_ext/464348676/Scheduler.o (INTEnableInterrupts)
/home/opt/microchip/xc32/v1.00/bin/../lib/gcc/pic32mx/4.5.1/../../../../pic32mx/lib/libmchp_peripheral_32MX795F512L.a(int_disable_interrupts_lib.o)
                              build/default/production/_ext/464348676/FIFO.o (INTDisableInterrupts)
/home/opt/microchip/xc32/v1.00/bin/../lib/gcc/pic32mx/4.5.1/../../../../pic32mx/lib/libmchp_peripheral_32MX795F512L.a(int_enable_mv_int_lib.o)
                              build/default/production/_ext/464348676/Scheduler.o (INTEnableSystemMultiVectoredInt)
/home/opt/microchip/xc32/v1.00/bin/../lib/gcc/pic32mx/4.5.1/../../../../pic32mx/lib/libmchp_peripheral_32MX795F512L.a(int_tbl_lib.o)
                              build/default/production/_ext/1271783508/Bowler_UART_HAL.o (INTClearFlag)
/home/opt/microchip/xc32/v1.00/bin/../lib/gcc/pic32mx/4.5.1/../../../../pic32mx/lib/libmchp_peripheral_32MX795F512L.a(spi_chn_getc_lib.o)
                              build/default/production/_ext/1360937237/main.o (SpiChnGetC)
/home/opt/microchip/xc32/v1.00/bin/../lib/gcc/pic32mx/4.5.1/../../../../pic32mx/lib/libmchp_peripheral_32MX795F512L.a(spi_chn_putc_lib.o)
                              build/default/production/_ext/1360937237/main.o (SpiChnPutC)
/home/opt/microchip/xc32/v1.00/bin/../lib/gcc/pic32mx/4.5.1/../../../../pic32mx/lib/libmchp_peripheral_32MX795F512L.a(spi_map_tbl_libp.o)
                              /home/opt/microchip/xc32/v1.00/bin/../lib/gcc/pic32mx/4.5.1/../../../../pic32mx/lib/libmchp_peripheral_32MX795F512L.a(spi_chn_getc_lib.o) (_SpiMapTbl)
/home/opt/microchip/xc32/v1.00/bin/../lib/gcc/pic32mx/4.5.1/../../../../pic32mx/lib/libmchp_peripheral_32MX795F512L.a(nvm_erase_page_lib.o)
                              build/default/production/_ext/1271783508/FlashStorage.o (NVMErasePage)
/home/opt/microchip/xc32/v1.00/bin/../lib/gcc/pic32mx/4.5.1/../../../../pic32mx/lib/libmchp_peripheral_32MX795F512L.a(nvm_operation_lib.o)
                              /home/opt/microchip/xc32/v1.00/bin/../lib/gcc/pic32mx/4.5.1/../../../../pic32mx/lib/libmchp_peripheral_32MX795F512L.a(nvm_erase_page_lib.o) (_NVMOperation)
/home/opt/microchip/xc32/v1.00/bin/../lib/gcc/pic32mx/4.5.1/../../../../pic32mx/lib/libmchp_peripheral_32MX795F512L.a(nvm_write_word_lib.o)
                              build/default/production/_ext/1271783508/FlashStorage.o (NVMWriteWord)
/home/opt/microchip/xc32/v1.00/bin/../lib/gcc/pic32mx/4.5.1/../../../../pic32mx/lib/libmchp_peripheral_32MX795F512L.a(port_set_pins_digital_out_lib.o)
                              build/default/production/_ext/1271783508/LED.o (PORTSetPinsDigitalOut)
/home/opt/microchip/xc32/v1.00/bin/../lib/gcc/pic32mx/4.5.1/../../../../pic32mx/lib/libmchp_peripheral_32MX795F512L.a(port_clear_bits_lib.o)
                              build/default/production/_ext/1271783508/LED.o (PORTClearBits)
[...]
Memory Configuration

Name             Origin             Length             Attributes
kseg0_program_mem 0x9d000000         0x00080000         xr
kseg0_boot_mem   0x9fc00490         0x00000970
exception_mem    0x9fc01000         0x00001000
kseg1_boot_mem   0xbfc00000         0x00000490
debug_exec_mem   0xbfc02000         0x00000ff0
config3          0xbfc02ff0         0x00000004
config2          0xbfc02ff4         0x00000004
config1          0xbfc02ff8         0x00000004
config0          0xbfc02ffc         0x00000004
kseg1_data_mem   0xa0000000         0x00020000         w !x
sfrs             0xbf800000         0x00100000
configsfrs       0xbfc02ff0         0x00000010
*default*        0x00000000         0xffffffff

Linker script and memory map

LOAD /home/opt/microchip/xc32/v1.00/bin/../lib/gcc/pic32mx/4.5.1/../../../../pic32mx/lib/crt0.o
LOAD build/default/production/_ext/464348676/Namespace_bcs_rpc.o
LOAD build/default/production/_ext/464348676/Bowler_RPC_Process.o
LOAD build/default/production/_ext/464348676/AbstractPID.o
LOAD build/default/production/_ext/464348676/Scheduler.o
LOAD build/default/production/_ext/464348676/Namespace_bcs_core.o
LOAD build/default/production/_ext/464348676/Bowler_Transport.o
LOAD build/default/production/_ext/464348676/Bowler_Server.o
LOAD build/default/production/_ext/464348676/FIFO.o
LOAD build/default/production/_ext/464348676/Debug.o
LOAD build/default/production/_ext/464348676/Bowler_Stack_Callback.o
LOAD build/default/production/_ext/464348676/Namespace_bcs_pid.o
LOAD build/default/production/_ext/464348676/Bowler_Helper.o
LOAD build/default/production/_ext/161057953/usb_interrupt.o
LOAD build/default/production/_ext/161057953/usb_device.o
LOAD build/default/production/_ext/161057953/usb_fifo.o
LOAD build/default/production/_ext/161057953/usb_descriptors.o
LOAD build/default/production/_ext/161057953/usb_callback.o
LOAD build/default/production/_ext/161057953/usb_function_cdc.o
LOAD build/default/production/_ext/1271783508/Bowler_UART_HAL.o
LOAD build/default/production/_ext/1271783508/Bowler_USB_HAL.o
LOAD build/default/production/_ext/1271783508/LED.o
LOAD build/default/production/_ext/1271783508/Tick.o
LOAD build/default/production/_ext/1271783508/Delay.o
LOAD build/default/production/_ext/1271783508/HAL_P32.o
LOAD build/default/production/_ext/1271783508/ADC.o
LOAD build/default/production/_ext/1271783508/UART.o
LOAD build/default/production/_ext/1271783508/FlashStorage.o
LOAD build/default/production/_ext/1360937237/main.o
LOAD build/default/production/_ext/1360937237/NamespaceSample.o
                0x00000001                __MPLAB_BUILD = 0x1
LOAD /home/opt/microchip/xc32/v1.00/bin/../lib/gcc/pic32mx/4.5.1/libgcc.a
START GROUP
LOAD /home/opt/microchip/xc32/v1.00/bin/../lib/gcc/pic32mx/4.5.1/../../../../pic32mx/lib/libdebug.a
LOAD /home/opt/microchip/xc32/v1.00/bin/../lib/gcc/pic32mx/4.5.1/../../../../pic32mx/lib/libc.a
LOAD /home/opt/microchip/xc32/v1.00/bin/../lib/gcc/pic32mx/4.5.1/../../../../pic32mx/lib/libm.a
LOAD /home/opt/microchip/xc32/v1.00/bin/../lib/gcc/pic32mx/4.5.1/../../../../pic32mx/lib/libe.a
LOAD /home/opt/microchip/xc32/v1.00/bin/../lib/gcc/pic32mx/4.5.1/../../../../pic32mx/lib/libdsp.a
END GROUP
LOAD /home/opt/microchip/xc32/v1.00/bin/../lib/gcc/pic32mx/4.5.1/libgcc.a
                0x00000400                PROVIDE (_min_stack_size, 0x400)
                0x00000000                PROVIDE (_min_heap_size, 0x0)
LOAD /home/opt/microchip/xc32/v1.00/bin/../lib/gcc/pic32mx/4.5.1/../../../../pic32mx/lib/./proc/32MX795F512L/processor.o
START GROUP
LOAD /home/opt/microchip/xc32/v1.00/bin/../lib/gcc/pic32mx/4.5.1/../../../../pic32mx/lib/libmchp_peripheral.a
END GROUP
START GROUP
LOAD /home/opt/microchip/xc32/v1.00/bin/../lib/gcc/pic32mx/4.5.1/../../../../pic32mx/lib/libmchp_peripheral_32MX795F512L.a
END GROUP
                0x00000001                PROVIDE (_vector_spacing, 0x1)
                0x9fc01000                _ebase_address = 0x9fc01000
                0xbfc00000                _RESET_ADDR = 0xbfc00000
                0xbfc00380                _BEV_EXCPT_ADDR = 0xbfc00380
                0xbfc00480                _DBG_EXCPT_ADDR = 0xbfc00480
                0xbfc02000                _DBG_CODE_ADDR = 0xbfc02000
                0x00000ff0                _DBG_CODE_SIZE = 0xff0
                0x9fc01180                _GEN_EXCPT_ADDR = (_ebase_address + 0x180)

.config_BFC02FF0
 *(.config_BFC02FF0)

.config_BFC02FF4
                0xbfc02ff4        0x4
 *(.config_BFC02FF4)
 .config_BFC02FF4
                0xbfc02ff4        0x4 build/default/production/_ext/1360937237/main.o

.config_BFC02FF8
                0xbfc02ff8        0x4
 *(.config_BFC02FF8)
 .config_BFC02FF8
                0xbfc02ff8        0x4 build/default/production/_ext/1360937237/main.o

.config_BFC02FFC
                0xbfc02ffc        0x4
 *(.config_BFC02FFC)
 .config_BFC02FFC
                0xbfc02ffc        0x4 build/default/production/_ext/1360937237/main.o
                0xbfc02000                PROVIDE (_DBG_CODE_ADDR, 0xbfc02000)
                0x00000ff0                PROVIDE (_DBG_CODE_SIZE, 0xff0)

.reset          0xbfc00000      0x1f4
 *(.reset)
 .reset         0xbfc00000       0x10 /home/opt/microchip/xc32/v1.00/bin/../lib/gcc/pic32mx/4.5.1/../../../../pic32mx/lib/crt0.o
                0xbfc00000                _reset
 *(.reset.startup)
 .reset.startup
                0xbfc00010      0x1e4 /home/opt/microchip/xc32/v1.00/bin/../lib/gcc/pic32mx/4.5.1/../../../../pic32mx/lib/crt0.o

.bev_excpt      0xbfc00380       0x10
 *(.bev_handler)
 .bev_handler   0xbfc00380       0x10 /home/opt/microchip/xc32/v1.00/bin/../lib/gcc/pic32mx/4.5.1/../../../../pic32mx/lib/crt0.o

.dbg_excpt      0xbfc00480        0x0
                0xbfc00480                . = (. + DEFINED (_DEBUGGER)?0x8:0x0)

.dbg_code       0xbfc02000        0x0
                0xbfc02000                . = (. + DEFINED (_DEBUGGER)?_DBG_CODE_SIZE:0x0)

.app_excpt      0x9fc01180       0x10
 *(.gen_handler)
 .gen_handler   0x9fc01180       0x10 /home/opt/microchip/xc32/v1.00/bin/../lib/gcc/pic32mx/4.5.1/../../../../pic32mx/lib/crt0.o

.vector_0       0x9fc01200        0x0
 *(.vector_0)
                0x00000001                ASSERT (((_vector_spacing == 0x0) || (SIZEOF (.vector_0) <= (_vector_spacing << 0x5))), function at exception vector 0 too large)

.vector_1       0x9fc01220        0x0
 *(.vector_1)
                0x00000001                ASSERT (((_vector_spacing == 0x0) || (SIZEOF (.vector_1) <= (_vector_spacing << 0x5))), function at exception vector 1 too large)

.vector_2       0x9fc01240        0x0
 *(.vector_2)
                0x00000001                ASSERT (((_vector_spacing == 0x0) || (SIZEOF (.vector_2) <= (_vector_spacing << 0x5))), function at exception vector 2 too large)

.vector_3       0x9fc01260        0x0
 *(.vector_3)
                0x00000001                ASSERT (((_vector_spacing == 0x0) || (SIZEOF (.vector_3) <= (_vector_spacing << 0x5))), function at exception vector 3 too large)

.vector_4       0x9fc01280        0x8
 *(.vector_4)
 .vector_4      0x9fc01280        0x8 build/default/production/_ext/1271783508/Tick.o
                0x00000001                ASSERT (((_vector_spacing == 0x0) || (SIZEOF (.vector_4) <= (_vector_spacing << 0x5))), function at exception vector 4 too large)

.vector_5       0x9fc012a0        0x0
 *(.vector_5)
                0x00000001                ASSERT (((_vector_spacing == 0x0) || (SIZEOF (.vector_5) <= (_vector_spacing << 0x5))), function at exception vector 5 too large)

.vector_6       0x9fc012c0        0x0
 *(.vector_6)
                0x00000001                ASSERT (((_vector_spacing == 0x0) || (SIZEOF (.vector_6) <= (_vector_spacing << 0x5))), function at exception vector 6 too large)

.vector_7       0x9fc012e0        0x0
 *(.vector_7)
                0x00000001                ASSERT (((_vector_spacing == 0x0) || (SIZEOF (.vector_7) <= (_vector_spacing << 0x5))), function at exception vector 7 too large)

.vector_8       0x9fc01300        0x0
 *(.vector_8)
                0x00000001                ASSERT (((_vector_spacing == 0x0) || (SIZEOF (.vector_8) <= (_vector_spacing << 0x5))), function at exception vector 8 too large)

.vector_9       0x9fc01320        0x0
 *(.vector_9)
                0x00000001                ASSERT (((_vector_spacing == 0x0) || (SIZEOF (.vector_9) <= (_vector_spacing << 0x5))), function at exception vector 9 too large)

.vector_10      0x9fc01340        0x0
 *(.vector_10)
                0x00000001                ASSERT (((_vector_spacing == 0x0) || (SIZEOF (.vector_10) <= (_vector_spacing << 0x5))), function at exception vector 10 too large)

.vector_11      0x9fc01360        0x0
 *(.vector_11)
                0x00000001                ASSERT (((_vector_spacing == 0x0) || (SIZEOF (.vector_11) <= (_vector_spacing << 0x5))), function at exception vector 11 too large)

.vector_12      0x9fc01380        0x0
 *(.vector_12)
                0x00000001                ASSERT (((_vector_spacing == 0x0) || (SIZEOF (.vector_12) <= (_vector_spacing << 0x5))), function at exception vector 12 too large)

.vector_13      0x9fc013a0        0x0
 *(.vector_13)
                0x00000001                ASSERT (((_vector_spacing == 0x0) || (SIZEOF (.vector_13) <= (_vector_spacing << 0x5))), function at exception vector 13 too large)

.vector_14      0x9fc013c0        0x0
 *(.vector_14)
                0x00000001                ASSERT (((_vector_spacing == 0x0) || (SIZEOF (.vector_14) <= (_vector_spacing << 0x5))), function at exception vector 14 too large)

.vector_15      0x9fc013e0        0x0
 *(.vector_15)
                0x00000001                ASSERT (((_vector_spacing == 0x0) || (SIZEOF (.vector_15) <= (_vector_spacing << 0x5))), function at exception vector 15 too large)

.vector_16      0x9fc01400        0x0
 *(.vector_16)
                0x00000001                ASSERT (((_vector_spacing == 0x0) || (SIZEOF (.vector_16) <= (_vector_spacing << 0x5))), function at exception vector 16 too large)

.vector_17      0x9fc01420        0x0
 *(.vector_17)
                0x00000001                ASSERT (((_vector_spacing == 0x0) || (SIZEOF (.vector_17) <= (_vector_spacing << 0x5))), function at exception vector 17 too large)

.vector_18      0x9fc01440        0x0
 *(.vector_18)
                0x00000001                ASSERT (((_vector_spacing == 0x0) || (SIZEOF (.vector_18) <= (_vector_spacing << 0x5))), function at exception vector 18 too large)

.vector_19      0x9fc01460        0x0
 *(.vector_19)
                0x00000001                ASSERT (((_vector_spacing == 0x0) || (SIZEOF (.vector_19) <= (_vector_spacing << 0x5))), function at exception vector 19 too large)

.vector_20      0x9fc01480        0x0
 *(.vector_20)
                0x00000001                ASSERT (((_vector_spacing == 0x0) || (SIZEOF (.vector_20) <= (_vector_spacing << 0x5))), function at exception vector 20 too large)

.vector_21      0x9fc014a0        0x0
 *(.vector_21)
                0x00000001                ASSERT (((_vector_spacing == 0x0) || (SIZEOF (.vector_21) <= (_vector_spacing << 0x5))), function at exception vector 21 too large)

.vector_22      0x9fc014c0        0x0
 *(.vector_22)
                0x00000001                ASSERT (((_vector_spacing == 0x0) || (SIZEOF (.vector_22) <= (_vector_spacing << 0x5))), function at exception vector 22 too large)

.vector_23      0x9fc014e0        0x0
 *(.vector_23)
                0x00000001                ASSERT (((_vector_spacing == 0x0) || (SIZEOF (.vector_23) <= (_vector_spacing << 0x5))), function at exception vector 23 too large)

.vector_24      0x9fc01500        0x8
 *(.vector_24)
 .vector_24     0x9fc01500        0x8 build/default/production/_ext/1271783508/Bowler_UART_HAL.o
                0x00000001                ASSERT (((_vector_spacing == 0x0) || (SIZEOF (.vector_24) <= (_vector_spacing << 0x5))), function at exception vector 24 too large)

.vector_25      0x9fc01520        0x0
 *(.vector_25)
                0x00000001                ASSERT (((_vector_spacing == 0x0) || (SIZEOF (.vector_25) <= (_vector_spacing << 0x5))), function at exception vector 25 too large)

.vector_26      0x9fc01540        0x0
 *(.vector_26)
                0x00000001                ASSERT (((_vector_spacing == 0x0) || (SIZEOF (.vector_26) <= (_vector_spacing << 0x5))), function at exception vector 26 too large)

.vector_27      0x9fc01560        0x0
 *(.vector_27)
                0x00000001                ASSERT (((_vector_spacing == 0x0) || (SIZEOF (.vector_27) <= (_vector_spacing << 0x5))), function at exception vector 27 too large)

.vector_28      0x9fc01580        0x0
 *(.vector_28)
                0x00000001                ASSERT (((_vector_spacing == 0x0) || (SIZEOF (.vector_28) <= (_vector_spacing << 0x5))), function at exception vector 28 too large)

.vector_29      0x9fc015a0        0x0
 *(.vector_29)
                0x00000001                ASSERT (((_vector_spacing == 0x0) || (SIZEOF (.vector_29) <= (_vector_spacing << 0x5))), function at exception vector 29 too large)

.vector_30      0x9fc015c0        0x0
 *(.vector_30)
                0x00000001                ASSERT (((_vector_spacing == 0x0) || (SIZEOF (.vector_30) <= (_vector_spacing << 0x5))), function at exception vector 30 too large)

.vector_31      0x9fc015e0        0x0
 *(.vector_31)
                0x00000001                ASSERT (((_vector_spacing == 0x0) || (SIZEOF (.vector_31) <= (_vector_spacing << 0x5))), function at exception vector 31 too large)

.vector_32      0x9fc01600        0x0
 *(.vector_32)
                0x00000001                ASSERT (((_vector_spacing == 0x0) || (SIZEOF (.vector_32) <= (_vector_spacing << 0x5))), function at exception vector 32 too large)

.vector_33      0x9fc01620        0x0
 *(.vector_33)
                0x00000001                ASSERT (((_vector_spacing == 0x0) || (SIZEOF (.vector_33) <= (_vector_spacing << 0x5))), function at exception vector 33 too large)

.vector_34      0x9fc01640        0x0
 *(.vector_34)
                0x00000001                ASSERT (((_vector_spacing == 0x0) || (SIZEOF (.vector_34) <= (_vector_spacing << 0x5))), function at exception vector 34 too large)

.vector_35      0x9fc01660        0x0
 *(.vector_35)
                0x00000001                ASSERT (((_vector_spacing == 0x0) || (SIZEOF (.vector_35) <= (_vector_spacing << 0x5))), function at exception vector 35 too large)

.vector_36      0x9fc01680        0x0
 *(.vector_36)
                0x00000001                ASSERT (((_vector_spacing == 0x0) || (SIZEOF (.vector_36) <= (_vector_spacing << 0x5))), function at exception vector 36 too large)

.vector_37      0x9fc016a0        0x0
 *(.vector_37)
                0x00000001                ASSERT (((_vector_spacing == 0x0) || (SIZEOF (.vector_37) <= (_vector_spacing << 0x5))), function at exception vector 37 too large)

.vector_38      0x9fc016c0        0x0
 *(.vector_38)
                0x00000001                ASSERT (((_vector_spacing == 0x0) || (SIZEOF (.vector_38) <= (_vector_spacing << 0x5))), function at exception vector 38 too large)

.vector_39      0x9fc016e0        0x0
 *(.vector_39)
                0x00000001                ASSERT (((_vector_spacing == 0x0) || (SIZEOF (.vector_39) <= (_vector_spacing << 0x5))), function at exception vector 39 too large)

.vector_40      0x9fc01700        0x0
 *(.vector_40)
                0x00000001                ASSERT (((_vector_spacing == 0x0) || (SIZEOF (.vector_40) <= (_vector_spacing << 0x5))), function at exception vector 40 too large)

.vector_41      0x9fc01720        0x0
 *(.vector_41)
                0x00000001                ASSERT (((_vector_spacing == 0x0) || (SIZEOF (.vector_41) <= (_vector_spacing << 0x5))), function at exception vector 41 too large)

.vector_42      0x9fc01740        0x0
 *(.vector_42)
                0x00000001                ASSERT (((_vector_spacing == 0x0) || (SIZEOF (.vector_42) <= (_vector_spacing << 0x5))), function at exception vector 42 too large)

.vector_43      0x9fc01760        0x0
 *(.vector_43)
                0x00000001                ASSERT (((_vector_spacing == 0x0) || (SIZEOF (.vector_43) <= (_vector_spacing << 0x5))), function at exception vector 43 too large)

.vector_44      0x9fc01780        0x0
 *(.vector_44)
                0x00000001                ASSERT (((_vector_spacing == 0x0) || (SIZEOF (.vector_44) <= (_vector_spacing << 0x5))), function at exception vector 44 too large)

.vector_45      0x9fc017a0        0x8
 *(.vector_45)
 .vector_45     0x9fc017a0        0x8 build/default/production/_ext/161057953/usb_device.o
                0x00000001                ASSERT (((_vector_spacing == 0x0) || (SIZEOF (.vector_45) <= (_vector_spacing << 0x5))), function at exception vector 45 too large)

.vector_46      0x9fc017c0        0x0
 *(.vector_46)
                0x00000001                ASSERT (((_vector_spacing == 0x0) || (SIZEOF (.vector_46) <= (_vector_spacing << 0x5))), function at exception vector 46 too large)

.vector_47      0x9fc017e0        0x0
 *(.vector_47)
                0x00000001                ASSERT (((_vector_spacing == 0x0) || (SIZEOF (.vector_47) <= (_vector_spacing << 0x5))), function at exception vector 47 too large)

.vector_48      0x9fc01800        0x0
 *(.vector_48)
                0x00000001                ASSERT (((_vector_spacing == 0x0) || (SIZEOF (.vector_48) <= (_vector_spacing << 0x5))), function at exception vector 48 too large)

.vector_49      0x9fc01820        0x0
 *(.vector_49)
                0x00000001                ASSERT (((_vector_spacing == 0x0) || (SIZEOF (.vector_49) <= (_vector_spacing << 0x5))), function at exception vector 49 too large)

.vector_50      0x9fc01840        0x0
 *(.vector_50)
                0x00000001                ASSERT (((_vector_spacing == 0x0) || (SIZEOF (.vector_50) <= (_vector_spacing << 0x5))), function at exception vector 50 too large)

.vector_51      0x9fc01860        0x0
 *(.vector_51)
                0x00000001                ASSERT (((_vector_spacing == 0x0) || (SIZEOF (.vector_51) <= (_vector_spacing << 0x5))), function at exception vector 51 too large)

.vector_52      0x9fc01880        0x0
 *(.vector_52)
                0x00000001                ASSERT (((_vector_spacing == 0x0) || (SIZEOF (.vector_52) <= (_vector_spacing << 0x5))), function at exception vector 52 too large)

.vector_53      0x9fc018a0        0x0
 *(.vector_53)
                0x00000001                ASSERT (((_vector_spacing == 0x0) || (SIZEOF (.vector_53) <= (_vector_spacing << 0x5))), function at exception vector 53 too large)

.vector_54      0x9fc018c0        0x0
 *(.vector_54)
                0x00000001                ASSERT (((_vector_spacing == 0x0) || (SIZEOF (.vector_54) <= (_vector_spacing << 0x5))), function at exception vector 54 too large)

.vector_55      0x9fc018e0        0x0
 *(.vector_55)
                0x00000001                ASSERT (((_vector_spacing == 0x0) || (SIZEOF (.vector_55) <= (_vector_spacing << 0x5))), function at exception vector 55 too large)

.vector_56      0x9fc01900        0x0
 *(.vector_56)
                0x00000001                ASSERT (((_vector_spacing == 0x0) || (SIZEOF (.vector_56) <= (_vector_spacing << 0x5))), function at exception vector 56 too large)

.vector_57      0x9fc01920        0x0
 *(.vector_57)
                0x00000001                ASSERT (((_vector_spacing == 0x0) || (SIZEOF (.vector_57) <= (_vector_spacing << 0x5))), function at exception vector 57 too large)

.vector_58      0x9fc01940        0x0
 *(.vector_58)
                0x00000001                ASSERT (((_vector_spacing == 0x0) || (SIZEOF (.vector_58) <= (_vector_spacing << 0x5))), function at exception vector 58 too large)

.vector_59      0x9fc01960        0x0
 *(.vector_59)
                0x00000001                ASSERT (((_vector_spacing == 0x0) || (SIZEOF (.vector_59) <= (_vector_spacing << 0x5))), function at exception vector 59 too large)

.vector_60      0x9fc01980        0x0
 *(.vector_60)
                0x00000001                ASSERT (((_vector_spacing == 0x0) || (SIZEOF (.vector_60) <= (_vector_spacing << 0x5))), function at exception vector 60 too large)

.vector_61      0x9fc019a0        0x0
 *(.vector_61)
                0x00000001                ASSERT (((_vector_spacing == 0x0) || (SIZEOF (.vector_61) <= (_vector_spacing << 0x5))), function at exception vector 61 too large)

.vector_62      0x9fc019c0        0x0
 *(.vector_62)
                0x00000001                ASSERT (((_vector_spacing == 0x0) || (SIZEOF (.vector_62) <= (_vector_spacing << 0x5))), function at exception vector 62 too large)

.vector_63      0x9fc019e0        0x0
 *(.vector_63)
                0x00000001                ASSERT (((_vector_spacing == 0x0) || (SIZEOF (.vector_63) <= (_vector_spacing << 0x5))), function at exception vector 63 too large)

.startup
 *(.startup)

.text
 *(.stub .gnu.linkonce.t.*)
 *(.text.*personality*)
 *(.mips16.fn.*)
 *(.mips16.call.*)
 *(.gnu.warning)

.rodata         0x9d000000        0x0
 *(.rodata.* .gnu.linkonce.r.*)
 *(.rodata1)
                0x9d000000                . = ALIGN (0x4)

.sdata2         0x9fc00490        0x0
 *(.sdata2 .sdata2.* .gnu.linkonce.s2.*)
                0x9fc00490                . = ALIGN (0x4)

.sbss2          0x9fc00490        0x0
 *(.sbss2 .sbss2.* .gnu.linkonce.sb2.*)
                0x9fc00490                . = ALIGN (0x4)

.eh_frame_hdr
 *(.eh_frame_hdr)

.eh_frame
 *(.eh_frame)

.dbg_data       0xa0000000        0x0
                0xa0000000                . = (. + DEFINED (_DEBUGGER)?0x200:0x0)

.persist        0xa0000000        0x0
                0xa0000000                _persist_begin = .
 *(.persist .persist.*)
                0xa0000000                . = ALIGN (0x4)
                0xa0000000                _persist_end = .

.eh_frame
 *(.eh_frame)
                0xa0000000                . = .
                0xa0007ff0                _gp = (ALIGN (0x10) + 0x7ff0)

.got
 *(.got.plt)
 *(.got)

.sdata          0xa0000000       0x94
                0xa0000000                _sdata_begin = .
 *(.sdata .sdata.* .gnu.linkonce.s.*)
 .sdata         0xa0000000       0x18 build/default/production/_ext/464348676/Namespace_bcs_rpc.o
 .sdata         0xa0000018        0x4 build/default/production/_ext/464348676/AbstractPID.o
                0xa0000018                zone
 .sdata         0xa000001c        0x8 build/default/production/_ext/464348676/Namespace_bcs_core.o
 .sdata         0xa0000024        0x8 build/default/production/_ext/464348676/Bowler_Server.o
                0xa0000024                MyMAC
 .sdata         0xa000002c       0x4c build/default/production/_ext/464348676/Namespace_bcs_pid.o
 .sdata         0xa0000078        0x4 build/default/production/_ext/161057953/usb_fifo.o
 .sdata         0xa000007c        0x8 build/default/production/_ext/161057953/usb_descriptors.o
                0xa000007c                sd000
                0xa0000080                USB_CD_Ptr
 .sdata         0xa0000084        0x8 build/default/production/_ext/1271783508/FlashStorage.o
                0xa0000084                defMac
 .sdata         0xa000008c        0x8 build/default/production/_ext/1360937237/NamespaceSample.o
                0xa0000094                _sdata_end = .

.lit8
 *(.lit8)

.lit4
 *(.lit4)
                0xa0000094                . = ALIGN (0x4)
                0xa0000094                _data_end = .
                0xa0000094                _bss_begin = .

.sbss           0xa0000094      0x108
                0xa0000094                _sbss_begin = .
 *(.dynsbss)
 *(.sbss .sbss.* .gnu.linkonce.sb.*)
 .sbss          0xa0000094        0x4 build/default/production/_ext/464348676/Namespace_bcs_rpc.o
 .sbss          0xa0000098        0x4 build/default/production/_ext/464348676/Bowler_RPC_Process.o
 .sbss          0xa000009c        0xc build/default/production/_ext/464348676/AbstractPID.o
                0xa000009c                number_of_pid_groups
 .sbss          0xa00000a8        0x4 build/default/production/_ext/464348676/Namespace_bcs_core.o
 .sbss          0xa00000ac        0xc build/default/production/_ext/464348676/Debug.o
                0xa00000ac                level
 .sbss          0xa00000b8        0x4 build/default/production/_ext/464348676/Namespace_bcs_pid.o
 .sbss          0xa00000bc       0x10 build/default/production/_ext/161057953/usb_fifo.o
 .sbss          0xa00000cc        0x2 build/default/production/_ext/161057953/usb_callback.o
 *fill*         0xa00000ce        0x2 00
 .sbss          0xa00000d0        0x8 build/default/production/_ext/1271783508/Bowler_UART_HAL.o
 .sbss          0xa00000d8        0x8 build/default/production/_ext/1271783508/Tick.o
 .sbss          0xa00000e0        0xc build/default/production/_ext/1271783508/HAL_P32.o
 .sbss          0xa00000ec        0x4 build/default/production/_ext/1271783508/ADC.o
                0xa00000ec                ADCMask
 .sbss          0xa00000f0        0x8 build/default/production/_ext/1271783508/UART.o
                0xa00000f0                useUart2
                0xa00000f4                useUart1
 .sbss          0xa00000f8        0x4 build/default/production/_ext/1360937237/NamespaceSample.o
 *(.scommon)
 .scommon       0xa00000fc       0x24 build/default/production/_ext/464348676/AbstractPID.o
                0xa00000fc                resetPosition
                0xa0000100                onPidConfigure
                0xa0000104                getPosition
                0xa0000108                MathCalculationPosition
                0xa000010c                velData
                0xa0000110                setOutput
                0xa0000114                pidGroups
                0xa0000118                MathCalculationVelocity
                0xa000011c                checkPIDLimitEvents
 .scommon       0xa0000120       0x3e build/default/production/_ext/161057953/usb_device.o
                0xa0000120                inPipes
                0xa0000127                USTATcopy
                0xa0000128                RemoteWakeup
                0xa000012c                controlTransferState
                0xa0000130                pDst
                0xa0000134                SetupPkt
                0xa000013c                pBDTEntryEP0OutNext
                0xa0000140                USBAlternateInterface
                0xa0000144                BothEP0OutUOWNsSet
                0xa0000148                USBActiveConfiguration
                0xa000014c                USBDeviceState
                0xa0000150                pBDTEntryEP0OutCurrent
                0xa0000154                shortPacketStatus
                0xa0000158                USBInMaxPacketSize
 *fill*         0xa000015e        0x2 00
 .scommon       0xa0000160       0x3c build/default/production/_ext/161057953/usb_function_cdc.o
                0xa0000160                control_signal_bitmap
                0xa0000164                cdc_tx_len
                0xa0000166                cdc_trf_state
                0xa0000168                cdc_notice
                0xa0000170                cdc_mem_type
                0xa0000174                CDCDataInHandle
                0xa0000178                pCDCSrc
                0xa000017c                cdc_rx_len
                0xa0000180                BaudRateGen
                0xa0000184                pCDCDst
                0xa0000188                line_coding
                0xa0000190                CDCDataOutHandle
                0xa0000194                dummy_encapsulated_cmd_response
                0xa000019c                _sbss_end = .

.bss            0xa0000200      0x350
 *(.dynbss)
 *(COMMON)
 COMMON         0xa0000200      0x280 build/default/production/_ext/161057953/usb_device.o
                0xa0000200                CtrlTrfData
                0xa0000240                outPipes
                0xa000024c                pBDTEntryOut
                0xa000025c                pBDTEntryIn
                0xa000026c                USBInData
                0xa0000400                BDT
 COMMON         0xa0000480       0x80 build/default/production/_ext/161057953/usb_function_cdc.o
                0xa0000480                cdc_data_tx
                0xa00004c0                cdc_data_rx
 COMMON         0xa0000500       0x50 build/default/production/_ext/1271783508/FlashStorage.o
                0xa0000500                flash
                0xa0000550                . = ALIGN (0x4)
                0xa0000550                . = ALIGN (0x4)
                0xa0000550                _end = .
                0xa0000550                _bss_end = .
                0x00020000                _bmxdudba_address = 0x20000
                0x00020000                _bmxdupba_address = 0x20000

/DISCARD/
 *(.pdr)
 *(.reginfo)
 *(.rel.dyn)
 *(.note.GNU-stack)
 *(.note.GNU-stack)
 *(.gnu_debuglink)
 *(.gnu.lto_*)
 *(.discard)

.stab
 *(.stab)

.stabstr
 *(.stabstr)

.stab.excl
 *(.stab.excl)

.stab.exclstr
 *(.stab.exclstr)

.stab.index
 *(.stab.index)

.stab.indexstr
 *(.stab.indexstr)

.comment        0x00000000       0x9c
 *(.comment)
 .comment       0x00000000       0x33 build/default/production/_ext/464348676/Namespace_bcs_rpc.o
                                 0x34 (size before relaxing)
 .comment       0x00000000       0x34 build/default/production/_ext/464348676/Bowler_RPC_Process.o
 .comment       0x00000000       0x34 build/default/production/_ext/464348676/AbstractPID.o
 .comment       0x00000000       0x34 build/default/production/_ext/464348676/Scheduler.o
 .comment       0x00000000       0x34 build/default/production/_ext/464348676/Namespace_bcs_core.o
 .comment       0x00000000       0x34 build/default/production/_ext/464348676/Bowler_Transport.o
 .comment       0x00000000       0x34 build/default/production/_ext/464348676/Bowler_Server.o
 .comment       0x00000000       0x34 build/default/production/_ext/464348676/FIFO.o
 .comment       0x00000000       0x34 build/default/production/_ext/464348676/Debug.o
 .comment       0x00000000       0x34 build/default/production/_ext/464348676/Bowler_Stack_Callback.o
 .comment       0x00000000       0x34 build/default/production/_ext/464348676/Namespace_bcs_pid.o
 .comment       0x00000000       0x34 build/default/production/_ext/464348676/Bowler_Helper.o
 .comment       0x00000000       0x34 build/default/production/_ext/161057953/usb_interrupt.o
 .comment       0x00000000       0x34 build/default/production/_ext/161057953/usb_device.o
 .comment       0x00000000       0x34 build/default/production/_ext/161057953/usb_fifo.o
 .comment       0x00000000       0x34 build/default/production/_ext/161057953/usb_descriptors.o
 .comment       0x00000000       0x34 build/default/production/_ext/161057953/usb_callback.o
 .comment       0x00000000       0x34 build/default/production/_ext/161057953/usb_function_cdc.o
 .comment       0x00000000       0x34 build/default/production/_ext/1271783508/Bowler_UART_HAL.o
 .comment       0x00000000       0x34 build/default/production/_ext/1271783508/Bowler_USB_HAL.o
 .comment       0x00000000       0x34 build/default/production/_ext/1271783508/LED.o
 .comment       0x00000000       0x34 build/default/production/_ext/1271783508/Tick.o
 .comment       0x00000000       0x34 build/default/production/_ext/1271783508/Delay.o
 .comment       0x00000000       0x34 build/default/production/_ext/1271783508/HAL_P32.o
 .comment       0x00000000       0x34 build/default/production/_ext/1271783508/ADC.o
 .comment       0x00000000       0x34 build/default/production/_ext/1271783508/UART.o
 .comment       0x00000000       0x34 build/default/production/_ext/1271783508/FlashStorage.o
 .comment       0x00000000       0x34 build/default/production/_ext/1360937237/main.o
 .comment       0x00000000       0x34 build/default/production/_ext/1360937237/NamespaceSample.o
 .comment       0x00000000       0x34 /home/opt/microchip/xc32/v1.00/bin/../lib/gcc/pic32mx/4.5.1/libgcc.a(floatunsisf.o)
 .comment       0x00000033       0x18 /home/opt/microchip/xc32/v1.00/bin/../lib/gcc/pic32mx/4.5.1/../../../../pic32mx/lib/libc.a(memset.o)
                                 0x19 (size before relaxing)
 .comment       0x00000000       0x34 /home/opt/microchip/xc32/v1.00/bin/../lib/gcc/pic32mx/4.5.1/../../../../pic32mx/lib/libc.a(default-bootstrap-exception-handler.o)
 .comment       0x00000000       0x34 /home/opt/microchip/xc32/v1.00/bin/../lib/gcc/pic32mx/4.5.1/../../../../pic32mx/lib/libc.a(default-on-reset.o)
 .comment       0x00000000       0x34 /home/opt/microchip/xc32/v1.00/bin/../lib/gcc/pic32mx/4.5.1/../../../../pic32mx/lib/libc.a(default-on-bootstrap.o)
 .comment       0x0000004b       0x51 /home/opt/microchip/xc32/v1.00/bin/../lib/gcc/pic32mx/4.5.1/../../../../pic32mx/lib/libmchp_peripheral_32MX795F512L.a(int_enable_interrupts_lib.o)
                                 0x52 (size before relaxing)
 .comment       0x00000000       0x52 /home/opt/microchip/xc32/v1.00/bin/../lib/gcc/pic32mx/4.5.1/../../../../pic32mx/lib/libmchp_peripheral_32MX795F512L.a(int_disable_interrupts_lib.o)
 .comment       0x00000000       0x52 /home/opt/microchip/xc32/v1.00/bin/../lib/gcc/pic32mx/4.5.1/../../../../pic32mx/lib/libmchp_peripheral_32MX795F512L.a(int_enable_mv_int_lib.o)
 .comment       0x00000000       0x52 /home/opt/microchip/xc32/v1.00/bin/../lib/gcc/pic32mx/4.5.1/../../../../pic32mx/lib/libmchp_peripheral_32MX795F512L.a(int_tbl_lib.o)
 .comment       0x00000000       0x52 /home/opt/microchip/xc32/v1.00/bin/../lib/gcc/pic32mx/4.5.1/../../../../pic32mx/lib/libmchp_peripheral_32MX795F512L.a(spi_chn_getc_lib.o)
 .comment       0x00000000       0x52 /home/opt/microchip/xc32/v1.00/bin/../lib/gcc/pic32mx/4.5.1/../../../../pic32mx/lib/libmchp_peripheral_32MX795F512L.a(spi_chn_putc_lib.o)
 .comment       0x00000000       0x52 /home/opt/microchip/xc32/v1.00/bin/../lib/gcc/pic32mx/4.5.1/../../../../pic32mx/lib/libmchp_peripheral_32MX795F512L.a(spi_map_tbl_libp.o)
 .comment       0x00000000       0x52 /home/opt/microchip/xc32/v1.00/bin/../lib/gcc/pic32mx/4.5.1/../../../../pic32mx/lib/libmchp_peripheral_32MX795F512L.a(nvm_erase_page_lib.o)
 .comment       0x00000000       0x52 /home/opt/microchip/xc32/v1.00/bin/../lib/gcc/pic32mx/4.5.1/../../../../pic32mx/lib/libmchp_peripheral_32MX795F512L.a(nvm_operation_lib.o)
 .comment       0x00000000       0x52 /home/opt/microchip/xc32/v1.00/bin/../lib/gcc/pic32mx/4.5.1/../../../../pic32mx/lib/libmchp_peripheral_32MX795F512L.a(nvm_write_word_lib.o)
 .comment       0x00000000       0x52 /home/opt/microchip/xc32/v1.00/bin/../lib/gcc/pic32mx/4.5.1/../../../../pic32mx/lib/libmchp_peripheral_32MX795F512L.a(port_set_pins_digital_out_lib.o)
 .comment       0x00000000       0x52 /home/opt/microchip/xc32/v1.00/bin/../lib/gcc/pic32mx/4.5.1/../../../../pic32mx/lib/libmchp_peripheral_32MX795F512L.a(port_clear_bits_lib.o)
 .comment       0x00000000       0x52 /home/opt/microchip/xc32/v1.00/bin/../lib/gcc/pic32mx/4.5.1/../../../../pic32mx/lib/libmchp_peripheral_32MX795F512L.a(port_set_bits_lib.o)
 .comment       0x00000000       0x52 /home/opt/microchip/xc32/v1.00/bin/../lib/gcc/pic32mx/4.5.1/../../../../pic32mx/lib/libmchp_peripheral_32MX795F512L.a(_ports_tbl_libp.o)
 .comment       0x00000000       0x52 /home/opt/microchip/xc32/v1.00/bin/../lib/gcc/pic32mx/4.5.1/../../../../pic32mx/lib/libmchp_peripheral_32MX795F512L.a(uart_lib.o)
 .comment       0x00000000       0x52 /home/opt/microchip/xc32/v1.00/bin/../lib/gcc/pic32mx/4.5.1/../../../../pic32mx/lib/libmchp_peripheral_32MX795F512L.a(int_restore_interrupts_lib.o)

.debug
 *(.debug)

.line
 *(.line)

.debug_srcinfo
 *(.debug_srcinfo)

.debug_sfnames
 *(.debug_sfnames)

.debug_aranges  0x00000000      0x630
 *(.debug_aranges)
 .debug_aranges
                0x00000000       0x20 build/default/production/_ext/464348676/Namespace_bcs_rpc.o
 .debug_aranges
                0x00000020       0x20 build/default/production/_ext/464348676/Bowler_RPC_Process.o
 .debug_aranges
                0x00000040       0x20 build/default/production/_ext/464348676/AbstractPID.o
 .debug_aranges
                0x00000060       0x20 build/default/production/_ext/464348676/Scheduler.o
 .debug_aranges
                0x00000080       0x20 build/default/production/_ext/464348676/Namespace_bcs_core.o
 .debug_aranges
                0x000000a0       0x20 build/default/production/_ext/464348676/Bowler_Transport.o
 .debug_aranges
                0x000000c0       0x20 build/default/production/_ext/464348676/Bowler_Server.o
 .debug_aranges
                0x000000e0       0x20 build/default/production/_ext/464348676/FIFO.o
 .debug_aranges
                0x00000100       0x20 build/default/production/_ext/464348676/Debug.o
 .debug_aranges
                0x00000120       0x20 build/default/production/_ext/464348676/Namespace_bcs_pid.o
 .debug_aranges
                0x00000140       0x20 build/default/production/_ext/464348676/Bowler_Helper.o
 .debug_aranges
                0x00000160       0x20 build/default/production/_ext/161057953/usb_device.o
 .debug_aranges
                0x00000180       0x20 build/default/production/_ext/161057953/usb_fifo.o
 .debug_aranges
                0x000001a0       0x20 build/default/production/_ext/161057953/usb_descriptors.o
 .debug_aranges
                0x000001c0       0x20 build/default/production/_ext/161057953/usb_callback.o
 .debug_aranges
                0x000001e0       0x20 build/default/production/_ext/161057953/usb_function_cdc.o
 .debug_aranges
                0x00000200       0x20 build/default/production/_ext/1271783508/Bowler_UART_HAL.o
 .debug_aranges
                0x00000220       0x20 build/default/production/_ext/1271783508/Bowler_USB_HAL.o
 .debug_aranges
                0x00000240       0x20 build/default/production/_ext/1271783508/LED.o
 .debug_aranges
                0x00000260       0x20 build/default/production/_ext/1271783508/Tick.o
 .debug_aranges
                0x00000280       0x20 build/default/production/_ext/1271783508/Delay.o
 .debug_aranges
                0x000002a0       0x20 build/default/production/_ext/1271783508/HAL_P32.o
 .debug_aranges
                0x000002c0       0x20 build/default/production/_ext/1271783508/ADC.o
 .debug_aranges
                0x000002e0       0x20 build/default/production/_ext/1271783508/UART.o
 .debug_aranges
                0x00000300       0x20 build/default/production/_ext/1271783508/FlashStorage.o
 .debug_aranges
                0x00000320       0x20 build/default/production/_ext/1360937237/main.o
 .debug_aranges
                0x00000340       0x20 build/default/production/_ext/1360937237/NamespaceSample.o
 .debug_aranges
                0x00000360       0x20 /home/opt/microchip/xc32/v1.00/bin/../lib/gcc/pic32mx/4.5.1/libgcc.a(floatunsisf.o)
 .debug_aranges
                0x00000380       0x20 /home/opt/microchip/xc32/v1.00/bin/../lib/gcc/pic32mx/4.5.1/../../../../pic32mx/lib/libc.a(default-bootstrap-exception-handler.o)
 .debug_aranges
                0x000003a0       0x20 /home/opt/microchip/xc32/v1.00/bin/../lib/gcc/pic32mx/4.5.1/../../../../pic32mx/lib/libc.a(default-on-reset.o)
 .debug_aranges
                0x000003c0       0x20 /home/opt/microchip/xc32/v1.00/bin/../lib/gcc/pic32mx/4.5.1/../../../../pic32mx/lib/libc.a(default-on-bootstrap.o)
 .debug_aranges
                0x000003e0       0x20 /home/opt/microchip/xc32/v1.00/bin/../lib/gcc/pic32mx/4.5.1/../../../../pic32mx/lib/libmchp_peripheral_32MX795F512L.a(int_enable_interrupts_lib.o)
 .debug_aranges
                0x00000400       0x20 /home/opt/microchip/xc32/v1.00/bin/../lib/gcc/pic32mx/4.5.1/../../../../pic32mx/lib/libmchp_peripheral_32MX795F512L.a(int_disable_interrupts_lib.o)
 .debug_aranges
                0x00000420       0x20 /home/opt/microchip/xc32/v1.00/bin/../lib/gcc/pic32mx/4.5.1/../../../../pic32mx/lib/libmchp_peripheral_32MX795F512L.a(int_enable_mv_int_lib.o)
 .debug_aranges
                0x00000440       0x60 /home/opt/microchip/xc32/v1.00/bin/../lib/gcc/pic32mx/4.5.1/../../../../pic32mx/lib/libmchp_peripheral_32MX795F512L.a(int_tbl_lib.o)
 .debug_aranges
                0x000004a0       0x28 /home/opt/microchip/xc32/v1.00/bin/../lib/gcc/pic32mx/4.5.1/../../../../pic32mx/lib/libmchp_peripheral_32MX795F512L.a(spi_chn_getc_lib.o)
 .debug_aranges
                0x000004c8       0x30 /home/opt/microchip/xc32/v1.00/bin/../lib/gcc/pic32mx/4.5.1/../../../../pic32mx/lib/libmchp_peripheral_32MX795F512L.a(spi_chn_putc_lib.o)
 .debug_aranges
                0x000004f8       0x20 /home/opt/microchip/xc32/v1.00/bin/../lib/gcc/pic32mx/4.5.1/../../../../pic32mx/lib/libmchp_peripheral_32MX795F512L.a(nvm_erase_page_lib.o)
 .debug_aranges
                0x00000518       0x20 /home/opt/microchip/xc32/v1.00/bin/../lib/gcc/pic32mx/4.5.1/../../../../pic32mx/lib/libmchp_peripheral_32MX795F512L.a(nvm_operation_lib.o)
 .debug_aranges
                0x00000538       0x20 /home/opt/microchip/xc32/v1.00/bin/../lib/gcc/pic32mx/4.5.1/../../../../pic32mx/lib/libmchp_peripheral_32MX795F512L.a(nvm_write_word_lib.o)
 .debug_aranges
                0x00000558       0x20 /home/opt/microchip/xc32/v1.00/bin/../lib/gcc/pic32mx/4.5.1/../../../../pic32mx/lib/libmchp_peripheral_32MX795F512L.a(port_set_pins_digital_out_lib.o)
 .debug_aranges
                0x00000578       0x20 /home/opt/microchip/xc32/v1.00/bin/../lib/gcc/pic32mx/4.5.1/../../../../pic32mx/lib/libmchp_peripheral_32MX795F512L.a(port_clear_bits_lib.o)
 .debug_aranges
                0x00000598       0x20 /home/opt/microchip/xc32/v1.00/bin/../lib/gcc/pic32mx/4.5.1/../../../../pic32mx/lib/libmchp_peripheral_32MX795F512L.a(port_set_bits_lib.o)
 .debug_aranges
                0x000005b8       0x58 /home/opt/microchip/xc32/v1.00/bin/../lib/gcc/pic32mx/4.5.1/../../../../pic32mx/lib/libmchp_peripheral_32MX795F512L.a(uart_lib.o)
 .debug_aranges
                0x00000610       0x20 /home/opt/microchip/xc32/v1.00/bin/../lib/gcc/pic32mx/4.5.1/../../../../pic32mx/lib/libmchp_peripheral_32MX795F512L.a(int_restore_interrupts_lib.o)

.debug_pubnames
                0x00000000     0x1c8e
 *(.debug_pubnames)
 .debug_pubnames
                0x00000000       0x3f build/default/production/_ext/464348676/Namespace_bcs_rpc.o
 .debug_pubnames
                0x0000003f       0x40 build/default/production/_ext/464348676/Bowler_RPC_Process.o
 .debug_pubnames
                0x0000007f      0x3ad build/default/production/_ext/464348676/AbstractPID.o
 .debug_pubnames
                0x0000042c       0x1f build/default/production/_ext/464348676/Scheduler.o
 .debug_pubnames
                0x0000044b       0xf3 build/default/production/_ext/464348676/Namespace_bcs_core.o
 .debug_pubnames
                0x0000053e       0x9f build/default/production/_ext/464348676/Bowler_Transport.o
 .debug_pubnames
                0x000005dd       0x71 build/default/production/_ext/464348676/Bowler_Server.o
 .debug_pubnames
                0x0000064e      0x154 build/default/production/_ext/464348676/FIFO.o
 .debug_pubnames
                0x000007a2      0x192 build/default/production/_ext/464348676/Debug.o
 .debug_pubnames
                0x00000934       0x48 build/default/production/_ext/464348676/Namespace_bcs_pid.o
 .debug_pubnames
                0x0000097c      0x136 build/default/production/_ext/464348676/Bowler_Helper.o
 .debug_pubnames
                0x00000ab2      0x3d5 build/default/production/_ext/161057953/usb_device.o
 .debug_pubnames
                0x00000e87       0xe7 build/default/production/_ext/161057953/usb_fifo.o
 .debug_pubnames
                0x00000f6e       0xc2 build/default/production/_ext/161057953/usb_descriptors.o
 .debug_pubnames
                0x00001030       0xfc build/default/production/_ext/161057953/usb_callback.o
 .debug_pubnames
                0x0000112c      0x1b1 build/default/production/_ext/161057953/usb_function_cdc.o
 .debug_pubnames
                0x000012dd       0xe8 build/default/production/_ext/1271783508/Bowler_UART_HAL.o
 .debug_pubnames
                0x000013c5       0x4c build/default/production/_ext/1271783508/Bowler_USB_HAL.o
 .debug_pubnames
                0x00001411       0x50 build/default/production/_ext/1271783508/LED.o
 .debug_pubnames
                0x00001461       0x8d build/default/production/_ext/1271783508/Tick.o
 .debug_pubnames
                0x000014ee       0x5d build/default/production/_ext/1271783508/Delay.o
 .debug_pubnames
                0x0000154b       0xf6 build/default/production/_ext/1271783508/HAL_P32.o
 .debug_pubnames
                0x00001641       0x52 build/default/production/_ext/1271783508/ADC.o
 .debug_pubnames
                0x00001693       0x4e build/default/production/_ext/1271783508/UART.o
 .debug_pubnames
                0x000016e1       0xcd build/default/production/_ext/1271783508/FlashStorage.o
 .debug_pubnames
                0x000017ae       0x6a build/default/production/_ext/1360937237/main.o
 .debug_pubnames
                0x00001818       0x5a build/default/production/_ext/1360937237/NamespaceSample.o
 .debug_pubnames
                0x00001872       0x24 /home/opt/microchip/xc32/v1.00/bin/../lib/gcc/pic32mx/4.5.1/libgcc.a(floatunsisf.o)
 .debug_pubnames
                0x00001896       0x33 /home/opt/microchip/xc32/v1.00/bin/../lib/gcc/pic32mx/4.5.1/../../../../pic32mx/lib/libc.a(default-bootstrap-exception-handler.o)
 .debug_pubnames
                0x000018c9       0x20 /home/opt/microchip/xc32/v1.00/bin/../lib/gcc/pic32mx/4.5.1/../../../../pic32mx/lib/libc.a(default-on-reset.o)
 .debug_pubnames
                0x000018e9       0x24 /home/opt/microchip/xc32/v1.00/bin/../lib/gcc/pic32mx/4.5.1/../../../../pic32mx/lib/libc.a(default-on-bootstrap.o)
 .debug_pubnames
                0x0000190d       0x2a /home/opt/microchip/xc32/v1.00/bin/../lib/gcc/pic32mx/4.5.1/../../../../pic32mx/lib/libmchp_peripheral_32MX795F512L.a(int_enable_interrupts_lib.o)
 .debug_pubnames
                0x00001937       0x2b /home/opt/microchip/xc32/v1.00/bin/../lib/gcc/pic32mx/4.5.1/../../../../pic32mx/lib/libmchp_peripheral_32MX795F512L.a(int_disable_interrupts_lib.o)
 .debug_pubnames
                0x00001962       0x36 /home/opt/microchip/xc32/v1.00/bin/../lib/gcc/pic32mx/4.5.1/../../../../pic32mx/lib/libmchp_peripheral_32MX795F512L.a(int_enable_mv_int_lib.o)
 .debug_pubnames
                0x00001998       0xca /home/opt/microchip/xc32/v1.00/bin/../lib/gcc/pic32mx/4.5.1/../../../../pic32mx/lib/libmchp_peripheral_32MX795F512L.a(int_tbl_lib.o)
 .debug_pubnames
                0x00001a62       0x31 /home/opt/microchip/xc32/v1.00/bin/../lib/gcc/pic32mx/4.5.1/../../../../pic32mx/lib/libmchp_peripheral_32MX795F512L.a(spi_chn_getc_lib.o)
 .debug_pubnames
                0x00001a93       0x43 /home/opt/microchip/xc32/v1.00/bin/../lib/gcc/pic32mx/4.5.1/../../../../pic32mx/lib/libmchp_peripheral_32MX795F512L.a(spi_chn_putc_lib.o)
 .debug_pubnames
                0x00001ad6       0x23 /home/opt/microchip/xc32/v1.00/bin/../lib/gcc/pic32mx/4.5.1/../../../../pic32mx/lib/libmchp_peripheral_32MX795F512L.a(nvm_erase_page_lib.o)
 .debug_pubnames
                0x00001af9       0x24 /home/opt/microchip/xc32/v1.00/bin/../lib/gcc/pic32mx/4.5.1/../../../../pic32mx/lib/libmchp_peripheral_32MX795F512L.a(nvm_operation_lib.o)
 .debug_pubnames
                0x00001b1d       0x23 /home/opt/microchip/xc32/v1.00/bin/../lib/gcc/pic32mx/4.5.1/../../../../pic32mx/lib/libmchp_peripheral_32MX795F512L.a(nvm_write_word_lib.o)
 .debug_pubnames
                0x00001b40       0x2c /home/opt/microchip/xc32/v1.00/bin/../lib/gcc/pic32mx/4.5.1/../../../../pic32mx/lib/libmchp_peripheral_32MX795F512L.a(port_set_pins_digital_out_lib.o)
 .debug_pubnames
                0x00001b6c       0x24 /home/opt/microchip/xc32/v1.00/bin/../lib/gcc/pic32mx/4.5.1/../../../../pic32mx/lib/libmchp_peripheral_32MX795F512L.a(port_clear_bits_lib.o)
 .debug_pubnames
                0x00001b90       0x22 /home/opt/microchip/xc32/v1.00/bin/../lib/gcc/pic32mx/4.5.1/../../../../pic32mx/lib/libmchp_peripheral_32MX795F512L.a(port_set_bits_lib.o)
 .debug_pubnames
                0x00001bb2       0xb1 /home/opt/microchip/xc32/v1.00/bin/../lib/gcc/pic32mx/4.5.1/../../../../pic32mx/lib/libmchp_peripheral_32MX795F512L.a(uart_lib.o)
 .debug_pubnames
                0x00001c63       0x2b /home/opt/microchip/xc32/v1.00/bin/../lib/gcc/pic32mx/4.5.1/../../../../pic32mx/lib/libmchp_peripheral_32MX795F512L.a(int_restore_interrupts_lib.o)

.debug_info     0x00000000    0x33012
 *(.debug_info .gnu.linkonce.wi.*)
 .debug_info    0x00000000     0x1a64 build/default/production/_ext/464348676/Namespace_bcs_rpc.o
 .debug_info    0x00001a64     0x1966 build/default/production/_ext/464348676/Bowler_RPC_Process.o
 .debug_info    0x000033ca     0x18f2 build/default/production/_ext/464348676/AbstractPID.o
 .debug_info    0x00004cbc     0x1258 build/default/production/_ext/464348676/Scheduler.o
 .debug_info    0x00005f14     0x1c19 build/default/production/_ext/464348676/Namespace_bcs_core.o
 .debug_info    0x00007b2d     0x1761 build/default/production/_ext/464348676/Bowler_Transport.o
 .debug_info    0x0000928e     0x1a4e build/default/production/_ext/464348676/Bowler_Server.o
 .debug_info    0x0000acdc     0x1a2c build/default/production/_ext/464348676/FIFO.o
 .debug_info    0x0000c708     0x1f08 build/default/production/_ext/464348676/Debug.o
 .debug_info    0x0000e610     0x11bd build/default/production/_ext/464348676/Bowler_Stack_Callback.o
 .debug_info    0x0000f7cd     0x19f6 build/default/production/_ext/464348676/Namespace_bcs_pid.o
 .debug_info    0x000111c3     0x1bcc build/default/production/_ext/464348676/Bowler_Helper.o
 .debug_info    0x00012d8f     0x11bc build/default/production/_ext/161057953/usb_interrupt.o
 .debug_info    0x00013f4b     0x4072 build/default/production/_ext/161057953/usb_device.o
 .debug_info    0x00017fbd     0x1d4e build/default/production/_ext/161057953/usb_fifo.o
 .debug_info    0x00019d0b     0x18e4 build/default/production/_ext/161057953/usb_descriptors.o
 .debug_info    0x0001b5ef     0x1ea8 build/default/production/_ext/161057953/usb_callback.o
 .debug_info    0x0001d497     0x2f36 build/default/production/_ext/161057953/usb_function_cdc.o
 .debug_info    0x000203cd     0x2ba2 build/default/production/_ext/1271783508/Bowler_UART_HAL.o
 .debug_info    0x00022f6f     0x12af build/default/production/_ext/1271783508/Bowler_USB_HAL.o
 .debug_info    0x0002421e     0x13cf build/default/production/_ext/1271783508/LED.o
 .debug_info    0x000255ed     0x16b7 build/default/production/_ext/1271783508/Tick.o
 .debug_info    0x00026ca4     0x12cf build/default/production/_ext/1271783508/Delay.o
 .debug_info    0x00027f73     0x1b1f build/default/production/_ext/1271783508/HAL_P32.o
 .debug_info    0x00029a92     0x1de3 build/default/production/_ext/1271783508/ADC.o
 .debug_info    0x0002b875     0x1b87 build/default/production/_ext/1271783508/UART.o
 .debug_info    0x0002d3fc     0x184f build/default/production/_ext/1271783508/FlashStorage.o
 .debug_info    0x0002ec4b     0x18dd build/default/production/_ext/1360937237/main.o
 .debug_info    0x00030528     0x1aa1 build/default/production/_ext/1360937237/NamespaceSample.o
 .debug_info    0x00031fc9      0x146 /home/opt/microchip/xc32/v1.00/bin/../lib/gcc/pic32mx/4.5.1/libgcc.a(floatunsisf.o)
 .debug_info    0x0003210f       0xcb /home/opt/microchip/xc32/v1.00/bin/../lib/gcc/pic32mx/4.5.1/../../../../pic32mx/lib/libc.a(default-bootstrap-exception-handler.o)
 .debug_info    0x000321da       0xa5 /home/opt/microchip/xc32/v1.00/bin/../lib/gcc/pic32mx/4.5.1/../../../../pic32mx/lib/libc.a(default-on-reset.o)
 .debug_info    0x0003227f       0xad /home/opt/microchip/xc32/v1.00/bin/../lib/gcc/pic32mx/4.5.1/../../../../pic32mx/lib/libc.a(default-on-bootstrap.o)
 .debug_info    0x0003232c       0xc9 /home/opt/microchip/xc32/v1.00/bin/../lib/gcc/pic32mx/4.5.1/../../../../pic32mx/lib/libmchp_peripheral_32MX795F512L.a(int_enable_interrupts_lib.o)
 .debug_info    0x000323f5       0xcb /home/opt/microchip/xc32/v1.00/bin/../lib/gcc/pic32mx/4.5.1/../../../../pic32mx/lib/libmchp_peripheral_32MX795F512L.a(int_disable_interrupts_lib.o)
 .debug_info    0x000324c0       0xd1 /home/opt/microchip/xc32/v1.00/bin/../lib/gcc/pic32mx/4.5.1/../../../../pic32mx/lib/libmchp_peripheral_32MX795F512L.a(int_enable_mv_int_lib.o)
 .debug_info    0x00032591      0x1ab /home/opt/microchip/xc32/v1.00/bin/../lib/gcc/pic32mx/4.5.1/../../../../pic32mx/lib/libmchp_peripheral_32MX795F512L.a(int_tbl_lib.o)
 .debug_info    0x0003273c       0xe4 /home/opt/microchip/xc32/v1.00/bin/../lib/gcc/pic32mx/4.5.1/../../../../pic32mx/lib/libmchp_peripheral_32MX795F512L.a(spi_chn_getc_lib.o)
 .debug_info    0x00032820      0x100 /home/opt/microchip/xc32/v1.00/bin/../lib/gcc/pic32mx/4.5.1/../../../../pic32mx/lib/libmchp_peripheral_32MX795F512L.a(spi_chn_putc_lib.o)
 .debug_info    0x00032920        0x0 /home/opt/microchip/xc32/v1.00/bin/../lib/gcc/pic32mx/4.5.1/../../../../pic32mx/lib/libmchp_peripheral_32MX795F512L.a(spi_map_tbl_libp.o)
 .debug_info    0x00032920       0xbb /home/opt/microchip/xc32/v1.00/bin/../lib/gcc/pic32mx/4.5.1/../../../../pic32mx/lib/libmchp_peripheral_32MX795F512L.a(nvm_erase_page_lib.o)
 .debug_info    0x000329db       0xdc /home/opt/microchip/xc32/v1.00/bin/../lib/gcc/pic32mx/4.5.1/../../../../pic32mx/lib/libmchp_peripheral_32MX795F512L.a(nvm_operation_lib.o)
 .debug_info    0x00032ab7       0xbb /home/opt/microchip/xc32/v1.00/bin/../lib/gcc/pic32mx/4.5.1/../../../../pic32mx/lib/libmchp_peripheral_32MX795F512L.a(nvm_write_word_lib.o)
 .debug_info    0x00032b72       0xd1 /home/opt/microchip/xc32/v1.00/bin/../lib/gcc/pic32mx/4.5.1/../../../../pic32mx/lib/libmchp_peripheral_32MX795F512L.a(port_set_pins_digital_out_lib.o)
 .debug_info    0x00032c43       0xbf /home/opt/microchip/xc32/v1.00/bin/../lib/gcc/pic32mx/4.5.1/../../../../pic32mx/lib/libmchp_peripheral_32MX795F512L.a(port_clear_bits_lib.o)
 .debug_info    0x00032d02       0xbb /home/opt/microchip/xc32/v1.00/bin/../lib/gcc/pic32mx/4.5.1/../../../../pic32mx/lib/libmchp_peripheral_32MX795F512L.a(port_set_bits_lib.o)
 .debug_info    0x00032dbd        0x0 /home/opt/microchip/xc32/v1.00/bin/../lib/gcc/pic32mx/4.5.1/../../../../pic32mx/lib/libmchp_peripheral_32MX795F512L.a(_ports_tbl_libp.o)
 .debug_info    0x00032dbd      0x18a /home/opt/microchip/xc32/v1.00/bin/../lib/gcc/pic32mx/4.5.1/../../../../pic32mx/lib/libmchp_peripheral_32MX795F512L.a(uart_lib.o)
 .debug_info    0x00032f47       0xcb /home/opt/microchip/xc32/v1.00/bin/../lib/gcc/pic32mx/4.5.1/../../../../pic32mx/lib/libmchp_peripheral_32MX795F512L.a(int_restore_interrupts_lib.o)

.debug_abbrev   0x00000000     0x4326
 *(.debug_abbrev)
 .debug_abbrev  0x00000000      0x251 build/default/production/_ext/464348676/Namespace_bcs_rpc.o
 .debug_abbrev  0x00000251      0x256 build/default/production/_ext/464348676/Bowler_RPC_Process.o
 .debug_abbrev  0x000004a7      0x282 build/default/production/_ext/464348676/AbstractPID.o
 .debug_abbrev  0x00000729      0x1ac build/default/production/_ext/464348676/Scheduler.o
 .debug_abbrev  0x000008d5      0x2a8 build/default/production/_ext/464348676/Namespace_bcs_core.o
 .debug_abbrev  0x00000b7d      0x244 build/default/production/_ext/464348676/Bowler_Transport.o
 .debug_abbrev  0x00000dc1      0x28b build/default/production/_ext/464348676/Bowler_Server.o
 .debug_abbrev  0x0000104c      0x24c build/default/production/_ext/464348676/FIFO.o
 .debug_abbrev  0x00001298      0x2b0 build/default/production/_ext/464348676/Debug.o
 .debug_abbrev  0x00001548      0x166 build/default/production/_ext/464348676/Bowler_Stack_Callback.o
 .debug_abbrev  0x000016ae      0x242 build/default/production/_ext/464348676/Namespace_bcs_pid.o
 .debug_abbrev  0x000018f0      0x23d build/default/production/_ext/464348676/Bowler_Helper.o
 .debug_abbrev  0x00001b2d      0x166 build/default/production/_ext/161057953/usb_interrupt.o
 .debug_abbrev  0x00001c93      0x2c0 build/default/production/_ext/161057953/usb_device.o
 .debug_abbrev  0x00001f53      0x289 build/default/production/_ext/161057953/usb_fifo.o
 .debug_abbrev  0x000021dc      0x209 build/default/production/_ext/161057953/usb_descriptors.o
 .debug_abbrev  0x000023e5      0x23e build/default/production/_ext/161057953/usb_callback.o
 .debug_abbrev  0x00002623      0x2e3 build/default/production/_ext/161057953/usb_function_cdc.o
 .debug_abbrev  0x00002906      0x279 build/default/production/_ext/1271783508/Bowler_UART_HAL.o
 .debug_abbrev  0x00002b7f      0x1d4 build/default/production/_ext/1271783508/Bowler_USB_HAL.o
 .debug_abbrev  0x00002d53      0x1b7 build/default/production/_ext/1271783508/LED.o
 .debug_abbrev  0x00002f0a      0x20b build/default/production/_ext/1271783508/Tick.o
 .debug_abbrev  0x00003115      0x1b0 build/default/production/_ext/1271783508/Delay.o
 .debug_abbrev  0x000032c5      0x298 build/default/production/_ext/1271783508/HAL_P32.o
 .debug_abbrev  0x0000355d      0x1db build/default/production/_ext/1271783508/ADC.o
 .debug_abbrev  0x00003738      0x231 build/default/production/_ext/1271783508/UART.o
 .debug_abbrev  0x00003969      0x20f build/default/production/_ext/1271783508/FlashStorage.o
 .debug_abbrev  0x00003b78      0x254 build/default/production/_ext/1360937237/main.o
 .debug_abbrev  0x00003dcc      0x242 build/default/production/_ext/1360937237/NamespaceSample.o
 .debug_abbrev  0x0000400e       0x61 /home/opt/microchip/xc32/v1.00/bin/../lib/gcc/pic32mx/4.5.1/libgcc.a(floatunsisf.o)
 .debug_abbrev  0x0000406f       0x25 /home/opt/microchip/xc32/v1.00/bin/../lib/gcc/pic32mx/4.5.1/../../../../pic32mx/lib/libc.a(default-bootstrap-exception-handler.o)
 .debug_abbrev  0x00004094       0x25 /home/opt/microchip/xc32/v1.00/bin/../lib/gcc/pic32mx/4.5.1/../../../../pic32mx/lib/libc.a(default-on-reset.o)
 .debug_abbrev  0x000040b9       0x25 /home/opt/microchip/xc32/v1.00/bin/../lib/gcc/pic32mx/4.5.1/../../../../pic32mx/lib/libc.a(default-on-bootstrap.o)
 .debug_abbrev  0x000040de       0x25 /home/opt/microchip/xc32/v1.00/bin/../lib/gcc/pic32mx/4.5.1/../../../../pic32mx/lib/libmchp_peripheral_32MX795F512L.a(int_enable_interrupts_lib.o)
 .debug_abbrev  0x00004103       0x25 /home/opt/microchip/xc32/v1.00/bin/../lib/gcc/pic32mx/4.5.1/../../../../pic32mx/lib/libmchp_peripheral_32MX795F512L.a(int_disable_interrupts_lib.o)
 .debug_abbrev  0x00004128       0x25 /home/opt/microchip/xc32/v1.00/bin/../lib/gcc/pic32mx/4.5.1/../../../../pic32mx/lib/libmchp_peripheral_32MX795F512L.a(int_enable_mv_int_lib.o)
 .debug_abbrev  0x0000414d       0x25 /home/opt/microchip/xc32/v1.00/bin/../lib/gcc/pic32mx/4.5.1/../../../../pic32mx/lib/libmchp_peripheral_32MX795F512L.a(int_tbl_lib.o)
 .debug_abbrev  0x00004172       0x34 /home/opt/microchip/xc32/v1.00/bin/../lib/gcc/pic32mx/4.5.1/../../../../pic32mx/lib/libmchp_peripheral_32MX795F512L.a(spi_chn_getc_lib.o)
 .debug_abbrev  0x000041a6       0x34 /home/opt/microchip/xc32/v1.00/bin/../lib/gcc/pic32mx/4.5.1/../../../../pic32mx/lib/libmchp_peripheral_32MX795F512L.a(spi_chn_putc_lib.o)
 .debug_abbrev  0x000041da        0x1 /home/opt/microchip/xc32/v1.00/bin/../lib/gcc/pic32mx/4.5.1/../../../../pic32mx/lib/libmchp_peripheral_32MX795F512L.a(spi_map_tbl_libp.o)
 .debug_abbrev  0x000041db       0x25 /home/opt/microchip/xc32/v1.00/bin/../lib/gcc/pic32mx/4.5.1/../../../../pic32mx/lib/libmchp_peripheral_32MX795F512L.a(nvm_erase_page_lib.o)
 .debug_abbrev  0x00004200       0x34 /home/opt/microchip/xc32/v1.00/bin/../lib/gcc/pic32mx/4.5.1/../../../../pic32mx/lib/libmchp_peripheral_32MX795F512L.a(nvm_operation_lib.o)
 .debug_abbrev  0x00004234       0x25 /home/opt/microchip/xc32/v1.00/bin/../lib/gcc/pic32mx/4.5.1/../../../../pic32mx/lib/libmchp_peripheral_32MX795F512L.a(nvm_write_word_lib.o)
 .debug_abbrev  0x00004259       0x25 /home/opt/microchip/xc32/v1.00/bin/../lib/gcc/pic32mx/4.5.1/../../../../pic32mx/lib/libmchp_peripheral_32MX795F512L.a(port_set_pins_digital_out_lib.o)
 .debug_abbrev  0x0000427e       0x25 /home/opt/microchip/xc32/v1.00/bin/../lib/gcc/pic32mx/4.5.1/../../../../pic32mx/lib/libmchp_peripheral_32MX795F512L.a(port_clear_bits_lib.o)
 .debug_abbrev  0x000042a3       0x25 /home/opt/microchip/xc32/v1.00/bin/../lib/gcc/pic32mx/4.5.1/../../../../pic32mx/lib/libmchp_peripheral_32MX795F512L.a(port_set_bits_lib.o)
 .debug_abbrev  0x000042c8        0x1 /home/opt/microchip/xc32/v1.00/bin/../lib/gcc/pic32mx/4.5.1/../../../../pic32mx/lib/libmchp_peripheral_32MX795F512L.a(_ports_tbl_libp.o)
 .debug_abbrev  0x000042c9       0x38 /home/opt/microchip/xc32/v1.00/bin/../lib/gcc/pic32mx/4.5.1/../../../../pic32mx/lib/libmchp_peripheral_32MX795F512L.a(uart_lib.o)
 .debug_abbrev  0x00004301       0x25 /home/opt/microchip/xc32/v1.00/bin/../lib/gcc/pic32mx/4.5.1/../../../../pic32mx/lib/libmchp_peripheral_32MX795F512L.a(int_restore_interrupts_lib.o)

.debug_line     0x00000000     0x5d47
 *(.debug_line)
 .debug_line    0x00000000      0x2c1 build/default/production/_ext/464348676/Namespace_bcs_rpc.o
 .debug_line    0x000002c1      0x2a4 build/default/production/_ext/464348676/Bowler_RPC_Process.o
 .debug_line    0x00000565      0x4fa build/default/production/_ext/464348676/AbstractPID.o
 .debug_line    0x00000a5f      0x1eb build/default/production/_ext/464348676/Scheduler.o
 .debug_line    0x00000c4a      0x32c build/default/production/_ext/464348676/Namespace_bcs_core.o
 .debug_line    0x00000f76      0x28c build/default/production/_ext/464348676/Bowler_Transport.o
 .debug_line    0x00001202      0x2b5 build/default/production/_ext/464348676/Bowler_Server.o
 .debug_line    0x000014b7      0x2e4 build/default/production/_ext/464348676/FIFO.o
 .debug_line    0x0000179b      0x3e0 build/default/production/_ext/464348676/Debug.o
 .debug_line    0x00001b7b      0x15c build/default/production/_ext/464348676/Bowler_Stack_Callback.o
 .debug_line    0x00001cd7      0x281 build/default/production/_ext/464348676/Namespace_bcs_pid.o
 .debug_line    0x00001f58      0x2d0 build/default/production/_ext/464348676/Bowler_Helper.o
 .debug_line    0x00002228      0x15c build/default/production/_ext/161057953/usb_interrupt.o
 .debug_line    0x00002384      0x6c5 build/default/production/_ext/161057953/usb_device.o
 .debug_line    0x00002a49      0x3a8 build/default/production/_ext/161057953/usb_fifo.o
 .debug_line    0x00002df1      0x2e8 build/default/production/_ext/161057953/usb_descriptors.o
 .debug_line    0x000030d9      0x329 build/default/production/_ext/161057953/usb_callback.o
 .debug_line    0x00003402      0x3dd build/default/production/_ext/161057953/usb_function_cdc.o
 .debug_line    0x000037df      0x33b build/default/production/_ext/1271783508/Bowler_UART_HAL.o
 .debug_line    0x00003b1a      0x246 build/default/production/_ext/1271783508/Bowler_USB_HAL.o
 .debug_line    0x00003d60      0x258 build/default/production/_ext/1271783508/LED.o
 .debug_line    0x00003fb8      0x2d1 build/default/production/_ext/1271783508/Tick.o
 .debug_line    0x00004289      0x251 build/default/production/_ext/1271783508/Delay.o
 .debug_line    0x000044da      0x3ae build/default/production/_ext/1271783508/HAL_P32.o
 .debug_line    0x00004888      0x28a build/default/production/_ext/1271783508/ADC.o
 .debug_line    0x00004b12      0x290 build/default/production/_ext/1271783508/UART.o
 .debug_line    0x00004da2      0x339 build/default/production/_ext/1271783508/FlashStorage.o
 .debug_line    0x000050db      0x1e4 build/default/production/_ext/1360937237/main.o
 .debug_line    0x000052bf      0x238 build/default/production/_ext/1360937237/NamespaceSample.o
 .debug_line    0x000054f7       0x6d /home/opt/microchip/xc32/v1.00/bin/../lib/gcc/pic32mx/4.5.1/libgcc.a(floatunsisf.o)
 .debug_line    0x00005564       0x89 /home/opt/microchip/xc32/v1.00/bin/../lib/gcc/pic32mx/4.5.1/../../../../pic32mx/lib/libc.a(default-bootstrap-exception-handler.o)
 .debug_line    0x000055ed       0x76 /home/opt/microchip/xc32/v1.00/bin/../lib/gcc/pic32mx/4.5.1/../../../../pic32mx/lib/libc.a(default-on-reset.o)
 .debug_line    0x00005663       0x7a /home/opt/microchip/xc32/v1.00/bin/../lib/gcc/pic32mx/4.5.1/../../../../pic32mx/lib/libc.a(default-on-bootstrap.o)
 .debug_line    0x000056dd       0x72 /home/opt/microchip/xc32/v1.00/bin/../lib/gcc/pic32mx/4.5.1/../../../../pic32mx/lib/libmchp_peripheral_32MX795F512L.a(int_enable_interrupts_lib.o)
 .debug_line    0x0000574f       0x73 /home/opt/microchip/xc32/v1.00/bin/../lib/gcc/pic32mx/4.5.1/../../../../pic32mx/lib/libmchp_peripheral_32MX795F512L.a(int_disable_interrupts_lib.o)
 .debug_line    0x000057c2       0x6e /home/opt/microchip/xc32/v1.00/bin/../lib/gcc/pic32mx/4.5.1/../../../../pic32mx/lib/libmchp_peripheral_32MX795F512L.a(int_enable_mv_int_lib.o)
 .debug_line    0x00005830       0x64 /home/opt/microchip/xc32/v1.00/bin/../lib/gcc/pic32mx/4.5.1/../../../../pic32mx/lib/libmchp_peripheral_32MX795F512L.a(int_tbl_lib.o)
 .debug_line    0x00005894       0x7b /home/opt/microchip/xc32/v1.00/bin/../lib/gcc/pic32mx/4.5.1/../../../../pic32mx/lib/libmchp_peripheral_32MX795F512L.a(spi_chn_getc_lib.o)
 .debug_line    0x0000590f       0x7b /home/opt/microchip/xc32/v1.00/bin/../lib/gcc/pic32mx/4.5.1/../../../../pic32mx/lib/libmchp_peripheral_32MX795F512L.a(spi_chn_putc_lib.o)
 .debug_line    0x0000598a        0x0 /home/opt/microchip/xc32/v1.00/bin/../lib/gcc/pic32mx/4.5.1/../../../../pic32mx/lib/libmchp_peripheral_32MX795F512L.a(spi_map_tbl_libp.o)
 .debug_line    0x0000598a       0x6b /home/opt/microchip/xc32/v1.00/bin/../lib/gcc/pic32mx/4.5.1/../../../../pic32mx/lib/libmchp_peripheral_32MX795F512L.a(nvm_erase_page_lib.o)
 .debug_line    0x000059f5       0xc0 /home/opt/microchip/xc32/v1.00/bin/../lib/gcc/pic32mx/4.5.1/../../../../pic32mx/lib/libmchp_peripheral_32MX795F512L.a(nvm_operation_lib.o)
 .debug_line    0x00005ab5       0x6b /home/opt/microchip/xc32/v1.00/bin/../lib/gcc/pic32mx/4.5.1/../../../../pic32mx/lib/libmchp_peripheral_32MX795F512L.a(nvm_write_word_lib.o)
 .debug_line    0x00005b20       0x78 /home/opt/microchip/xc32/v1.00/bin/../lib/gcc/pic32mx/4.5.1/../../../../pic32mx/lib/libmchp_peripheral_32MX795F512L.a(port_set_pins_digital_out_lib.o)
 .debug_line    0x00005b98       0x6e /home/opt/microchip/xc32/v1.00/bin/../lib/gcc/pic32mx/4.5.1/../../../../pic32mx/lib/libmchp_peripheral_32MX795F512L.a(port_clear_bits_lib.o)
 .debug_line    0x00005c06       0x6c /home/opt/microchip/xc32/v1.00/bin/../lib/gcc/pic32mx/4.5.1/../../../../pic32mx/lib/libmchp_peripheral_32MX795F512L.a(port_set_bits_lib.o)
 .debug_line    0x00005c72        0x0 /home/opt/microchip/xc32/v1.00/bin/../lib/gcc/pic32mx/4.5.1/../../../../pic32mx/lib/libmchp_peripheral_32MX795F512L.a(_ports_tbl_libp.o)
 .debug_line    0x00005c72       0x62 /home/opt/microchip/xc32/v1.00/bin/../lib/gcc/pic32mx/4.5.1/../../../../pic32mx/lib/libmchp_peripheral_32MX795F512L.a(uart_lib.o)
 .debug_line    0x00005cd4       0x73 /home/opt/microchip/xc32/v1.00/bin/../lib/gcc/pic32mx/4.5.1/../../../../pic32mx/lib/libmchp_peripheral_32MX795F512L.a(int_restore_interrupts_lib.o)

.debug_frame    0x00000000     0x2104
 *(.debug_frame)
 .debug_frame   0x00000000       0x64 build/default/production/_ext/464348676/Namespace_bcs_rpc.o
 .debug_frame   0x00000064       0x4c build/default/production/_ext/464348676/Bowler_RPC_Process.o
 .debug_frame   0x000000b0      0x468 build/default/production/_ext/464348676/AbstractPID.o
 .debug_frame   0x00000518       0x30 build/default/production/_ext/464348676/Scheduler.o
 .debug_frame   0x00000548      0x148 build/default/production/_ext/464348676/Namespace_bcs_core.o
 .debug_frame   0x00000690       0xf4 build/default/production/_ext/464348676/Bowler_Transport.o
 .debug_frame   0x00000784       0x88 build/default/production/_ext/464348676/Bowler_Server.o
 .debug_frame   0x0000080c      0x1f4 build/default/production/_ext/464348676/FIFO.o
 .debug_frame   0x00000a00      0x208 build/default/production/_ext/464348676/Debug.o
 .debug_frame   0x00000c08       0x48 build/default/production/_ext/464348676/Namespace_bcs_pid.o
 .debug_frame   0x00000c50      0x248 build/default/production/_ext/464348676/Bowler_Helper.o
 .debug_frame   0x00000e98      0x310 build/default/production/_ext/161057953/usb_device.o
 .debug_frame   0x000011a8      0x164 build/default/production/_ext/161057953/usb_fifo.o
 .debug_frame   0x0000130c       0x64 build/default/production/_ext/161057953/usb_descriptors.o
 .debug_frame   0x00001370      0x128 build/default/production/_ext/161057953/usb_callback.o
 .debug_frame   0x00001498       0xf0 build/default/production/_ext/161057953/usb_function_cdc.o
 .debug_frame   0x00001588      0x148 build/default/production/_ext/1271783508/Bowler_UART_HAL.o
 .debug_frame   0x000016d0       0x64 build/default/production/_ext/1271783508/Bowler_USB_HAL.o
 .debug_frame   0x00001734       0x9c build/default/production/_ext/1271783508/LED.o
 .debug_frame   0x000017d0       0xdc build/default/production/_ext/1271783508/Tick.o
 .debug_frame   0x000018ac       0x9c build/default/production/_ext/1271783508/Delay.o
 .debug_frame   0x00001948      0x144 build/default/production/_ext/1271783508/HAL_P32.o
 .debug_frame   0x00001a8c       0x64 build/default/production/_ext/1271783508/ADC.o
 .debug_frame   0x00001af0       0x48 build/default/production/_ext/1271783508/UART.o
 .debug_frame   0x00001b38      0x128 build/default/production/_ext/1271783508/FlashStorage.o
 .debug_frame   0x00001c60       0xb8 build/default/production/_ext/1360937237/main.o
 .debug_frame   0x00001d18       0x64 build/default/production/_ext/1360937237/NamespaceSample.o
 .debug_frame   0x00001d7c       0x28 /home/opt/microchip/xc32/v1.00/bin/../lib/gcc/pic32mx/4.5.1/libgcc.a(floatunsisf.o)
 .debug_frame   0x00001da4       0x20 /home/opt/microchip/xc32/v1.00/bin/../lib/gcc/pic32mx/4.5.1/../../../../pic32mx/lib/libc.a(default-bootstrap-exception-handler.o)
 .debug_frame   0x00001dc4       0x20 /home/opt/microchip/xc32/v1.00/bin/../lib/gcc/pic32mx/4.5.1/../../../../pic32mx/lib/libc.a(default-on-reset.o)
 .debug_frame   0x00001de4       0x20 /home/opt/microchip/xc32/v1.00/bin/../lib/gcc/pic32mx/4.5.1/../../../../pic32mx/lib/libc.a(default-on-bootstrap.o)
 .debug_frame   0x00001e04       0x20 /home/opt/microchip/xc32/v1.00/bin/../lib/gcc/pic32mx/4.5.1/../../../../pic32mx/lib/libmchp_peripheral_32MX795F512L.a(int_enable_interrupts_lib.o)
 .debug_frame   0x00001e24       0x20 /home/opt/microchip/xc32/v1.00/bin/../lib/gcc/pic32mx/4.5.1/../../../../pic32mx/lib/libmchp_peripheral_32MX795F512L.a(int_disable_interrupts_lib.o)
 .debug_frame   0x00001e44       0x28 /home/opt/microchip/xc32/v1.00/bin/../lib/gcc/pic32mx/4.5.1/../../../../pic32mx/lib/libmchp_peripheral_32MX795F512L.a(int_enable_mv_int_lib.o)
 .debug_frame   0x00001e6c       0xa0 /home/opt/microchip/xc32/v1.00/bin/../lib/gcc/pic32mx/4.5.1/../../../../pic32mx/lib/libmchp_peripheral_32MX795F512L.a(int_tbl_lib.o)
 .debug_frame   0x00001f0c       0x30 /home/opt/microchip/xc32/v1.00/bin/../lib/gcc/pic32mx/4.5.1/../../../../pic32mx/lib/libmchp_peripheral_32MX795F512L.a(spi_chn_getc_lib.o)
 .debug_frame   0x00001f3c       0x40 /home/opt/microchip/xc32/v1.00/bin/../lib/gcc/pic32mx/4.5.1/../../../../pic32mx/lib/libmchp_peripheral_32MX795F512L.a(spi_chn_putc_lib.o)
 .debug_frame   0x00001f7c       0x28 /home/opt/microchip/xc32/v1.00/bin/../lib/gcc/pic32mx/4.5.1/../../../../pic32mx/lib/libmchp_peripheral_32MX795F512L.a(nvm_erase_page_lib.o)
 .debug_frame   0x00001fa4       0x28 /home/opt/microchip/xc32/v1.00/bin/../lib/gcc/pic32mx/4.5.1/../../../../pic32mx/lib/libmchp_peripheral_32MX795F512L.a(nvm_operation_lib.o)
 .debug_frame   0x00001fcc       0x28 /home/opt/microchip/xc32/v1.00/bin/../lib/gcc/pic32mx/4.5.1/../../../../pic32mx/lib/libmchp_peripheral_32MX795F512L.a(nvm_write_word_lib.o)
 .debug_frame   0x00001ff4       0x20 /home/opt/microchip/xc32/v1.00/bin/../lib/gcc/pic32mx/4.5.1/../../../../pic32mx/lib/libmchp_peripheral_32MX795F512L.a(port_set_pins_digital_out_lib.o)
 .debug_frame   0x00002014       0x20 /home/opt/microchip/xc32/v1.00/bin/../lib/gcc/pic32mx/4.5.1/../../../../pic32mx/lib/libmchp_peripheral_32MX795F512L.a(port_clear_bits_lib.o)
 .debug_frame   0x00002034       0x20 /home/opt/microchip/xc32/v1.00/bin/../lib/gcc/pic32mx/4.5.1/../../../../pic32mx/lib/libmchp_peripheral_32MX795F512L.a(port_set_bits_lib.o)
 .debug_frame   0x00002054       0x90 /home/opt/microchip/xc32/v1.00/bin/../lib/gcc/pic32mx/4.5.1/../../../../pic32mx/lib/libmchp_peripheral_32MX795F512L.a(uart_lib.o)
 .debug_frame   0x000020e4       0x20 /home/opt/microchip/xc32/v1.00/bin/../lib/gcc/pic32mx/4.5.1/../../../../pic32mx/lib/libmchp_peripheral_32MX795F512L.a(int_restore_interrupts_lib.o)

.debug_str      0x00000000     0x26c5
 *(.debug_str)
 .debug_str     0x00000000      0x138 build/default/production/_ext/464348676/Namespace_bcs_rpc.o
 .debug_str     0x00000138      0x12f build/default/production/_ext/464348676/Bowler_RPC_Process.o
 .debug_str     0x00000267       0xdb build/default/production/_ext/464348676/AbstractPID.o
 .debug_str     0x00000342      0x12f build/default/production/_ext/464348676/Scheduler.o
 .debug_str     0x00000471      0x156 build/default/production/_ext/464348676/Namespace_bcs_core.o
 .debug_str     0x000005c7      0x13b build/default/production/_ext/464348676/Bowler_Transport.o
 .debug_str     0x00000702      0x140 build/default/production/_ext/464348676/Bowler_Server.o
 .debug_str     0x00000842      0x173 build/default/production/_ext/464348676/FIFO.o
 .debug_str     0x000009b5      0x153 build/default/production/_ext/464348676/Debug.o
 .debug_str     0x00000b08      0x12f build/default/production/_ext/464348676/Bowler_Stack_Callback.o
 .debug_str     0x00000c37      0x12f build/default/production/_ext/464348676/Namespace_bcs_pid.o
 .debug_str     0x00000d66      0x13d build/default/production/_ext/464348676/Bowler_Helper.o
 .debug_str     0x00000ea3      0x12f build/default/production/_ext/161057953/usb_interrupt.o
 .debug_str     0x00000fd2      0x2f8 build/default/production/_ext/161057953/usb_device.o
 .debug_str     0x000012ca      0x167 build/default/production/_ext/161057953/usb_fifo.o
 .debug_str     0x00001431      0x164 build/default/production/_ext/161057953/usb_descriptors.o
 .debug_str     0x00001595      0x144 build/default/production/_ext/161057953/usb_callback.o
 .debug_str     0x000016d9      0x218 build/default/production/_ext/161057953/usb_function_cdc.o
 .debug_str     0x000018f1      0x14d build/default/production/_ext/1271783508/Bowler_UART_HAL.o
 .debug_str     0x00001a3e      0x12f build/default/production/_ext/1271783508/Bowler_USB_HAL.o
 .debug_str     0x00001b6d      0x12f build/default/production/_ext/1271783508/LED.o
 .debug_str     0x00001c9c      0x138 build/default/production/_ext/1271783508/Tick.o
 .debug_str     0x00001dd4      0x12f build/default/production/_ext/1271783508/Delay.o
 .debug_str     0x00001f03      0x136 build/default/production/_ext/1271783508/HAL_P32.o
 .debug_str     0x00002039      0x1ac build/default/production/_ext/1271783508/ADC.o
 .debug_str     0x000021e5      0x12f build/default/production/_ext/1271783508/UART.o
 .debug_str     0x00002314      0x12f build/default/production/_ext/1271783508/FlashStorage.o
 .debug_str     0x00002443      0x149 build/default/production/_ext/1360937237/main.o
 .debug_str     0x0000258c      0x139 build/default/production/_ext/1360937237/NamespaceSample.o
 .debug_str     0x000026c5        0x0 /home/opt/microchip/xc32/v1.00/bin/../lib/gcc/pic32mx/4.5.1/libgcc.a(floatunsisf.o)
 .debug_str     0x000026c5        0x0 /home/opt/microchip/xc32/v1.00/bin/../lib/gcc/pic32mx/4.5.1/../../../../pic32mx/lib/libc.a(default-bootstrap-exception-handler.o)
 .debug_str     0x000026c5        0x0 /home/opt/microchip/xc32/v1.00/bin/../lib/gcc/pic32mx/4.5.1/../../../../pic32mx/lib/libc.a(default-on-reset.o)
 .debug_str     0x000026c5        0x0 /home/opt/microchip/xc32/v1.00/bin/../lib/gcc/pic32mx/4.5.1/../../../../pic32mx/lib/libc.a(default-on-bootstrap.o)
 .debug_str     0x000026c5        0x0 /home/opt/microchip/xc32/v1.00/bin/../lib/gcc/pic32mx/4.5.1/../../../../pic32mx/lib/libmchp_peripheral_32MX795F512L.a(int_enable_interrupts_lib.o)
 .debug_str     0x000026c5        0x0 /home/opt/microchip/xc32/v1.00/bin/../lib/gcc/pic32mx/4.5.1/../../../../pic32mx/lib/libmchp_peripheral_32MX795F512L.a(int_disable_interrupts_lib.o)
 .debug_str     0x000026c5        0x0 /home/opt/microchip/xc32/v1.00/bin/../lib/gcc/pic32mx/4.5.1/../../../../pic32mx/lib/libmchp_peripheral_32MX795F512L.a(int_enable_mv_int_lib.o)
 .debug_str     0x000026c5        0x0 /home/opt/microchip/xc32/v1.00/bin/../lib/gcc/pic32mx/4.5.1/../../../../pic32mx/lib/libmchp_peripheral_32MX795F512L.a(int_tbl_lib.o)
 .debug_str     0x000026c5        0x0 /home/opt/microchip/xc32/v1.00/bin/../lib/gcc/pic32mx/4.5.1/../../../../pic32mx/lib/libmchp_peripheral_32MX795F512L.a(spi_chn_getc_lib.o)
 .debug_str     0x000026c5        0x0 /home/opt/microchip/xc32/v1.00/bin/../lib/gcc/pic32mx/4.5.1/../../../../pic32mx/lib/libmchp_peripheral_32MX795F512L.a(spi_chn_putc_lib.o)
 .debug_str     0x000026c5        0x0 /home/opt/microchip/xc32/v1.00/bin/../lib/gcc/pic32mx/4.5.1/../../../../pic32mx/lib/libmchp_peripheral_32MX795F512L.a(spi_map_tbl_libp.o)
 .debug_str     0x000026c5        0x0 /home/opt/microchip/xc32/v1.00/bin/../lib/gcc/pic32mx/4.5.1/../../../../pic32mx/lib/libmchp_peripheral_32MX795F512L.a(nvm_erase_page_lib.o)
 .debug_str     0x000026c5        0x0 /home/opt/microchip/xc32/v1.00/bin/../lib/gcc/pic32mx/4.5.1/../../../../pic32mx/lib/libmchp_peripheral_32MX795F512L.a(nvm_operation_lib.o)
 .debug_str     0x000026c5        0x0 /home/opt/microchip/xc32/v1.00/bin/../lib/gcc/pic32mx/4.5.1/../../../../pic32mx/lib/libmchp_peripheral_32MX795F512L.a(nvm_write_word_lib.o)
 .debug_str     0x000026c5        0x0 /home/opt/microchip/xc32/v1.00/bin/../lib/gcc/pic32mx/4.5.1/../../../../pic32mx/lib/libmchp_peripheral_32MX795F512L.a(port_set_pins_digital_out_lib.o)
 .debug_str     0x000026c5        0x0 /home/opt/microchip/xc32/v1.00/bin/../lib/gcc/pic32mx/4.5.1/../../../../pic32mx/lib/libmchp_peripheral_32MX795F512L.a(port_clear_bits_lib.o)
 .debug_str     0x000026c5        0x0 /home/opt/microchip/xc32/v1.00/bin/../lib/gcc/pic32mx/4.5.1/../../../../pic32mx/lib/libmchp_peripheral_32MX795F512L.a(port_set_bits_lib.o)
 .debug_str     0x000026c5        0x0 /home/opt/microchip/xc32/v1.00/bin/../lib/gcc/pic32mx/4.5.1/../../../../pic32mx/lib/libmchp_peripheral_32MX795F512L.a(_ports_tbl_libp.o)
 .debug_str     0x000026c5        0x0 /home/opt/microchip/xc32/v1.00/bin/../lib/gcc/pic32mx/4.5.1/../../../../pic32mx/lib/libmchp_peripheral_32MX795F512L.a(uart_lib.o)
 .debug_str     0x000026c5        0x0 /home/opt/microchip/xc32/v1.00/bin/../lib/gcc/pic32mx/4.5.1/../../../../pic32mx/lib/libmchp_peripheral_32MX795F512L.a(int_restore_interrupts_lib.o)

.debug_loc      0x00000000       0x5d
 *(.debug_loc)
 .debug_loc     0x00000000       0x5d /home/opt/microchip/xc32/v1.00/bin/../lib/gcc/pic32mx/4.5.1/libgcc.a(floatunsisf.o)

.debug_macinfo
 *(.debug_macinfo)

.debug_weaknames
 *(.debug_weaknames)

.debug_funcnames
 *(.debug_funcnames)

.debug_typenames
 *(.debug_typenames)

.debug_varnames
 *(.debug_varnames)

.debug_pubtypes
                0x00000000     0x2de9
 *(.debug_pubtypes)
 .debug_pubtypes
                0x00000000      0x1f7 build/default/production/_ext/464348676/Namespace_bcs_rpc.o
 .debug_pubtypes
                0x000001f7      0x1ea build/default/production/_ext/464348676/Bowler_RPC_Process.o
 .debug_pubtypes
                0x000003e1      0x18f build/default/production/_ext/464348676/AbstractPID.o
 .debug_pubtypes
                0x00000570      0x107 build/default/production/_ext/464348676/Scheduler.o
 .debug_pubtypes
                0x00000677      0x1da build/default/production/_ext/464348676/Namespace_bcs_core.o
 .debug_pubtypes
                0x00000851      0x1b6 build/default/production/_ext/464348676/Bowler_Transport.o
 .debug_pubtypes
                0x00000a07      0x212 build/default/production/_ext/464348676/Bowler_Server.o
 .debug_pubtypes
                0x00000c19      0x1e2 build/default/production/_ext/464348676/FIFO.o
 .debug_pubtypes
                0x00000dfb      0x199 build/default/production/_ext/464348676/Debug.o
 .debug_pubtypes
                0x00000f94       0xe7 build/default/production/_ext/464348676/Bowler_Stack_Callback.o
 .debug_pubtypes
                0x0000107b      0x1c9 build/default/production/_ext/464348676/Namespace_bcs_pid.o
 .debug_pubtypes
                0x00001244      0x214 build/default/production/_ext/464348676/Bowler_Helper.o
 .debug_pubtypes
                0x00001458       0xe7 build/default/production/_ext/161057953/usb_interrupt.o
 .debug_pubtypes
                0x0000153f      0x2b1 build/default/production/_ext/161057953/usb_device.o
 .debug_pubtypes
                0x000017f0      0x1ed build/default/production/_ext/161057953/usb_fifo.o
 .debug_pubtypes
                0x000019dd      0x12e build/default/production/_ext/161057953/usb_descriptors.o
 .debug_pubtypes
                0x00001b0b      0x191 build/default/production/_ext/161057953/usb_callback.o
 .debug_pubtypes
                0x00001c9c      0x260 build/default/production/_ext/161057953/usb_function_cdc.o
 .debug_pubtypes
                0x00001efc      0x19f build/default/production/_ext/1271783508/Bowler_UART_HAL.o
 .debug_pubtypes
                0x0000209b      0x10c build/default/production/_ext/1271783508/Bowler_USB_HAL.o
 .debug_pubtypes
                0x000021a7       0xf0 build/default/production/_ext/1271783508/LED.o
 .debug_pubtypes
                0x00002297       0xf1 build/default/production/_ext/1271783508/Tick.o
 .debug_pubtypes
                0x00002388       0xfa build/default/production/_ext/1271783508/Delay.o
 .debug_pubtypes
                0x00002482      0x1c5 build/default/production/_ext/1271783508/HAL_P32.o
 .debug_pubtypes
                0x00002647      0x152 build/default/production/_ext/1271783508/ADC.o
 .debug_pubtypes
                0x00002799      0x113 build/default/production/_ext/1271783508/UART.o
 .debug_pubtypes
                0x000028ac      0x133 build/default/production/_ext/1271783508/FlashStorage.o
 .debug_pubtypes
                0x000029df      0x1fb build/default/production/_ext/1360937237/main.o
 .debug_pubtypes
                0x00002bda      0x1db build/default/production/_ext/1360937237/NamespaceSample.o
 .debug_pubtypes
                0x00002db5       0x34 /home/opt/microchip/xc32/v1.00/bin/../lib/gcc/pic32mx/4.5.1/libgcc.a(floatunsisf.o)

.debug_ranges   0x00000000      0x1d0
 *(.debug_ranges)
 .debug_ranges  0x00000000       0x18 build/default/production/_ext/464348676/Bowler_Transport.o
 .debug_ranges  0x00000018       0x18 build/default/production/_ext/161057953/usb_device.o
 .debug_ranges  0x00000030       0x10 /home/opt/microchip/xc32/v1.00/bin/../lib/gcc/pic32mx/4.5.1/../../../../pic32mx/lib/libc.a(default-bootstrap-exception-handler.o)
 .debug_ranges  0x00000040       0x10 /home/opt/microchip/xc32/v1.00/bin/../lib/gcc/pic32mx/4.5.1/../../../../pic32mx/lib/libc.a(default-on-reset.o)
 .debug_ranges  0x00000050       0x10 /home/opt/microchip/xc32/v1.00/bin/../lib/gcc/pic32mx/4.5.1/../../../../pic32mx/lib/libc.a(default-on-bootstrap.o)
 .debug_ranges  0x00000060       0x10 /home/opt/microchip/xc32/v1.00/bin/../lib/gcc/pic32mx/4.5.1/../../../../pic32mx/lib/libmchp_peripheral_32MX795F512L.a(int_enable_interrupts_lib.o)
 .debug_ranges  0x00000070       0x10 /home/opt/microchip/xc32/v1.00/bin/../lib/gcc/pic32mx/4.5.1/../../../../pic32mx/lib/libmchp_peripheral_32MX795F512L.a(int_disable_interrupts_lib.o)
 .debug_ranges  0x00000080       0x10 /home/opt/microchip/xc32/v1.00/bin/../lib/gcc/pic32mx/4.5.1/../../../../pic32mx/lib/libmchp_peripheral_32MX795F512L.a(int_enable_mv_int_lib.o)
 .debug_ranges  0x00000090       0x50 /home/opt/microchip/xc32/v1.00/bin/../lib/gcc/pic32mx/4.5.1/../../../../pic32mx/lib/libmchp_peripheral_32MX795F512L.a(int_tbl_lib.o)
 .debug_ranges  0x000000e0       0x18 /home/opt/microchip/xc32/v1.00/bin/../lib/gcc/pic32mx/4.5.1/../../../../pic32mx/lib/libmchp_peripheral_32MX795F512L.a(spi_chn_getc_lib.o)
 .debug_ranges  0x000000f8       0x20 /home/opt/microchip/xc32/v1.00/bin/../lib/gcc/pic32mx/4.5.1/../../../../pic32mx/lib/libmchp_peripheral_32MX795F512L.a(spi_chn_putc_lib.o)
 .debug_ranges  0x00000118       0x10 /home/opt/microchip/xc32/v1.00/bin/../lib/gcc/pic32mx/4.5.1/../../../../pic32mx/lib/libmchp_peripheral_32MX795F512L.a(nvm_erase_page_lib.o)
 .debug_ranges  0x00000128       0x10 /home/opt/microchip/xc32/v1.00/bin/../lib/gcc/pic32mx/4.5.1/../../../../pic32mx/lib/libmchp_peripheral_32MX795F512L.a(nvm_operation_lib.o)
 .debug_ranges  0x00000138       0x10 /home/opt/microchip/xc32/v1.00/bin/../lib/gcc/pic32mx/4.5.1/../../../../pic32mx/lib/libmchp_peripheral_32MX795F512L.a(nvm_write_word_lib.o)
 .debug_ranges  0x00000148       0x10 /home/opt/microchip/xc32/v1.00/bin/../lib/gcc/pic32mx/4.5.1/../../../../pic32mx/lib/libmchp_peripheral_32MX795F512L.a(port_set_pins_digital_out_lib.o)
 .debug_ranges  0x00000158       0x10 /home/opt/microchip/xc32/v1.00/bin/../lib/gcc/pic32mx/4.5.1/../../../../pic32mx/lib/libmchp_peripheral_32MX795F512L.a(port_clear_bits_lib.o)
 .debug_ranges  0x00000168       0x10 /home/opt/microchip/xc32/v1.00/bin/../lib/gcc/pic32mx/4.5.1/../../../../pic32mx/lib/libmchp_peripheral_32MX795F512L.a(port_set_bits_lib.o)
 .debug_ranges  0x00000178       0x48 /home/opt/microchip/xc32/v1.00/bin/../lib/gcc/pic32mx/4.5.1/../../../../pic32mx/lib/libmchp_peripheral_32MX795F512L.a(uart_lib.o)
 .debug_ranges  0x000001c0       0x10 /home/opt/microchip/xc32/v1.00/bin/../lib/gcc/pic32mx/4.5.1/../../../../pic32mx/lib/libmchp_peripheral_32MX795F512L.a(int_restore_interrupts_lib.o)

.gnu.attributes
                0x00000000       0x10
 *(.gnu.attributes)
 .gnu.attributes
                0x00000000       0x10 build/default/production/_ext/464348676/Namespace_bcs_rpc.o
 .gnu.attributes
                0x00000010       0x10 build/default/production/_ext/464348676/Bowler_RPC_Process.o
 .gnu.attributes
                0x00000020       0x10 build/default/production/_ext/464348676/AbstractPID.o
 .gnu.attributes
                0x00000030       0x10 build/default/production/_ext/464348676/Scheduler.o
 .gnu.attributes
                0x00000040       0x10 build/default/production/_ext/464348676/Namespace_bcs_core.o
 .gnu.attributes
                0x00000050       0x10 build/default/production/_ext/464348676/Bowler_Transport.o
 .gnu.attributes
                0x00000060       0x10 build/default/production/_ext/464348676/Bowler_Server.o
 .gnu.attributes
                0x00000070       0x10 build/default/production/_ext/464348676/FIFO.o
 .gnu.attributes
                0x00000080       0x10 build/default/production/_ext/464348676/Debug.o
 .gnu.attributes
                0x00000090       0x10 build/default/production/_ext/464348676/Bowler_Stack_Callback.o
 .gnu.attributes
                0x000000a0       0x10 build/default/production/_ext/464348676/Namespace_bcs_pid.o
 .gnu.attributes
                0x000000b0       0x10 build/default/production/_ext/464348676/Bowler_Helper.o
 .gnu.attributes
                0x000000c0       0x10 build/default/production/_ext/161057953/usb_interrupt.o
 .gnu.attributes
                0x000000d0       0x10 build/default/production/_ext/161057953/usb_device.o
 .gnu.attributes
                0x000000e0       0x10 build/default/production/_ext/161057953/usb_fifo.o
 .gnu.attributes
                0x000000f0       0x10 build/default/production/_ext/161057953/usb_descriptors.o
 .gnu.attributes
                0x00000100       0x10 build/default/production/_ext/161057953/usb_callback.o
 .gnu.attributes
                0x00000110       0x10 build/default/production/_ext/161057953/usb_function_cdc.o
 .gnu.attributes
                0x00000120       0x10 build/default/production/_ext/1271783508/Bowler_UART_HAL.o
 .gnu.attributes
                0x00000130       0x10 build/default/production/_ext/1271783508/Bowler_USB_HAL.o
 .gnu.attributes
                0x00000140       0x10 build/default/production/_ext/1271783508/LED.o
 .gnu.attributes
                0x00000150       0x10 build/default/production/_ext/1271783508/Tick.o
 .gnu.attributes
                0x00000160       0x10 build/default/production/_ext/1271783508/Delay.o
 .gnu.attributes
                0x00000170       0x10 build/default/production/_ext/1271783508/HAL_P32.o
 .gnu.attributes
                0x00000180       0x10 build/default/production/_ext/1271783508/ADC.o
 .gnu.attributes
                0x00000190       0x10 build/default/production/_ext/1271783508/UART.o
 .gnu.attributes
                0x000001a0       0x10 build/default/production/_ext/1271783508/FlashStorage.o
 .gnu.attributes
                0x000001b0       0x10 build/default/production/_ext/1360937237/main.o
 .gnu.attributes
                0x000001c0       0x10 build/default/production/_ext/1360937237/NamespaceSample.o
 .gnu.attributes
                0x000001d0       0x10 /home/opt/microchip/xc32/v1.00/bin/../lib/gcc/pic32mx/4.5.1/libgcc.a(floatunsisf.o)
 .gnu.attributes
                0x000001e0       0x10 /home/opt/microchip/xc32/v1.00/bin/../lib/gcc/pic32mx/4.5.1/../../../../pic32mx/lib/libc.a(default-bootstrap-exception-handler.o)
 .gnu.attributes
                0x000001f0       0x10 /home/opt/microchip/xc32/v1.00/bin/../lib/gcc/pic32mx/4.5.1/../../../../pic32mx/lib/libc.a(default-on-reset.o)
 .gnu.attributes
                0x00000200       0x10 /home/opt/microchip/xc32/v1.00/bin/../lib/gcc/pic32mx/4.5.1/../../../../pic32mx/lib/libc.a(default-on-bootstrap.o)
 .gnu.attributes
                0x00000210       0x10 /home/opt/microchip/xc32/v1.00/bin/../lib/gcc/pic32mx/4.5.1/../../../../pic32mx/lib/libmchp_peripheral_32MX795F512L.a(int_enable_interrupts_lib.o)
 .gnu.attributes
                0x00000220       0x10 /home/opt/microchip/xc32/v1.00/bin/../lib/gcc/pic32mx/4.5.1/../../../../pic32mx/lib/libmchp_peripheral_32MX795F512L.a(int_disable_interrupts_lib.o)
 .gnu.attributes
                0x00000230       0x10 /home/opt/microchip/xc32/v1.00/bin/../lib/gcc/pic32mx/4.5.1/../../../../pic32mx/lib/libmchp_peripheral_32MX795F512L.a(int_enable_mv_int_lib.o)
 .gnu.attributes
                0x00000240       0x10 /home/opt/microchip/xc32/v1.00/bin/../lib/gcc/pic32mx/4.5.1/../../../../pic32mx/lib/libmchp_peripheral_32MX795F512L.a(int_tbl_lib.o)
 .gnu.attributes
                0x00000250       0x10 /home/opt/microchip/xc32/v1.00/bin/../lib/gcc/pic32mx/4.5.1/../../../../pic32mx/lib/libmchp_peripheral_32MX795F512L.a(spi_chn_getc_lib.o)
 .gnu.attributes
                0x00000260       0x10 /home/opt/microchip/xc32/v1.00/bin/../lib/gcc/pic32mx/4.5.1/../../../../pic32mx/lib/libmchp_peripheral_32MX795F512L.a(spi_chn_putc_lib.o)
 .gnu.attributes
                0x00000270       0x10 /home/opt/microchip/xc32/v1.00/bin/../lib/gcc/pic32mx/4.5.1/../../../../pic32mx/lib/libmchp_peripheral_32MX795F512L.a(spi_map_tbl_libp.o)
 .gnu.attributes
                0x00000280       0x10 /home/opt/microchip/xc32/v1.00/bin/../lib/gcc/pic32mx/4.5.1/../../../../pic32mx/lib/libmchp_peripheral_32MX795F512L.a(nvm_erase_page_lib.o)
 .gnu.attributes
                0x00000290       0x10 /home/opt/microchip/xc32/v1.00/bin/../lib/gcc/pic32mx/4.5.1/../../../../pic32mx/lib/libmchp_peripheral_32MX795F512L.a(nvm_operation_lib.o)
 .gnu.attributes
                0x000002a0       0x10 /home/opt/microchip/xc32/v1.00/bin/../lib/gcc/pic32mx/4.5.1/../../../../pic32mx/lib/libmchp_peripheral_32MX795F512L.a(nvm_write_word_lib.o)
 .gnu.attributes
                0x000002b0       0x10 /home/opt/microchip/xc32/v1.00/bin/../lib/gcc/pic32mx/4.5.1/../../../../pic32mx/lib/libmchp_peripheral_32MX795F512L.a(port_set_pins_digital_out_lib.o)
 .gnu.attributes
                0x000002c0       0x10 /home/opt/microchip/xc32/v1.00/bin/../lib/gcc/pic32mx/4.5.1/../../../../pic32mx/lib/libmchp_peripheral_32MX795F512L.a(port_clear_bits_lib.o)
 .gnu.attributes
                0x000002d0       0x10 /home/opt/microchip/xc32/v1.00/bin/../lib/gcc/pic32mx/4.5.1/../../../../pic32mx/lib/libmchp_peripheral_32MX795F512L.a(port_set_bits_lib.o)
 .gnu.attributes
                0x000002e0       0x10 /home/opt/microchip/xc32/v1.00/bin/../lib/gcc/pic32mx/4.5.1/../../../../pic32mx/lib/libmchp_peripheral_32MX795F512L.a(_ports_tbl_libp.o)
 .gnu.attributes
                0x000002f0       0x10 /home/opt/microchip/xc32/v1.00/bin/../lib/gcc/pic32mx/4.5.1/../../../../pic32mx/lib/libmchp_peripheral_32MX795F512L.a(uart_lib.o)
 .gnu.attributes
                0x00000300       0x10 /home/opt/microchip/xc32/v1.00/bin/../lib/gcc/pic32mx/4.5.1/../../../../pic32mx/lib/libmchp_peripheral_32MX795F512L.a(int_restore_interrupts_lib.o)
OUTPUT(dist/default/production/BowlerSampleProject.X.production.elf elf32-tradlittlemips)
LOAD stack
LOAD data_init

.stack          0xa0001478      0x400
 .stack         0xa0001478      0x400 stack

.bss            0xa0000550      0xaf4
 .bss           0xa0000550      0x670 build/default/production/_ext/1271783508/HAL_P32.o
 .bss           0xa0000bc0      0x484 build/default/production/_ext/161057953/usb_fifo.o

.data           0xa0001044      0x178
 .data          0xa0001044      0x178 build/default/production/_ext/464348676/Namespace_bcs_pid.o

.bss            0xa00011bc      0x124
 .bss           0xa00011bc      0x124 build/default/production/_ext/1271783508/Bowler_UART_HAL.o

.data           0xa00012e0      0x104
 .data          0xa00012e0      0x104 build/default/production/_ext/161057953/usb_descriptors.o
                0xa00012e0                device_dsc
                0xa00012f4                configDescriptor1
                0xa0001338                sd001
                0xa000136c                sd002
                0xa00013a0                sd003
                0xa00013d4                USB_SD_Ptr

.data           0xa000019c       0x48
 .data          0xa000019c       0x48 build/default/production/_ext/464348676/Namespace_bcs_rpc.o

.data           0xa00013e4       0x74
 .data          0xa00013e4       0x48 build/default/production/_ext/464348676/Namespace_bcs_core.o
 .data          0xa000142c       0x2c build/default/production/_ext/1360937237/NamespaceSample.o

.mdebug.abi32%z1
                0x00000000        0x0
 .mdebug.abi32  0x00000000        0x0 /home/opt/microchip/xc32/v1.00/bin/../lib/gcc/pic32mx/4.5.1/../../../../pic32mx/lib/libmchp_peripheral_32MX795F512L.a(int_restore_interrupts_lib.o)

.bss%z2         0x00000000        0x0