Archive member included because of file (symbol)

/home/opt/microchip/xc32/v1.00/bin/../lib/gcc/pic32mx/4.5.1/libgcc.a(floatunsisf.o)
                              build/default/production/_ext/126603185/Tick.o (__floatunsisf)
/home/opt/microchip/xc32/v1.00/bin/../lib/gcc/pic32mx/4.5.1/../../../../pic32mx/lib/libc.a(memset.o)
                              build/default/production/_ext/1193168346/usb_device.o (memset)
/home/opt/microchip/xc32/v1.00/bin/../lib/gcc/pic32mx/4.5.1/../../../../pic32mx/lib/libc.a(general-exception.o)
                              /home/opt/microchip/xc32/v1.00/bin/../lib/gcc/pic32mx/4.5.1/../../../../pic32mx/lib/crt0.o (_general_exception_context)
/home/opt/microchip/xc32/v1.00/bin/../lib/gcc/pic32mx/4.5.1/../../../../pic32mx/lib/libc.a(default-bootstrap-exception-handler.o)
                              /home/opt/microchip/xc32/v1.00/bin/../lib/gcc/pic32mx/4.5.1/../../../../pic32mx/lib/crt0.o (_bootstrap_exception_handler)
/home/opt/microchip/xc32/v1.00/bin/../lib/gcc/pic32mx/4.5.1/../../../../pic32mx/lib/libc.a(default-on-reset.o)
                              /home/opt/microchip/xc32/v1.00/bin/../lib/gcc/pic32mx/4.5.1/../../../../pic32mx/lib/crt0.o (_on_reset)
/home/opt/microchip/xc32/v1.00/bin/../lib/gcc/pic32mx/4.5.1/../../../../pic32mx/lib/libc.a(default-on-bootstrap.o)
                              /home/opt/microchip/xc32/v1.00/bin/../lib/gcc/pic32mx/4.5.1/../../../../pic32mx/lib/crt0.o (_on_bootstrap)
/home/opt/microchip/xc32/v1.00/bin/../lib/gcc/pic32mx/4.5.1/../../../../pic32mx/lib/libc.a(default-nmi-handler.o)
                              /home/opt/microchip/xc32/v1.00/bin/../lib/gcc/pic32mx/4.5.1/../../../../pic32mx/lib/crt0.o (_nmi_handler)
/home/opt/microchip/xc32/v1.00/bin/../lib/gcc/pic32mx/4.5.1/../../../../pic32mx/lib/libm.a(fp32.o)
                              build/default/production/_ext/1193168346/usb_fifo.o (fpsub)
/home/opt/microchip/xc32/v1.00/bin/../lib/gcc/pic32mx/4.5.1/../../../../pic32mx/lib/libmchp_peripheral_32MX795F512L.a(int_enable_interrupts_lib.o)
                              build/default/production/_ext/1193168346/usb_device.o (INTEnableInterrupts)
/home/opt/microchip/xc32/v1.00/bin/../lib/gcc/pic32mx/4.5.1/../../../../pic32mx/lib/libmchp_peripheral_32MX795F512L.a(int_disable_interrupts_lib.o)
                              build/default/production/_ext/681034721/FIFO.o (INTDisableInterrupts)
/home/opt/microchip/xc32/v1.00/bin/../lib/gcc/pic32mx/4.5.1/../../../../pic32mx/lib/libmchp_peripheral_32MX795F512L.a(int_enable_mv_int_lib.o)
                              build/default/production/_ext/1193168346/usb_device.o (INTEnableSystemMultiVectoredInt)
/home/opt/microchip/xc32/v1.00/bin/../lib/gcc/pic32mx/4.5.1/../../../../pic32mx/lib/libmchp_peripheral_32MX795F512L.a(int_tbl_lib.o)
                              build/default/production/_ext/126603185/Bowler_UART_HAL.o (INTClearFlag)
/home/opt/microchip/xc32/v1.00/bin/../lib/gcc/pic32mx/4.5.1/../../../../pic32mx/lib/libmchp_peripheral_32MX795F512L.a(nvm_erase_page_lib.o)
                              build/default/production/_ext/126603185/FlashStorage.o (NVMErasePage)
/home/opt/microchip/xc32/v1.00/bin/../lib/gcc/pic32mx/4.5.1/../../../../pic32mx/lib/libmchp_peripheral_32MX795F512L.a(nvm_operation_lib.o)
                              /home/opt/microchip/xc32/v1.00/bin/../lib/gcc/pic32mx/4.5.1/../../../../pic32mx/lib/libmchp_peripheral_32MX795F512L.a(nvm_erase_page_lib.o) (_NVMOperation)
/home/opt/microchip/xc32/v1.00/bin/../lib/gcc/pic32mx/4.5.1/../../../../pic32mx/lib/libmchp_peripheral_32MX795F512L.a(nvm_write_word_lib.o)
                              build/default/production/_ext/126603185/FlashStorage.o (NVMWriteWord)
/home/opt/microchip/xc32/v1.00/bin/../lib/gcc/pic32mx/4.5.1/../../../../pic32mx/lib/libmchp_peripheral_32MX795F512L.a(port_set_pins_digital_out_lib.o)
                              build/default/production/_ext/126603185/LED.o (PORTSetPinsDigitalOut)
/home/opt/microchip/xc32/v1.00/bin/../lib/gcc/pic32mx/4.5.1/../../../../pic32mx/lib/libmchp_peripheral_32MX795F512L.a(port_clear_bits_lib.o)
                              build/default/production/_ext/126603185/LED.o (PORTClearBits)
/home/opt/microchip/xc32/v1.00/bin/../lib/gcc/pic32mx/4.5.1/../../../../pic32mx/lib/libmchp_peripheral_32MX795F512L.a(port_set_bits_lib.o)
                              build/default/production/_ext/126603185/LED.o (PORTSetBits)
/home/opt/microchip/xc32/v1.00/bin/../lib/gcc/pic32mx/4.5.1/../../../../pic32mx/lib/libmchp_peripheral_32MX795F512L.a(_ports_tbl_libp.o)
                              /home/opt/microchip/xc32/v1.00/bin/../lib/gcc/pic32mx/4.5.1/../../../../pic32mx/lib/libmchp_peripheral_32MX795F512L.a(port_set_pins_digital_out_lib.o) (PortRegTbl)
/home/opt/microchip/xc32/v1.00/bin/../lib/gcc/pic32mx/4.5.1/../../../../pic32mx/lib/libmchp_peripheral_32MX795F512L.a(uart_lib.o)
                              build/default/production/_ext/126603185/Bowler_UART_HAL.o (UARTEnable)
[...]
Memory Configuration

Name             Origin             Length             Attributes
kseg0_program_mem 0x9d000000         0x00080000         xr
kseg0_boot_mem   0x9fc00490         0x00000970
exception_mem    0x9fc01000         0x00001000
kseg1_boot_mem   0xbfc00000         0x00000490
debug_exec_mem   0xbfc02000         0x00000ff0
config3          0xbfc02ff0         0x00000004
config2          0xbfc02ff4         0x00000004
config1          0xbfc02ff8         0x00000004
config0          0xbfc02ffc         0x00000004
kseg1_data_mem   0xa0000000         0x00020000         w !x
sfrs             0xbf800000         0x00100000
configsfrs       0xbfc02ff0         0x00000010
*default*        0x00000000         0xffffffff

Linker script and memory map

LOAD /home/opt/microchip/xc32/v1.00/bin/../lib/gcc/pic32mx/4.5.1/../../../../pic32mx/lib/crt0.o
LOAD build/default/production/_ext/1360937237/main.o
LOAD build/default/production/_ext/126603185/Bowler_UART_HAL.o
LOAD build/default/production/_ext/126603185/Bowler_USB_HAL.o
LOAD build/default/production/_ext/126603185/LED.o
LOAD build/default/production/_ext/126603185/Tick.o
LOAD build/default/production/_ext/126603185/Delay.o
LOAD build/default/production/_ext/126603185/HAL_P32.o
LOAD build/default/production/_ext/126603185/ADC.o
LOAD build/default/production/_ext/126603185/UART.o
LOAD build/default/production/_ext/126603185/FlashStorage.o
LOAD build/default/production/_ext/1193168346/usb_interrupt.o
LOAD build/default/production/_ext/1193168346/usb_device.o
LOAD build/default/production/_ext/1193168346/usb_fifo.o
LOAD build/default/production/_ext/1193168346/usb_descriptors.o
LOAD build/default/production/_ext/1193168346/usb_callback.o
LOAD build/default/production/_ext/1193168346/usb_function_cdc.o
LOAD build/default/production/_ext/681034721/Namespace_bcs_rpc.o
LOAD build/default/production/_ext/681034721/Bowler_RPC_Process.o
LOAD build/default/production/_ext/681034721/AbstractPID.o
LOAD build/default/production/_ext/681034721/Scheduler.o
LOAD build/default/production/_ext/681034721/Namespace_bcs_core.o
LOAD build/default/production/_ext/681034721/Bowler_Transport.o
LOAD build/default/production/_ext/681034721/Bowler_Server.o
LOAD build/default/production/_ext/681034721/FIFO.o
LOAD build/default/production/_ext/681034721/Debug.o
LOAD build/default/production/_ext/681034721/Bowler_Stack_Callback.o
LOAD build/default/production/_ext/681034721/Namespace_bcs_pid.o
LOAD build/default/production/_ext/681034721/Bowler_Helper.o
                0x00000001                __MPLAB_BUILD = 0x1
LOAD /home/opt/microchip/xc32/v1.00/bin/../lib/gcc/pic32mx/4.5.1/libgcc.a
START GROUP
LOAD /home/opt/microchip/xc32/v1.00/bin/../lib/gcc/pic32mx/4.5.1/../../../../pic32mx/lib/libdebug.a
LOAD /home/opt/microchip/xc32/v1.00/bin/../lib/gcc/pic32mx/4.5.1/../../../../pic32mx/lib/libc.a
LOAD /home/opt/microchip/xc32/v1.00/bin/../lib/gcc/pic32mx/4.5.1/../../../../pic32mx/lib/libm.a
LOAD /home/opt/microchip/xc32/v1.00/bin/../lib/gcc/pic32mx/4.5.1/../../../../pic32mx/lib/libe.a
LOAD /home/opt/microchip/xc32/v1.00/bin/../lib/gcc/pic32mx/4.5.1/../../../../pic32mx/lib/libdsp.a
END GROUP
LOAD /home/opt/microchip/xc32/v1.00/bin/../lib/gcc/pic32mx/4.5.1/libgcc.a
                0x00000400                PROVIDE (_min_stack_size, 0x400)
                0x00000000                PROVIDE (_min_heap_size, 0x0)
LOAD /home/opt/microchip/xc32/v1.00/bin/../lib/gcc/pic32mx/4.5.1/../../../../pic32mx/lib/./proc/32MX795F512L/processor.o
START GROUP
LOAD /home/opt/microchip/xc32/v1.00/bin/../lib/gcc/pic32mx/4.5.1/../../../../pic32mx/lib/libmchp_peripheral.a
END GROUP
START GROUP
LOAD /home/opt/microchip/xc32/v1.00/bin/../lib/gcc/pic32mx/4.5.1/../../../../pic32mx/lib/libmchp_peripheral_32MX795F512L.a
END GROUP
                0x00000001                PROVIDE (_vector_spacing, 0x1)
                0x9fc01000                _ebase_address = 0x9fc01000
                0xbfc00000                _RESET_ADDR = 0xbfc00000
                0xbfc00380                _BEV_EXCPT_ADDR = 0xbfc00380
                0xbfc00480                _DBG_EXCPT_ADDR = 0xbfc00480
                0xbfc02000                _DBG_CODE_ADDR = 0xbfc02000
                0x00000ff0                _DBG_CODE_SIZE = 0xff0
                0x9fc01180                _GEN_EXCPT_ADDR = (_ebase_address + 0x180)

.config_BFC02FF0
 *(.config_BFC02FF0)

.config_BFC02FF4
                0xbfc02ff4        0x4
 *(.config_BFC02FF4)
 .config_BFC02FF4
                0xbfc02ff4        0x4 build/default/production/_ext/1360937237/main.o

.config_BFC02FF8
                0xbfc02ff8        0x4
 *(.config_BFC02FF8)
 .config_BFC02FF8
                0xbfc02ff8        0x4 build/default/production/_ext/1360937237/main.o

.config_BFC02FFC
                0xbfc02ffc        0x4
 *(.config_BFC02FFC)
 .config_BFC02FFC
                0xbfc02ffc        0x4 build/default/production/_ext/1360937237/main.o
                0xbfc02000                PROVIDE (_DBG_CODE_ADDR, 0xbfc02000)
                0x00000ff0                PROVIDE (_DBG_CODE_SIZE, 0xff0)

.reset          0xbfc00000      0x1f4
 *(.reset)
 .reset         0xbfc00000       0x10 /home/opt/microchip/xc32/v1.00/bin/../lib/gcc/pic32mx/4.5.1/../../../../pic32mx/lib/crt0.o
                0xbfc00000                _reset
 *(.reset.startup)
 .reset.startup
                0xbfc00010      0x1e4 /home/opt/microchip/xc32/v1.00/bin/../lib/gcc/pic32mx/4.5.1/../../../../pic32mx/lib/crt0.o

.bev_excpt      0xbfc00380       0x10
 *(.bev_handler)
 .bev_handler   0xbfc00380       0x10 /home/opt/microchip/xc32/v1.00/bin/../lib/gcc/pic32mx/4.5.1/../../../../pic32mx/lib/crt0.o

.dbg_excpt      0xbfc00480        0x0
                0xbfc00480                . = (. + DEFINED (_DEBUGGER)?0x8:0x0)

.dbg_code       0xbfc02000        0x0
                0xbfc02000                . = (. + DEFINED (_DEBUGGER)?_DBG_CODE_SIZE:0x0)

.app_excpt      0x9fc01180       0x10
 *(.gen_handler)
 .gen_handler   0x9fc01180       0x10 /home/opt/microchip/xc32/v1.00/bin/../lib/gcc/pic32mx/4.5.1/../../../../pic32mx/lib/crt0.o

.vector_0       0x9fc01200        0x0
 *(.vector_0)
                0x00000001                ASSERT (((_vector_spacing == 0x0) || (SIZEOF (.vector_0) <= (_vector_spacing << 0x5))), function at exception vector 0 too large)

.vector_1       0x9fc01220        0x0
 *(.vector_1)
                0x00000001                ASSERT (((_vector_spacing == 0x0) || (SIZEOF (.vector_1) <= (_vector_spacing << 0x5))), function at exception vector 1 too large)

.vector_2       0x9fc01240        0x0
 *(.vector_2)
                0x00000001                ASSERT (((_vector_spacing == 0x0) || (SIZEOF (.vector_2) <= (_vector_spacing << 0x5))), function at exception vector 2 too large)

.vector_3       0x9fc01260        0x0
 *(.vector_3)
                0x00000001                ASSERT (((_vector_spacing == 0x0) || (SIZEOF (.vector_3) <= (_vector_spacing << 0x5))), function at exception vector 3 too large)

.vector_4       0x9fc01280        0x8
 *(.vector_4)
 .vector_4      0x9fc01280        0x8 build/default/production/_ext/126603185/Tick.o
                0x00000001                ASSERT (((_vector_spacing == 0x0) || (SIZEOF (.vector_4) <= (_vector_spacing << 0x5))), function at exception vector 4 too large)

.vector_5       0x9fc012a0        0x0
 *(.vector_5)
                0x00000001                ASSERT (((_vector_spacing == 0x0) || (SIZEOF (.vector_5) <= (_vector_spacing << 0x5))), function at exception vector 5 too large)

.vector_6       0x9fc012c0        0x0
 *(.vector_6)
                0x00000001                ASSERT (((_vector_spacing == 0x0) || (SIZEOF (.vector_6) <= (_vector_spacing << 0x5))), function at exception vector 6 too large)

.vector_7       0x9fc012e0        0x0
 *(.vector_7)
                0x00000001                ASSERT (((_vector_spacing == 0x0) || (SIZEOF (.vector_7) <= (_vector_spacing << 0x5))), function at exception vector 7 too large)

.vector_8       0x9fc01300        0x0
 *(.vector_8)
                0x00000001                ASSERT (((_vector_spacing == 0x0) || (SIZEOF (.vector_8) <= (_vector_spacing << 0x5))), function at exception vector 8 too large)

.vector_9       0x9fc01320        0x0
 *(.vector_9)
                0x00000001                ASSERT (((_vector_spacing == 0x0) || (SIZEOF (.vector_9) <= (_vector_spacing << 0x5))), function at exception vector 9 too large)

.vector_10      0x9fc01340        0x0
 *(.vector_10)
                0x00000001                ASSERT (((_vector_spacing == 0x0) || (SIZEOF (.vector_10) <= (_vector_spacing << 0x5))), function at exception vector 10 too large)

.vector_11      0x9fc01360        0x0
 *(.vector_11)
                0x00000001                ASSERT (((_vector_spacing == 0x0) || (SIZEOF (.vector_11) <= (_vector_spacing << 0x5))), function at exception vector 11 too large)

.vector_12      0x9fc01380        0x0
 *(.vector_12)
                0x00000001                ASSERT (((_vector_spacing == 0x0) || (SIZEOF (.vector_12) <= (_vector_spacing << 0x5))), function at exception vector 12 too large)

.vector_13      0x9fc013a0        0x0
 *(.vector_13)
                0x00000001                ASSERT (((_vector_spacing == 0x0) || (SIZEOF (.vector_13) <= (_vector_spacing << 0x5))), function at exception vector 13 too large)

.vector_14      0x9fc013c0        0x0
 *(.vector_14)
                0x00000001                ASSERT (((_vector_spacing == 0x0) || (SIZEOF (.vector_14) <= (_vector_spacing << 0x5))), function at exception vector 14 too large)

.vector_15      0x9fc013e0        0x0
 *(.vector_15)
                0x00000001                ASSERT (((_vector_spacing == 0x0) || (SIZEOF (.vector_15) <= (_vector_spacing << 0x5))), function at exception vector 15 too large)

.vector_16      0x9fc01400        0x0
 *(.vector_16)
                0x00000001                ASSERT (((_vector_spacing == 0x0) || (SIZEOF (.vector_16) <= (_vector_spacing << 0x5))), function at exception vector 16 too large)

.vector_17      0x9fc01420        0x0
 *(.vector_17)
                0x00000001                ASSERT (((_vector_spacing == 0x0) || (SIZEOF (.vector_17) <= (_vector_spacing << 0x5))), function at exception vector 17 too large)

.vector_18      0x9fc01440        0x0
 *(.vector_18)
                0x00000001                ASSERT (((_vector_spacing == 0x0) || (SIZEOF (.vector_18) <= (_vector_spacing << 0x5))), function at exception vector 18 too large)

.vector_19      0x9fc01460        0x0
 *(.vector_19)
                0x00000001                ASSERT (((_vector_spacing == 0x0) || (SIZEOF (.vector_19) <= (_vector_spacing << 0x5))), function at exception vector 19 too large)

.vector_20      0x9fc01480        0x0
 *(.vector_20)
                0x00000001                ASSERT (((_vector_spacing == 0x0) || (SIZEOF (.vector_20) <= (_vector_spacing << 0x5))), function at exception vector 20 too large)

.vector_21      0x9fc014a0        0x0
 *(.vector_21)
                0x00000001                ASSERT (((_vector_spacing == 0x0) || (SIZEOF (.vector_21) <= (_vector_spacing << 0x5))), function at exception vector 21 too large)

.vector_22      0x9fc014c0        0x0
 *(.vector_22)
                0x00000001                ASSERT (((_vector_spacing == 0x0) || (SIZEOF (.vector_22) <= (_vector_spacing << 0x5))), function at exception vector 22 too large)

.vector_23      0x9fc014e0        0x0
 *(.vector_23)
                0x00000001                ASSERT (((_vector_spacing == 0x0) || (SIZEOF (.vector_23) <= (_vector_spacing << 0x5))), function at exception vector 23 too large)

.vector_24      0x9fc01500        0x8
 *(.vector_24)
 .vector_24     0x9fc01500        0x8 build/default/production/_ext/126603185/Bowler_UART_HAL.o
                0x00000001                ASSERT (((_vector_spacing == 0x0) || (SIZEOF (.vector_24) <= (_vector_spacing << 0x5))), function at exception vector 24 too large)

.vector_25      0x9fc01520        0x0
 *(.vector_25)
                0x00000001                ASSERT (((_vector_spacing == 0x0) || (SIZEOF (.vector_25) <= (_vector_spacing << 0x5))), function at exception vector 25 too large)

.vector_26      0x9fc01540        0x0
 *(.vector_26)
                0x00000001                ASSERT (((_vector_spacing == 0x0) || (SIZEOF (.vector_26) <= (_vector_spacing << 0x5))), function at exception vector 26 too large)

.vector_27      0x9fc01560        0x0
 *(.vector_27)
                0x00000001                ASSERT (((_vector_spacing == 0x0) || (SIZEOF (.vector_27) <= (_vector_spacing << 0x5))), function at exception vector 27 too large)

.vector_28      0x9fc01580        0x0
 *(.vector_28)
                0x00000001                ASSERT (((_vector_spacing == 0x0) || (SIZEOF (.vector_28) <= (_vector_spacing << 0x5))), function at exception vector 28 too large)

.vector_29      0x9fc015a0        0x0
 *(.vector_29)
                0x00000001                ASSERT (((_vector_spacing == 0x0) || (SIZEOF (.vector_29) <= (_vector_spacing << 0x5))), function at exception vector 29 too large)

.vector_30      0x9fc015c0        0x0
 *(.vector_30)
                0x00000001                ASSERT (((_vector_spacing == 0x0) || (SIZEOF (.vector_30) <= (_vector_spacing << 0x5))), function at exception vector 30 too large)

.vector_31      0x9fc015e0        0x0
 *(.vector_31)
                0x00000001                ASSERT (((_vector_spacing == 0x0) || (SIZEOF (.vector_31) <= (_vector_spacing << 0x5))), function at exception vector 31 too large)

.vector_32      0x9fc01600        0x0
 *(.vector_32)
                0x00000001                ASSERT (((_vector_spacing == 0x0) || (SIZEOF (.vector_32) <= (_vector_spacing << 0x5))), function at exception vector 32 too large)

.vector_33      0x9fc01620        0x0
 *(.vector_33)
                0x00000001                ASSERT (((_vector_spacing == 0x0) || (SIZEOF (.vector_33) <= (_vector_spacing << 0x5))), function at exception vector 33 too large)

.vector_34      0x9fc01640        0x0
 *(.vector_34)
                0x00000001                ASSERT (((_vector_spacing == 0x0) || (SIZEOF (.vector_34) <= (_vector_spacing << 0x5))), function at exception vector 34 too large)

.vector_35      0x9fc01660        0x0
 *(.vector_35)
                0x00000001                ASSERT (((_vector_spacing == 0x0) || (SIZEOF (.vector_35) <= (_vector_spacing << 0x5))), function at exception vector 35 too large)

.vector_36      0x9fc01680        0x0
 *(.vector_36)
                0x00000001                ASSERT (((_vector_spacing == 0x0) || (SIZEOF (.vector_36) <= (_vector_spacing << 0x5))), function at exception vector 36 too large)

.vector_37      0x9fc016a0        0x0
 *(.vector_37)
                0x00000001                ASSERT (((_vector_spacing == 0x0) || (SIZEOF (.vector_37) <= (_vector_spacing << 0x5))), function at exception vector 37 too large)

.vector_38      0x9fc016c0        0x0
 *(.vector_38)
                0x00000001                ASSERT (((_vector_spacing == 0x0) || (SIZEOF (.vector_38) <= (_vector_spacing << 0x5))), function at exception vector 38 too large)

.vector_39      0x9fc016e0        0x0
 *(.vector_39)
                0x00000001                ASSERT (((_vector_spacing == 0x0) || (SIZEOF (.vector_39) <= (_vector_spacing << 0x5))), function at exception vector 39 too large)

.vector_40      0x9fc01700        0x0
 *(.vector_40)
                0x00000001                ASSERT (((_vector_spacing == 0x0) || (SIZEOF (.vector_40) <= (_vector_spacing << 0x5))), function at exception vector 40 too large)

.vector_41      0x9fc01720        0x0
 *(.vector_41)
                0x00000001                ASSERT (((_vector_spacing == 0x0) || (SIZEOF (.vector_41) <= (_vector_spacing << 0x5))), function at exception vector 41 too large)

.vector_42      0x9fc01740        0x0
 *(.vector_42)
                0x00000001                ASSERT (((_vector_spacing == 0x0) || (SIZEOF (.vector_42) <= (_vector_spacing << 0x5))), function at exception vector 42 too large)

.vector_43      0x9fc01760        0x0
 *(.vector_43)
                0x00000001                ASSERT (((_vector_spacing == 0x0) || (SIZEOF (.vector_43) <= (_vector_spacing << 0x5))), function at exception vector 43 too large)

.vector_44      0x9fc01780        0x0
 *(.vector_44)
                0x00000001                ASSERT (((_vector_spacing == 0x0) || (SIZEOF (.vector_44) <= (_vector_spacing << 0x5))), function at exception vector 44 too large)

.vector_45      0x9fc017a0        0x8
 *(.vector_45)
 .vector_45     0x9fc017a0        0x8 build/default/production/_ext/1193168346/usb_device.o
                0x00000001                ASSERT (((_vector_spacing == 0x0) || (SIZEOF (.vector_45) <= (_vector_spacing << 0x5))), function at exception vector 45 too large)

.vector_46      0x9fc017c0        0x0
 *(.vector_46)
                0x00000001                ASSERT (((_vector_spacing == 0x0) || (SIZEOF (.vector_46) <= (_vector_spacing << 0x5))), function at exception vector 46 too large)

.vector_47      0x9fc017e0        0x0
 *(.vector_47)
                0x00000001                ASSERT (((_vector_spacing == 0x0) || (SIZEOF (.vector_47) <= (_vector_spacing << 0x5))), function at exception vector 47 too large)

.vector_48      0x9fc01800        0x0
 *(.vector_48)
                0x00000001                ASSERT (((_vector_spacing == 0x0) || (SIZEOF (.vector_48) <= (_vector_spacing << 0x5))), function at exception vector 48 too large)

.vector_49      0x9fc01820        0x0
 *(.vector_49)
                0x00000001                ASSERT (((_vector_spacing == 0x0) || (SIZEOF (.vector_49) <= (_vector_spacing << 0x5))), function at exception vector 49 too large)

.vector_50      0x9fc01840        0x0
 *(.vector_50)
                0x00000001                ASSERT (((_vector_spacing == 0x0) || (SIZEOF (.vector_50) <= (_vector_spacing << 0x5))), function at exception vector 50 too large)

.vector_51      0x9fc01860        0x0
 *(.vector_51)
                0x00000001                ASSERT (((_vector_spacing == 0x0) || (SIZEOF (.vector_51) <= (_vector_spacing << 0x5))), function at exception vector 51 too large)

.vector_52      0x9fc01880        0x0
 *(.vector_52)
                0x00000001                ASSERT (((_vector_spacing == 0x0) || (SIZEOF (.vector_52) <= (_vector_spacing << 0x5))), function at exception vector 52 too large)

.vector_53      0x9fc018a0        0x0
 *(.vector_53)
                0x00000001                ASSERT (((_vector_spacing == 0x0) || (SIZEOF (.vector_53) <= (_vector_spacing << 0x5))), function at exception vector 53 too large)

.vector_54      0x9fc018c0        0x0
 *(.vector_54)
                0x00000001                ASSERT (((_vector_spacing == 0x0) || (SIZEOF (.vector_54) <= (_vector_spacing << 0x5))), function at exception vector 54 too large)

.vector_55      0x9fc018e0        0x0
 *(.vector_55)
                0x00000001                ASSERT (((_vector_spacing == 0x0) || (SIZEOF (.vector_55) <= (_vector_spacing << 0x5))), function at exception vector 55 too large)

.vector_56      0x9fc01900        0x0
 *(.vector_56)
                0x00000001                ASSERT (((_vector_spacing == 0x0) || (SIZEOF (.vector_56) <= (_vector_spacing << 0x5))), function at exception vector 56 too large)

.vector_57      0x9fc01920        0x0
 *(.vector_57)
                0x00000001                ASSERT (((_vector_spacing == 0x0) || (SIZEOF (.vector_57) <= (_vector_spacing << 0x5))), function at exception vector 57 too large)

.vector_58      0x9fc01940        0x0
 *(.vector_58)
                0x00000001                ASSERT (((_vector_spacing == 0x0) || (SIZEOF (.vector_58) <= (_vector_spacing << 0x5))), function at exception vector 58 too large)

.vector_59      0x9fc01960        0x0
 *(.vector_59)
                0x00000001                ASSERT (((_vector_spacing == 0x0) || (SIZEOF (.vector_59) <= (_vector_spacing << 0x5))), function at exception vector 59 too large)

.vector_60      0x9fc01980        0x0
 *(.vector_60)
                0x00000001                ASSERT (((_vector_spacing == 0x0) || (SIZEOF (.vector_60) <= (_vector_spacing << 0x5))), function at exception vector 60 too large)

.vector_61      0x9fc019a0        0x0
 *(.vector_61)
                0x00000001                ASSERT (((_vector_spacing == 0x0) || (SIZEOF (.vector_61) <= (_vector_spacing << 0x5))), function at exception vector 61 too large)

.vector_62      0x9fc019c0        0x0
 *(.vector_62)
                0x00000001                ASSERT (((_vector_spacing == 0x0) || (SIZEOF (.vector_62) <= (_vector_spacing << 0x5))), function at exception vector 62 too large)

.vector_63      0x9fc019e0        0x0
 *(.vector_63)
                0x00000001                ASSERT (((_vector_spacing == 0x0) || (SIZEOF (.vector_63) <= (_vector_spacing << 0x5))), function at exception vector 63 too large)

.startup
 *(.startup)

.text
 *(.stub .gnu.linkonce.t.*)
 *(.text.*personality*)
 *(.mips16.fn.*)
 *(.mips16.call.*)
 *(.gnu.warning)

.rodata         0x9d000000        0x0
 *(.rodata.* .gnu.linkonce.r.*)
 *(.rodata1)
                0x9d000000                . = ALIGN (0x4)

.sdata2         0x9fc00490        0x0
 *(.sdata2 .sdata2.* .gnu.linkonce.s2.*)
                0x9fc00490                . = ALIGN (0x4)

.sbss2          0x9fc00490        0x0
 *(.sbss2 .sbss2.* .gnu.linkonce.sb2.*)
                0x9fc00490                . = ALIGN (0x4)

.eh_frame_hdr
 *(.eh_frame_hdr)

.eh_frame
 *(.eh_frame)

.dbg_data       0xa0000000        0x0
                0xa0000000                . = (. + DEFINED (_DEBUGGER)?0x200:0x0)

.persist        0xa0000000        0x0
                0xa0000000                _persist_begin = .
 *(.persist .persist.*)
                0xa0000000                . = ALIGN (0x4)
                0xa0000000                _persist_end = .

.eh_frame
 *(.eh_frame)
                0xa0000000                . = .
                0xa0007ff0                _gp = (ALIGN (0x10) + 0x7ff0)

.got
 *(.got.plt)
 *(.got)

.sdata          0xa0000000       0x8c
                0xa0000000                _sdata_begin = .
 *(.sdata .sdata.* .gnu.linkonce.s.*)
 .sdata         0xa0000000        0x8 build/default/production/_ext/126603185/FlashStorage.o
                0xa0000000                defMac
 .sdata         0xa0000008        0x4 build/default/production/_ext/1193168346/usb_fifo.o
 .sdata         0xa000000c        0x8 build/default/production/_ext/1193168346/usb_descriptors.o
                0xa000000c                sd000
                0xa0000010                USB_CD_Ptr
 .sdata         0xa0000014       0x18 build/default/production/_ext/681034721/Namespace_bcs_rpc.o
 .sdata         0xa000002c        0x4 build/default/production/_ext/681034721/AbstractPID.o
                0xa000002c                zone
 .sdata         0xa0000030        0x8 build/default/production/_ext/681034721/Namespace_bcs_core.o
 .sdata         0xa0000038        0x8 build/default/production/_ext/681034721/Bowler_Server.o
                0xa0000038                MyMAC
 .sdata         0xa0000040       0x4c build/default/production/_ext/681034721/Namespace_bcs_pid.o
                0xa000008c                _sdata_end = .

.lit8
 *(.lit8)

.lit4
 *(.lit4)
                0xa000008c                . = ALIGN (0x4)
                0xa000008c                _data_end = .
                0xa000008c                _bss_begin = .

.sbss           0xa000008c      0x108
                0xa000008c                _sbss_begin = .
 *(.dynsbss)
 *(.sbss .sbss.* .gnu.linkonce.sb.*)
 .sbss          0xa000008c        0x8 build/default/production/_ext/126603185/Bowler_UART_HAL.o
 .sbss          0xa0000094        0x8 build/default/production/_ext/126603185/Tick.o
 .sbss          0xa000009c        0x8 build/default/production/_ext/126603185/HAL_P32.o
 .sbss          0xa00000a4        0x4 build/default/production/_ext/126603185/ADC.o
                0xa00000a4                ADCMask
 .sbss          0xa00000a8        0x8 build/default/production/_ext/126603185/UART.o
                0xa00000a8                useUart2
                0xa00000ac                useUart1
 .sbss          0xa00000b0       0x10 build/default/production/_ext/1193168346/usb_fifo.o
 .sbss          0xa00000c0        0x2 build/default/production/_ext/1193168346/usb_callback.o
 *fill*         0xa00000c2        0x2 00
 .sbss          0xa00000c4        0x4 build/default/production/_ext/681034721/Namespace_bcs_rpc.o
 .sbss          0xa00000c8        0x4 build/default/production/_ext/681034721/Bowler_RPC_Process.o
 .sbss          0xa00000cc       0x14 build/default/production/_ext/681034721/AbstractPID.o
                0xa00000cc                number_of_pid_groups
 .sbss          0xa00000e0        0x4 build/default/production/_ext/681034721/Namespace_bcs_core.o
 .sbss          0xa00000e4        0xc build/default/production/_ext/681034721/Debug.o
                0xa00000e4                level
 .sbss          0xa00000f0        0x4 build/default/production/_ext/681034721/Namespace_bcs_pid.o
 *(.scommon)
 .scommon       0xa00000f4       0x3e build/default/production/_ext/1193168346/usb_device.o
                0xa00000f4                inPipes
                0xa00000fb                USTATcopy
                0xa00000fc                RemoteWakeup
                0xa0000100                controlTransferState
                0xa0000104                pDst
                0xa0000108                SetupPkt
                0xa0000110                pBDTEntryEP0OutNext
                0xa0000114                USBAlternateInterface
                0xa0000118                BothEP0OutUOWNsSet
                0xa000011c                USBActiveConfiguration
                0xa0000120                USBDeviceState
                0xa0000124                pBDTEntryEP0OutCurrent
                0xa0000128                shortPacketStatus
                0xa000012c                USBInMaxPacketSize
 *fill*         0xa0000132        0x2 00
 .scommon       0xa0000134       0x3c build/default/production/_ext/1193168346/usb_function_cdc.o
                0xa0000134                control_signal_bitmap
                0xa0000138                cdc_tx_len
                0xa000013a                cdc_trf_state
                0xa000013c                cdc_notice
                0xa0000144                cdc_mem_type
                0xa0000148                CDCDataInHandle
                0xa000014c                pCDCSrc
                0xa0000150                cdc_rx_len
                0xa0000154                BaudRateGen
                0xa0000158                pCDCDst
                0xa000015c                line_coding
                0xa0000164                CDCDataOutHandle
                0xa0000168                dummy_encapsulated_cmd_response
 .scommon       0xa0000170       0x24 build/default/production/_ext/681034721/AbstractPID.o
                0xa0000170                resetPosition
                0xa0000174                onPidConfigure
                0xa0000178                getPosition
                0xa000017c                MathCalculationPosition
                0xa0000180                velData
                0xa0000184                setOutput
                0xa0000188                pidGroups
                0xa000018c                MathCalculationVelocity
                0xa0000190                checkPIDLimitEvents
                0xa0000194                _sbss_end = .

.bss            0xa0000200      0x500
 *(.dynbss)
 *(COMMON)
 COMMON         0xa0000200       0x50 build/default/production/_ext/126603185/FlashStorage.o
                0xa0000200                flash
 *fill*         0xa0000250      0x1b0 00
 COMMON         0xa0000400      0x280 build/default/production/_ext/1193168346/usb_device.o
                0xa0000400                CtrlTrfData
                0xa0000440                outPipes
                0xa000044c                pBDTEntryOut
                0xa000045c                pBDTEntryIn
                0xa000046c                USBInData
                0xa0000600                BDT
 COMMON         0xa0000680       0x80 build/default/production/_ext/1193168346/usb_function_cdc.o
                0xa0000680                cdc_data_tx
                0xa00006c0                cdc_data_rx
                0xa0000700                . = ALIGN (0x4)
                0xa0000700                . = ALIGN (0x4)
                0xa0000700                _end = .
                0xa0000700                _bss_end = .
                0x00020000                _bmxdudba_address = 0x20000
                0x00020000                _bmxdupba_address = 0x20000

/DISCARD/
 *(.pdr)
 *(.reginfo)
 *(.rel.dyn)
 *(.note.GNU-stack)
 *(.note.GNU-stack)
 *(.gnu_debuglink)
 *(.gnu.lto_*)
 *(.discard)

.stab
 *(.stab)

.stabstr
 *(.stabstr)

.stab.excl
 *(.stab.excl)

.stab.exclstr
 *(.stab.exclstr)

.stab.index
 *(.stab.index)

.stab.indexstr
 *(.stab.indexstr)

.comment        0x00000000       0x9c
 *(.comment)
 .comment       0x00000000       0x33 build/default/production/_ext/1360937237/main.o
                                 0x34 (size before relaxing)
 .comment       0x00000000       0x34 build/default/production/_ext/126603185/Bowler_UART_HAL.o
 .comment       0x00000000       0x34 build/default/production/_ext/126603185/Bowler_USB_HAL.o
 .comment       0x00000000       0x34 build/default/production/_ext/126603185/LED.o
 .comment       0x00000000       0x34 build/default/production/_ext/126603185/Tick.o
 .comment       0x00000000       0x34 build/default/production/_ext/126603185/Delay.o
 .comment       0x00000000       0x34 build/default/production/_ext/126603185/HAL_P32.o
 .comment       0x00000000       0x34 build/default/production/_ext/126603185/ADC.o
 .comment       0x00000000       0x34 build/default/production/_ext/126603185/UART.o
 .comment       0x00000000       0x34 build/default/production/_ext/126603185/FlashStorage.o
 .comment       0x00000000       0x34 build/default/production/_ext/1193168346/usb_interrupt.o
 .comment       0x00000000       0x34 build/default/production/_ext/1193168346/usb_device.o
 .comment       0x00000000       0x34 build/default/production/_ext/1193168346/usb_fifo.o
 .comment       0x00000000       0x34 build/default/production/_ext/1193168346/usb_descriptors.o
 .comment       0x00000000       0x34 build/default/production/_ext/1193168346/usb_callback.o
 .comment       0x00000000       0x34 build/default/production/_ext/1193168346/usb_function_cdc.o
 .comment       0x00000000       0x34 build/default/production/_ext/681034721/Namespace_bcs_rpc.o
 .comment       0x00000000       0x34 build/default/production/_ext/681034721/Bowler_RPC_Process.o
 .comment       0x00000000       0x34 build/default/production/_ext/681034721/AbstractPID.o
 .comment       0x00000000       0x34 build/default/production/_ext/681034721/Scheduler.o
 .comment       0x00000000       0x34 build/default/production/_ext/681034721/Namespace_bcs_core.o
 .comment       0x00000000       0x34 build/default/production/_ext/681034721/Bowler_Transport.o
 .comment       0x00000000       0x34 build/default/production/_ext/681034721/Bowler_Server.o
 .comment       0x00000000       0x34 build/default/production/_ext/681034721/FIFO.o
 .comment       0x00000000       0x34 build/default/production/_ext/681034721/Debug.o
 .comment       0x00000000       0x34 build/default/production/_ext/681034721/Bowler_Stack_Callback.o
 .comment       0x00000000       0x34 build/default/production/_ext/681034721/Namespace_bcs_pid.o
 .comment       0x00000000       0x34 build/default/production/_ext/681034721/Bowler_Helper.o
 .comment       0x00000000       0x34 /home/opt/microchip/xc32/v1.00/bin/../lib/gcc/pic32mx/4.5.1/libgcc.a(floatunsisf.o)
 .comment       0x00000033       0x18 /home/opt/microchip/xc32/v1.00/bin/../lib/gcc/pic32mx/4.5.1/../../../../pic32mx/lib/libc.a(memset.o)
                                 0x19 (size before relaxing)
 .comment       0x00000000       0x34 /home/opt/microchip/xc32/v1.00/bin/../lib/gcc/pic32mx/4.5.1/../../../../pic32mx/lib/libc.a(default-bootstrap-exception-handler.o)
 .comment       0x00000000       0x34 /home/opt/microchip/xc32/v1.00/bin/../lib/gcc/pic32mx/4.5.1/../../../../pic32mx/lib/libc.a(default-on-reset.o)
 .comment       0x00000000       0x34 /home/opt/microchip/xc32/v1.00/bin/../lib/gcc/pic32mx/4.5.1/../../../../pic32mx/lib/libc.a(default-on-bootstrap.o)
 .comment       0x0000004b       0x51 /home/opt/microchip/xc32/v1.00/bin/../lib/gcc/pic32mx/4.5.1/../../../../pic32mx/lib/libmchp_peripheral_32MX795F512L.a(int_enable_interrupts_lib.o)
                                 0x52 (size before relaxing)
 .comment       0x00000000       0x52 /home/opt/microchip/xc32/v1.00/bin/../lib/gcc/pic32mx/4.5.1/../../../../pic32mx/lib/libmchp_peripheral_32MX795F512L.a(int_disable_interrupts_lib.o)
 .comment       0x00000000       0x52 /home/opt/microchip/xc32/v1.00/bin/../lib/gcc/pic32mx/4.5.1/../../../../pic32mx/lib/libmchp_peripheral_32MX795F512L.a(int_enable_mv_int_lib.o)
 .comment       0x00000000       0x52 /home/opt/microchip/xc32/v1.00/bin/../lib/gcc/pic32mx/4.5.1/../../../../pic32mx/lib/libmchp_peripheral_32MX795F512L.a(int_tbl_lib.o)
 .comment       0x00000000       0x52 /home/opt/microchip/xc32/v1.00/bin/../lib/gcc/pic32mx/4.5.1/../../../../pic32mx/lib/libmchp_peripheral_32MX795F512L.a(nvm_erase_page_lib.o)
 .comment       0x00000000       0x52 /home/opt/microchip/xc32/v1.00/bin/../lib/gcc/pic32mx/4.5.1/../../../../pic32mx/lib/libmchp_peripheral_32MX795F512L.a(nvm_operation_lib.o)
 .comment       0x00000000       0x52 /home/opt/microchip/xc32/v1.00/bin/../lib/gcc/pic32mx/4.5.1/../../../../pic32mx/lib/libmchp_peripheral_32MX795F512L.a(nvm_write_word_lib.o)
 .comment       0x00000000       0x52 /home/opt/microchip/xc32/v1.00/bin/../lib/gcc/pic32mx/4.5.1/../../../../pic32mx/lib/libmchp_peripheral_32MX795F512L.a(port_set_pins_digital_out_lib.o)
 .comment       0x00000000       0x52 /home/opt/microchip/xc32/v1.00/bin/../lib/gcc/pic32mx/4.5.1/../../../../pic32mx/lib/libmchp_peripheral_32MX795F512L.a(port_clear_bits_lib.o)
 .comment       0x00000000       0x52 /home/opt/microchip/xc32/v1.00/bin/../lib/gcc/pic32mx/4.5.1/../../../../pic32mx/lib/libmchp_peripheral_32MX795F512L.a(port_set_bits_lib.o)
 .comment       0x00000000       0x52 /home/opt/microchip/xc32/v1.00/bin/../lib/gcc/pic32mx/4.5.1/../../../../pic32mx/lib/libmchp_peripheral_32MX795F512L.a(_ports_tbl_libp.o)
 .comment       0x00000000       0x52 /home/opt/microchip/xc32/v1.00/bin/../lib/gcc/pic32mx/4.5.1/../../../../pic32mx/lib/libmchp_peripheral_32MX795F512L.a(uart_lib.o)
 .comment       0x00000000       0x52 /home/opt/microchip/xc32/v1.00/bin/../lib/gcc/pic32mx/4.5.1/../../../../pic32mx/lib/libmchp_peripheral_32MX795F512L.a(int_restore_interrupts_lib.o)

.debug
 *(.debug)

.line
 *(.line)

.debug_srcinfo
 *(.debug_srcinfo)

.debug_sfnames
 *(.debug_sfnames)

.debug_aranges  0x00000000      0x5b8
 *(.debug_aranges)
 .debug_aranges
                0x00000000       0x20 build/default/production/_ext/1360937237/main.o
 .debug_aranges
                0x00000020       0x20 build/default/production/_ext/126603185/Bowler_UART_HAL.o
 .debug_aranges
                0x00000040       0x20 build/default/production/_ext/126603185/Bowler_USB_HAL.o
 .debug_aranges
                0x00000060       0x20 build/default/production/_ext/126603185/LED.o
 .debug_aranges
                0x00000080       0x20 build/default/production/_ext/126603185/Tick.o
 .debug_aranges
                0x000000a0       0x20 build/default/production/_ext/126603185/Delay.o
 .debug_aranges
                0x000000c0       0x20 build/default/production/_ext/126603185/HAL_P32.o
 .debug_aranges
                0x000000e0       0x20 build/default/production/_ext/126603185/ADC.o
 .debug_aranges
                0x00000100       0x20 build/default/production/_ext/126603185/UART.o
 .debug_aranges
                0x00000120       0x20 build/default/production/_ext/126603185/FlashStorage.o
 .debug_aranges
                0x00000140       0x20 build/default/production/_ext/1193168346/usb_device.o
 .debug_aranges
                0x00000160       0x20 build/default/production/_ext/1193168346/usb_fifo.o
 .debug_aranges
                0x00000180       0x20 build/default/production/_ext/1193168346/usb_descriptors.o
 .debug_aranges
                0x000001a0       0x20 build/default/production/_ext/1193168346/usb_callback.o
 .debug_aranges
                0x000001c0       0x20 build/default/production/_ext/1193168346/usb_function_cdc.o
 .debug_aranges
                0x000001e0       0x20 build/default/production/_ext/681034721/Namespace_bcs_rpc.o
 .debug_aranges
                0x00000200       0x20 build/default/production/_ext/681034721/Bowler_RPC_Process.o
 .debug_aranges
                0x00000220       0x20 build/default/production/_ext/681034721/AbstractPID.o
 .debug_aranges
                0x00000240       0x20 build/default/production/_ext/681034721/Scheduler.o
 .debug_aranges
                0x00000260       0x20 build/default/production/_ext/681034721/Namespace_bcs_core.o
 .debug_aranges
                0x00000280       0x20 build/default/production/_ext/681034721/Bowler_Transport.o
 .debug_aranges
                0x000002a0       0x20 build/default/production/_ext/681034721/Bowler_Server.o
 .debug_aranges
                0x000002c0       0x20 build/default/production/_ext/681034721/FIFO.o
 .debug_aranges
                0x000002e0       0x20 build/default/production/_ext/681034721/Debug.o
 .debug_aranges
                0x00000300       0x20 build/default/production/_ext/681034721/Namespace_bcs_pid.o
 .debug_aranges
                0x00000320       0x20 build/default/production/_ext/681034721/Bowler_Helper.o
 .debug_aranges
                0x00000340       0x20 /home/opt/microchip/xc32/v1.00/bin/../lib/gcc/pic32mx/4.5.1/libgcc.a(floatunsisf.o)
 .debug_aranges
                0x00000360       0x20 /home/opt/microchip/xc32/v1.00/bin/../lib/gcc/pic32mx/4.5.1/../../../../pic32mx/lib/libc.a(default-bootstrap-exception-handler.o)
 .debug_aranges
                0x00000380       0x20 /home/opt/microchip/xc32/v1.00/bin/../lib/gcc/pic32mx/4.5.1/../../../../pic32mx/lib/libc.a(default-on-reset.o)
 .debug_aranges
                0x000003a0       0x20 /home/opt/microchip/xc32/v1.00/bin/../lib/gcc/pic32mx/4.5.1/../../../../pic32mx/lib/libc.a(default-on-bootstrap.o)
 .debug_aranges
                0x000003c0       0x20 /home/opt/microchip/xc32/v1.00/bin/../lib/gcc/pic32mx/4.5.1/../../../../pic32mx/lib/libmchp_peripheral_32MX795F512L.a(int_enable_interrupts_lib.o)
 .debug_aranges
                0x000003e0       0x20 /home/opt/microchip/xc32/v1.00/bin/../lib/gcc/pic32mx/4.5.1/../../../../pic32mx/lib/libmchp_peripheral_32MX795F512L.a(int_disable_interrupts_lib.o)
 .debug_aranges
                0x00000400       0x20 /home/opt/microchip/xc32/v1.00/bin/../lib/gcc/pic32mx/4.5.1/../../../../pic32mx/lib/libmchp_peripheral_32MX795F512L.a(int_enable_mv_int_lib.o)
 .debug_aranges
                0x00000420       0x60 /home/opt/microchip/xc32/v1.00/bin/../lib/gcc/pic32mx/4.5.1/../../../../pic32mx/lib/libmchp_peripheral_32MX795F512L.a(int_tbl_lib.o)
 .debug_aranges
                0x00000480       0x20 /home/opt/microchip/xc32/v1.00/bin/../lib/gcc/pic32mx/4.5.1/../../../../pic32mx/lib/libmchp_peripheral_32MX795F512L.a(nvm_erase_page_lib.o)
 .debug_aranges
                0x000004a0       0x20 /home/opt/microchip/xc32/v1.00/bin/../lib/gcc/pic32mx/4.5.1/../../../../pic32mx/lib/libmchp_peripheral_32MX795F512L.a(nvm_operation_lib.o)
 .debug_aranges
                0x000004c0       0x20 /home/opt/microchip/xc32/v1.00/bin/../lib/gcc/pic32mx/4.5.1/../../../../pic32mx/lib/libmchp_peripheral_32MX795F512L.a(nvm_write_word_lib.o)
 .debug_aranges
                0x000004e0       0x20 /home/opt/microchip/xc32/v1.00/bin/../lib/gcc/pic32mx/4.5.1/../../../../pic32mx/lib/libmchp_peripheral_32MX795F512L.a(port_set_pins_digital_out_lib.o)
 .debug_aranges
                0x00000500       0x20 /home/opt/microchip/xc32/v1.00/bin/../lib/gcc/pic32mx/4.5.1/../../../../pic32mx/lib/libmchp_peripheral_32MX795F512L.a(port_clear_bits_lib.o)
 .debug_aranges
                0x00000520       0x20 /home/opt/microchip/xc32/v1.00/bin/../lib/gcc/pic32mx/4.5.1/../../../../pic32mx/lib/libmchp_peripheral_32MX795F512L.a(port_set_bits_lib.o)
 .debug_aranges
                0x00000540       0x58 /home/opt/microchip/xc32/v1.00/bin/../lib/gcc/pic32mx/4.5.1/../../../../pic32mx/lib/libmchp_peripheral_32MX795F512L.a(uart_lib.o)
 .debug_aranges
                0x00000598       0x20 /home/opt/microchip/xc32/v1.00/bin/../lib/gcc/pic32mx/4.5.1/../../../../pic32mx/lib/libmchp_peripheral_32MX795F512L.a(int_restore_interrupts_lib.o)

.debug_pubnames
                0x00000000     0x1b2f
 *(.debug_pubnames)
 .debug_pubnames
                0x00000000       0x51 build/default/production/_ext/1360937237/main.o
 .debug_pubnames
                0x00000051       0xe8 build/default/production/_ext/126603185/Bowler_UART_HAL.o
 .debug_pubnames
                0x00000139       0x4c build/default/production/_ext/126603185/Bowler_USB_HAL.o
 .debug_pubnames
                0x00000185       0x50 build/default/production/_ext/126603185/LED.o
 .debug_pubnames
                0x000001d5       0x8d build/default/production/_ext/126603185/Tick.o
 .debug_pubnames
                0x00000262       0x5d build/default/production/_ext/126603185/Delay.o
 .debug_pubnames
                0x000002bf       0xf6 build/default/production/_ext/126603185/HAL_P32.o
 .debug_pubnames
                0x000003b5       0x52 build/default/production/_ext/126603185/ADC.o
 .debug_pubnames
                0x00000407       0x4e build/default/production/_ext/126603185/UART.o
 .debug_pubnames
                0x00000455       0xcd build/default/production/_ext/126603185/FlashStorage.o
 .debug_pubnames
                0x00000522      0x3d5 build/default/production/_ext/1193168346/usb_device.o
 .debug_pubnames
                0x000008f7       0xe7 build/default/production/_ext/1193168346/usb_fifo.o
 .debug_pubnames
                0x000009de       0xc2 build/default/production/_ext/1193168346/usb_descriptors.o
 .debug_pubnames
                0x00000aa0       0xfc build/default/production/_ext/1193168346/usb_callback.o
 .debug_pubnames
                0x00000b9c      0x1b1 build/default/production/_ext/1193168346/usb_function_cdc.o
 .debug_pubnames
                0x00000d4d       0x3f build/default/production/_ext/681034721/Namespace_bcs_rpc.o
 .debug_pubnames
                0x00000d8c       0x40 build/default/production/_ext/681034721/Bowler_RPC_Process.o
 .debug_pubnames
                0x00000dcc      0x375 build/default/production/_ext/681034721/AbstractPID.o
 .debug_pubnames
                0x00001141       0x1f build/default/production/_ext/681034721/Scheduler.o
 .debug_pubnames
                0x00001160       0xf3 build/default/production/_ext/681034721/Namespace_bcs_core.o
 .debug_pubnames
                0x00001253       0x9f build/default/production/_ext/681034721/Bowler_Transport.o
 .debug_pubnames
                0x000012f2       0x71 build/default/production/_ext/681034721/Bowler_Server.o
 .debug_pubnames
                0x00001363      0x154 build/default/production/_ext/681034721/FIFO.o
 .debug_pubnames
                0x000014b7      0x192 build/default/production/_ext/681034721/Debug.o
 .debug_pubnames
                0x00001649       0x48 build/default/production/_ext/681034721/Namespace_bcs_pid.o
 .debug_pubnames
                0x00001691       0xf6 build/default/production/_ext/681034721/Bowler_Helper.o
 .debug_pubnames
                0x00001787       0x24 /home/opt/microchip/xc32/v1.00/bin/../lib/gcc/pic32mx/4.5.1/libgcc.a(floatunsisf.o)
 .debug_pubnames
                0x000017ab       0x33 /home/opt/microchip/xc32/v1.00/bin/../lib/gcc/pic32mx/4.5.1/../../../../pic32mx/lib/libc.a(default-bootstrap-exception-handler.o)
 .debug_pubnames
                0x000017de       0x20 /home/opt/microchip/xc32/v1.00/bin/../lib/gcc/pic32mx/4.5.1/../../../../pic32mx/lib/libc.a(default-on-reset.o)
 .debug_pubnames
                0x000017fe       0x24 /home/opt/microchip/xc32/v1.00/bin/../lib/gcc/pic32mx/4.5.1/../../../../pic32mx/lib/libc.a(default-on-bootstrap.o)
 .debug_pubnames
                0x00001822       0x2a /home/opt/microchip/xc32/v1.00/bin/../lib/gcc/pic32mx/4.5.1/../../../../pic32mx/lib/libmchp_peripheral_32MX795F512L.a(int_enable_interrupts_lib.o)
 .debug_pubnames
                0x0000184c       0x2b /home/opt/microchip/xc32/v1.00/bin/../lib/gcc/pic32mx/4.5.1/../../../../pic32mx/lib/libmchp_peripheral_32MX795F512L.a(int_disable_interrupts_lib.o)
 .debug_pubnames
                0x00001877       0x36 /home/opt/microchip/xc32/v1.00/bin/../lib/gcc/pic32mx/4.5.1/../../../../pic32mx/lib/libmchp_peripheral_32MX795F512L.a(int_enable_mv_int_lib.o)
 .debug_pubnames
                0x000018ad       0xca /home/opt/microchip/xc32/v1.00/bin/../lib/gcc/pic32mx/4.5.1/../../../../pic32mx/lib/libmchp_peripheral_32MX795F512L.a(int_tbl_lib.o)
 .debug_pubnames
                0x00001977       0x23 /home/opt/microchip/xc32/v1.00/bin/../lib/gcc/pic32mx/4.5.1/../../../../pic32mx/lib/libmchp_peripheral_32MX795F512L.a(nvm_erase_page_lib.o)
 .debug_pubnames
                0x0000199a       0x24 /home/opt/microchip/xc32/v1.00/bin/../lib/gcc/pic32mx/4.5.1/../../../../pic32mx/lib/libmchp_peripheral_32MX795F512L.a(nvm_operation_lib.o)
 .debug_pubnames
                0x000019be       0x23 /home/opt/microchip/xc32/v1.00/bin/../lib/gcc/pic32mx/4.5.1/../../../../pic32mx/lib/libmchp_peripheral_32MX795F512L.a(nvm_write_word_lib.o)
 .debug_pubnames
                0x000019e1       0x2c /home/opt/microchip/xc32/v1.00/bin/../lib/gcc/pic32mx/4.5.1/../../../../pic32mx/lib/libmchp_peripheral_32MX795F512L.a(port_set_pins_digital_out_lib.o)
 .debug_pubnames
                0x00001a0d       0x24 /home/opt/microchip/xc32/v1.00/bin/../lib/gcc/pic32mx/4.5.1/../../../../pic32mx/lib/libmchp_peripheral_32MX795F512L.a(port_clear_bits_lib.o)
 .debug_pubnames
                0x00001a31       0x22 /home/opt/microchip/xc32/v1.00/bin/../lib/gcc/pic32mx/4.5.1/../../../../pic32mx/lib/libmchp_peripheral_32MX795F512L.a(port_set_bits_lib.o)
 .debug_pubnames
                0x00001a53       0xb1 /home/opt/microchip/xc32/v1.00/bin/../lib/gcc/pic32mx/4.5.1/../../../../pic32mx/lib/libmchp_peripheral_32MX795F512L.a(uart_lib.o)
 .debug_pubnames
                0x00001b04       0x2b /home/opt/microchip/xc32/v1.00/bin/../lib/gcc/pic32mx/4.5.1/../../../../pic32mx/lib/libmchp_peripheral_32MX795F512L.a(int_restore_interrupts_lib.o)

.debug_info     0x00000000    0x3069b
 *(.debug_info .gnu.linkonce.wi.*)
 .debug_info    0x00000000     0x185e build/default/production/_ext/1360937237/main.o
 .debug_info    0x0000185e     0x2b50 build/default/production/_ext/126603185/Bowler_UART_HAL.o
 .debug_info    0x000043ae     0x125d build/default/production/_ext/126603185/Bowler_USB_HAL.o
 .debug_info    0x0000560b     0x137d build/default/production/_ext/126603185/LED.o
 .debug_info    0x00006988     0x1665 build/default/production/_ext/126603185/Tick.o
 .debug_info    0x00007fed     0x127d build/default/production/_ext/126603185/Delay.o
 .debug_info    0x0000926a     0x1b26 build/default/production/_ext/126603185/HAL_P32.o
 .debug_info    0x0000ad90     0x1d91 build/default/production/_ext/126603185/ADC.o
 .debug_info    0x0000cb21     0x1b35 build/default/production/_ext/126603185/UART.o
 .debug_info    0x0000e656     0x17fd build/default/production/_ext/126603185/FlashStorage.o
 .debug_info    0x0000fe53     0x116a build/default/production/_ext/1193168346/usb_interrupt.o
 .debug_info    0x00010fbd     0x4020 build/default/production/_ext/1193168346/usb_device.o
 .debug_info    0x00014fdd     0x1cfc build/default/production/_ext/1193168346/usb_fifo.o
 .debug_info    0x00016cd9     0x1892 build/default/production/_ext/1193168346/usb_descriptors.o
 .debug_info    0x0001856b     0x1e56 build/default/production/_ext/1193168346/usb_callback.o
 .debug_info    0x0001a3c1     0x2ee4 build/default/production/_ext/1193168346/usb_function_cdc.o
 .debug_info    0x0001d2a5     0x1a03 build/default/production/_ext/681034721/Namespace_bcs_rpc.o
 .debug_info    0x0001eca8     0x1914 build/default/production/_ext/681034721/Bowler_RPC_Process.o
 .debug_info    0x000205bc     0x173a build/default/production/_ext/681034721/AbstractPID.o
 .debug_info    0x00021cf6     0x1206 build/default/production/_ext/681034721/Scheduler.o
 .debug_info    0x00022efc     0x1bc7 build/default/production/_ext/681034721/Namespace_bcs_core.o
 .debug_info    0x00024ac3     0x170f build/default/production/_ext/681034721/Bowler_Transport.o
 .debug_info    0x000261d2     0x19fc build/default/production/_ext/681034721/Bowler_Server.o
 .debug_info    0x00027bce     0x19da build/default/production/_ext/681034721/FIFO.o
 .debug_info    0x000295a8     0x1eb6 build/default/production/_ext/681034721/Debug.o
 .debug_info    0x0002b45e     0x116b build/default/production/_ext/681034721/Bowler_Stack_Callback.o
 .debug_info    0x0002c5c9     0x19a4 build/default/production/_ext/681034721/Namespace_bcs_pid.o
 .debug_info    0x0002df6d     0x18c9 build/default/production/_ext/681034721/Bowler_Helper.o
 .debug_info    0x0002f836      0x146 /home/opt/microchip/xc32/v1.00/bin/../lib/gcc/pic32mx/4.5.1/libgcc.a(floatunsisf.o)
 .debug_info    0x0002f97c       0xcb /home/opt/microchip/xc32/v1.00/bin/../lib/gcc/pic32mx/4.5.1/../../../../pic32mx/lib/libc.a(default-bootstrap-exception-handler.o)
 .debug_info    0x0002fa47       0xa5 /home/opt/microchip/xc32/v1.00/bin/../lib/gcc/pic32mx/4.5.1/../../../../pic32mx/lib/libc.a(default-on-reset.o)
 .debug_info    0x0002faec       0xad /home/opt/microchip/xc32/v1.00/bin/../lib/gcc/pic32mx/4.5.1/../../../../pic32mx/lib/libc.a(default-on-bootstrap.o)
 .debug_info    0x0002fb99       0xc9 /home/opt/microchip/xc32/v1.00/bin/../lib/gcc/pic32mx/4.5.1/../../../../pic32mx/lib/libmchp_peripheral_32MX795F512L.a(int_enable_interrupts_lib.o)
 .debug_info    0x0002fc62       0xcb /home/opt/microchip/xc32/v1.00/bin/../lib/gcc/pic32mx/4.5.1/../../../../pic32mx/lib/libmchp_peripheral_32MX795F512L.a(int_disable_interrupts_lib.o)
 .debug_info    0x0002fd2d       0xd1 /home/opt/microchip/xc32/v1.00/bin/../lib/gcc/pic32mx/4.5.1/../../../../pic32mx/lib/libmchp_peripheral_32MX795F512L.a(int_enable_mv_int_lib.o)
 .debug_info    0x0002fdfe      0x1ab /home/opt/microchip/xc32/v1.00/bin/../lib/gcc/pic32mx/4.5.1/../../../../pic32mx/lib/libmchp_peripheral_32MX795F512L.a(int_tbl_lib.o)
 .debug_info    0x0002ffa9       0xbb /home/opt/microchip/xc32/v1.00/bin/../lib/gcc/pic32mx/4.5.1/../../../../pic32mx/lib/libmchp_peripheral_32MX795F512L.a(nvm_erase_page_lib.o)
 .debug_info    0x00030064       0xdc /home/opt/microchip/xc32/v1.00/bin/../lib/gcc/pic32mx/4.5.1/../../../../pic32mx/lib/libmchp_peripheral_32MX795F512L.a(nvm_operation_lib.o)
 .debug_info    0x00030140       0xbb /home/opt/microchip/xc32/v1.00/bin/../lib/gcc/pic32mx/4.5.1/../../../../pic32mx/lib/libmchp_peripheral_32MX795F512L.a(nvm_write_word_lib.o)
 .debug_info    0x000301fb       0xd1 /home/opt/microchip/xc32/v1.00/bin/../lib/gcc/pic32mx/4.5.1/../../../../pic32mx/lib/libmchp_peripheral_32MX795F512L.a(port_set_pins_digital_out_lib.o)
 .debug_info    0x000302cc       0xbf /home/opt/microchip/xc32/v1.00/bin/../lib/gcc/pic32mx/4.5.1/../../../../pic32mx/lib/libmchp_peripheral_32MX795F512L.a(port_clear_bits_lib.o)
 .debug_info    0x0003038b       0xbb /home/opt/microchip/xc32/v1.00/bin/../lib/gcc/pic32mx/4.5.1/../../../../pic32mx/lib/libmchp_peripheral_32MX795F512L.a(port_set_bits_lib.o)
 .debug_info    0x00030446        0x0 /home/opt/microchip/xc32/v1.00/bin/../lib/gcc/pic32mx/4.5.1/../../../../pic32mx/lib/libmchp_peripheral_32MX795F512L.a(_ports_tbl_libp.o)
 .debug_info    0x00030446      0x18a /home/opt/microchip/xc32/v1.00/bin/../lib/gcc/pic32mx/4.5.1/../../../../pic32mx/lib/libmchp_peripheral_32MX795F512L.a(uart_lib.o)
 .debug_info    0x000305d0       0xcb /home/opt/microchip/xc32/v1.00/bin/../lib/gcc/pic32mx/4.5.1/../../../../pic32mx/lib/libmchp_peripheral_32MX795F512L.a(int_restore_interrupts_lib.o)

.debug_abbrev   0x00000000     0x4076
 *(.debug_abbrev)
 .debug_abbrev  0x00000000      0x231 build/default/production/_ext/1360937237/main.o
 .debug_abbrev  0x00000231      0x279 build/default/production/_ext/126603185/Bowler_UART_HAL.o
 .debug_abbrev  0x000004aa      0x1d4 build/default/production/_ext/126603185/Bowler_USB_HAL.o
 .debug_abbrev  0x0000067e      0x1b7 build/default/production/_ext/126603185/LED.o
 .debug_abbrev  0x00000835      0x20b build/default/production/_ext/126603185/Tick.o
 .debug_abbrev  0x00000a40      0x1b0 build/default/production/_ext/126603185/Delay.o
 .debug_abbrev  0x00000bf0      0x2b6 build/default/production/_ext/126603185/HAL_P32.o
 .debug_abbrev  0x00000ea6      0x1db build/default/production/_ext/126603185/ADC.o
 .debug_abbrev  0x00001081      0x231 build/default/production/_ext/126603185/UART.o
 .debug_abbrev  0x000012b2      0x20f build/default/production/_ext/126603185/FlashStorage.o
 .debug_abbrev  0x000014c1      0x166 build/default/production/_ext/1193168346/usb_interrupt.o
 .debug_abbrev  0x00001627      0x2c0 build/default/production/_ext/1193168346/usb_device.o
 .debug_abbrev  0x000018e7      0x289 build/default/production/_ext/1193168346/usb_fifo.o
 .debug_abbrev  0x00001b70      0x209 build/default/production/_ext/1193168346/usb_descriptors.o
 .debug_abbrev  0x00001d79      0x23e build/default/production/_ext/1193168346/usb_callback.o
 .debug_abbrev  0x00001fb7      0x2e3 build/default/production/_ext/1193168346/usb_function_cdc.o
 .debug_abbrev  0x0000229a      0x251 build/default/production/_ext/681034721/Namespace_bcs_rpc.o
 .debug_abbrev  0x000024eb      0x256 build/default/production/_ext/681034721/Bowler_RPC_Process.o
 .debug_abbrev  0x00002741      0x282 build/default/production/_ext/681034721/AbstractPID.o
 .debug_abbrev  0x000029c3      0x1ac build/default/production/_ext/681034721/Scheduler.o
 .debug_abbrev  0x00002b6f      0x2a8 build/default/production/_ext/681034721/Namespace_bcs_core.o
 .debug_abbrev  0x00002e17      0x244 build/default/production/_ext/681034721/Bowler_Transport.o
 .debug_abbrev  0x0000305b      0x28b build/default/production/_ext/681034721/Bowler_Server.o
 .debug_abbrev  0x000032e6      0x24c build/default/production/_ext/681034721/FIFO.o
 .debug_abbrev  0x00003532      0x2b0 build/default/production/_ext/681034721/Debug.o
 .debug_abbrev  0x000037e2      0x166 build/default/production/_ext/681034721/Bowler_Stack_Callback.o
 .debug_abbrev  0x00003948      0x242 build/default/production/_ext/681034721/Namespace_bcs_pid.o
 .debug_abbrev  0x00003b8a      0x23d build/default/production/_ext/681034721/Bowler_Helper.o
 .debug_abbrev  0x00003dc7       0x61 /home/opt/microchip/xc32/v1.00/bin/../lib/gcc/pic32mx/4.5.1/libgcc.a(floatunsisf.o)
 .debug_abbrev  0x00003e28       0x25 /home/opt/microchip/xc32/v1.00/bin/../lib/gcc/pic32mx/4.5.1/../../../../pic32mx/lib/libc.a(default-bootstrap-exception-handler.o)
 .debug_abbrev  0x00003e4d       0x25 /home/opt/microchip/xc32/v1.00/bin/../lib/gcc/pic32mx/4.5.1/../../../../pic32mx/lib/libc.a(default-on-reset.o)
 .debug_abbrev  0x00003e72       0x25 /home/opt/microchip/xc32/v1.00/bin/../lib/gcc/pic32mx/4.5.1/../../../../pic32mx/lib/libc.a(default-on-bootstrap.o)
 .debug_abbrev  0x00003e97       0x25 /home/opt/microchip/xc32/v1.00/bin/../lib/gcc/pic32mx/4.5.1/../../../../pic32mx/lib/libmchp_peripheral_32MX795F512L.a(int_enable_interrupts_lib.o)
 .debug_abbrev  0x00003ebc       0x25 /home/opt/microchip/xc32/v1.00/bin/../lib/gcc/pic32mx/4.5.1/../../../../pic32mx/lib/libmchp_peripheral_32MX795F512L.a(int_disable_interrupts_lib.o)
 .debug_abbrev  0x00003ee1       0x25 /home/opt/microchip/xc32/v1.00/bin/../lib/gcc/pic32mx/4.5.1/../../../../pic32mx/lib/libmchp_peripheral_32MX795F512L.a(int_enable_mv_int_lib.o)
 .debug_abbrev  0x00003f06       0x25 /home/opt/microchip/xc32/v1.00/bin/../lib/gcc/pic32mx/4.5.1/../../../../pic32mx/lib/libmchp_peripheral_32MX795F512L.a(int_tbl_lib.o)
 .debug_abbrev  0x00003f2b       0x25 /home/opt/microchip/xc32/v1.00/bin/../lib/gcc/pic32mx/4.5.1/../../../../pic32mx/lib/libmchp_peripheral_32MX795F512L.a(nvm_erase_page_lib.o)
 .debug_abbrev  0x00003f50       0x34 /home/opt/microchip/xc32/v1.00/bin/../lib/gcc/pic32mx/4.5.1/../../../../pic32mx/lib/libmchp_peripheral_32MX795F512L.a(nvm_operation_lib.o)
 .debug_abbrev  0x00003f84       0x25 /home/opt/microchip/xc32/v1.00/bin/../lib/gcc/pic32mx/4.5.1/../../../../pic32mx/lib/libmchp_peripheral_32MX795F512L.a(nvm_write_word_lib.o)
 .debug_abbrev  0x00003fa9       0x25 /home/opt/microchip/xc32/v1.00/bin/../lib/gcc/pic32mx/4.5.1/../../../../pic32mx/lib/libmchp_peripheral_32MX795F512L.a(port_set_pins_digital_out_lib.o)
 .debug_abbrev  0x00003fce       0x25 /home/opt/microchip/xc32/v1.00/bin/../lib/gcc/pic32mx/4.5.1/../../../../pic32mx/lib/libmchp_peripheral_32MX795F512L.a(port_clear_bits_lib.o)
 .debug_abbrev  0x00003ff3       0x25 /home/opt/microchip/xc32/v1.00/bin/../lib/gcc/pic32mx/4.5.1/../../../../pic32mx/lib/libmchp_peripheral_32MX795F512L.a(port_set_bits_lib.o)
 .debug_abbrev  0x00004018        0x1 /home/opt/microchip/xc32/v1.00/bin/../lib/gcc/pic32mx/4.5.1/../../../../pic32mx/lib/libmchp_peripheral_32MX795F512L.a(_ports_tbl_libp.o)
 .debug_abbrev  0x00004019       0x38 /home/opt/microchip/xc32/v1.00/bin/../lib/gcc/pic32mx/4.5.1/../../../../pic32mx/lib/libmchp_peripheral_32MX795F512L.a(uart_lib.o)
 .debug_abbrev  0x00004051       0x25 /home/opt/microchip/xc32/v1.00/bin/../lib/gcc/pic32mx/4.5.1/../../../../pic32mx/lib/libmchp_peripheral_32MX795F512L.a(int_restore_interrupts_lib.o)

.debug_line     0x00000000     0x483a
 *(.debug_line)
 .debug_line    0x00000000      0x1af build/default/production/_ext/1360937237/main.o
 .debug_line    0x000001af      0x25f build/default/production/_ext/126603185/Bowler_UART_HAL.o
 .debug_line    0x0000040e      0x1a1 build/default/production/_ext/126603185/Bowler_USB_HAL.o
 .debug_line    0x000005af      0x1b3 build/default/production/_ext/126603185/LED.o
 .debug_line    0x00000762      0x1f5 build/default/production/_ext/126603185/Tick.o
 .debug_line    0x00000957      0x1ac build/default/production/_ext/126603185/Delay.o
 .debug_line    0x00000b03      0x2db build/default/production/_ext/126603185/HAL_P32.o
 .debug_line    0x00000dde      0x1e5 build/default/production/_ext/126603185/ADC.o
 .debug_line    0x00000fc3      0x1eb build/default/production/_ext/126603185/UART.o
 .debug_line    0x000011ae      0x25d build/default/production/_ext/126603185/FlashStorage.o
 .debug_line    0x0000140b      0x125 build/default/production/_ext/1193168346/usb_interrupt.o
 .debug_line    0x00001530      0x5e9 build/default/production/_ext/1193168346/usb_device.o
 .debug_line    0x00001b19      0x2cc build/default/production/_ext/1193168346/usb_fifo.o
 .debug_line    0x00001de5      0x20c build/default/production/_ext/1193168346/usb_descriptors.o
 .debug_line    0x00001ff1      0x24d build/default/production/_ext/1193168346/usb_callback.o
 .debug_line    0x0000223e      0x301 build/default/production/_ext/1193168346/usb_function_cdc.o
 .debug_line    0x0000253f      0x218 build/default/production/_ext/681034721/Namespace_bcs_rpc.o
 .debug_line    0x00002757      0x1ff build/default/production/_ext/681034721/Bowler_RPC_Process.o
 .debug_line    0x00002956      0x476 build/default/production/_ext/681034721/AbstractPID.o
 .debug_line    0x00002dcc      0x17d build/default/production/_ext/681034721/Scheduler.o
 .debug_line    0x00002f49      0x287 build/default/production/_ext/681034721/Namespace_bcs_core.o
 .debug_line    0x000031d0      0x21e build/default/production/_ext/681034721/Bowler_Transport.o
 .debug_line    0x000033ee      0x210 build/default/production/_ext/681034721/Bowler_Server.o
 .debug_line    0x000035fe      0x276 build/default/production/_ext/681034721/FIFO.o
 .debug_line    0x00003874      0x33b build/default/production/_ext/681034721/Debug.o
 .debug_line    0x00003baf      0x125 build/default/production/_ext/681034721/Bowler_Stack_Callback.o
 .debug_line    0x00003cd4      0x1dc build/default/production/_ext/681034721/Namespace_bcs_pid.o
 .debug_line    0x00003eb0      0x230 build/default/production/_ext/681034721/Bowler_Helper.o
 .debug_line    0x000040e0       0x6d /home/opt/microchip/xc32/v1.00/bin/../lib/gcc/pic32mx/4.5.1/libgcc.a(floatunsisf.o)
 .debug_line    0x0000414d       0x89 /home/opt/microchip/xc32/v1.00/bin/../lib/gcc/pic32mx/4.5.1/../../../../pic32mx/lib/libc.a(default-bootstrap-exception-handler.o)
 .debug_line    0x000041d6       0x76 /home/opt/microchip/xc32/v1.00/bin/../lib/gcc/pic32mx/4.5.1/../../../../pic32mx/lib/libc.a(default-on-reset.o)
 .debug_line    0x0000424c       0x7a /home/opt/microchip/xc32/v1.00/bin/../lib/gcc/pic32mx/4.5.1/../../../../pic32mx/lib/libc.a(default-on-bootstrap.o)
 .debug_line    0x000042c6       0x72 /home/opt/microchip/xc32/v1.00/bin/../lib/gcc/pic32mx/4.5.1/../../../../pic32mx/lib/libmchp_peripheral_32MX795F512L.a(int_enable_interrupts_lib.o)
 .debug_line    0x00004338       0x73 /home/opt/microchip/xc32/v1.00/bin/../lib/gcc/pic32mx/4.5.1/../../../../pic32mx/lib/libmchp_peripheral_32MX795F512L.a(int_disable_interrupts_lib.o)
 .debug_line    0x000043ab       0x6e /home/opt/microchip/xc32/v1.00/bin/../lib/gcc/pic32mx/4.5.1/../../../../pic32mx/lib/libmchp_peripheral_32MX795F512L.a(int_enable_mv_int_lib.o)
 .debug_line    0x00004419       0x64 /home/opt/microchip/xc32/v1.00/bin/../lib/gcc/pic32mx/4.5.1/../../../../pic32mx/lib/libmchp_peripheral_32MX795F512L.a(int_tbl_lib.o)
 .debug_line    0x0000447d       0x6b /home/opt/microchip/xc32/v1.00/bin/../lib/gcc/pic32mx/4.5.1/../../../../pic32mx/lib/libmchp_peripheral_32MX795F512L.a(nvm_erase_page_lib.o)
 .debug_line    0x000044e8       0xc0 /home/opt/microchip/xc32/v1.00/bin/../lib/gcc/pic32mx/4.5.1/../../../../pic32mx/lib/libmchp_peripheral_32MX795F512L.a(nvm_operation_lib.o)
 .debug_line    0x000045a8       0x6b /home/opt/microchip/xc32/v1.00/bin/../lib/gcc/pic32mx/4.5.1/../../../../pic32mx/lib/libmchp_peripheral_32MX795F512L.a(nvm_write_word_lib.o)
 .debug_line    0x00004613       0x78 /home/opt/microchip/xc32/v1.00/bin/../lib/gcc/pic32mx/4.5.1/../../../../pic32mx/lib/libmchp_peripheral_32MX795F512L.a(port_set_pins_digital_out_lib.o)
 .debug_line    0x0000468b       0x6e /home/opt/microchip/xc32/v1.00/bin/../lib/gcc/pic32mx/4.5.1/../../../../pic32mx/lib/libmchp_peripheral_32MX795F512L.a(port_clear_bits_lib.o)
 .debug_line    0x000046f9       0x6c /home/opt/microchip/xc32/v1.00/bin/../lib/gcc/pic32mx/4.5.1/../../../../pic32mx/lib/libmchp_peripheral_32MX795F512L.a(port_set_bits_lib.o)
 .debug_line    0x00004765        0x0 /home/opt/microchip/xc32/v1.00/bin/../lib/gcc/pic32mx/4.5.1/../../../../pic32mx/lib/libmchp_peripheral_32MX795F512L.a(_ports_tbl_libp.o)
 .debug_line    0x00004765       0x62 /home/opt/microchip/xc32/v1.00/bin/../lib/gcc/pic32mx/4.5.1/../../../../pic32mx/lib/libmchp_peripheral_32MX795F512L.a(uart_lib.o)
 .debug_line    0x000047c7       0x73 /home/opt/microchip/xc32/v1.00/bin/../lib/gcc/pic32mx/4.5.1/../../../../pic32mx/lib/libmchp_peripheral_32MX795F512L.a(int_restore_interrupts_lib.o)

.debug_frame    0x00000000     0x1f38
 *(.debug_frame)
 .debug_frame   0x00000000       0x84 build/default/production/_ext/1360937237/main.o
 .debug_frame   0x00000084      0x148 build/default/production/_ext/126603185/Bowler_UART_HAL.o
 .debug_frame   0x000001cc       0x64 build/default/production/_ext/126603185/Bowler_USB_HAL.o
 .debug_frame   0x00000230       0x9c build/default/production/_ext/126603185/LED.o
 .debug_frame   0x000002cc       0xdc build/default/production/_ext/126603185/Tick.o
 .debug_frame   0x000003a8       0x9c build/default/production/_ext/126603185/Delay.o
 .debug_frame   0x00000444      0x144 build/default/production/_ext/126603185/HAL_P32.o
 .debug_frame   0x00000588       0x64 build/default/production/_ext/126603185/ADC.o
 .debug_frame   0x000005ec       0x48 build/default/production/_ext/126603185/UART.o
 .debug_frame   0x00000634      0x128 build/default/production/_ext/126603185/FlashStorage.o
 .debug_frame   0x0000075c      0x310 build/default/production/_ext/1193168346/usb_device.o
 .debug_frame   0x00000a6c      0x164 build/default/production/_ext/1193168346/usb_fifo.o
 .debug_frame   0x00000bd0       0x64 build/default/production/_ext/1193168346/usb_descriptors.o
 .debug_frame   0x00000c34      0x128 build/default/production/_ext/1193168346/usb_callback.o
 .debug_frame   0x00000d5c       0xf0 build/default/production/_ext/1193168346/usb_function_cdc.o
 .debug_frame   0x00000e4c       0x64 build/default/production/_ext/681034721/Namespace_bcs_rpc.o
 .debug_frame   0x00000eb0       0x4c build/default/production/_ext/681034721/Bowler_RPC_Process.o
 .debug_frame   0x00000efc      0x430 build/default/production/_ext/681034721/AbstractPID.o
 .debug_frame   0x0000132c       0x30 build/default/production/_ext/681034721/Scheduler.o
 .debug_frame   0x0000135c      0x148 build/default/production/_ext/681034721/Namespace_bcs_core.o
 .debug_frame   0x000014a4       0xf4 build/default/production/_ext/681034721/Bowler_Transport.o
 .debug_frame   0x00001598       0x88 build/default/production/_ext/681034721/Bowler_Server.o
 .debug_frame   0x00001620      0x1f4 build/default/production/_ext/681034721/FIFO.o
 .debug_frame   0x00001814      0x208 build/default/production/_ext/681034721/Debug.o
 .debug_frame   0x00001a1c       0x48 build/default/production/_ext/681034721/Namespace_bcs_pid.o
 .debug_frame   0x00001a64      0x1bc build/default/production/_ext/681034721/Bowler_Helper.o
 .debug_frame   0x00001c20       0x28 /home/opt/microchip/xc32/v1.00/bin/../lib/gcc/pic32mx/4.5.1/libgcc.a(floatunsisf.o)
 .debug_frame   0x00001c48       0x20 /home/opt/microchip/xc32/v1.00/bin/../lib/gcc/pic32mx/4.5.1/../../../../pic32mx/lib/libc.a(default-bootstrap-exception-handler.o)
 .debug_frame   0x00001c68       0x20 /home/opt/microchip/xc32/v1.00/bin/../lib/gcc/pic32mx/4.5.1/../../../../pic32mx/lib/libc.a(default-on-reset.o)
 .debug_frame   0x00001c88       0x20 /home/opt/microchip/xc32/v1.00/bin/../lib/gcc/pic32mx/4.5.1/../../../../pic32mx/lib/libc.a(default-on-bootstrap.o)
 .debug_frame   0x00001ca8       0x20 /home/opt/microchip/xc32/v1.00/bin/../lib/gcc/pic32mx/4.5.1/../../../../pic32mx/lib/libmchp_peripheral_32MX795F512L.a(int_enable_interrupts_lib.o)
 .debug_frame   0x00001cc8       0x20 /home/opt/microchip/xc32/v1.00/bin/../lib/gcc/pic32mx/4.5.1/../../../../pic32mx/lib/libmchp_peripheral_32MX795F512L.a(int_disable_interrupts_lib.o)
 .debug_frame   0x00001ce8       0x28 /home/opt/microchip/xc32/v1.00/bin/../lib/gcc/pic32mx/4.5.1/../../../../pic32mx/lib/libmchp_peripheral_32MX795F512L.a(int_enable_mv_int_lib.o)
 .debug_frame   0x00001d10       0xa0 /home/opt/microchip/xc32/v1.00/bin/../lib/gcc/pic32mx/4.5.1/../../../../pic32mx/lib/libmchp_peripheral_32MX795F512L.a(int_tbl_lib.o)
 .debug_frame   0x00001db0       0x28 /home/opt/microchip/xc32/v1.00/bin/../lib/gcc/pic32mx/4.5.1/../../../../pic32mx/lib/libmchp_peripheral_32MX795F512L.a(nvm_erase_page_lib.o)
 .debug_frame   0x00001dd8       0x28 /home/opt/microchip/xc32/v1.00/bin/../lib/gcc/pic32mx/4.5.1/../../../../pic32mx/lib/libmchp_peripheral_32MX795F512L.a(nvm_operation_lib.o)
 .debug_frame   0x00001e00       0x28 /home/opt/microchip/xc32/v1.00/bin/../lib/gcc/pic32mx/4.5.1/../../../../pic32mx/lib/libmchp_peripheral_32MX795F512L.a(nvm_write_word_lib.o)
 .debug_frame   0x00001e28       0x20 /home/opt/microchip/xc32/v1.00/bin/../lib/gcc/pic32mx/4.5.1/../../../../pic32mx/lib/libmchp_peripheral_32MX795F512L.a(port_set_pins_digital_out_lib.o)
 .debug_frame   0x00001e48       0x20 /home/opt/microchip/xc32/v1.00/bin/../lib/gcc/pic32mx/4.5.1/../../../../pic32mx/lib/libmchp_peripheral_32MX795F512L.a(port_clear_bits_lib.o)
 .debug_frame   0x00001e68       0x20 /home/opt/microchip/xc32/v1.00/bin/../lib/gcc/pic32mx/4.5.1/../../../../pic32mx/lib/libmchp_peripheral_32MX795F512L.a(port_set_bits_lib.o)
 .debug_frame   0x00001e88       0x90 /home/opt/microchip/xc32/v1.00/bin/../lib/gcc/pic32mx/4.5.1/../../../../pic32mx/lib/libmchp_peripheral_32MX795F512L.a(uart_lib.o)
 .debug_frame   0x00001f18       0x20 /home/opt/microchip/xc32/v1.00/bin/../lib/gcc/pic32mx/4.5.1/../../../../pic32mx/lib/libmchp_peripheral_32MX795F512L.a(int_restore_interrupts_lib.o)

.debug_str      0x00000000     0x2583
 *(.debug_str)
 .debug_str     0x00000000      0x153 build/default/production/_ext/1360937237/main.o
 .debug_str     0x00000153      0x14d build/default/production/_ext/126603185/Bowler_UART_HAL.o
 .debug_str     0x000002a0      0x12f build/default/production/_ext/126603185/Bowler_USB_HAL.o
 .debug_str     0x000003cf      0x12f build/default/production/_ext/126603185/LED.o
 .debug_str     0x000004fe      0x138 build/default/production/_ext/126603185/Tick.o
 .debug_str     0x00000636      0x12f build/default/production/_ext/126603185/Delay.o
 .debug_str     0x00000765      0x136 build/default/production/_ext/126603185/HAL_P32.o
 .debug_str     0x0000089b      0x1ac build/default/production/_ext/126603185/ADC.o
 .debug_str     0x00000a47      0x12f build/default/production/_ext/126603185/UART.o
 .debug_str     0x00000b76      0x12f build/default/production/_ext/126603185/FlashStorage.o
 .debug_str     0x00000ca5      0x12f build/default/production/_ext/1193168346/usb_interrupt.o
 .debug_str     0x00000dd4      0x2f8 build/default/production/_ext/1193168346/usb_device.o
 .debug_str     0x000010cc      0x167 build/default/production/_ext/1193168346/usb_fifo.o
 .debug_str     0x00001233      0x164 build/default/production/_ext/1193168346/usb_descriptors.o
 .debug_str     0x00001397      0x144 build/default/production/_ext/1193168346/usb_callback.o
 .debug_str     0x000014db      0x218 build/default/production/_ext/1193168346/usb_function_cdc.o
 .debug_str     0x000016f3      0x138 build/default/production/_ext/681034721/Namespace_bcs_rpc.o
 .debug_str     0x0000182b      0x12f build/default/production/_ext/681034721/Bowler_RPC_Process.o
 .debug_str     0x0000195a       0xcf build/default/production/_ext/681034721/AbstractPID.o
 .debug_str     0x00001a29      0x12f build/default/production/_ext/681034721/Scheduler.o
 .debug_str     0x00001b58      0x156 build/default/production/_ext/681034721/Namespace_bcs_core.o
 .debug_str     0x00001cae      0x13b build/default/production/_ext/681034721/Bowler_Transport.o
 .debug_str     0x00001de9      0x140 build/default/production/_ext/681034721/Bowler_Server.o
 .debug_str     0x00001f29      0x173 build/default/production/_ext/681034721/FIFO.o
 .debug_str     0x0000209c      0x153 build/default/production/_ext/681034721/Debug.o
 .debug_str     0x000021ef      0x12f build/default/production/_ext/681034721/Bowler_Stack_Callback.o
 .debug_str     0x0000231e      0x12f build/default/production/_ext/681034721/Namespace_bcs_pid.o
 .debug_str     0x0000244d      0x136 build/default/production/_ext/681034721/Bowler_Helper.o
 .debug_str     0x00002583        0x0 /home/opt/microchip/xc32/v1.00/bin/../lib/gcc/pic32mx/4.5.1/libgcc.a(floatunsisf.o)
 .debug_str     0x00002583        0x0 /home/opt/microchip/xc32/v1.00/bin/../lib/gcc/pic32mx/4.5.1/../../../../pic32mx/lib/libc.a(default-bootstrap-exception-handler.o)
 .debug_str     0x00002583        0x0 /home/opt/microchip/xc32/v1.00/bin/../lib/gcc/pic32mx/4.5.1/../../../../pic32mx/lib/libc.a(default-on-reset.o)
 .debug_str     0x00002583        0x0 /home/opt/microchip/xc32/v1.00/bin/../lib/gcc/pic32mx/4.5.1/../../../../pic32mx/lib/libc.a(default-on-bootstrap.o)
 .debug_str     0x00002583        0x0 /home/opt/microchip/xc32/v1.00/bin/../lib/gcc/pic32mx/4.5.1/../../../../pic32mx/lib/libmchp_peripheral_32MX795F512L.a(int_enable_interrupts_lib.o)
 .debug_str     0x00002583        0x0 /home/opt/microchip/xc32/v1.00/bin/../lib/gcc/pic32mx/4.5.1/../../../../pic32mx/lib/libmchp_peripheral_32MX795F512L.a(int_disable_interrupts_lib.o)
 .debug_str     0x00002583        0x0 /home/opt/microchip/xc32/v1.00/bin/../lib/gcc/pic32mx/4.5.1/../../../../pic32mx/lib/libmchp_peripheral_32MX795F512L.a(int_enable_mv_int_lib.o)
 .debug_str     0x00002583        0x0 /home/opt/microchip/xc32/v1.00/bin/../lib/gcc/pic32mx/4.5.1/../../../../pic32mx/lib/libmchp_peripheral_32MX795F512L.a(int_tbl_lib.o)
 .debug_str     0x00002583        0x0 /home/opt/microchip/xc32/v1.00/bin/../lib/gcc/pic32mx/4.5.1/../../../../pic32mx/lib/libmchp_peripheral_32MX795F512L.a(nvm_erase_page_lib.o)
 .debug_str     0x00002583        0x0 /home/opt/microchip/xc32/v1.00/bin/../lib/gcc/pic32mx/4.5.1/../../../../pic32mx/lib/libmchp_peripheral_32MX795F512L.a(nvm_operation_lib.o)
 .debug_str     0x00002583        0x0 /home/opt/microchip/xc32/v1.00/bin/../lib/gcc/pic32mx/4.5.1/../../../../pic32mx/lib/libmchp_peripheral_32MX795F512L.a(nvm_write_word_lib.o)
 .debug_str     0x00002583        0x0 /home/opt/microchip/xc32/v1.00/bin/../lib/gcc/pic32mx/4.5.1/../../../../pic32mx/lib/libmchp_peripheral_32MX795F512L.a(port_set_pins_digital_out_lib.o)
 .debug_str     0x00002583        0x0 /home/opt/microchip/xc32/v1.00/bin/../lib/gcc/pic32mx/4.5.1/../../../../pic32mx/lib/libmchp_peripheral_32MX795F512L.a(port_clear_bits_lib.o)
 .debug_str     0x00002583        0x0 /home/opt/microchip/xc32/v1.00/bin/../lib/gcc/pic32mx/4.5.1/../../../../pic32mx/lib/libmchp_peripheral_32MX795F512L.a(port_set_bits_lib.o)
 .debug_str     0x00002583        0x0 /home/opt/microchip/xc32/v1.00/bin/../lib/gcc/pic32mx/4.5.1/../../../../pic32mx/lib/libmchp_peripheral_32MX795F512L.a(_ports_tbl_libp.o)
 .debug_str     0x00002583        0x0 /home/opt/microchip/xc32/v1.00/bin/../lib/gcc/pic32mx/4.5.1/../../../../pic32mx/lib/libmchp_peripheral_32MX795F512L.a(uart_lib.o)
 .debug_str     0x00002583        0x0 /home/opt/microchip/xc32/v1.00/bin/../lib/gcc/pic32mx/4.5.1/../../../../pic32mx/lib/libmchp_peripheral_32MX795F512L.a(int_restore_interrupts_lib.o)

.debug_loc      0x00000000       0x5d
 *(.debug_loc)
 .debug_loc     0x00000000       0x5d /home/opt/microchip/xc32/v1.00/bin/../lib/gcc/pic32mx/4.5.1/libgcc.a(floatunsisf.o)

.debug_macinfo
 *(.debug_macinfo)

.debug_weaknames
 *(.debug_weaknames)

.debug_funcnames
 *(.debug_funcnames)

.debug_typenames
 *(.debug_typenames)

.debug_varnames
 *(.debug_varnames)

.debug_pubtypes
                0x00000000     0x2b4b
 *(.debug_pubtypes)
 .debug_pubtypes
                0x00000000      0x19c build/default/production/_ext/1360937237/main.o
 .debug_pubtypes
                0x0000019c      0x19f build/default/production/_ext/126603185/Bowler_UART_HAL.o
 .debug_pubtypes
                0x0000033b      0x10c build/default/production/_ext/126603185/Bowler_USB_HAL.o
 .debug_pubtypes
                0x00000447       0xf0 build/default/production/_ext/126603185/LED.o
 .debug_pubtypes
                0x00000537       0xf1 build/default/production/_ext/126603185/Tick.o
 .debug_pubtypes
                0x00000628       0xfa build/default/production/_ext/126603185/Delay.o
 .debug_pubtypes
                0x00000722      0x1e8 build/default/production/_ext/126603185/HAL_P32.o
 .debug_pubtypes
                0x0000090a      0x152 build/default/production/_ext/126603185/ADC.o
 .debug_pubtypes
                0x00000a5c      0x113 build/default/production/_ext/126603185/UART.o
 .debug_pubtypes
                0x00000b6f      0x133 build/default/production/_ext/126603185/FlashStorage.o
 .debug_pubtypes
                0x00000ca2       0xe7 build/default/production/_ext/1193168346/usb_interrupt.o
 .debug_pubtypes
                0x00000d89      0x2b1 build/default/production/_ext/1193168346/usb_device.o
 .debug_pubtypes
                0x0000103a      0x1ed build/default/production/_ext/1193168346/usb_fifo.o
 .debug_pubtypes
                0x00001227      0x12e build/default/production/_ext/1193168346/usb_descriptors.o
 .debug_pubtypes
                0x00001355      0x191 build/default/production/_ext/1193168346/usb_callback.o
 .debug_pubtypes
                0x000014e6      0x260 build/default/production/_ext/1193168346/usb_function_cdc.o
 .debug_pubtypes
                0x00001746      0x1f7 build/default/production/_ext/681034721/Namespace_bcs_rpc.o
 .debug_pubtypes
                0x0000193d      0x1ea build/default/production/_ext/681034721/Bowler_RPC_Process.o
 .debug_pubtypes
                0x00001b27      0x160 build/default/production/_ext/681034721/AbstractPID.o
 .debug_pubtypes
                0x00001c87      0x107 build/default/production/_ext/681034721/Scheduler.o
 .debug_pubtypes
                0x00001d8e      0x1da build/default/production/_ext/681034721/Namespace_bcs_core.o
 .debug_pubtypes
                0x00001f68      0x1b6 build/default/production/_ext/681034721/Bowler_Transport.o
 .debug_pubtypes
                0x0000211e      0x212 build/default/production/_ext/681034721/Bowler_Server.o
 .debug_pubtypes
                0x00002330      0x1e2 build/default/production/_ext/681034721/FIFO.o
 .debug_pubtypes
                0x00002512      0x199 build/default/production/_ext/681034721/Debug.o
 .debug_pubtypes
                0x000026ab       0xe7 build/default/production/_ext/681034721/Bowler_Stack_Callback.o
 .debug_pubtypes
                0x00002792      0x1c9 build/default/production/_ext/681034721/Namespace_bcs_pid.o
 .debug_pubtypes
                0x0000295b      0x1bc build/default/production/_ext/681034721/Bowler_Helper.o
 .debug_pubtypes
                0x00002b17       0x34 /home/opt/microchip/xc32/v1.00/bin/../lib/gcc/pic32mx/4.5.1/libgcc.a(floatunsisf.o)

.debug_ranges   0x00000000      0x198
 *(.debug_ranges)
 .debug_ranges  0x00000000       0x18 build/default/production/_ext/1193168346/usb_device.o
 .debug_ranges  0x00000018       0x18 build/default/production/_ext/681034721/Bowler_Transport.o
 .debug_ranges  0x00000030       0x10 /home/opt/microchip/xc32/v1.00/bin/../lib/gcc/pic32mx/4.5.1/../../../../pic32mx/lib/libc.a(default-bootstrap-exception-handler.o)
 .debug_ranges  0x00000040       0x10 /home/opt/microchip/xc32/v1.00/bin/../lib/gcc/pic32mx/4.5.1/../../../../pic32mx/lib/libc.a(default-on-reset.o)
 .debug_ranges  0x00000050       0x10 /home/opt/microchip/xc32/v1.00/bin/../lib/gcc/pic32mx/4.5.1/../../../../pic32mx/lib/libc.a(default-on-bootstrap.o)
 .debug_ranges  0x00000060       0x10 /home/opt/microchip/xc32/v1.00/bin/../lib/gcc/pic32mx/4.5.1/../../../../pic32mx/lib/libmchp_peripheral_32MX795F512L.a(int_enable_interrupts_lib.o)
 .debug_ranges  0x00000070       0x10 /home/opt/microchip/xc32/v1.00/bin/../lib/gcc/pic32mx/4.5.1/../../../../pic32mx/lib/libmchp_peripheral_32MX795F512L.a(int_disable_interrupts_lib.o)
 .debug_ranges  0x00000080       0x10 /home/opt/microchip/xc32/v1.00/bin/../lib/gcc/pic32mx/4.5.1/../../../../pic32mx/lib/libmchp_peripheral_32MX795F512L.a(int_enable_mv_int_lib.o)
 .debug_ranges  0x00000090       0x50 /home/opt/microchip/xc32/v1.00/bin/../lib/gcc/pic32mx/4.5.1/../../../../pic32mx/lib/libmchp_peripheral_32MX795F512L.a(int_tbl_lib.o)
 .debug_ranges  0x000000e0       0x10 /home/opt/microchip/xc32/v1.00/bin/../lib/gcc/pic32mx/4.5.1/../../../../pic32mx/lib/libmchp_peripheral_32MX795F512L.a(nvm_erase_page_lib.o)
 .debug_ranges  0x000000f0       0x10 /home/opt/microchip/xc32/v1.00/bin/../lib/gcc/pic32mx/4.5.1/../../../../pic32mx/lib/libmchp_peripheral_32MX795F512L.a(nvm_operation_lib.o)
 .debug_ranges  0x00000100       0x10 /home/opt/microchip/xc32/v1.00/bin/../lib/gcc/pic32mx/4.5.1/../../../../pic32mx/lib/libmchp_peripheral_32MX795F512L.a(nvm_write_word_lib.o)
 .debug_ranges  0x00000110       0x10 /home/opt/microchip/xc32/v1.00/bin/../lib/gcc/pic32mx/4.5.1/../../../../pic32mx/lib/libmchp_peripheral_32MX795F512L.a(port_set_pins_digital_out_lib.o)
 .debug_ranges  0x00000120       0x10 /home/opt/microchip/xc32/v1.00/bin/../lib/gcc/pic32mx/4.5.1/../../../../pic32mx/lib/libmchp_peripheral_32MX795F512L.a(port_clear_bits_lib.o)
 .debug_ranges  0x00000130       0x10 /home/opt/microchip/xc32/v1.00/bin/../lib/gcc/pic32mx/4.5.1/../../../../pic32mx/lib/libmchp_peripheral_32MX795F512L.a(port_set_bits_lib.o)
 .debug_ranges  0x00000140       0x48 /home/opt/microchip/xc32/v1.00/bin/../lib/gcc/pic32mx/4.5.1/../../../../pic32mx/lib/libmchp_peripheral_32MX795F512L.a(uart_lib.o)
 .debug_ranges  0x00000188       0x10 /home/opt/microchip/xc32/v1.00/bin/../lib/gcc/pic32mx/4.5.1/../../../../pic32mx/lib/libmchp_peripheral_32MX795F512L.a(int_restore_interrupts_lib.o)

.gnu.attributes
                0x00000000       0x10
 *(.gnu.attributes)
 .gnu.attributes
                0x00000000       0x10 build/default/production/_ext/1360937237/main.o
 .gnu.attributes
                0x00000010       0x10 build/default/production/_ext/126603185/Bowler_UART_HAL.o
 .gnu.attributes
                0x00000020       0x10 build/default/production/_ext/126603185/Bowler_USB_HAL.o
 .gnu.attributes
                0x00000030       0x10 build/default/production/_ext/126603185/LED.o
 .gnu.attributes
                0x00000040       0x10 build/default/production/_ext/126603185/Tick.o
 .gnu.attributes
                0x00000050       0x10 build/default/production/_ext/126603185/Delay.o
 .gnu.attributes
                0x00000060       0x10 build/default/production/_ext/126603185/HAL_P32.o
 .gnu.attributes
                0x00000070       0x10 build/default/production/_ext/126603185/ADC.o
 .gnu.attributes
                0x00000080       0x10 build/default/production/_ext/126603185/UART.o
 .gnu.attributes
                0x00000090       0x10 build/default/production/_ext/126603185/FlashStorage.o
 .gnu.attributes
                0x000000a0       0x10 build/default/production/_ext/1193168346/usb_interrupt.o
 .gnu.attributes
                0x000000b0       0x10 build/default/production/_ext/1193168346/usb_device.o
 .gnu.attributes
                0x000000c0       0x10 build/default/production/_ext/1193168346/usb_fifo.o
 .gnu.attributes
                0x000000d0       0x10 build/default/production/_ext/1193168346/usb_descriptors.o
 .gnu.attributes
                0x000000e0       0x10 build/default/production/_ext/1193168346/usb_callback.o
 .gnu.attributes
                0x000000f0       0x10 build/default/production/_ext/1193168346/usb_function_cdc.o
 .gnu.attributes
                0x00000100       0x10 build/default/production/_ext/681034721/Namespace_bcs_rpc.o
 .gnu.attributes
                0x00000110       0x10 build/default/production/_ext/681034721/Bowler_RPC_Process.o
 .gnu.attributes
                0x00000120       0x10 build/default/production/_ext/681034721/AbstractPID.o
 .gnu.attributes
                0x00000130       0x10 build/default/production/_ext/681034721/Scheduler.o
 .gnu.attributes
                0x00000140       0x10 build/default/production/_ext/681034721/Namespace_bcs_core.o
 .gnu.attributes
                0x00000150       0x10 build/default/production/_ext/681034721/Bowler_Transport.o
 .gnu.attributes
                0x00000160       0x10 build/default/production/_ext/681034721/Bowler_Server.o
 .gnu.attributes
                0x00000170       0x10 build/default/production/_ext/681034721/FIFO.o
 .gnu.attributes
                0x00000180       0x10 build/default/production/_ext/681034721/Debug.o
 .gnu.attributes
                0x00000190       0x10 build/default/production/_ext/681034721/Bowler_Stack_Callback.o
 .gnu.attributes
                0x000001a0       0x10 build/default/production/_ext/681034721/Namespace_bcs_pid.o
 .gnu.attributes
                0x000001b0       0x10 build/default/production/_ext/681034721/Bowler_Helper.o
 .gnu.attributes
                0x000001c0       0x10 /home/opt/microchip/xc32/v1.00/bin/../lib/gcc/pic32mx/4.5.1/libgcc.a(floatunsisf.o)
 .gnu.attributes
                0x000001d0       0x10 /home/opt/microchip/xc32/v1.00/bin/../lib/gcc/pic32mx/4.5.1/../../../../pic32mx/lib/libc.a(default-bootstrap-exception-handler.o)
 .gnu.attributes
                0x000001e0       0x10 /home/opt/microchip/xc32/v1.00/bin/../lib/gcc/pic32mx/4.5.1/../../../../pic32mx/lib/libc.a(default-on-reset.o)
 .gnu.attributes
                0x000001f0       0x10 /home/opt/microchip/xc32/v1.00/bin/../lib/gcc/pic32mx/4.5.1/../../../../pic32mx/lib/libc.a(default-on-bootstrap.o)
 .gnu.attributes
                0x00000200       0x10 /home/opt/microchip/xc32/v1.00/bin/../lib/gcc/pic32mx/4.5.1/../../../../pic32mx/lib/libmchp_peripheral_32MX795F512L.a(int_enable_interrupts_lib.o)
 .gnu.attributes
                0x00000210       0x10 /home/opt/microchip/xc32/v1.00/bin/../lib/gcc/pic32mx/4.5.1/../../../../pic32mx/lib/libmchp_peripheral_32MX795F512L.a(int_disable_interrupts_lib.o)
 .gnu.attributes
                0x00000220       0x10 /home/opt/microchip/xc32/v1.00/bin/../lib/gcc/pic32mx/4.5.1/../../../../pic32mx/lib/libmchp_peripheral_32MX795F512L.a(int_enable_mv_int_lib.o)
 .gnu.attributes
                0x00000230       0x10 /home/opt/microchip/xc32/v1.00/bin/../lib/gcc/pic32mx/4.5.1/../../../../pic32mx/lib/libmchp_peripheral_32MX795F512L.a(int_tbl_lib.o)
 .gnu.attributes
                0x00000240       0x10 /home/opt/microchip/xc32/v1.00/bin/../lib/gcc/pic32mx/4.5.1/../../../../pic32mx/lib/libmchp_peripheral_32MX795F512L.a(nvm_erase_page_lib.o)
 .gnu.attributes
                0x00000250       0x10 /home/opt/microchip/xc32/v1.00/bin/../lib/gcc/pic32mx/4.5.1/../../../../pic32mx/lib/libmchp_peripheral_32MX795F512L.a(nvm_operation_lib.o)
 .gnu.attributes
                0x00000260       0x10 /home/opt/microchip/xc32/v1.00/bin/../lib/gcc/pic32mx/4.5.1/../../../../pic32mx/lib/libmchp_peripheral_32MX795F512L.a(nvm_write_word_lib.o)
 .gnu.attributes
                0x00000270       0x10 /home/opt/microchip/xc32/v1.00/bin/../lib/gcc/pic32mx/4.5.1/../../../../pic32mx/lib/libmchp_peripheral_32MX795F512L.a(port_set_pins_digital_out_lib.o)
 .gnu.attributes
                0x00000280       0x10 /home/opt/microchip/xc32/v1.00/bin/../lib/gcc/pic32mx/4.5.1/../../../../pic32mx/lib/libmchp_peripheral_32MX795F512L.a(port_clear_bits_lib.o)
 .gnu.attributes
                0x00000290       0x10 /home/opt/microchip/xc32/v1.00/bin/../lib/gcc/pic32mx/4.5.1/../../../../pic32mx/lib/libmchp_peripheral_32MX795F512L.a(port_set_bits_lib.o)
 .gnu.attributes
                0x000002a0       0x10 /home/opt/microchip/xc32/v1.00/bin/../lib/gcc/pic32mx/4.5.1/../../../../pic32mx/lib/libmchp_peripheral_32MX795F512L.a(_ports_tbl_libp.o)
 .gnu.attributes
                0x000002b0       0x10 /home/opt/microchip/xc32/v1.00/bin/../lib/gcc/pic32mx/4.5.1/../../../../pic32mx/lib/libmchp_peripheral_32MX795F512L.a(uart_lib.o)
 .gnu.attributes
                0x000002c0       0x10 /home/opt/microchip/xc32/v1.00/bin/../lib/gcc/pic32mx/4.5.1/../../../../pic32mx/lib/libmchp_peripheral_32MX795F512L.a(int_restore_interrupts_lib.o)
OUTPUT(dist/default/production/BowlerSampleProject.X.production.elf elf32-tradlittlemips)
LOAD stack
LOAD data_init

.stack          0xa00015f8      0x400
 .stack         0xa00015f8      0x400 stack

.bss            0xa0000700      0xaf4
 .bss           0xa0000700      0x670 build/default/production/_ext/126603185/HAL_P32.o
 .bss           0xa0000d70      0x484 build/default/production/_ext/1193168346/usb_fifo.o

.data           0xa00011f4      0x178
 .data          0xa00011f4      0x178 build/default/production/_ext/681034721/Namespace_bcs_pid.o

.bss            0xa000136c      0x124
 .bss           0xa000136c      0x124 build/default/production/_ext/126603185/Bowler_UART_HAL.o

.data           0xa0001490      0x104
 .data          0xa0001490      0x104 build/default/production/_ext/1193168346/usb_descriptors.o
                0xa0001490                device_dsc
                0xa00014a4                configDescriptor1
                0xa00014e8                sd001
                0xa000151c                sd002
                0xa0001550                sd003
                0xa0001584                USB_SD_Ptr

.data           0xa0000194       0x48
 .data          0xa0000194       0x48 build/default/production/_ext/681034721/Namespace_bcs_rpc.o

.data           0xa0001594       0x48
 .data          0xa0001594       0x48 build/default/production/_ext/681034721/Namespace_bcs_core.o

.mdebug.abi32%z1
                0x00000000        0x0
 .mdebug.abi32  0x00000000        0x0 /home/opt/microchip/xc32/v1.00/bin/../lib/gcc/pic32mx/4.5.1/../../../../pic32mx/lib/libmchp_peripheral_32MX795F512L.a(int_restore_interrupts_lib.o)

.bss%z2         0x00000000        0x0
 .bss           0x00000000        0x0 /home/opt/microchip/xc32/v1.00/bin/../lib/gcc/pic32mx/4.5.1/../../../../pic32mx/lib/libmchp_peripheral_32MX795F512L.a(int_restore_interrupts_lib.o)

.data%z3        0x00000000        0x0
 .data          0x00000000        0x0 /home/opt/microchip/xc32/v1.00/bin/../lib/gcc/pic32mx/4.5.1/../../../../pic32mx/lib/libmchp_peripheral_32MX795F512L.a(int_restore_interrupts_lib.o)

.mdebug.abi32%z4
                0x00000000        0x0
 .mdebug.abi32  0x00000000        0x0 /home/opt/microchip/xc32/v1.00/bin/../lib/gcc/pic32mx/4.5.1/../../../../pic32mx/lib/libmchp_peripheral_32MX795F512L.a(uart_lib.o)

.bss%z5         0x00000000        0x0
 .bss           0x00000000        0x0 /home/opt/microchip/xc32/v1.00/bin/../lib/gcc/pic32mx/4.5.1/../../../../pic32mx/lib/libmchp_peripheral_32MX795F512L.a(uart_lib.o)

.data%z6        0x00000000        0x0
 .data          0x00000000        0x0 /home/opt/microchip/xc32/v1.00/bin/../lib/gcc/pic32mx/4.5.1/../../../../pic32mx/lib/libmchp_peripheral_32MX795F512L.a(uart_lib.o)

.mdebug.abi32%z7
                0x00000000        0x0
 .mdebug.abi32  0x00000000        0x0 /home/opt/microchip/xc32/v1.00/bin/../lib/gcc/pic32mx/4.5.1/../../../../pic32mx/lib/libmchp_peripheral_32MX795F512L.a(_ports_tbl_libp.o)

.bss%z8         0x00000000        0x0
 .bss           0x00000000        0x0 /home/opt/microchip/xc32/v1.00/bin/../lib/gcc/pic32mx/4.5.1/../../../../pic32mx/lib/libmchp_peripheral_32MX795F512L.a(_ports_tbl_libp.o)

.data%z9        0x00000000        0x0
 .data          0x00000000        0x0 /home/opt/microchip/xc32/v1.00/bin/../lib/gcc/pic32mx/4.5.1/../../../../pic32mx/lib/libmchp_peripheral_32MX795F512L.a(_ports_tbl_libp.o)

.mdebug.abi32%z10
                0x00000000        0x0
 .mdebug.abi32  0x00000000        0x0 /home/opt/microchip/xc32/v1.00/bin/../lib/gcc/pic32mx/4.5.1/../../../../pic32mx/lib/libmchp_peripheral_32MX795F512L.a(port_set_bits_lib.o)

.bss%z11        0x00000000        0x0
 .bss           0x00000000        0x0 /home/opt/microchip/xc32/v1.00/bin/../lib/gcc/pic32mx/4.5.1/../../../../pic32mx/lib/libmchp_peripheral_32MX795F512L.a(port_set_bits_lib.o)

.data%z12       0x00000000        0x0
 .data          0x00000000        0x0 /home/opt/microchip/xc32/v1.00/bin/../lib/gcc/pic32mx/4.5.1/../../../../pic32mx/lib/libmchp_peripheral_32MX795F512L.a(port_set_bits_lib.o)

.mdebug.abi32%z13
                0x00000000        0x0
 .mdebug.abi32  0x00000000        0x0 /home/opt/microchip/xc32/v1.00/bin/../lib/gcc/pic32mx/4.5.1/../../../../pic32mx/lib/libmchp_peripheral_32MX795F512L.a(port_clear_bits_lib.o)

.bss%z14        0x00000000        0x0
 .bss           0x00000000        0x0 /home/opt/microchip/xc32/v1.00/bin/../lib/gcc/pic32mx/4.5.1/../../../../pic32mx/lib/libmchp_peripheral_32MX795F512L.a(port_clear_bits_lib.o)

.data%z15       0x00000000        0x0
 .data          0x00000000        0x0 /home/opt/microchip/xc32/v1.00/bin/../lib/gcc/pic32mx/4.5.1/../../../../pic32mx/lib/libmchp_peripheral_32MX795F512L.a(port_clear_bits_lib.o)

.mdebug.abi32%z16
                0x00000000        0x0
 .mdebug.abi32  0x00000000        0x0 /home/opt/microchip/xc32/v1.00/bin/../lib/gcc/pic32mx/4.5.1/../../../../pic32mx/lib/libmchp_peripheral_32MX795F512L.a(port_set_pins_digital_out_lib.o)

.bss%z17        0x00000000        0x0
 .bss           0x00000000        0x0 /home/opt/microchip/xc32/v1.00/bin/../lib/gcc/pic32mx/4.5.1/../../../../pic32mx/lib/libmchp_peripheral_32MX795F512L.a(port_set_pins_digital_out_lib.o)

.data%z18       0x00000000        0x0
 .data          0x00000000        0x0 /home/opt/microchip/xc32/v1.00/bin/../lib/gcc/pic32mx/4.5.1/../../../../pic32mx/lib/libmchp_peripheral_32MX795F512L.a(port_set_pins_digital_out_lib.o)

.mdebug.abi32%z19
                0x00000000        0x0
 .mdebug.abi32  0x00000000        0x0 /home/opt/microchip/xc32/v1.00/bin/../lib/gcc/pic32mx/4.5.1/../../../../pic32mx/lib/libmchp_peripheral_32MX795F512L.a(nvm_write_word_lib.o)

.bss%z20        0x00000000        0x0
 .bss           0x00000000        0x0 /home/opt/microchip/xc32/v1.00/bin/../lib/gcc/pic32mx/4.5.1/../../../../pic32mx/lib/libmchp_peripheral_32MX795F512L.a(nvm_write_word_lib.o)

.data%z21       0x00000000        0x0
 .data          0x00000000        0x0 /home/opt/microchip/xc32/v1.00/bin/../lib/gcc/pic32mx/4.5.1/../../../../pic32mx/lib/libmchp_peripheral_32MX795F512L.a(nvm_write_word_lib.o)

.mdebug.abi32%z22
                0x00000000        0x0
 .mdebug.abi32  0x00000000        0x0 /home/opt/microchip/xc32/v1.00/bin/../lib/gcc/pic32mx/4.5.1/../../../../pic32mx/lib/libmchp_peripheral_32MX795F512L.a(nvm_operation_lib.o)

.bss%z23        0x00000000        0x0
 .bss           0x00000000        0x0 /home/opt/microchip/xc32/v1.00/bin/../lib/gcc/pic32mx/4.5.1/../../../../pic32mx/lib/libmchp_peripheral_32MX795F512L.a(nvm_operation_lib.o)

.data%z24       0x00000000        0x0
 .data          0x00000000        0x0 /home/opt/microchip/xc32/v1.00/bin/../lib/gcc/pic32mx/4.5.1/../../../../pic32mx/lib/libmchp_peripheral_32MX795F512L.a(nvm_operation_lib.o)

.mdebug.abi32%z25
                0x00000000        0x0
 .mdebug.abi32  0x00000000        0x0 /home/opt/microchip/xc32/v1.00/bin/../lib/gcc/pic32mx/4.5.1/../../../../pic32mx/lib/libmchp_peripheral_32MX795F512L.a(nvm_erase_page_lib.o)

.bss%z26        0x00000000        0x0
 .bss           0x00000000        0x0 /home/opt/microchip/xc32/v1.00/bin/../lib/gcc/pic32mx/4.5.1/../../../../pic32mx/lib/libmchp_peripheral_32MX795F512L.a(nvm_erase_page_lib.o)

.data%z27       0x00000000        0x0
 .data          0x00000000        0x0 /home/opt/microchip/xc32/v1.00/bin/../lib/gcc/pic32mx/4.5.1/../../../../pic32mx/lib/libmchp_peripheral_32MX795F512L.a(nvm_erase_page_lib.o)

.mdebug.abi32%z28
                0x00000000        0x0
 .mdebug.abi32  0x00000000        0x0 /home/opt/microchip/xc32/v1.00/bin/../lib/gcc/pic32mx/4.5.1/../../../../pic32mx/lib/libmchp_peripheral_32MX795F512L.a(int_tbl_lib.o)

.bss%z29        0x00000000        0x0