Archive member included because of file (symbol)

/home/opt/microchip/xc32/v1.00/bin/../lib/gcc/pic32mx/4.5.1/libgcc.a(floatunsisf.o)
                              build/default/production/_ext/1271783508/Tick.o (__floatunsisf)
/home/opt/microchip/xc32/v1.00/bin/../lib/gcc/pic32mx/4.5.1/../../../../pic32mx/lib/libc.a(memset.o)
                              build/default/production/_ext/161057953/usb_device.o (memset)
/home/opt/microchip/xc32/v1.00/bin/../lib/gcc/pic32mx/4.5.1/../../../../pic32mx/lib/libc.a(general-exception.o)
                              /home/opt/microchip/xc32/v1.00/bin/../lib/gcc/pic32mx/4.5.1/../../../../pic32mx/lib/crt0.o (_general_exception_context)
/home/opt/microchip/xc32/v1.00/bin/../lib/gcc/pic32mx/4.5.1/../../../../pic32mx/lib/libc.a(default-bootstrap-exception-handler.o)
                              /home/opt/microchip/xc32/v1.00/bin/../lib/gcc/pic32mx/4.5.1/../../../../pic32mx/lib/crt0.o (_bootstrap_exception_handler)
/home/opt/microchip/xc32/v1.00/bin/../lib/gcc/pic32mx/4.5.1/../../../../pic32mx/lib/libc.a(default-on-reset.o)
                              /home/opt/microchip/xc32/v1.00/bin/../lib/gcc/pic32mx/4.5.1/../../../../pic32mx/lib/crt0.o (_on_reset)
/home/opt/microchip/xc32/v1.00/bin/../lib/gcc/pic32mx/4.5.1/../../../../pic32mx/lib/libc.a(default-on-bootstrap.o)
                              /home/opt/microchip/xc32/v1.00/bin/../lib/gcc/pic32mx/4.5.1/../../../../pic32mx/lib/crt0.o (_on_bootstrap)
/home/opt/microchip/xc32/v1.00/bin/../lib/gcc/pic32mx/4.5.1/../../../../pic32mx/lib/libc.a(default-nmi-handler.o)
                              /home/opt/microchip/xc32/v1.00/bin/../lib/gcc/pic32mx/4.5.1/../../../../pic32mx/lib/crt0.o (_nmi_handler)
/home/opt/microchip/xc32/v1.00/bin/../lib/gcc/pic32mx/4.5.1/../../../../pic32mx/lib/libm.a(fp32.o)
                              build/default/production/_ext/464348676/AbstractPID.o (fpsub)
/home/opt/microchip/xc32/v1.00/bin/../lib/gcc/pic32mx/4.5.1/../../../../pic32mx/lib/libmchp_peripheral_32MX795F512L.a(int_enable_interrupts_lib.o)
                              build/default/production/_ext/464348676/Scheduler.o (INTEnableInterrupts)
/home/opt/microchip/xc32/v1.00/bin/../lib/gcc/pic32mx/4.5.1/../../../../pic32mx/lib/libmchp_peripheral_32MX795F512L.a(int_disable_interrupts_lib.o)
                              build/default/production/_ext/464348676/FIFO.o (INTDisableInterrupts)
/home/opt/microchip/xc32/v1.00/bin/../lib/gcc/pic32mx/4.5.1/../../../../pic32mx/lib/libmchp_peripheral_32MX795F512L.a(int_enable_mv_int_lib.o)
                              build/default/production/_ext/464348676/Scheduler.o (INTEnableSystemMultiVectoredInt)
/home/opt/microchip/xc32/v1.00/bin/../lib/gcc/pic32mx/4.5.1/../../../../pic32mx/lib/libmchp_peripheral_32MX795F512L.a(int_tbl_lib.o)
                              build/default/production/_ext/1271783508/Bowler_UART_HAL.o (INTClearFlag)
/home/opt/microchip/xc32/v1.00/bin/../lib/gcc/pic32mx/4.5.1/../../../../pic32mx/lib/libmchp_peripheral_32MX795F512L.a(spi_chn_getc_lib.o)
                              build/default/production/_ext/1360937237/main.o (SpiChnGetC)
/home/opt/microchip/xc32/v1.00/bin/../lib/gcc/pic32mx/4.5.1/../../../../pic32mx/lib/libmchp_peripheral_32MX795F512L.a(spi_chn_putc_lib.o)
                              build/default/production/_ext/1360937237/main.o (SpiChnPutC)
/home/opt/microchip/xc32/v1.00/bin/../lib/gcc/pic32mx/4.5.1/../../../../pic32mx/lib/libmchp_peripheral_32MX795F512L.a(spi_map_tbl_libp.o)
                              /home/opt/microchip/xc32/v1.00/bin/../lib/gcc/pic32mx/4.5.1/../../../../pic32mx/lib/libmchp_peripheral_32MX795F512L.a(spi_chn_getc_lib.o) (_SpiMapTbl)
/home/opt/microchip/xc32/v1.00/bin/../lib/gcc/pic32mx/4.5.1/../../../../pic32mx/lib/libmchp_peripheral_32MX795F512L.a(spi_open_spi2_lib_legacy.o)
                              build/default/production/_ext/1360937237/main.o (OpenSPI2)
/home/opt/microchip/xc32/v1.00/bin/../lib/gcc/pic32mx/4.5.1/../../../../pic32mx/lib/libmchp_peripheral_32MX795F512L.a(spi_brg_tbl_lib_legacy.o)
                              /home/opt/microchip/xc32/v1.00/bin/../lib/gcc/pic32mx/4.5.1/../../../../pic32mx/lib/libmchp_peripheral_32MX795F512L.a(spi_open_spi2_lib_legacy.o) (_SpiBrgConvTbl)
/home/opt/microchip/xc32/v1.00/bin/../lib/gcc/pic32mx/4.5.1/../../../../pic32mx/lib/libmchp_peripheral_32MX795F512L.a(nvm_erase_page_lib.o)
                              build/default/production/_ext/1271783508/FlashStorage.o (NVMErasePage)
/home/opt/microchip/xc32/v1.00/bin/../lib/gcc/pic32mx/4.5.1/../../../../pic32mx/lib/libmchp_peripheral_32MX795F512L.a(nvm_operation_lib.o)
                              /home/opt/microchip/xc32/v1.00/bin/../lib/gcc/pic32mx/4.5.1/../../../../pic32mx/lib/libmchp_peripheral_32MX795F512L.a(nvm_erase_page_lib.o) (_NVMOperation)
/home/opt/microchip/xc32/v1.00/bin/../lib/gcc/pic32mx/4.5.1/../../../../pic32mx/lib/libmchp_peripheral_32MX795F512L.a(nvm_write_word_lib.o)
[...]
Memory Configuration

Name             Origin             Length             Attributes
kseg0_program_mem 0x9d000000         0x00080000         xr
kseg0_boot_mem   0x9fc00490         0x00000970
exception_mem    0x9fc01000         0x00001000
kseg1_boot_mem   0xbfc00000         0x00000490
debug_exec_mem   0xbfc02000         0x00000ff0
config3          0xbfc02ff0         0x00000004
config2          0xbfc02ff4         0x00000004
config1          0xbfc02ff8         0x00000004
config0          0xbfc02ffc         0x00000004
kseg1_data_mem   0xa0000000         0x00020000         w !x
sfrs             0xbf800000         0x00100000
configsfrs       0xbfc02ff0         0x00000010
*default*        0x00000000         0xffffffff

Linker script and memory map

LOAD /home/opt/microchip/xc32/v1.00/bin/../lib/gcc/pic32mx/4.5.1/../../../../pic32mx/lib/crt0.o
LOAD build/default/production/_ext/1360937237/main.o
LOAD build/default/production/_ext/464348676/Namespace_bcs_rpc.o
LOAD build/default/production/_ext/464348676/Bowler_RPC_Process.o
LOAD build/default/production/_ext/464348676/AbstractPID.o
LOAD build/default/production/_ext/464348676/Scheduler.o
LOAD build/default/production/_ext/464348676/Namespace_bcs_core.o
LOAD build/default/production/_ext/464348676/Bowler_Transport.o
LOAD build/default/production/_ext/464348676/Bowler_Server.o
LOAD build/default/production/_ext/464348676/FIFO.o
LOAD build/default/production/_ext/464348676/Debug.o
LOAD build/default/production/_ext/464348676/Bowler_Stack_Callback.o
LOAD build/default/production/_ext/464348676/Namespace_bcs_pid.o
LOAD build/default/production/_ext/464348676/Bowler_Helper.o
LOAD build/default/production/_ext/1271783508/Bowler_UART_HAL.o
LOAD build/default/production/_ext/1271783508/Bowler_USB_HAL.o
LOAD build/default/production/_ext/1271783508/LED.o
LOAD build/default/production/_ext/1271783508/Tick.o
LOAD build/default/production/_ext/1271783508/Delay.o
LOAD build/default/production/_ext/1271783508/HAL_P32.o
LOAD build/default/production/_ext/1271783508/ADC.o
LOAD build/default/production/_ext/1271783508/UART.o
LOAD build/default/production/_ext/1271783508/FlashStorage.o
LOAD build/default/production/_ext/161057953/usb_interrupt.o
LOAD build/default/production/_ext/161057953/usb_device.o
LOAD build/default/production/_ext/161057953/usb_fifo.o
LOAD build/default/production/_ext/161057953/usb_descriptors.o
LOAD build/default/production/_ext/161057953/usb_callback.o
LOAD build/default/production/_ext/161057953/usb_function_cdc.o
                0x00000001                __MPLAB_BUILD = 0x1
LOAD /home/opt/microchip/xc32/v1.00/bin/../lib/gcc/pic32mx/4.5.1/libgcc.a
START GROUP
LOAD /home/opt/microchip/xc32/v1.00/bin/../lib/gcc/pic32mx/4.5.1/../../../../pic32mx/lib/libdebug.a
LOAD /home/opt/microchip/xc32/v1.00/bin/../lib/gcc/pic32mx/4.5.1/../../../../pic32mx/lib/libc.a
LOAD /home/opt/microchip/xc32/v1.00/bin/../lib/gcc/pic32mx/4.5.1/../../../../pic32mx/lib/libm.a
LOAD /home/opt/microchip/xc32/v1.00/bin/../lib/gcc/pic32mx/4.5.1/../../../../pic32mx/lib/libe.a
LOAD /home/opt/microchip/xc32/v1.00/bin/../lib/gcc/pic32mx/4.5.1/../../../../pic32mx/lib/libdsp.a
END GROUP
LOAD /home/opt/microchip/xc32/v1.00/bin/../lib/gcc/pic32mx/4.5.1/libgcc.a
                0x00000400                PROVIDE (_min_stack_size, 0x400)
                0x00000000                PROVIDE (_min_heap_size, 0x0)
LOAD /home/opt/microchip/xc32/v1.00/bin/../lib/gcc/pic32mx/4.5.1/../../../../pic32mx/lib/./proc/32MX795F512L/processor.o
START GROUP
LOAD /home/opt/microchip/xc32/v1.00/bin/../lib/gcc/pic32mx/4.5.1/../../../../pic32mx/lib/libmchp_peripheral.a
END GROUP
START GROUP
LOAD /home/opt/microchip/xc32/v1.00/bin/../lib/gcc/pic32mx/4.5.1/../../../../pic32mx/lib/libmchp_peripheral_32MX795F512L.a
END GROUP
                0x00000001                PROVIDE (_vector_spacing, 0x1)
                0x9fc01000                _ebase_address = 0x9fc01000
                0xbfc00000                _RESET_ADDR = 0xbfc00000
                0xbfc00380                _BEV_EXCPT_ADDR = 0xbfc00380
                0xbfc00480                _DBG_EXCPT_ADDR = 0xbfc00480
                0xbfc02000                _DBG_CODE_ADDR = 0xbfc02000
                0x00000ff0                _DBG_CODE_SIZE = 0xff0
                0x9fc01180                _GEN_EXCPT_ADDR = (_ebase_address + 0x180)

.config_BFC02FF0
 *(.config_BFC02FF0)

.config_BFC02FF4
                0xbfc02ff4        0x4
 *(.config_BFC02FF4)
 .config_BFC02FF4
                0xbfc02ff4        0x4 build/default/production/_ext/1360937237/main.o

.config_BFC02FF8
                0xbfc02ff8        0x4
 *(.config_BFC02FF8)
 .config_BFC02FF8
                0xbfc02ff8        0x4 build/default/production/_ext/1360937237/main.o

.config_BFC02FFC
                0xbfc02ffc        0x4
 *(.config_BFC02FFC)
 .config_BFC02FFC
                0xbfc02ffc        0x4 build/default/production/_ext/1360937237/main.o
                0xbfc02000                PROVIDE (_DBG_CODE_ADDR, 0xbfc02000)
                0x00000ff0                PROVIDE (_DBG_CODE_SIZE, 0xff0)

.reset          0xbfc00000      0x1f4
 *(.reset)
 .reset         0xbfc00000       0x10 /home/opt/microchip/xc32/v1.00/bin/../lib/gcc/pic32mx/4.5.1/../../../../pic32mx/lib/crt0.o
                0xbfc00000                _reset
 *(.reset.startup)
 .reset.startup
                0xbfc00010      0x1e4 /home/opt/microchip/xc32/v1.00/bin/../lib/gcc/pic32mx/4.5.1/../../../../pic32mx/lib/crt0.o

.bev_excpt      0xbfc00380       0x10
 *(.bev_handler)
 .bev_handler   0xbfc00380       0x10 /home/opt/microchip/xc32/v1.00/bin/../lib/gcc/pic32mx/4.5.1/../../../../pic32mx/lib/crt0.o

.dbg_excpt      0xbfc00480        0x0
                0xbfc00480                . = (. + DEFINED (_DEBUGGER)?0x8:0x0)

.dbg_code       0xbfc02000        0x0
                0xbfc02000                . = (. + DEFINED (_DEBUGGER)?_DBG_CODE_SIZE:0x0)

.app_excpt      0x9fc01180       0x10
 *(.gen_handler)
 .gen_handler   0x9fc01180       0x10 /home/opt/microchip/xc32/v1.00/bin/../lib/gcc/pic32mx/4.5.1/../../../../pic32mx/lib/crt0.o

.vector_0       0x9fc01200        0x0
 *(.vector_0)
                0x00000001                ASSERT (((_vector_spacing == 0x0) || (SIZEOF (.vector_0) <= (_vector_spacing << 0x5))), function at exception vector 0 too large)

.vector_1       0x9fc01220        0x0
 *(.vector_1)
                0x00000001                ASSERT (((_vector_spacing == 0x0) || (SIZEOF (.vector_1) <= (_vector_spacing << 0x5))), function at exception vector 1 too large)

.vector_2       0x9fc01240        0x0
 *(.vector_2)
                0x00000001                ASSERT (((_vector_spacing == 0x0) || (SIZEOF (.vector_2) <= (_vector_spacing << 0x5))), function at exception vector 2 too large)

.vector_3       0x9fc01260        0x0
 *(.vector_3)
                0x00000001                ASSERT (((_vector_spacing == 0x0) || (SIZEOF (.vector_3) <= (_vector_spacing << 0x5))), function at exception vector 3 too large)

.vector_4       0x9fc01280        0x8
 *(.vector_4)
 .vector_4      0x9fc01280        0x8 build/default/production/_ext/1271783508/Tick.o
                0x00000001                ASSERT (((_vector_spacing == 0x0) || (SIZEOF (.vector_4) <= (_vector_spacing << 0x5))), function at exception vector 4 too large)

.vector_5       0x9fc012a0        0x0
 *(.vector_5)
                0x00000001                ASSERT (((_vector_spacing == 0x0) || (SIZEOF (.vector_5) <= (_vector_spacing << 0x5))), function at exception vector 5 too large)

.vector_6       0x9fc012c0        0x0
 *(.vector_6)
                0x00000001                ASSERT (((_vector_spacing == 0x0) || (SIZEOF (.vector_6) <= (_vector_spacing << 0x5))), function at exception vector 6 too large)

.vector_7       0x9fc012e0        0x0
 *(.vector_7)
                0x00000001                ASSERT (((_vector_spacing == 0x0) || (SIZEOF (.vector_7) <= (_vector_spacing << 0x5))), function at exception vector 7 too large)

.vector_8       0x9fc01300        0x0
 *(.vector_8)
                0x00000001                ASSERT (((_vector_spacing == 0x0) || (SIZEOF (.vector_8) <= (_vector_spacing << 0x5))), function at exception vector 8 too large)

.vector_9       0x9fc01320        0x0
 *(.vector_9)
                0x00000001                ASSERT (((_vector_spacing == 0x0) || (SIZEOF (.vector_9) <= (_vector_spacing << 0x5))), function at exception vector 9 too large)

.vector_10      0x9fc01340        0x0
 *(.vector_10)
                0x00000001                ASSERT (((_vector_spacing == 0x0) || (SIZEOF (.vector_10) <= (_vector_spacing << 0x5))), function at exception vector 10 too large)

.vector_11      0x9fc01360        0x0
 *(.vector_11)
                0x00000001                ASSERT (((_vector_spacing == 0x0) || (SIZEOF (.vector_11) <= (_vector_spacing << 0x5))), function at exception vector 11 too large)

.vector_12      0x9fc01380        0x0
 *(.vector_12)
                0x00000001                ASSERT (((_vector_spacing == 0x0) || (SIZEOF (.vector_12) <= (_vector_spacing << 0x5))), function at exception vector 12 too large)

.vector_13      0x9fc013a0        0x0
 *(.vector_13)
                0x00000001                ASSERT (((_vector_spacing == 0x0) || (SIZEOF (.vector_13) <= (_vector_spacing << 0x5))), function at exception vector 13 too large)

.vector_14      0x9fc013c0        0x0
 *(.vector_14)
                0x00000001                ASSERT (((_vector_spacing == 0x0) || (SIZEOF (.vector_14) <= (_vector_spacing << 0x5))), function at exception vector 14 too large)

.vector_15      0x9fc013e0        0x0
 *(.vector_15)
                0x00000001                ASSERT (((_vector_spacing == 0x0) || (SIZEOF (.vector_15) <= (_vector_spacing << 0x5))), function at exception vector 15 too large)

.vector_16      0x9fc01400        0x0
 *(.vector_16)
                0x00000001                ASSERT (((_vector_spacing == 0x0) || (SIZEOF (.vector_16) <= (_vector_spacing << 0x5))), function at exception vector 16 too large)

.vector_17      0x9fc01420        0x0
 *(.vector_17)
                0x00000001                ASSERT (((_vector_spacing == 0x0) || (SIZEOF (.vector_17) <= (_vector_spacing << 0x5))), function at exception vector 17 too large)

.vector_18      0x9fc01440        0x0
 *(.vector_18)
                0x00000001                ASSERT (((_vector_spacing == 0x0) || (SIZEOF (.vector_18) <= (_vector_spacing << 0x5))), function at exception vector 18 too large)

.vector_19      0x9fc01460        0x0
 *(.vector_19)
                0x00000001                ASSERT (((_vector_spacing == 0x0) || (SIZEOF (.vector_19) <= (_vector_spacing << 0x5))), function at exception vector 19 too large)

.vector_20      0x9fc01480        0x0
 *(.vector_20)
                0x00000001                ASSERT (((_vector_spacing == 0x0) || (SIZEOF (.vector_20) <= (_vector_spacing << 0x5))), function at exception vector 20 too large)

.vector_21      0x9fc014a0        0x0
 *(.vector_21)
                0x00000001                ASSERT (((_vector_spacing == 0x0) || (SIZEOF (.vector_21) <= (_vector_spacing << 0x5))), function at exception vector 21 too large)

.vector_22      0x9fc014c0        0x0
 *(.vector_22)
                0x00000001                ASSERT (((_vector_spacing == 0x0) || (SIZEOF (.vector_22) <= (_vector_spacing << 0x5))), function at exception vector 22 too large)

.vector_23      0x9fc014e0        0x0
 *(.vector_23)
                0x00000001                ASSERT (((_vector_spacing == 0x0) || (SIZEOF (.vector_23) <= (_vector_spacing << 0x5))), function at exception vector 23 too large)

.vector_24      0x9fc01500        0x8
 *(.vector_24)
 .vector_24     0x9fc01500        0x8 build/default/production/_ext/1271783508/Bowler_UART_HAL.o
                0x00000001                ASSERT (((_vector_spacing == 0x0) || (SIZEOF (.vector_24) <= (_vector_spacing << 0x5))), function at exception vector 24 too large)

.vector_25      0x9fc01520        0x0
 *(.vector_25)
                0x00000001                ASSERT (((_vector_spacing == 0x0) || (SIZEOF (.vector_25) <= (_vector_spacing << 0x5))), function at exception vector 25 too large)

.vector_26      0x9fc01540        0x0
 *(.vector_26)
                0x00000001                ASSERT (((_vector_spacing == 0x0) || (SIZEOF (.vector_26) <= (_vector_spacing << 0x5))), function at exception vector 26 too large)

.vector_27      0x9fc01560        0x0
 *(.vector_27)
                0x00000001                ASSERT (((_vector_spacing == 0x0) || (SIZEOF (.vector_27) <= (_vector_spacing << 0x5))), function at exception vector 27 too large)

.vector_28      0x9fc01580        0x0
 *(.vector_28)
                0x00000001                ASSERT (((_vector_spacing == 0x0) || (SIZEOF (.vector_28) <= (_vector_spacing << 0x5))), function at exception vector 28 too large)

.vector_29      0x9fc015a0        0x0
 *(.vector_29)
                0x00000001                ASSERT (((_vector_spacing == 0x0) || (SIZEOF (.vector_29) <= (_vector_spacing << 0x5))), function at exception vector 29 too large)

.vector_30      0x9fc015c0        0x0
 *(.vector_30)
                0x00000001                ASSERT (((_vector_spacing == 0x0) || (SIZEOF (.vector_30) <= (_vector_spacing << 0x5))), function at exception vector 30 too large)

.vector_31      0x9fc015e0        0x0
 *(.vector_31)
                0x00000001                ASSERT (((_vector_spacing == 0x0) || (SIZEOF (.vector_31) <= (_vector_spacing << 0x5))), function at exception vector 31 too large)

.vector_32      0x9fc01600        0x0
 *(.vector_32)
                0x00000001                ASSERT (((_vector_spacing == 0x0) || (SIZEOF (.vector_32) <= (_vector_spacing << 0x5))), function at exception vector 32 too large)

.vector_33      0x9fc01620        0x0
 *(.vector_33)
                0x00000001                ASSERT (((_vector_spacing == 0x0) || (SIZEOF (.vector_33) <= (_vector_spacing << 0x5))), function at exception vector 33 too large)

.vector_34      0x9fc01640        0x0
 *(.vector_34)
                0x00000001                ASSERT (((_vector_spacing == 0x0) || (SIZEOF (.vector_34) <= (_vector_spacing << 0x5))), function at exception vector 34 too large)

.vector_35      0x9fc01660        0x0
 *(.vector_35)
                0x00000001                ASSERT (((_vector_spacing == 0x0) || (SIZEOF (.vector_35) <= (_vector_spacing << 0x5))), function at exception vector 35 too large)

.vector_36      0x9fc01680        0x0
 *(.vector_36)
                0x00000001                ASSERT (((_vector_spacing == 0x0) || (SIZEOF (.vector_36) <= (_vector_spacing << 0x5))), function at exception vector 36 too large)

.vector_37      0x9fc016a0        0x0
 *(.vector_37)
                0x00000001                ASSERT (((_vector_spacing == 0x0) || (SIZEOF (.vector_37) <= (_vector_spacing << 0x5))), function at exception vector 37 too large)

.vector_38      0x9fc016c0        0x0
 *(.vector_38)
                0x00000001                ASSERT (((_vector_spacing == 0x0) || (SIZEOF (.vector_38) <= (_vector_spacing << 0x5))), function at exception vector 38 too large)

.vector_39      0x9fc016e0        0x0
 *(.vector_39)
                0x00000001                ASSERT (((_vector_spacing == 0x0) || (SIZEOF (.vector_39) <= (_vector_spacing << 0x5))), function at exception vector 39 too large)

.vector_40      0x9fc01700        0x0
 *(.vector_40)
                0x00000001                ASSERT (((_vector_spacing == 0x0) || (SIZEOF (.vector_40) <= (_vector_spacing << 0x5))), function at exception vector 40 too large)

.vector_41      0x9fc01720        0x0
 *(.vector_41)
                0x00000001                ASSERT (((_vector_spacing == 0x0) || (SIZEOF (.vector_41) <= (_vector_spacing << 0x5))), function at exception vector 41 too large)

.vector_42      0x9fc01740        0x0
 *(.vector_42)
                0x00000001                ASSERT (((_vector_spacing == 0x0) || (SIZEOF (.vector_42) <= (_vector_spacing << 0x5))), function at exception vector 42 too large)

.vector_43      0x9fc01760        0x0
 *(.vector_43)
                0x00000001                ASSERT (((_vector_spacing == 0x0) || (SIZEOF (.vector_43) <= (_vector_spacing << 0x5))), function at exception vector 43 too large)

.vector_44      0x9fc01780        0x0
 *(.vector_44)
                0x00000001                ASSERT (((_vector_spacing == 0x0) || (SIZEOF (.vector_44) <= (_vector_spacing << 0x5))), function at exception vector 44 too large)

.vector_45      0x9fc017a0        0x8
 *(.vector_45)
 .vector_45     0x9fc017a0        0x8 build/default/production/_ext/161057953/usb_device.o
                0x00000001                ASSERT (((_vector_spacing == 0x0) || (SIZEOF (.vector_45) <= (_vector_spacing << 0x5))), function at exception vector 45 too large)

.vector_46      0x9fc017c0        0x0
 *(.vector_46)
                0x00000001                ASSERT (((_vector_spacing == 0x0) || (SIZEOF (.vector_46) <= (_vector_spacing << 0x5))), function at exception vector 46 too large)

.vector_47      0x9fc017e0        0x0
 *(.vector_47)
                0x00000001                ASSERT (((_vector_spacing == 0x0) || (SIZEOF (.vector_47) <= (_vector_spacing << 0x5))), function at exception vector 47 too large)

.vector_48      0x9fc01800        0x0
 *(.vector_48)
                0x00000001                ASSERT (((_vector_spacing == 0x0) || (SIZEOF (.vector_48) <= (_vector_spacing << 0x5))), function at exception vector 48 too large)

.vector_49      0x9fc01820        0x0
 *(.vector_49)
                0x00000001                ASSERT (((_vector_spacing == 0x0) || (SIZEOF (.vector_49) <= (_vector_spacing << 0x5))), function at exception vector 49 too large)

.vector_50      0x9fc01840        0x0
 *(.vector_50)
                0x00000001                ASSERT (((_vector_spacing == 0x0) || (SIZEOF (.vector_50) <= (_vector_spacing << 0x5))), function at exception vector 50 too large)

.vector_51      0x9fc01860        0x0
 *(.vector_51)
                0x00000001                ASSERT (((_vector_spacing == 0x0) || (SIZEOF (.vector_51) <= (_vector_spacing << 0x5))), function at exception vector 51 too large)

.vector_52      0x9fc01880        0x0
 *(.vector_52)
                0x00000001                ASSERT (((_vector_spacing == 0x0) || (SIZEOF (.vector_52) <= (_vector_spacing << 0x5))), function at exception vector 52 too large)

.vector_53      0x9fc018a0        0x0
 *(.vector_53)
                0x00000001                ASSERT (((_vector_spacing == 0x0) || (SIZEOF (.vector_53) <= (_vector_spacing << 0x5))), function at exception vector 53 too large)

.vector_54      0x9fc018c0        0x0
 *(.vector_54)
                0x00000001                ASSERT (((_vector_spacing == 0x0) || (SIZEOF (.vector_54) <= (_vector_spacing << 0x5))), function at exception vector 54 too large)

.vector_55      0x9fc018e0        0x0
 *(.vector_55)
                0x00000001                ASSERT (((_vector_spacing == 0x0) || (SIZEOF (.vector_55) <= (_vector_spacing << 0x5))), function at exception vector 55 too large)

.vector_56      0x9fc01900        0x0
 *(.vector_56)
                0x00000001                ASSERT (((_vector_spacing == 0x0) || (SIZEOF (.vector_56) <= (_vector_spacing << 0x5))), function at exception vector 56 too large)

.vector_57      0x9fc01920        0x0
 *(.vector_57)
                0x00000001                ASSERT (((_vector_spacing == 0x0) || (SIZEOF (.vector_57) <= (_vector_spacing << 0x5))), function at exception vector 57 too large)

.vector_58      0x9fc01940        0x0
 *(.vector_58)
                0x00000001                ASSERT (((_vector_spacing == 0x0) || (SIZEOF (.vector_58) <= (_vector_spacing << 0x5))), function at exception vector 58 too large)

.vector_59      0x9fc01960        0x0
 *(.vector_59)
                0x00000001                ASSERT (((_vector_spacing == 0x0) || (SIZEOF (.vector_59) <= (_vector_spacing << 0x5))), function at exception vector 59 too large)

.vector_60      0x9fc01980        0x0
 *(.vector_60)
                0x00000001                ASSERT (((_vector_spacing == 0x0) || (SIZEOF (.vector_60) <= (_vector_spacing << 0x5))), function at exception vector 60 too large)

.vector_61      0x9fc019a0        0x0
 *(.vector_61)
                0x00000001                ASSERT (((_vector_spacing == 0x0) || (SIZEOF (.vector_61) <= (_vector_spacing << 0x5))), function at exception vector 61 too large)

.vector_62      0x9fc019c0        0x0
 *(.vector_62)
                0x00000001                ASSERT (((_vector_spacing == 0x0) || (SIZEOF (.vector_62) <= (_vector_spacing << 0x5))), function at exception vector 62 too large)

.vector_63      0x9fc019e0        0x0
 *(.vector_63)
                0x00000001                ASSERT (((_vector_spacing == 0x0) || (SIZEOF (.vector_63) <= (_vector_spacing << 0x5))), function at exception vector 63 too large)

.startup
 *(.startup)

.text
 *(.stub .gnu.linkonce.t.*)
 *(.text.*personality*)
 *(.mips16.fn.*)
 *(.mips16.call.*)
 *(.gnu.warning)

.rodata         0x9d000000        0x0
 *(.rodata.* .gnu.linkonce.r.*)
 *(.rodata1)
                0x9d000000                . = ALIGN (0x4)

.sdata2         0x9fc00490        0x0
 *(.sdata2 .sdata2.* .gnu.linkonce.s2.*)
                0x9fc00490                . = ALIGN (0x4)

.sbss2          0x9fc00490        0x0
 *(.sbss2 .sbss2.* .gnu.linkonce.sb2.*)
                0x9fc00490                . = ALIGN (0x4)

.eh_frame_hdr
 *(.eh_frame_hdr)

.eh_frame
 *(.eh_frame)

.dbg_data       0xa0000000        0x0
                0xa0000000                . = (. + DEFINED (_DEBUGGER)?0x200:0x0)

.persist        0xa0000000        0x0
                0xa0000000                _persist_begin = .
 *(.persist .persist.*)
                0xa0000000                . = ALIGN (0x4)
                0xa0000000                _persist_end = .

.eh_frame
 *(.eh_frame)
                0xa0000000                . = .
                0xa0007ff0                _gp = (ALIGN (0x10) + 0x7ff0)

.got
 *(.got.plt)
 *(.got)

.sdata          0xa0000000       0x8c
                0xa0000000                _sdata_begin = .
 *(.sdata .sdata.* .gnu.linkonce.s.*)
 .sdata         0xa0000000       0x18 build/default/production/_ext/464348676/Namespace_bcs_rpc.o
 .sdata         0xa0000018        0x4 build/default/production/_ext/464348676/AbstractPID.o
                0xa0000018                zone
 .sdata         0xa000001c        0x8 build/default/production/_ext/464348676/Namespace_bcs_core.o
 .sdata         0xa0000024        0x8 build/default/production/_ext/464348676/Bowler_Server.o
                0xa0000024                MyMAC
 .sdata         0xa000002c       0x4c build/default/production/_ext/464348676/Namespace_bcs_pid.o
 .sdata         0xa0000078        0x8 build/default/production/_ext/1271783508/FlashStorage.o
                0xa0000078                defMac
 .sdata         0xa0000080        0x4 build/default/production/_ext/161057953/usb_fifo.o
 .sdata         0xa0000084        0x8 build/default/production/_ext/161057953/usb_descriptors.o
                0xa0000084                sd000
                0xa0000088                USB_CD_Ptr
                0xa000008c                _sdata_end = .

.lit8
 *(.lit8)

.lit4
 *(.lit4)
                0xa000008c                . = ALIGN (0x4)
                0xa000008c                _data_end = .
                0xa000008c                _bss_begin = .

.sbss           0xa000008c      0x108
                0xa000008c                _sbss_begin = .
 *(.dynsbss)
 *(.sbss .sbss.* .gnu.linkonce.sb.*)
 .sbss          0xa000008c        0x4 build/default/production/_ext/464348676/Namespace_bcs_rpc.o
 .sbss          0xa0000090        0x4 build/default/production/_ext/464348676/Bowler_RPC_Process.o
 .sbss          0xa0000094       0x14 build/default/production/_ext/464348676/AbstractPID.o
                0xa0000094                number_of_pid_groups
 .sbss          0xa00000a8        0x4 build/default/production/_ext/464348676/Namespace_bcs_core.o
 .sbss          0xa00000ac        0xc build/default/production/_ext/464348676/Debug.o
                0xa00000ac                level
 .sbss          0xa00000b8        0x4 build/default/production/_ext/464348676/Namespace_bcs_pid.o
 .sbss          0xa00000bc        0x8 build/default/production/_ext/1271783508/Bowler_UART_HAL.o
 .sbss          0xa00000c4        0x8 build/default/production/_ext/1271783508/Tick.o
 .sbss          0xa00000cc        0x8 build/default/production/_ext/1271783508/HAL_P32.o
 .sbss          0xa00000d4        0x4 build/default/production/_ext/1271783508/ADC.o
                0xa00000d4                ADCMask
 .sbss          0xa00000d8        0x8 build/default/production/_ext/1271783508/UART.o
                0xa00000d8                useUart2
                0xa00000dc                useUart1
 .sbss          0xa00000e0       0x10 build/default/production/_ext/161057953/usb_fifo.o
 .sbss          0xa00000f0        0x2 build/default/production/_ext/161057953/usb_callback.o
 *(.scommon)
 *fill*         0xa00000f2        0x2 00
 .scommon       0xa00000f4       0x24 build/default/production/_ext/464348676/AbstractPID.o
                0xa00000f4                resetPosition
                0xa00000f8                onPidConfigure
                0xa00000fc                getPosition
                0xa0000100                MathCalculationPosition
                0xa0000104                velData
                0xa0000108                setOutput
                0xa000010c                pidGroups
                0xa0000110                MathCalculationVelocity
                0xa0000114                checkPIDLimitEvents
 .scommon       0xa0000118       0x3e build/default/production/_ext/161057953/usb_device.o
                0xa0000118                inPipes
                0xa000011f                USTATcopy
                0xa0000120                RemoteWakeup
                0xa0000124                controlTransferState
                0xa0000128                pDst
                0xa000012c                SetupPkt
                0xa0000134                pBDTEntryEP0OutNext
                0xa0000138                USBAlternateInterface
                0xa000013c                BothEP0OutUOWNsSet
                0xa0000140                USBActiveConfiguration
                0xa0000144                USBDeviceState
                0xa0000148                pBDTEntryEP0OutCurrent
                0xa000014c                shortPacketStatus
                0xa0000150                USBInMaxPacketSize
 *fill*         0xa0000156        0x2 00
 .scommon       0xa0000158       0x3c build/default/production/_ext/161057953/usb_function_cdc.o
                0xa0000158                control_signal_bitmap
                0xa000015c                cdc_tx_len
                0xa000015e                cdc_trf_state
                0xa0000160                cdc_notice
                0xa0000168                cdc_mem_type
                0xa000016c                CDCDataInHandle
                0xa0000170                pCDCSrc
                0xa0000174                cdc_rx_len
                0xa0000178                BaudRateGen
                0xa000017c                pCDCDst
                0xa0000180                line_coding
                0xa0000188                CDCDataOutHandle
                0xa000018c                dummy_encapsulated_cmd_response
                0xa0000194                _sbss_end = .

.bss            0xa0000200      0x500
 *(.dynbss)
 *(COMMON)
 COMMON         0xa0000200       0x50 build/default/production/_ext/1271783508/FlashStorage.o
                0xa0000200                flash
 *fill*         0xa0000250      0x1b0 00
 COMMON         0xa0000400      0x280 build/default/production/_ext/161057953/usb_device.o
                0xa0000400                CtrlTrfData
                0xa0000440                outPipes
                0xa000044c                pBDTEntryOut
                0xa000045c                pBDTEntryIn
                0xa000046c                USBInData
                0xa0000600                BDT
 COMMON         0xa0000680       0x80 build/default/production/_ext/161057953/usb_function_cdc.o
                0xa0000680                cdc_data_tx
                0xa00006c0                cdc_data_rx
                0xa0000700                . = ALIGN (0x4)
                0xa0000700                . = ALIGN (0x4)
                0xa0000700                _end = .
                0xa0000700                _bss_end = .
                0x00020000                _bmxdudba_address = 0x20000
                0x00020000                _bmxdupba_address = 0x20000

/DISCARD/
 *(.pdr)
 *(.reginfo)
 *(.rel.dyn)
 *(.note.GNU-stack)
 *(.note.GNU-stack)
 *(.gnu_debuglink)
 *(.gnu.lto_*)
 *(.discard)

.stab
 *(.stab)

.stabstr
 *(.stabstr)

.stab.excl
 *(.stab.excl)

.stab.exclstr
 *(.stab.exclstr)

.stab.index
 *(.stab.index)

.stab.indexstr
 *(.stab.indexstr)

.comment        0x00000000       0x9c
 *(.comment)
 .comment       0x00000000       0x33 build/default/production/_ext/1360937237/main.o
                                 0x34 (size before relaxing)
 .comment       0x00000000       0x34 build/default/production/_ext/464348676/Namespace_bcs_rpc.o
 .comment       0x00000000       0x34 build/default/production/_ext/464348676/Bowler_RPC_Process.o
 .comment       0x00000000       0x34 build/default/production/_ext/464348676/AbstractPID.o
 .comment       0x00000000       0x34 build/default/production/_ext/464348676/Scheduler.o
 .comment       0x00000000       0x34 build/default/production/_ext/464348676/Namespace_bcs_core.o
 .comment       0x00000000       0x34 build/default/production/_ext/464348676/Bowler_Transport.o
 .comment       0x00000000       0x34 build/default/production/_ext/464348676/Bowler_Server.o
 .comment       0x00000000       0x34 build/default/production/_ext/464348676/FIFO.o
 .comment       0x00000000       0x34 build/default/production/_ext/464348676/Debug.o
 .comment       0x00000000       0x34 build/default/production/_ext/464348676/Bowler_Stack_Callback.o
 .comment       0x00000000       0x34 build/default/production/_ext/464348676/Namespace_bcs_pid.o
 .comment       0x00000000       0x34 build/default/production/_ext/464348676/Bowler_Helper.o
 .comment       0x00000000       0x34 build/default/production/_ext/1271783508/Bowler_UART_HAL.o
 .comment       0x00000000       0x34 build/default/production/_ext/1271783508/Bowler_USB_HAL.o
 .comment       0x00000000       0x34 build/default/production/_ext/1271783508/LED.o
 .comment       0x00000000       0x34 build/default/production/_ext/1271783508/Tick.o
 .comment       0x00000000       0x34 build/default/production/_ext/1271783508/Delay.o
 .comment       0x00000000       0x34 build/default/production/_ext/1271783508/HAL_P32.o
 .comment       0x00000000       0x34 build/default/production/_ext/1271783508/ADC.o
 .comment       0x00000000       0x34 build/default/production/_ext/1271783508/UART.o
 .comment       0x00000000       0x34 build/default/production/_ext/1271783508/FlashStorage.o
 .comment       0x00000000       0x34 build/default/production/_ext/161057953/usb_interrupt.o
 .comment       0x00000000       0x34 build/default/production/_ext/161057953/usb_device.o
 .comment       0x00000000       0x34 build/default/production/_ext/161057953/usb_fifo.o
 .comment       0x00000000       0x34 build/default/production/_ext/161057953/usb_descriptors.o
 .comment       0x00000000       0x34 build/default/production/_ext/161057953/usb_callback.o
 .comment       0x00000000       0x34 build/default/production/_ext/161057953/usb_function_cdc.o
 .comment       0x00000000       0x34 /home/opt/microchip/xc32/v1.00/bin/../lib/gcc/pic32mx/4.5.1/libgcc.a(floatunsisf.o)
 .comment       0x00000033       0x18 /home/opt/microchip/xc32/v1.00/bin/../lib/gcc/pic32mx/4.5.1/../../../../pic32mx/lib/libc.a(memset.o)
                                 0x19 (size before relaxing)
 .comment       0x00000000       0x34 /home/opt/microchip/xc32/v1.00/bin/../lib/gcc/pic32mx/4.5.1/../../../../pic32mx/lib/libc.a(default-bootstrap-exception-handler.o)
 .comment       0x00000000       0x34 /home/opt/microchip/xc32/v1.00/bin/../lib/gcc/pic32mx/4.5.1/../../../../pic32mx/lib/libc.a(default-on-reset.o)
 .comment       0x00000000       0x34 /home/opt/microchip/xc32/v1.00/bin/../lib/gcc/pic32mx/4.5.1/../../../../pic32mx/lib/libc.a(default-on-bootstrap.o)
 .comment       0x0000004b       0x51 /home/opt/microchip/xc32/v1.00/bin/../lib/gcc/pic32mx/4.5.1/../../../../pic32mx/lib/libmchp_peripheral_32MX795F512L.a(int_enable_interrupts_lib.o)
                                 0x52 (size before relaxing)
 .comment       0x00000000       0x52 /home/opt/microchip/xc32/v1.00/bin/../lib/gcc/pic32mx/4.5.1/../../../../pic32mx/lib/libmchp_peripheral_32MX795F512L.a(int_disable_interrupts_lib.o)
 .comment       0x00000000       0x52 /home/opt/microchip/xc32/v1.00/bin/../lib/gcc/pic32mx/4.5.1/../../../../pic32mx/lib/libmchp_peripheral_32MX795F512L.a(int_enable_mv_int_lib.o)
 .comment       0x00000000       0x52 /home/opt/microchip/xc32/v1.00/bin/../lib/gcc/pic32mx/4.5.1/../../../../pic32mx/lib/libmchp_peripheral_32MX795F512L.a(int_tbl_lib.o)
 .comment       0x00000000       0x52 /home/opt/microchip/xc32/v1.00/bin/../lib/gcc/pic32mx/4.5.1/../../../../pic32mx/lib/libmchp_peripheral_32MX795F512L.a(spi_chn_getc_lib.o)
 .comment       0x00000000       0x52 /home/opt/microchip/xc32/v1.00/bin/../lib/gcc/pic32mx/4.5.1/../../../../pic32mx/lib/libmchp_peripheral_32MX795F512L.a(spi_chn_putc_lib.o)
 .comment       0x00000000       0x52 /home/opt/microchip/xc32/v1.00/bin/../lib/gcc/pic32mx/4.5.1/../../../../pic32mx/lib/libmchp_peripheral_32MX795F512L.a(spi_map_tbl_libp.o)
 .comment       0x00000000       0x52 /home/opt/microchip/xc32/v1.00/bin/../lib/gcc/pic32mx/4.5.1/../../../../pic32mx/lib/libmchp_peripheral_32MX795F512L.a(spi_open_spi2_lib_legacy.o)
 .comment       0x00000000       0x52 /home/opt/microchip/xc32/v1.00/bin/../lib/gcc/pic32mx/4.5.1/../../../../pic32mx/lib/libmchp_peripheral_32MX795F512L.a(spi_brg_tbl_lib_legacy.o)
 .comment       0x00000000       0x52 /home/opt/microchip/xc32/v1.00/bin/../lib/gcc/pic32mx/4.5.1/../../../../pic32mx/lib/libmchp_peripheral_32MX795F512L.a(nvm_erase_page_lib.o)
 .comment       0x00000000       0x52 /home/opt/microchip/xc32/v1.00/bin/../lib/gcc/pic32mx/4.5.1/../../../../pic32mx/lib/libmchp_peripheral_32MX795F512L.a(nvm_operation_lib.o)
 .comment       0x00000000       0x52 /home/opt/microchip/xc32/v1.00/bin/../lib/gcc/pic32mx/4.5.1/../../../../pic32mx/lib/libmchp_peripheral_32MX795F512L.a(nvm_write_word_lib.o)
 .comment       0x00000000       0x52 /home/opt/microchip/xc32/v1.00/bin/../lib/gcc/pic32mx/4.5.1/../../../../pic32mx/lib/libmchp_peripheral_32MX795F512L.a(port_set_pins_digital_out_lib.o)
 .comment       0x00000000       0x52 /home/opt/microchip/xc32/v1.00/bin/../lib/gcc/pic32mx/4.5.1/../../../../pic32mx/lib/libmchp_peripheral_32MX795F512L.a(port_clear_bits_lib.o)
 .comment       0x00000000       0x52 /home/opt/microchip/xc32/v1.00/bin/../lib/gcc/pic32mx/4.5.1/../../../../pic32mx/lib/libmchp_peripheral_32MX795F512L.a(port_set_bits_lib.o)
 .comment       0x00000000       0x52 /home/opt/microchip/xc32/v1.00/bin/../lib/gcc/pic32mx/4.5.1/../../../../pic32mx/lib/libmchp_peripheral_32MX795F512L.a(_ports_tbl_libp.o)
 .comment       0x00000000       0x52 /home/opt/microchip/xc32/v1.00/bin/../lib/gcc/pic32mx/4.5.1/../../../../pic32mx/lib/libmchp_peripheral_32MX795F512L.a(uart_lib.o)
 .comment       0x00000000       0x52 /home/opt/microchip/xc32/v1.00/bin/../lib/gcc/pic32mx/4.5.1/../../../../pic32mx/lib/libmchp_peripheral_32MX795F512L.a(int_restore_interrupts_lib.o)

.debug
 *(.debug)

.line
 *(.line)

.debug_srcinfo
 *(.debug_srcinfo)

.debug_sfnames
 *(.debug_sfnames)

.debug_aranges  0x00000000      0x630
 *(.debug_aranges)
 .debug_aranges
                0x00000000       0x20 build/default/production/_ext/1360937237/main.o
 .debug_aranges
                0x00000020       0x20 build/default/production/_ext/464348676/Namespace_bcs_rpc.o
 .debug_aranges
                0x00000040       0x20 build/default/production/_ext/464348676/Bowler_RPC_Process.o
 .debug_aranges
                0x00000060       0x20 build/default/production/_ext/464348676/AbstractPID.o
 .debug_aranges
                0x00000080       0x20 build/default/production/_ext/464348676/Scheduler.o
 .debug_aranges
                0x000000a0       0x20 build/default/production/_ext/464348676/Namespace_bcs_core.o
 .debug_aranges
                0x000000c0       0x20 build/default/production/_ext/464348676/Bowler_Transport.o
 .debug_aranges
                0x000000e0       0x20 build/default/production/_ext/464348676/Bowler_Server.o
 .debug_aranges
                0x00000100       0x20 build/default/production/_ext/464348676/FIFO.o
 .debug_aranges
                0x00000120       0x20 build/default/production/_ext/464348676/Debug.o
 .debug_aranges
                0x00000140       0x20 build/default/production/_ext/464348676/Namespace_bcs_pid.o
 .debug_aranges
                0x00000160       0x20 build/default/production/_ext/464348676/Bowler_Helper.o
 .debug_aranges
                0x00000180       0x20 build/default/production/_ext/1271783508/Bowler_UART_HAL.o
 .debug_aranges
                0x000001a0       0x20 build/default/production/_ext/1271783508/Bowler_USB_HAL.o
 .debug_aranges
                0x000001c0       0x20 build/default/production/_ext/1271783508/LED.o
 .debug_aranges
                0x000001e0       0x20 build/default/production/_ext/1271783508/Tick.o
 .debug_aranges
                0x00000200       0x20 build/default/production/_ext/1271783508/Delay.o
 .debug_aranges
                0x00000220       0x20 build/default/production/_ext/1271783508/HAL_P32.o
 .debug_aranges
                0x00000240       0x20 build/default/production/_ext/1271783508/ADC.o
 .debug_aranges
                0x00000260       0x20 build/default/production/_ext/1271783508/UART.o
 .debug_aranges
                0x00000280       0x20 build/default/production/_ext/1271783508/FlashStorage.o
 .debug_aranges
                0x000002a0       0x20 build/default/production/_ext/161057953/usb_device.o
 .debug_aranges
                0x000002c0       0x20 build/default/production/_ext/161057953/usb_fifo.o
 .debug_aranges
                0x000002e0       0x20 build/default/production/_ext/161057953/usb_descriptors.o
 .debug_aranges
                0x00000300       0x20 build/default/production/_ext/161057953/usb_callback.o
 .debug_aranges
                0x00000320       0x20 build/default/production/_ext/161057953/usb_function_cdc.o
 .debug_aranges
                0x00000340       0x20 /home/opt/microchip/xc32/v1.00/bin/../lib/gcc/pic32mx/4.5.1/libgcc.a(floatunsisf.o)
 .debug_aranges
                0x00000360       0x20 /home/opt/microchip/xc32/v1.00/bin/../lib/gcc/pic32mx/4.5.1/../../../../pic32mx/lib/libc.a(default-bootstrap-exception-handler.o)
 .debug_aranges
                0x00000380       0x20 /home/opt/microchip/xc32/v1.00/bin/../lib/gcc/pic32mx/4.5.1/../../../../pic32mx/lib/libc.a(default-on-reset.o)
 .debug_aranges
                0x000003a0       0x20 /home/opt/microchip/xc32/v1.00/bin/../lib/gcc/pic32mx/4.5.1/../../../../pic32mx/lib/libc.a(default-on-bootstrap.o)
 .debug_aranges
                0x000003c0       0x20 /home/opt/microchip/xc32/v1.00/bin/../lib/gcc/pic32mx/4.5.1/../../../../pic32mx/lib/libmchp_peripheral_32MX795F512L.a(int_enable_interrupts_lib.o)
 .debug_aranges
                0x000003e0       0x20 /home/opt/microchip/xc32/v1.00/bin/../lib/gcc/pic32mx/4.5.1/../../../../pic32mx/lib/libmchp_peripheral_32MX795F512L.a(int_disable_interrupts_lib.o)
 .debug_aranges
                0x00000400       0x20 /home/opt/microchip/xc32/v1.00/bin/../lib/gcc/pic32mx/4.5.1/../../../../pic32mx/lib/libmchp_peripheral_32MX795F512L.a(int_enable_mv_int_lib.o)
 .debug_aranges
                0x00000420       0x60 /home/opt/microchip/xc32/v1.00/bin/../lib/gcc/pic32mx/4.5.1/../../../../pic32mx/lib/libmchp_peripheral_32MX795F512L.a(int_tbl_lib.o)
 .debug_aranges
                0x00000480       0x28 /home/opt/microchip/xc32/v1.00/bin/../lib/gcc/pic32mx/4.5.1/../../../../pic32mx/lib/libmchp_peripheral_32MX795F512L.a(spi_chn_getc_lib.o)
 .debug_aranges
                0x000004a8       0x30 /home/opt/microchip/xc32/v1.00/bin/../lib/gcc/pic32mx/4.5.1/../../../../pic32mx/lib/libmchp_peripheral_32MX795F512L.a(spi_chn_putc_lib.o)
 .debug_aranges
                0x000004d8       0x20 /home/opt/microchip/xc32/v1.00/bin/../lib/gcc/pic32mx/4.5.1/../../../../pic32mx/lib/libmchp_peripheral_32MX795F512L.a(spi_open_spi2_lib_legacy.o)
 .debug_aranges
                0x000004f8       0x20 /home/opt/microchip/xc32/v1.00/bin/../lib/gcc/pic32mx/4.5.1/../../../../pic32mx/lib/libmchp_peripheral_32MX795F512L.a(nvm_erase_page_lib.o)
 .debug_aranges
                0x00000518       0x20 /home/opt/microchip/xc32/v1.00/bin/../lib/gcc/pic32mx/4.5.1/../../../../pic32mx/lib/libmchp_peripheral_32MX795F512L.a(nvm_operation_lib.o)
 .debug_aranges
                0x00000538       0x20 /home/opt/microchip/xc32/v1.00/bin/../lib/gcc/pic32mx/4.5.1/../../../../pic32mx/lib/libmchp_peripheral_32MX795F512L.a(nvm_write_word_lib.o)
 .debug_aranges
                0x00000558       0x20 /home/opt/microchip/xc32/v1.00/bin/../lib/gcc/pic32mx/4.5.1/../../../../pic32mx/lib/libmchp_peripheral_32MX795F512L.a(port_set_pins_digital_out_lib.o)
 .debug_aranges
                0x00000578       0x20 /home/opt/microchip/xc32/v1.00/bin/../lib/gcc/pic32mx/4.5.1/../../../../pic32mx/lib/libmchp_peripheral_32MX795F512L.a(port_clear_bits_lib.o)
 .debug_aranges
                0x00000598       0x20 /home/opt/microchip/xc32/v1.00/bin/../lib/gcc/pic32mx/4.5.1/../../../../pic32mx/lib/libmchp_peripheral_32MX795F512L.a(port_set_bits_lib.o)
 .debug_aranges
                0x000005b8       0x58 /home/opt/microchip/xc32/v1.00/bin/../lib/gcc/pic32mx/4.5.1/../../../../pic32mx/lib/libmchp_peripheral_32MX795F512L.a(uart_lib.o)
 .debug_aranges
                0x00000610       0x20 /home/opt/microchip/xc32/v1.00/bin/../lib/gcc/pic32mx/4.5.1/../../../../pic32mx/lib/libmchp_peripheral_32MX795F512L.a(int_restore_interrupts_lib.o)

.debug_pubnames
                0x00000000     0x1c13
 *(.debug_pubnames)
 .debug_pubnames
                0x00000000       0x6a build/default/production/_ext/1360937237/main.o
 .debug_pubnames
                0x0000006a       0x3f build/default/production/_ext/464348676/Namespace_bcs_rpc.o
 .debug_pubnames
                0x000000a9       0x40 build/default/production/_ext/464348676/Bowler_RPC_Process.o
 .debug_pubnames
                0x000000e9      0x3ad build/default/production/_ext/464348676/AbstractPID.o
 .debug_pubnames
                0x00000496       0x1f build/default/production/_ext/464348676/Scheduler.o
 .debug_pubnames
                0x000004b5       0xf3 build/default/production/_ext/464348676/Namespace_bcs_core.o
 .debug_pubnames
                0x000005a8       0x9f build/default/production/_ext/464348676/Bowler_Transport.o
 .debug_pubnames
                0x00000647       0x71 build/default/production/_ext/464348676/Bowler_Server.o
 .debug_pubnames
                0x000006b8      0x154 build/default/production/_ext/464348676/FIFO.o
 .debug_pubnames
                0x0000080c      0x192 build/default/production/_ext/464348676/Debug.o
 .debug_pubnames
                0x0000099e       0x48 build/default/production/_ext/464348676/Namespace_bcs_pid.o
 .debug_pubnames
                0x000009e6       0xf6 build/default/production/_ext/464348676/Bowler_Helper.o
 .debug_pubnames
                0x00000adc       0xe8 build/default/production/_ext/1271783508/Bowler_UART_HAL.o
 .debug_pubnames
                0x00000bc4       0x4c build/default/production/_ext/1271783508/Bowler_USB_HAL.o
 .debug_pubnames
                0x00000c10       0x50 build/default/production/_ext/1271783508/LED.o
 .debug_pubnames
                0x00000c60       0x8d build/default/production/_ext/1271783508/Tick.o
 .debug_pubnames
                0x00000ced       0x5d build/default/production/_ext/1271783508/Delay.o
 .debug_pubnames
                0x00000d4a       0xf6 build/default/production/_ext/1271783508/HAL_P32.o
 .debug_pubnames
                0x00000e40       0x52 build/default/production/_ext/1271783508/ADC.o
 .debug_pubnames
                0x00000e92       0x4e build/default/production/_ext/1271783508/UART.o
 .debug_pubnames
                0x00000ee0       0xcd build/default/production/_ext/1271783508/FlashStorage.o
 .debug_pubnames
                0x00000fad      0x3d5 build/default/production/_ext/161057953/usb_device.o
 .debug_pubnames
                0x00001382       0xe7 build/default/production/_ext/161057953/usb_fifo.o
 .debug_pubnames
                0x00001469       0xc2 build/default/production/_ext/161057953/usb_descriptors.o
 .debug_pubnames
                0x0000152b       0xfc build/default/production/_ext/161057953/usb_callback.o
 .debug_pubnames
                0x00001627      0x1b1 build/default/production/_ext/161057953/usb_function_cdc.o
 .debug_pubnames
                0x000017d8       0x24 /home/opt/microchip/xc32/v1.00/bin/../lib/gcc/pic32mx/4.5.1/libgcc.a(floatunsisf.o)
 .debug_pubnames
                0x000017fc       0x33 /home/opt/microchip/xc32/v1.00/bin/../lib/gcc/pic32mx/4.5.1/../../../../pic32mx/lib/libc.a(default-bootstrap-exception-handler.o)
 .debug_pubnames
                0x0000182f       0x20 /home/opt/microchip/xc32/v1.00/bin/../lib/gcc/pic32mx/4.5.1/../../../../pic32mx/lib/libc.a(default-on-reset.o)
 .debug_pubnames
                0x0000184f       0x24 /home/opt/microchip/xc32/v1.00/bin/../lib/gcc/pic32mx/4.5.1/../../../../pic32mx/lib/libc.a(default-on-bootstrap.o)
 .debug_pubnames
                0x00001873       0x2a /home/opt/microchip/xc32/v1.00/bin/../lib/gcc/pic32mx/4.5.1/../../../../pic32mx/lib/libmchp_peripheral_32MX795F512L.a(int_enable_interrupts_lib.o)
 .debug_pubnames
                0x0000189d       0x2b /home/opt/microchip/xc32/v1.00/bin/../lib/gcc/pic32mx/4.5.1/../../../../pic32mx/lib/libmchp_peripheral_32MX795F512L.a(int_disable_interrupts_lib.o)
 .debug_pubnames
                0x000018c8       0x36 /home/opt/microchip/xc32/v1.00/bin/../lib/gcc/pic32mx/4.5.1/../../../../pic32mx/lib/libmchp_peripheral_32MX795F512L.a(int_enable_mv_int_lib.o)
 .debug_pubnames
                0x000018fe       0xca /home/opt/microchip/xc32/v1.00/bin/../lib/gcc/pic32mx/4.5.1/../../../../pic32mx/lib/libmchp_peripheral_32MX795F512L.a(int_tbl_lib.o)
 .debug_pubnames
                0x000019c8       0x31 /home/opt/microchip/xc32/v1.00/bin/../lib/gcc/pic32mx/4.5.1/../../../../pic32mx/lib/libmchp_peripheral_32MX795F512L.a(spi_chn_getc_lib.o)
 .debug_pubnames
                0x000019f9       0x43 /home/opt/microchip/xc32/v1.00/bin/../lib/gcc/pic32mx/4.5.1/../../../../pic32mx/lib/libmchp_peripheral_32MX795F512L.a(spi_chn_putc_lib.o)
 .debug_pubnames
                0x00001a3c       0x1f /home/opt/microchip/xc32/v1.00/bin/../lib/gcc/pic32mx/4.5.1/../../../../pic32mx/lib/libmchp_peripheral_32MX795F512L.a(spi_open_spi2_lib_legacy.o)
 .debug_pubnames
                0x00001a5b       0x23 /home/opt/microchip/xc32/v1.00/bin/../lib/gcc/pic32mx/4.5.1/../../../../pic32mx/lib/libmchp_peripheral_32MX795F512L.a(nvm_erase_page_lib.o)
 .debug_pubnames
                0x00001a7e       0x24 /home/opt/microchip/xc32/v1.00/bin/../lib/gcc/pic32mx/4.5.1/../../../../pic32mx/lib/libmchp_peripheral_32MX795F512L.a(nvm_operation_lib.o)
 .debug_pubnames
                0x00001aa2       0x23 /home/opt/microchip/xc32/v1.00/bin/../lib/gcc/pic32mx/4.5.1/../../../../pic32mx/lib/libmchp_peripheral_32MX795F512L.a(nvm_write_word_lib.o)
 .debug_pubnames
                0x00001ac5       0x2c /home/opt/microchip/xc32/v1.00/bin/../lib/gcc/pic32mx/4.5.1/../../../../pic32mx/lib/libmchp_peripheral_32MX795F512L.a(port_set_pins_digital_out_lib.o)
 .debug_pubnames
                0x00001af1       0x24 /home/opt/microchip/xc32/v1.00/bin/../lib/gcc/pic32mx/4.5.1/../../../../pic32mx/lib/libmchp_peripheral_32MX795F512L.a(port_clear_bits_lib.o)
 .debug_pubnames
                0x00001b15       0x22 /home/opt/microchip/xc32/v1.00/bin/../lib/gcc/pic32mx/4.5.1/../../../../pic32mx/lib/libmchp_peripheral_32MX795F512L.a(port_set_bits_lib.o)
 .debug_pubnames
                0x00001b37       0xb1 /home/opt/microchip/xc32/v1.00/bin/../lib/gcc/pic32mx/4.5.1/../../../../pic32mx/lib/libmchp_peripheral_32MX795F512L.a(uart_lib.o)
 .debug_pubnames
                0x00001be8       0x2b /home/opt/microchip/xc32/v1.00/bin/../lib/gcc/pic32mx/4.5.1/../../../../pic32mx/lib/libmchp_peripheral_32MX795F512L.a(int_restore_interrupts_lib.o)

.debug_info     0x00000000    0x313ed
 *(.debug_info .gnu.linkonce.wi.*)
 .debug_info    0x00000000     0x18ef build/default/production/_ext/1360937237/main.o
 .debug_info    0x000018ef     0x1a64 build/default/production/_ext/464348676/Namespace_bcs_rpc.o
 .debug_info    0x00003353     0x1966 build/default/production/_ext/464348676/Bowler_RPC_Process.o
 .debug_info    0x00004cb9     0x18f7 build/default/production/_ext/464348676/AbstractPID.o
 .debug_info    0x000065b0     0x1258 build/default/production/_ext/464348676/Scheduler.o
 .debug_info    0x00007808     0x1c19 build/default/production/_ext/464348676/Namespace_bcs_core.o
 .debug_info    0x00009421     0x1761 build/default/production/_ext/464348676/Bowler_Transport.o
 .debug_info    0x0000ab82     0x1a4e build/default/production/_ext/464348676/Bowler_Server.o
 .debug_info    0x0000c5d0     0x1a2c build/default/production/_ext/464348676/FIFO.o
 .debug_info    0x0000dffc     0x1f08 build/default/production/_ext/464348676/Debug.o
 .debug_info    0x0000ff04     0x11bd build/default/production/_ext/464348676/Bowler_Stack_Callback.o
 .debug_info    0x000110c1     0x19f6 build/default/production/_ext/464348676/Namespace_bcs_pid.o
 .debug_info    0x00012ab7     0x191b build/default/production/_ext/464348676/Bowler_Helper.o
 .debug_info    0x000143d2     0x2ba2 build/default/production/_ext/1271783508/Bowler_UART_HAL.o
 .debug_info    0x00016f74     0x12af build/default/production/_ext/1271783508/Bowler_USB_HAL.o
 .debug_info    0x00018223     0x13cf build/default/production/_ext/1271783508/LED.o
 .debug_info    0x000195f2     0x16b7 build/default/production/_ext/1271783508/Tick.o
 .debug_info    0x0001aca9     0x12cf build/default/production/_ext/1271783508/Delay.o
 .debug_info    0x0001bf78     0x1b78 build/default/production/_ext/1271783508/HAL_P32.o
 .debug_info    0x0001daf0     0x1de3 build/default/production/_ext/1271783508/ADC.o
 .debug_info    0x0001f8d3     0x1b87 build/default/production/_ext/1271783508/UART.o
 .debug_info    0x0002145a     0x184f build/default/production/_ext/1271783508/FlashStorage.o
 .debug_info    0x00022ca9     0x11bc build/default/production/_ext/161057953/usb_interrupt.o
 .debug_info    0x00023e65     0x4072 build/default/production/_ext/161057953/usb_device.o
 .debug_info    0x00027ed7     0x1d4e build/default/production/_ext/161057953/usb_fifo.o
 .debug_info    0x00029c25     0x18e4 build/default/production/_ext/161057953/usb_descriptors.o
 .debug_info    0x0002b509     0x1ea8 build/default/production/_ext/161057953/usb_callback.o
 .debug_info    0x0002d3b1     0x2f36 build/default/production/_ext/161057953/usb_function_cdc.o
 .debug_info    0x000302e7      0x146 /home/opt/microchip/xc32/v1.00/bin/../lib/gcc/pic32mx/4.5.1/libgcc.a(floatunsisf.o)
 .debug_info    0x0003042d       0xcb /home/opt/microchip/xc32/v1.00/bin/../lib/gcc/pic32mx/4.5.1/../../../../pic32mx/lib/libc.a(default-bootstrap-exception-handler.o)
 .debug_info    0x000304f8       0xa5 /home/opt/microchip/xc32/v1.00/bin/../lib/gcc/pic32mx/4.5.1/../../../../pic32mx/lib/libc.a(default-on-reset.o)
 .debug_info    0x0003059d       0xad /home/opt/microchip/xc32/v1.00/bin/../lib/gcc/pic32mx/4.5.1/../../../../pic32mx/lib/libc.a(default-on-bootstrap.o)
 .debug_info    0x0003064a       0xc9 /home/opt/microchip/xc32/v1.00/bin/../lib/gcc/pic32mx/4.5.1/../../../../pic32mx/lib/libmchp_peripheral_32MX795F512L.a(int_enable_interrupts_lib.o)
 .debug_info    0x00030713       0xcb /home/opt/microchip/xc32/v1.00/bin/../lib/gcc/pic32mx/4.5.1/../../../../pic32mx/lib/libmchp_peripheral_32MX795F512L.a(int_disable_interrupts_lib.o)
 .debug_info    0x000307de       0xd1 /home/opt/microchip/xc32/v1.00/bin/../lib/gcc/pic32mx/4.5.1/../../../../pic32mx/lib/libmchp_peripheral_32MX795F512L.a(int_enable_mv_int_lib.o)
 .debug_info    0x000308af      0x1ab /home/opt/microchip/xc32/v1.00/bin/../lib/gcc/pic32mx/4.5.1/../../../../pic32mx/lib/libmchp_peripheral_32MX795F512L.a(int_tbl_lib.o)
 .debug_info    0x00030a5a       0xe4 /home/opt/microchip/xc32/v1.00/bin/../lib/gcc/pic32mx/4.5.1/../../../../pic32mx/lib/libmchp_peripheral_32MX795F512L.a(spi_chn_getc_lib.o)
 .debug_info    0x00030b3e      0x100 /home/opt/microchip/xc32/v1.00/bin/../lib/gcc/pic32mx/4.5.1/../../../../pic32mx/lib/libmchp_peripheral_32MX795F512L.a(spi_chn_putc_lib.o)
 .debug_info    0x00030c3e        0x0 /home/opt/microchip/xc32/v1.00/bin/../lib/gcc/pic32mx/4.5.1/../../../../pic32mx/lib/libmchp_peripheral_32MX795F512L.a(spi_map_tbl_libp.o)
 .debug_info    0x00030c3e       0xbd /home/opt/microchip/xc32/v1.00/bin/../lib/gcc/pic32mx/4.5.1/../../../../pic32mx/lib/libmchp_peripheral_32MX795F512L.a(spi_open_spi2_lib_legacy.o)
 .debug_info    0x00030cfb        0x0 /home/opt/microchip/xc32/v1.00/bin/../lib/gcc/pic32mx/4.5.1/../../../../pic32mx/lib/libmchp_peripheral_32MX795F512L.a(spi_brg_tbl_lib_legacy.o)
 .debug_info    0x00030cfb       0xbb /home/opt/microchip/xc32/v1.00/bin/../lib/gcc/pic32mx/4.5.1/../../../../pic32mx/lib/libmchp_peripheral_32MX795F512L.a(nvm_erase_page_lib.o)
 .debug_info    0x00030db6       0xdc /home/opt/microchip/xc32/v1.00/bin/../lib/gcc/pic32mx/4.5.1/../../../../pic32mx/lib/libmchp_peripheral_32MX795F512L.a(nvm_operation_lib.o)
 .debug_info    0x00030e92       0xbb /home/opt/microchip/xc32/v1.00/bin/../lib/gcc/pic32mx/4.5.1/../../../../pic32mx/lib/libmchp_peripheral_32MX795F512L.a(nvm_write_word_lib.o)
 .debug_info    0x00030f4d       0xd1 /home/opt/microchip/xc32/v1.00/bin/../lib/gcc/pic32mx/4.5.1/../../../../pic32mx/lib/libmchp_peripheral_32MX795F512L.a(port_set_pins_digital_out_lib.o)
 .debug_info    0x0003101e       0xbf /home/opt/microchip/xc32/v1.00/bin/../lib/gcc/pic32mx/4.5.1/../../../../pic32mx/lib/libmchp_peripheral_32MX795F512L.a(port_clear_bits_lib.o)
 .debug_info    0x000310dd       0xbb /home/opt/microchip/xc32/v1.00/bin/../lib/gcc/pic32mx/4.5.1/../../../../pic32mx/lib/libmchp_peripheral_32MX795F512L.a(port_set_bits_lib.o)
 .debug_info    0x00031198        0x0 /home/opt/microchip/xc32/v1.00/bin/../lib/gcc/pic32mx/4.5.1/../../../../pic32mx/lib/libmchp_peripheral_32MX795F512L.a(_ports_tbl_libp.o)
 .debug_info    0x00031198      0x18a /home/opt/microchip/xc32/v1.00/bin/../lib/gcc/pic32mx/4.5.1/../../../../pic32mx/lib/libmchp_peripheral_32MX795F512L.a(uart_lib.o)
 .debug_info    0x00031322       0xcb /home/opt/microchip/xc32/v1.00/bin/../lib/gcc/pic32mx/4.5.1/../../../../pic32mx/lib/libmchp_peripheral_32MX795F512L.a(int_restore_interrupts_lib.o)

.debug_abbrev   0x00000000     0x4114
 *(.debug_abbrev)
 .debug_abbrev  0x00000000      0x240 build/default/production/_ext/1360937237/main.o
 .debug_abbrev  0x00000240      0x251 build/default/production/_ext/464348676/Namespace_bcs_rpc.o
 .debug_abbrev  0x00000491      0x256 build/default/production/_ext/464348676/Bowler_RPC_Process.o
 .debug_abbrev  0x000006e7      0x282 build/default/production/_ext/464348676/AbstractPID.o
 .debug_abbrev  0x00000969      0x1ac build/default/production/_ext/464348676/Scheduler.o
 .debug_abbrev  0x00000b15      0x2a8 build/default/production/_ext/464348676/Namespace_bcs_core.o
 .debug_abbrev  0x00000dbd      0x244 build/default/production/_ext/464348676/Bowler_Transport.o
 .debug_abbrev  0x00001001      0x28b build/default/production/_ext/464348676/Bowler_Server.o
 .debug_abbrev  0x0000128c      0x24c build/default/production/_ext/464348676/FIFO.o
 .debug_abbrev  0x000014d8      0x2b0 build/default/production/_ext/464348676/Debug.o
 .debug_abbrev  0x00001788      0x166 build/default/production/_ext/464348676/Bowler_Stack_Callback.o
 .debug_abbrev  0x000018ee      0x242 build/default/production/_ext/464348676/Namespace_bcs_pid.o
 .debug_abbrev  0x00001b30      0x23d build/default/production/_ext/464348676/Bowler_Helper.o
 .debug_abbrev  0x00001d6d      0x279 build/default/production/_ext/1271783508/Bowler_UART_HAL.o
 .debug_abbrev  0x00001fe6      0x1d4 build/default/production/_ext/1271783508/Bowler_USB_HAL.o
 .debug_abbrev  0x000021ba      0x1b7 build/default/production/_ext/1271783508/LED.o
 .debug_abbrev  0x00002371      0x20b build/default/production/_ext/1271783508/Tick.o
 .debug_abbrev  0x0000257c      0x1b0 build/default/production/_ext/1271783508/Delay.o
 .debug_abbrev  0x0000272c      0x2b6 build/default/production/_ext/1271783508/HAL_P32.o
 .debug_abbrev  0x000029e2      0x1db build/default/production/_ext/1271783508/ADC.o
 .debug_abbrev  0x00002bbd      0x231 build/default/production/_ext/1271783508/UART.o
 .debug_abbrev  0x00002dee      0x20f build/default/production/_ext/1271783508/FlashStorage.o
 .debug_abbrev  0x00002ffd      0x166 build/default/production/_ext/161057953/usb_interrupt.o
 .debug_abbrev  0x00003163      0x2c0 build/default/production/_ext/161057953/usb_device.o
 .debug_abbrev  0x00003423      0x289 build/default/production/_ext/161057953/usb_fifo.o
 .debug_abbrev  0x000036ac      0x209 build/default/production/_ext/161057953/usb_descriptors.o
 .debug_abbrev  0x000038b5      0x23e build/default/production/_ext/161057953/usb_callback.o
 .debug_abbrev  0x00003af3      0x2e3 build/default/production/_ext/161057953/usb_function_cdc.o
 .debug_abbrev  0x00003dd6       0x61 /home/opt/microchip/xc32/v1.00/bin/../lib/gcc/pic32mx/4.5.1/libgcc.a(floatunsisf.o)
 .debug_abbrev  0x00003e37       0x25 /home/opt/microchip/xc32/v1.00/bin/../lib/gcc/pic32mx/4.5.1/../../../../pic32mx/lib/libc.a(default-bootstrap-exception-handler.o)
 .debug_abbrev  0x00003e5c       0x25 /home/opt/microchip/xc32/v1.00/bin/../lib/gcc/pic32mx/4.5.1/../../../../pic32mx/lib/libc.a(default-on-reset.o)
 .debug_abbrev  0x00003e81       0x25 /home/opt/microchip/xc32/v1.00/bin/../lib/gcc/pic32mx/4.5.1/../../../../pic32mx/lib/libc.a(default-on-bootstrap.o)
 .debug_abbrev  0x00003ea6       0x25 /home/opt/microchip/xc32/v1.00/bin/../lib/gcc/pic32mx/4.5.1/../../../../pic32mx/lib/libmchp_peripheral_32MX795F512L.a(int_enable_interrupts_lib.o)
 .debug_abbrev  0x00003ecb       0x25 /home/opt/microchip/xc32/v1.00/bin/../lib/gcc/pic32mx/4.5.1/../../../../pic32mx/lib/libmchp_peripheral_32MX795F512L.a(int_disable_interrupts_lib.o)
 .debug_abbrev  0x00003ef0       0x25 /home/opt/microchip/xc32/v1.00/bin/../lib/gcc/pic32mx/4.5.1/../../../../pic32mx/lib/libmchp_peripheral_32MX795F512L.a(int_enable_mv_int_lib.o)
 .debug_abbrev  0x00003f15       0x25 /home/opt/microchip/xc32/v1.00/bin/../lib/gcc/pic32mx/4.5.1/../../../../pic32mx/lib/libmchp_peripheral_32MX795F512L.a(int_tbl_lib.o)
 .debug_abbrev  0x00003f3a       0x34 /home/opt/microchip/xc32/v1.00/bin/../lib/gcc/pic32mx/4.5.1/../../../../pic32mx/lib/libmchp_peripheral_32MX795F512L.a(spi_chn_getc_lib.o)
 .debug_abbrev  0x00003f6e       0x34 /home/opt/microchip/xc32/v1.00/bin/../lib/gcc/pic32mx/4.5.1/../../../../pic32mx/lib/libmchp_peripheral_32MX795F512L.a(spi_chn_putc_lib.o)
 .debug_abbrev  0x00003fa2        0x1 /home/opt/microchip/xc32/v1.00/bin/../lib/gcc/pic32mx/4.5.1/../../../../pic32mx/lib/libmchp_peripheral_32MX795F512L.a(spi_map_tbl_libp.o)
 .debug_abbrev  0x00003fa3       0x25 /home/opt/microchip/xc32/v1.00/bin/../lib/gcc/pic32mx/4.5.1/../../../../pic32mx/lib/libmchp_peripheral_32MX795F512L.a(spi_open_spi2_lib_legacy.o)
 .debug_abbrev  0x00003fc8        0x1 /home/opt/microchip/xc32/v1.00/bin/../lib/gcc/pic32mx/4.5.1/../../../../pic32mx/lib/libmchp_peripheral_32MX795F512L.a(spi_brg_tbl_lib_legacy.o)
 .debug_abbrev  0x00003fc9       0x25 /home/opt/microchip/xc32/v1.00/bin/../lib/gcc/pic32mx/4.5.1/../../../../pic32mx/lib/libmchp_peripheral_32MX795F512L.a(nvm_erase_page_lib.o)
 .debug_abbrev  0x00003fee       0x34 /home/opt/microchip/xc32/v1.00/bin/../lib/gcc/pic32mx/4.5.1/../../../../pic32mx/lib/libmchp_peripheral_32MX795F512L.a(nvm_operation_lib.o)
 .debug_abbrev  0x00004022       0x25 /home/opt/microchip/xc32/v1.00/bin/../lib/gcc/pic32mx/4.5.1/../../../../pic32mx/lib/libmchp_peripheral_32MX795F512L.a(nvm_write_word_lib.o)
 .debug_abbrev  0x00004047       0x25 /home/opt/microchip/xc32/v1.00/bin/../lib/gcc/pic32mx/4.5.1/../../../../pic32mx/lib/libmchp_peripheral_32MX795F512L.a(port_set_pins_digital_out_lib.o)
 .debug_abbrev  0x0000406c       0x25 /home/opt/microchip/xc32/v1.00/bin/../lib/gcc/pic32mx/4.5.1/../../../../pic32mx/lib/libmchp_peripheral_32MX795F512L.a(port_clear_bits_lib.o)
 .debug_abbrev  0x00004091       0x25 /home/opt/microchip/xc32/v1.00/bin/../lib/gcc/pic32mx/4.5.1/../../../../pic32mx/lib/libmchp_peripheral_32MX795F512L.a(port_set_bits_lib.o)
 .debug_abbrev  0x000040b6        0x1 /home/opt/microchip/xc32/v1.00/bin/../lib/gcc/pic32mx/4.5.1/../../../../pic32mx/lib/libmchp_peripheral_32MX795F512L.a(_ports_tbl_libp.o)
 .debug_abbrev  0x000040b7       0x38 /home/opt/microchip/xc32/v1.00/bin/../lib/gcc/pic32mx/4.5.1/../../../../pic32mx/lib/libmchp_peripheral_32MX795F512L.a(uart_lib.o)
 .debug_abbrev  0x000040ef       0x25 /home/opt/microchip/xc32/v1.00/bin/../lib/gcc/pic32mx/4.5.1/../../../../pic32mx/lib/libmchp_peripheral_32MX795F512L.a(int_restore_interrupts_lib.o)

.debug_line     0x00000000     0x5b6c
 *(.debug_line)
 .debug_line    0x00000000      0x1f9 build/default/production/_ext/1360937237/main.o
 .debug_line    0x000001f9      0x2c1 build/default/production/_ext/464348676/Namespace_bcs_rpc.o
 .debug_line    0x000004ba      0x2a4 build/default/production/_ext/464348676/Bowler_RPC_Process.o
 .debug_line    0x0000075e      0x4fa build/default/production/_ext/464348676/AbstractPID.o
 .debug_line    0x00000c58      0x1eb build/default/production/_ext/464348676/Scheduler.o
 .debug_line    0x00000e43      0x32c build/default/production/_ext/464348676/Namespace_bcs_core.o
 .debug_line    0x0000116f      0x28c build/default/production/_ext/464348676/Bowler_Transport.o
 .debug_line    0x000013fb      0x2b5 build/default/production/_ext/464348676/Bowler_Server.o
 .debug_line    0x000016b0      0x2e4 build/default/production/_ext/464348676/FIFO.o
 .debug_line    0x00001994      0x3e0 build/default/production/_ext/464348676/Debug.o
 .debug_line    0x00001d74      0x15c build/default/production/_ext/464348676/Bowler_Stack_Callback.o
 .debug_line    0x00001ed0      0x281 build/default/production/_ext/464348676/Namespace_bcs_pid.o
 .debug_line    0x00002151      0x29e build/default/production/_ext/464348676/Bowler_Helper.o
 .debug_line    0x000023ef      0x33b build/default/production/_ext/1271783508/Bowler_UART_HAL.o
 .debug_line    0x0000272a      0x246 build/default/production/_ext/1271783508/Bowler_USB_HAL.o
 .debug_line    0x00002970      0x258 build/default/production/_ext/1271783508/LED.o
 .debug_line    0x00002bc8      0x2d1 build/default/production/_ext/1271783508/Tick.o
 .debug_line    0x00002e99      0x251 build/default/production/_ext/1271783508/Delay.o
 .debug_line    0x000030ea      0x3b7 build/default/production/_ext/1271783508/HAL_P32.o
 .debug_line    0x000034a1      0x28a build/default/production/_ext/1271783508/ADC.o
 .debug_line    0x0000372b      0x290 build/default/production/_ext/1271783508/UART.o
 .debug_line    0x000039bb      0x339 build/default/production/_ext/1271783508/FlashStorage.o
 .debug_line    0x00003cf4      0x15c build/default/production/_ext/161057953/usb_interrupt.o
 .debug_line    0x00003e50      0x6c5 build/default/production/_ext/161057953/usb_device.o
 .debug_line    0x00004515      0x3a8 build/default/production/_ext/161057953/usb_fifo.o
 .debug_line    0x000048bd      0x2e8 build/default/production/_ext/161057953/usb_descriptors.o
 .debug_line    0x00004ba5      0x329 build/default/production/_ext/161057953/usb_callback.o
 .debug_line    0x00004ece      0x3dd build/default/production/_ext/161057953/usb_function_cdc.o
 .debug_line    0x000052ab       0x6d /home/opt/microchip/xc32/v1.00/bin/../lib/gcc/pic32mx/4.5.1/libgcc.a(floatunsisf.o)
 .debug_line    0x00005318       0x89 /home/opt/microchip/xc32/v1.00/bin/../lib/gcc/pic32mx/4.5.1/../../../../pic32mx/lib/libc.a(default-bootstrap-exception-handler.o)
 .debug_line    0x000053a1       0x76 /home/opt/microchip/xc32/v1.00/bin/../lib/gcc/pic32mx/4.5.1/../../../../pic32mx/lib/libc.a(default-on-reset.o)
 .debug_line    0x00005417       0x7a /home/opt/microchip/xc32/v1.00/bin/../lib/gcc/pic32mx/4.5.1/../../../../pic32mx/lib/libc.a(default-on-bootstrap.o)
 .debug_line    0x00005491       0x72 /home/opt/microchip/xc32/v1.00/bin/../lib/gcc/pic32mx/4.5.1/../../../../pic32mx/lib/libmchp_peripheral_32MX795F512L.a(int_enable_interrupts_lib.o)
 .debug_line    0x00005503       0x73 /home/opt/microchip/xc32/v1.00/bin/../lib/gcc/pic32mx/4.5.1/../../../../pic32mx/lib/libmchp_peripheral_32MX795F512L.a(int_disable_interrupts_lib.o)
 .debug_line    0x00005576       0x6e /home/opt/microchip/xc32/v1.00/bin/../lib/gcc/pic32mx/4.5.1/../../../../pic32mx/lib/libmchp_peripheral_32MX795F512L.a(int_enable_mv_int_lib.o)
 .debug_line    0x000055e4       0x64 /home/opt/microchip/xc32/v1.00/bin/../lib/gcc/pic32mx/4.5.1/../../../../pic32mx/lib/libmchp_peripheral_32MX795F512L.a(int_tbl_lib.o)
 .debug_line    0x00005648       0x7b /home/opt/microchip/xc32/v1.00/bin/../lib/gcc/pic32mx/4.5.1/../../../../pic32mx/lib/libmchp_peripheral_32MX795F512L.a(spi_chn_getc_lib.o)
 .debug_line    0x000056c3       0x7b /home/opt/microchip/xc32/v1.00/bin/../lib/gcc/pic32mx/4.5.1/../../../../pic32mx/lib/libmchp_peripheral_32MX795F512L.a(spi_chn_putc_lib.o)
 .debug_line    0x0000573e        0x0 /home/opt/microchip/xc32/v1.00/bin/../lib/gcc/pic32mx/4.5.1/../../../../pic32mx/lib/libmchp_peripheral_32MX795F512L.a(spi_map_tbl_libp.o)
 .debug_line    0x0000573e       0x71 /home/opt/microchip/xc32/v1.00/bin/../lib/gcc/pic32mx/4.5.1/../../../../pic32mx/lib/libmchp_peripheral_32MX795F512L.a(spi_open_spi2_lib_legacy.o)
 .debug_line    0x000057af        0x0 /home/opt/microchip/xc32/v1.00/bin/../lib/gcc/pic32mx/4.5.1/../../../../pic32mx/lib/libmchp_peripheral_32MX795F512L.a(spi_brg_tbl_lib_legacy.o)
 .debug_line    0x000057af       0x6b /home/opt/microchip/xc32/v1.00/bin/../lib/gcc/pic32mx/4.5.1/../../../../pic32mx/lib/libmchp_peripheral_32MX795F512L.a(nvm_erase_page_lib.o)
 .debug_line    0x0000581a       0xc0 /home/opt/microchip/xc32/v1.00/bin/../lib/gcc/pic32mx/4.5.1/../../../../pic32mx/lib/libmchp_peripheral_32MX795F512L.a(nvm_operation_lib.o)
 .debug_line    0x000058da       0x6b /home/opt/microchip/xc32/v1.00/bin/../lib/gcc/pic32mx/4.5.1/../../../../pic32mx/lib/libmchp_peripheral_32MX795F512L.a(nvm_write_word_lib.o)
 .debug_line    0x00005945       0x78 /home/opt/microchip/xc32/v1.00/bin/../lib/gcc/pic32mx/4.5.1/../../../../pic32mx/lib/libmchp_peripheral_32MX795F512L.a(port_set_pins_digital_out_lib.o)
 .debug_line    0x000059bd       0x6e /home/opt/microchip/xc32/v1.00/bin/../lib/gcc/pic32mx/4.5.1/../../../../pic32mx/lib/libmchp_peripheral_32MX795F512L.a(port_clear_bits_lib.o)
 .debug_line    0x00005a2b       0x6c /home/opt/microchip/xc32/v1.00/bin/../lib/gcc/pic32mx/4.5.1/../../../../pic32mx/lib/libmchp_peripheral_32MX795F512L.a(port_set_bits_lib.o)
 .debug_line    0x00005a97        0x0 /home/opt/microchip/xc32/v1.00/bin/../lib/gcc/pic32mx/4.5.1/../../../../pic32mx/lib/libmchp_peripheral_32MX795F512L.a(_ports_tbl_libp.o)
 .debug_line    0x00005a97       0x62 /home/opt/microchip/xc32/v1.00/bin/../lib/gcc/pic32mx/4.5.1/../../../../pic32mx/lib/libmchp_peripheral_32MX795F512L.a(uart_lib.o)
 .debug_line    0x00005af9       0x73 /home/opt/microchip/xc32/v1.00/bin/../lib/gcc/pic32mx/4.5.1/../../../../pic32mx/lib/libmchp_peripheral_32MX795F512L.a(int_restore_interrupts_lib.o)

.debug_frame    0x00000000     0x2038
 *(.debug_frame)
 .debug_frame   0x00000000       0xbc build/default/production/_ext/1360937237/main.o
 .debug_frame   0x000000bc       0x64 build/default/production/_ext/464348676/Namespace_bcs_rpc.o
 .debug_frame   0x00000120       0x4c build/default/production/_ext/464348676/Bowler_RPC_Process.o
 .debug_frame   0x0000016c      0x468 build/default/production/_ext/464348676/AbstractPID.o
 .debug_frame   0x000005d4       0x30 build/default/production/_ext/464348676/Scheduler.o
 .debug_frame   0x00000604      0x148 build/default/production/_ext/464348676/Namespace_bcs_core.o
 .debug_frame   0x0000074c       0xf4 build/default/production/_ext/464348676/Bowler_Transport.o
 .debug_frame   0x00000840       0x88 build/default/production/_ext/464348676/Bowler_Server.o
 .debug_frame   0x000008c8      0x1f4 build/default/production/_ext/464348676/FIFO.o
 .debug_frame   0x00000abc      0x208 build/default/production/_ext/464348676/Debug.o
 .debug_frame   0x00000cc4       0x48 build/default/production/_ext/464348676/Namespace_bcs_pid.o
 .debug_frame   0x00000d0c      0x1bc build/default/production/_ext/464348676/Bowler_Helper.o
 .debug_frame   0x00000ec8      0x148 build/default/production/_ext/1271783508/Bowler_UART_HAL.o
 .debug_frame   0x00001010       0x64 build/default/production/_ext/1271783508/Bowler_USB_HAL.o
 .debug_frame   0x00001074       0x9c build/default/production/_ext/1271783508/LED.o
 .debug_frame   0x00001110       0xdc build/default/production/_ext/1271783508/Tick.o
 .debug_frame   0x000011ec       0x9c build/default/production/_ext/1271783508/Delay.o
 .debug_frame   0x00001288      0x144 build/default/production/_ext/1271783508/HAL_P32.o
 .debug_frame   0x000013cc       0x64 build/default/production/_ext/1271783508/ADC.o
 .debug_frame   0x00001430       0x48 build/default/production/_ext/1271783508/UART.o
 .debug_frame   0x00001478      0x128 build/default/production/_ext/1271783508/FlashStorage.o
 .debug_frame   0x000015a0      0x310 build/default/production/_ext/161057953/usb_device.o
 .debug_frame   0x000018b0      0x164 build/default/production/_ext/161057953/usb_fifo.o
 .debug_frame   0x00001a14       0x64 build/default/production/_ext/161057953/usb_descriptors.o
 .debug_frame   0x00001a78      0x128 build/default/production/_ext/161057953/usb_callback.o
 .debug_frame   0x00001ba0       0xf0 build/default/production/_ext/161057953/usb_function_cdc.o
 .debug_frame   0x00001c90       0x28 /home/opt/microchip/xc32/v1.00/bin/../lib/gcc/pic32mx/4.5.1/libgcc.a(floatunsisf.o)
 .debug_frame   0x00001cb8       0x20 /home/opt/microchip/xc32/v1.00/bin/../lib/gcc/pic32mx/4.5.1/../../../../pic32mx/lib/libc.a(default-bootstrap-exception-handler.o)
 .debug_frame   0x00001cd8       0x20 /home/opt/microchip/xc32/v1.00/bin/../lib/gcc/pic32mx/4.5.1/../../../../pic32mx/lib/libc.a(default-on-reset.o)
 .debug_frame   0x00001cf8       0x20 /home/opt/microchip/xc32/v1.00/bin/../lib/gcc/pic32mx/4.5.1/../../../../pic32mx/lib/libc.a(default-on-bootstrap.o)
 .debug_frame   0x00001d18       0x20 /home/opt/microchip/xc32/v1.00/bin/../lib/gcc/pic32mx/4.5.1/../../../../pic32mx/lib/libmchp_peripheral_32MX795F512L.a(int_enable_interrupts_lib.o)
 .debug_frame   0x00001d38       0x20 /home/opt/microchip/xc32/v1.00/bin/../lib/gcc/pic32mx/4.5.1/../../../../pic32mx/lib/libmchp_peripheral_32MX795F512L.a(int_disable_interrupts_lib.o)
 .debug_frame   0x00001d58       0x28 /home/opt/microchip/xc32/v1.00/bin/../lib/gcc/pic32mx/4.5.1/../../../../pic32mx/lib/libmchp_peripheral_32MX795F512L.a(int_enable_mv_int_lib.o)
 .debug_frame   0x00001d80       0xa0 /home/opt/microchip/xc32/v1.00/bin/../lib/gcc/pic32mx/4.5.1/../../../../pic32mx/lib/libmchp_peripheral_32MX795F512L.a(int_tbl_lib.o)
 .debug_frame   0x00001e20       0x30 /home/opt/microchip/xc32/v1.00/bin/../lib/gcc/pic32mx/4.5.1/../../../../pic32mx/lib/libmchp_peripheral_32MX795F512L.a(spi_chn_getc_lib.o)
 .debug_frame   0x00001e50       0x40 /home/opt/microchip/xc32/v1.00/bin/../lib/gcc/pic32mx/4.5.1/../../../../pic32mx/lib/libmchp_peripheral_32MX795F512L.a(spi_chn_putc_lib.o)
 .debug_frame   0x00001e90       0x20 /home/opt/microchip/xc32/v1.00/bin/../lib/gcc/pic32mx/4.5.1/../../../../pic32mx/lib/libmchp_peripheral_32MX795F512L.a(spi_open_spi2_lib_legacy.o)
 .debug_frame   0x00001eb0       0x28 /home/opt/microchip/xc32/v1.00/bin/../lib/gcc/pic32mx/4.5.1/../../../../pic32mx/lib/libmchp_peripheral_32MX795F512L.a(nvm_erase_page_lib.o)
 .debug_frame   0x00001ed8       0x28 /home/opt/microchip/xc32/v1.00/bin/../lib/gcc/pic32mx/4.5.1/../../../../pic32mx/lib/libmchp_peripheral_32MX795F512L.a(nvm_operation_lib.o)
 .debug_frame   0x00001f00       0x28 /home/opt/microchip/xc32/v1.00/bin/../lib/gcc/pic32mx/4.5.1/../../../../pic32mx/lib/libmchp_peripheral_32MX795F512L.a(nvm_write_word_lib.o)
 .debug_frame   0x00001f28       0x20 /home/opt/microchip/xc32/v1.00/bin/../lib/gcc/pic32mx/4.5.1/../../../../pic32mx/lib/libmchp_peripheral_32MX795F512L.a(port_set_pins_digital_out_lib.o)
 .debug_frame   0x00001f48       0x20 /home/opt/microchip/xc32/v1.00/bin/../lib/gcc/pic32mx/4.5.1/../../../../pic32mx/lib/libmchp_peripheral_32MX795F512L.a(port_clear_bits_lib.o)
 .debug_frame   0x00001f68       0x20 /home/opt/microchip/xc32/v1.00/bin/../lib/gcc/pic32mx/4.5.1/../../../../pic32mx/lib/libmchp_peripheral_32MX795F512L.a(port_set_bits_lib.o)
 .debug_frame   0x00001f88       0x90 /home/opt/microchip/xc32/v1.00/bin/../lib/gcc/pic32mx/4.5.1/../../../../pic32mx/lib/libmchp_peripheral_32MX795F512L.a(uart_lib.o)
 .debug_frame   0x00002018       0x20 /home/opt/microchip/xc32/v1.00/bin/../lib/gcc/pic32mx/4.5.1/../../../../pic32mx/lib/libmchp_peripheral_32MX795F512L.a(int_restore_interrupts_lib.o)

.debug_str      0x00000000     0x258f
 *(.debug_str)
 .debug_str     0x00000000      0x153 build/default/production/_ext/1360937237/main.o
 .debug_str     0x00000153      0x138 build/default/production/_ext/464348676/Namespace_bcs_rpc.o
 .debug_str     0x0000028b      0x12f build/default/production/_ext/464348676/Bowler_RPC_Process.o
 .debug_str     0x000003ba       0xdb build/default/production/_ext/464348676/AbstractPID.o
 .debug_str     0x00000495      0x12f build/default/production/_ext/464348676/Scheduler.o
 .debug_str     0x000005c4      0x156 build/default/production/_ext/464348676/Namespace_bcs_core.o
 .debug_str     0x0000071a      0x13b build/default/production/_ext/464348676/Bowler_Transport.o
 .debug_str     0x00000855      0x140 build/default/production/_ext/464348676/Bowler_Server.o
 .debug_str     0x00000995      0x173 build/default/production/_ext/464348676/FIFO.o
 .debug_str     0x00000b08      0x153 build/default/production/_ext/464348676/Debug.o
 .debug_str     0x00000c5b      0x12f build/default/production/_ext/464348676/Bowler_Stack_Callback.o
 .debug_str     0x00000d8a      0x12f build/default/production/_ext/464348676/Namespace_bcs_pid.o
 .debug_str     0x00000eb9      0x136 build/default/production/_ext/464348676/Bowler_Helper.o
 .debug_str     0x00000fef      0x14d build/default/production/_ext/1271783508/Bowler_UART_HAL.o
 .debug_str     0x0000113c      0x12f build/default/production/_ext/1271783508/Bowler_USB_HAL.o
 .debug_str     0x0000126b      0x12f build/default/production/_ext/1271783508/LED.o
 .debug_str     0x0000139a      0x138 build/default/production/_ext/1271783508/Tick.o
 .debug_str     0x000014d2      0x12f build/default/production/_ext/1271783508/Delay.o
 .debug_str     0x00001601      0x136 build/default/production/_ext/1271783508/HAL_P32.o
 .debug_str     0x00001737      0x1ac build/default/production/_ext/1271783508/ADC.o
 .debug_str     0x000018e3      0x12f build/default/production/_ext/1271783508/UART.o
 .debug_str     0x00001a12      0x12f build/default/production/_ext/1271783508/FlashStorage.o
 .debug_str     0x00001b41      0x12f build/default/production/_ext/161057953/usb_interrupt.o
 .debug_str     0x00001c70      0x2f8 build/default/production/_ext/161057953/usb_device.o
 .debug_str     0x00001f68      0x167 build/default/production/_ext/161057953/usb_fifo.o
 .debug_str     0x000020cf      0x164 build/default/production/_ext/161057953/usb_descriptors.o
 .debug_str     0x00002233      0x144 build/default/production/_ext/161057953/usb_callback.o
 .debug_str     0x00002377      0x218 build/default/production/_ext/161057953/usb_function_cdc.o
 .debug_str     0x0000258f        0x0 /home/opt/microchip/xc32/v1.00/bin/../lib/gcc/pic32mx/4.5.1/libgcc.a(floatunsisf.o)
 .debug_str     0x0000258f        0x0 /home/opt/microchip/xc32/v1.00/bin/../lib/gcc/pic32mx/4.5.1/../../../../pic32mx/lib/libc.a(default-bootstrap-exception-handler.o)
 .debug_str     0x0000258f        0x0 /home/opt/microchip/xc32/v1.00/bin/../lib/gcc/pic32mx/4.5.1/../../../../pic32mx/lib/libc.a(default-on-reset.o)
 .debug_str     0x0000258f        0x0 /home/opt/microchip/xc32/v1.00/bin/../lib/gcc/pic32mx/4.5.1/../../../../pic32mx/lib/libc.a(default-on-bootstrap.o)
 .debug_str     0x0000258f        0x0 /home/opt/microchip/xc32/v1.00/bin/../lib/gcc/pic32mx/4.5.1/../../../../pic32mx/lib/libmchp_peripheral_32MX795F512L.a(int_enable_interrupts_lib.o)
 .debug_str     0x0000258f        0x0 /home/opt/microchip/xc32/v1.00/bin/../lib/gcc/pic32mx/4.5.1/../../../../pic32mx/lib/libmchp_peripheral_32MX795F512L.a(int_disable_interrupts_lib.o)
 .debug_str     0x0000258f        0x0 /home/opt/microchip/xc32/v1.00/bin/../lib/gcc/pic32mx/4.5.1/../../../../pic32mx/lib/libmchp_peripheral_32MX795F512L.a(int_enable_mv_int_lib.o)
 .debug_str     0x0000258f        0x0 /home/opt/microchip/xc32/v1.00/bin/../lib/gcc/pic32mx/4.5.1/../../../../pic32mx/lib/libmchp_peripheral_32MX795F512L.a(int_tbl_lib.o)
 .debug_str     0x0000258f        0x0 /home/opt/microchip/xc32/v1.00/bin/../lib/gcc/pic32mx/4.5.1/../../../../pic32mx/lib/libmchp_peripheral_32MX795F512L.a(spi_chn_getc_lib.o)
 .debug_str     0x0000258f        0x0 /home/opt/microchip/xc32/v1.00/bin/../lib/gcc/pic32mx/4.5.1/../../../../pic32mx/lib/libmchp_peripheral_32MX795F512L.a(spi_chn_putc_lib.o)
 .debug_str     0x0000258f        0x0 /home/opt/microchip/xc32/v1.00/bin/../lib/gcc/pic32mx/4.5.1/../../../../pic32mx/lib/libmchp_peripheral_32MX795F512L.a(spi_map_tbl_libp.o)
 .debug_str     0x0000258f        0x0 /home/opt/microchip/xc32/v1.00/bin/../lib/gcc/pic32mx/4.5.1/../../../../pic32mx/lib/libmchp_peripheral_32MX795F512L.a(spi_open_spi2_lib_legacy.o)
 .debug_str     0x0000258f        0x0 /home/opt/microchip/xc32/v1.00/bin/../lib/gcc/pic32mx/4.5.1/../../../../pic32mx/lib/libmchp_peripheral_32MX795F512L.a(spi_brg_tbl_lib_legacy.o)
 .debug_str     0x0000258f        0x0 /home/opt/microchip/xc32/v1.00/bin/../lib/gcc/pic32mx/4.5.1/../../../../pic32mx/lib/libmchp_peripheral_32MX795F512L.a(nvm_erase_page_lib.o)
 .debug_str     0x0000258f        0x0 /home/opt/microchip/xc32/v1.00/bin/../lib/gcc/pic32mx/4.5.1/../../../../pic32mx/lib/libmchp_peripheral_32MX795F512L.a(nvm_operation_lib.o)
 .debug_str     0x0000258f        0x0 /home/opt/microchip/xc32/v1.00/bin/../lib/gcc/pic32mx/4.5.1/../../../../pic32mx/lib/libmchp_peripheral_32MX795F512L.a(nvm_write_word_lib.o)
 .debug_str     0x0000258f        0x0 /home/opt/microchip/xc32/v1.00/bin/../lib/gcc/pic32mx/4.5.1/../../../../pic32mx/lib/libmchp_peripheral_32MX795F512L.a(port_set_pins_digital_out_lib.o)
 .debug_str     0x0000258f        0x0 /home/opt/microchip/xc32/v1.00/bin/../lib/gcc/pic32mx/4.5.1/../../../../pic32mx/lib/libmchp_peripheral_32MX795F512L.a(port_clear_bits_lib.o)
 .debug_str     0x0000258f        0x0 /home/opt/microchip/xc32/v1.00/bin/../lib/gcc/pic32mx/4.5.1/../../../../pic32mx/lib/libmchp_peripheral_32MX795F512L.a(port_set_bits_lib.o)
 .debug_str     0x0000258f        0x0 /home/opt/microchip/xc32/v1.00/bin/../lib/gcc/pic32mx/4.5.1/../../../../pic32mx/lib/libmchp_peripheral_32MX795F512L.a(_ports_tbl_libp.o)
 .debug_str     0x0000258f        0x0 /home/opt/microchip/xc32/v1.00/bin/../lib/gcc/pic32mx/4.5.1/../../../../pic32mx/lib/libmchp_peripheral_32MX795F512L.a(uart_lib.o)
 .debug_str     0x0000258f        0x0 /home/opt/microchip/xc32/v1.00/bin/../lib/gcc/pic32mx/4.5.1/../../../../pic32mx/lib/libmchp_peripheral_32MX795F512L.a(int_restore_interrupts_lib.o)

.debug_loc      0x00000000       0x5d
 *(.debug_loc)
 .debug_loc     0x00000000       0x5d /home/opt/microchip/xc32/v1.00/bin/../lib/gcc/pic32mx/4.5.1/libgcc.a(floatunsisf.o)

.debug_macinfo
 *(.debug_macinfo)

.debug_weaknames
 *(.debug_weaknames)

.debug_funcnames
 *(.debug_funcnames)

.debug_typenames
 *(.debug_typenames)

.debug_varnames
 *(.debug_varnames)

.debug_pubtypes
                0x00000000     0x2b7a
 *(.debug_pubtypes)
 .debug_pubtypes
                0x00000000      0x19c build/default/production/_ext/1360937237/main.o
 .debug_pubtypes
                0x0000019c      0x1f7 build/default/production/_ext/464348676/Namespace_bcs_rpc.o
 .debug_pubtypes
                0x00000393      0x1ea build/default/production/_ext/464348676/Bowler_RPC_Process.o
 .debug_pubtypes
                0x0000057d      0x18f build/default/production/_ext/464348676/AbstractPID.o
 .debug_pubtypes
                0x0000070c      0x107 build/default/production/_ext/464348676/Scheduler.o
 .debug_pubtypes
                0x00000813      0x1da build/default/production/_ext/464348676/Namespace_bcs_core.o
 .debug_pubtypes
                0x000009ed      0x1b6 build/default/production/_ext/464348676/Bowler_Transport.o
 .debug_pubtypes
                0x00000ba3      0x212 build/default/production/_ext/464348676/Bowler_Server.o
 .debug_pubtypes
                0x00000db5      0x1e2 build/default/production/_ext/464348676/FIFO.o
 .debug_pubtypes
                0x00000f97      0x199 build/default/production/_ext/464348676/Debug.o
 .debug_pubtypes
                0x00001130       0xe7 build/default/production/_ext/464348676/Bowler_Stack_Callback.o
 .debug_pubtypes
                0x00001217      0x1c9 build/default/production/_ext/464348676/Namespace_bcs_pid.o
 .debug_pubtypes
                0x000013e0      0x1bc build/default/production/_ext/464348676/Bowler_Helper.o
 .debug_pubtypes
                0x0000159c      0x19f build/default/production/_ext/1271783508/Bowler_UART_HAL.o
 .debug_pubtypes
                0x0000173b      0x10c build/default/production/_ext/1271783508/Bowler_USB_HAL.o
 .debug_pubtypes
                0x00001847       0xf0 build/default/production/_ext/1271783508/LED.o
 .debug_pubtypes
                0x00001937       0xf1 build/default/production/_ext/1271783508/Tick.o
 .debug_pubtypes
                0x00001a28       0xfa build/default/production/_ext/1271783508/Delay.o
 .debug_pubtypes
                0x00001b22      0x1e8 build/default/production/_ext/1271783508/HAL_P32.o
 .debug_pubtypes
                0x00001d0a      0x152 build/default/production/_ext/1271783508/ADC.o
 .debug_pubtypes
                0x00001e5c      0x113 build/default/production/_ext/1271783508/UART.o
 .debug_pubtypes
                0x00001f6f      0x133 build/default/production/_ext/1271783508/FlashStorage.o
 .debug_pubtypes
                0x000020a2       0xe7 build/default/production/_ext/161057953/usb_interrupt.o
 .debug_pubtypes
                0x00002189      0x2b1 build/default/production/_ext/161057953/usb_device.o
 .debug_pubtypes
                0x0000243a      0x1ed build/default/production/_ext/161057953/usb_fifo.o
 .debug_pubtypes
                0x00002627      0x12e build/default/production/_ext/161057953/usb_descriptors.o
 .debug_pubtypes
                0x00002755      0x191 build/default/production/_ext/161057953/usb_callback.o
 .debug_pubtypes
                0x000028e6      0x260 build/default/production/_ext/161057953/usb_function_cdc.o
 .debug_pubtypes
                0x00002b46       0x34 /home/opt/microchip/xc32/v1.00/bin/../lib/gcc/pic32mx/4.5.1/libgcc.a(floatunsisf.o)

.debug_ranges   0x00000000      0x1e0
 *(.debug_ranges)
 .debug_ranges  0x00000000       0x18 build/default/production/_ext/464348676/Bowler_Transport.o
 .debug_ranges  0x00000018       0x18 build/default/production/_ext/161057953/usb_device.o
 .debug_ranges  0x00000030       0x10 /home/opt/microchip/xc32/v1.00/bin/../lib/gcc/pic32mx/4.5.1/../../../../pic32mx/lib/libc.a(default-bootstrap-exception-handler.o)
 .debug_ranges  0x00000040       0x10 /home/opt/microchip/xc32/v1.00/bin/../lib/gcc/pic32mx/4.5.1/../../../../pic32mx/lib/libc.a(default-on-reset.o)
 .debug_ranges  0x00000050       0x10 /home/opt/microchip/xc32/v1.00/bin/../lib/gcc/pic32mx/4.5.1/../../../../pic32mx/lib/libc.a(default-on-bootstrap.o)
 .debug_ranges  0x00000060       0x10 /home/opt/microchip/xc32/v1.00/bin/../lib/gcc/pic32mx/4.5.1/../../../../pic32mx/lib/libmchp_peripheral_32MX795F512L.a(int_enable_interrupts_lib.o)
 .debug_ranges  0x00000070       0x10 /home/opt/microchip/xc32/v1.00/bin/../lib/gcc/pic32mx/4.5.1/../../../../pic32mx/lib/libmchp_peripheral_32MX795F512L.a(int_disable_interrupts_lib.o)
 .debug_ranges  0x00000080       0x10 /home/opt/microchip/xc32/v1.00/bin/../lib/gcc/pic32mx/4.5.1/../../../../pic32mx/lib/libmchp_peripheral_32MX795F512L.a(int_enable_mv_int_lib.o)
 .debug_ranges  0x00000090       0x50 /home/opt/microchip/xc32/v1.00/bin/../lib/gcc/pic32mx/4.5.1/../../../../pic32mx/lib/libmchp_peripheral_32MX795F512L.a(int_tbl_lib.o)
 .debug_ranges  0x000000e0       0x18 /home/opt/microchip/xc32/v1.00/bin/../lib/gcc/pic32mx/4.5.1/../../../../pic32mx/lib/libmchp_peripheral_32MX795F512L.a(spi_chn_getc_lib.o)
 .debug_ranges  0x000000f8       0x20 /home/opt/microchip/xc32/v1.00/bin/../lib/gcc/pic32mx/4.5.1/../../../../pic32mx/lib/libmchp_peripheral_32MX795F512L.a(spi_chn_putc_lib.o)
 .debug_ranges  0x00000118       0x10 /home/opt/microchip/xc32/v1.00/bin/../lib/gcc/pic32mx/4.5.1/../../../../pic32mx/lib/libmchp_peripheral_32MX795F512L.a(spi_open_spi2_lib_legacy.o)
 .debug_ranges  0x00000128       0x10 /home/opt/microchip/xc32/v1.00/bin/../lib/gcc/pic32mx/4.5.1/../../../../pic32mx/lib/libmchp_peripheral_32MX795F512L.a(nvm_erase_page_lib.o)
 .debug_ranges  0x00000138       0x10 /home/opt/microchip/xc32/v1.00/bin/../lib/gcc/pic32mx/4.5.1/../../../../pic32mx/lib/libmchp_peripheral_32MX795F512L.a(nvm_operation_lib.o)
 .debug_ranges  0x00000148       0x10 /home/opt/microchip/xc32/v1.00/bin/../lib/gcc/pic32mx/4.5.1/../../../../pic32mx/lib/libmchp_peripheral_32MX795F512L.a(nvm_write_word_lib.o)
 .debug_ranges  0x00000158       0x10 /home/opt/microchip/xc32/v1.00/bin/../lib/gcc/pic32mx/4.5.1/../../../../pic32mx/lib/libmchp_peripheral_32MX795F512L.a(port_set_pins_digital_out_lib.o)
 .debug_ranges  0x00000168       0x10 /home/opt/microchip/xc32/v1.00/bin/../lib/gcc/pic32mx/4.5.1/../../../../pic32mx/lib/libmchp_peripheral_32MX795F512L.a(port_clear_bits_lib.o)
 .debug_ranges  0x00000178       0x10 /home/opt/microchip/xc32/v1.00/bin/../lib/gcc/pic32mx/4.5.1/../../../../pic32mx/lib/libmchp_peripheral_32MX795F512L.a(port_set_bits_lib.o)
 .debug_ranges  0x00000188       0x48 /home/opt/microchip/xc32/v1.00/bin/../lib/gcc/pic32mx/4.5.1/../../../../pic32mx/lib/libmchp_peripheral_32MX795F512L.a(uart_lib.o)
 .debug_ranges  0x000001d0       0x10 /home/opt/microchip/xc32/v1.00/bin/../lib/gcc/pic32mx/4.5.1/../../../../pic32mx/lib/libmchp_peripheral_32MX795F512L.a(int_restore_interrupts_lib.o)

.gnu.attributes
                0x00000000       0x10
 *(.gnu.attributes)
 .gnu.attributes
                0x00000000       0x10 build/default/production/_ext/1360937237/main.o
 .gnu.attributes
                0x00000010       0x10 build/default/production/_ext/464348676/Namespace_bcs_rpc.o
 .gnu.attributes
                0x00000020       0x10 build/default/production/_ext/464348676/Bowler_RPC_Process.o
 .gnu.attributes
                0x00000030       0x10 build/default/production/_ext/464348676/AbstractPID.o
 .gnu.attributes
                0x00000040       0x10 build/default/production/_ext/464348676/Scheduler.o
 .gnu.attributes
                0x00000050       0x10 build/default/production/_ext/464348676/Namespace_bcs_core.o
 .gnu.attributes
                0x00000060       0x10 build/default/production/_ext/464348676/Bowler_Transport.o
 .gnu.attributes
                0x00000070       0x10 build/default/production/_ext/464348676/Bowler_Server.o
 .gnu.attributes
                0x00000080       0x10 build/default/production/_ext/464348676/FIFO.o
 .gnu.attributes
                0x00000090       0x10 build/default/production/_ext/464348676/Debug.o
 .gnu.attributes
                0x000000a0       0x10 build/default/production/_ext/464348676/Bowler_Stack_Callback.o
 .gnu.attributes
                0x000000b0       0x10 build/default/production/_ext/464348676/Namespace_bcs_pid.o
 .gnu.attributes
                0x000000c0       0x10 build/default/production/_ext/464348676/Bowler_Helper.o
 .gnu.attributes
                0x000000d0       0x10 build/default/production/_ext/1271783508/Bowler_UART_HAL.o
 .gnu.attributes
                0x000000e0       0x10 build/default/production/_ext/1271783508/Bowler_USB_HAL.o
 .gnu.attributes
                0x000000f0       0x10 build/default/production/_ext/1271783508/LED.o
 .gnu.attributes
                0x00000100       0x10 build/default/production/_ext/1271783508/Tick.o
 .gnu.attributes
                0x00000110       0x10 build/default/production/_ext/1271783508/Delay.o
 .gnu.attributes
                0x00000120       0x10 build/default/production/_ext/1271783508/HAL_P32.o
 .gnu.attributes
                0x00000130       0x10 build/default/production/_ext/1271783508/ADC.o
 .gnu.attributes
                0x00000140       0x10 build/default/production/_ext/1271783508/UART.o
 .gnu.attributes
                0x00000150       0x10 build/default/production/_ext/1271783508/FlashStorage.o
 .gnu.attributes
                0x00000160       0x10 build/default/production/_ext/161057953/usb_interrupt.o
 .gnu.attributes
                0x00000170       0x10 build/default/production/_ext/161057953/usb_device.o
 .gnu.attributes
                0x00000180       0x10 build/default/production/_ext/161057953/usb_fifo.o
 .gnu.attributes
                0x00000190       0x10 build/default/production/_ext/161057953/usb_descriptors.o
 .gnu.attributes
                0x000001a0       0x10 build/default/production/_ext/161057953/usb_callback.o
 .gnu.attributes
                0x000001b0       0x10 build/default/production/_ext/161057953/usb_function_cdc.o
 .gnu.attributes
                0x000001c0       0x10 /home/opt/microchip/xc32/v1.00/bin/../lib/gcc/pic32mx/4.5.1/libgcc.a(floatunsisf.o)
 .gnu.attributes
                0x000001d0       0x10 /home/opt/microchip/xc32/v1.00/bin/../lib/gcc/pic32mx/4.5.1/../../../../pic32mx/lib/libc.a(default-bootstrap-exception-handler.o)
 .gnu.attributes
                0x000001e0       0x10 /home/opt/microchip/xc32/v1.00/bin/../lib/gcc/pic32mx/4.5.1/../../../../pic32mx/lib/libc.a(default-on-reset.o)
 .gnu.attributes
                0x000001f0       0x10 /home/opt/microchip/xc32/v1.00/bin/../lib/gcc/pic32mx/4.5.1/../../../../pic32mx/lib/libc.a(default-on-bootstrap.o)
 .gnu.attributes
                0x00000200       0x10 /home/opt/microchip/xc32/v1.00/bin/../lib/gcc/pic32mx/4.5.1/../../../../pic32mx/lib/libmchp_peripheral_32MX795F512L.a(int_enable_interrupts_lib.o)
 .gnu.attributes
                0x00000210       0x10 /home/opt/microchip/xc32/v1.00/bin/../lib/gcc/pic32mx/4.5.1/../../../../pic32mx/lib/libmchp_peripheral_32MX795F512L.a(int_disable_interrupts_lib.o)
 .gnu.attributes
                0x00000220       0x10 /home/opt/microchip/xc32/v1.00/bin/../lib/gcc/pic32mx/4.5.1/../../../../pic32mx/lib/libmchp_peripheral_32MX795F512L.a(int_enable_mv_int_lib.o)
 .gnu.attributes
                0x00000230       0x10 /home/opt/microchip/xc32/v1.00/bin/../lib/gcc/pic32mx/4.5.1/../../../../pic32mx/lib/libmchp_peripheral_32MX795F512L.a(int_tbl_lib.o)
 .gnu.attributes
                0x00000240       0x10 /home/opt/microchip/xc32/v1.00/bin/../lib/gcc/pic32mx/4.5.1/../../../../pic32mx/lib/libmchp_peripheral_32MX795F512L.a(spi_chn_getc_lib.o)
 .gnu.attributes
                0x00000250       0x10 /home/opt/microchip/xc32/v1.00/bin/../lib/gcc/pic32mx/4.5.1/../../../../pic32mx/lib/libmchp_peripheral_32MX795F512L.a(spi_chn_putc_lib.o)
 .gnu.attributes
                0x00000260       0x10 /home/opt/microchip/xc32/v1.00/bin/../lib/gcc/pic32mx/4.5.1/../../../../pic32mx/lib/libmchp_peripheral_32MX795F512L.a(spi_map_tbl_libp.o)
 .gnu.attributes
                0x00000270       0x10 /home/opt/microchip/xc32/v1.00/bin/../lib/gcc/pic32mx/4.5.1/../../../../pic32mx/lib/libmchp_peripheral_32MX795F512L.a(spi_open_spi2_lib_legacy.o)
 .gnu.attributes
                0x00000280       0x10 /home/opt/microchip/xc32/v1.00/bin/../lib/gcc/pic32mx/4.5.1/../../../../pic32mx/lib/libmchp_peripheral_32MX795F512L.a(spi_brg_tbl_lib_legacy.o)
 .gnu.attributes
                0x00000290       0x10 /home/opt/microchip/xc32/v1.00/bin/../lib/gcc/pic32mx/4.5.1/../../../../pic32mx/lib/libmchp_peripheral_32MX795F512L.a(nvm_erase_page_lib.o)
 .gnu.attributes
                0x000002a0       0x10 /home/opt/microchip/xc32/v1.00/bin/../lib/gcc/pic32mx/4.5.1/../../../../pic32mx/lib/libmchp_peripheral_32MX795F512L.a(nvm_operation_lib.o)
 .gnu.attributes
                0x000002b0       0x10 /home/opt/microchip/xc32/v1.00/bin/../lib/gcc/pic32mx/4.5.1/../../../../pic32mx/lib/libmchp_peripheral_32MX795F512L.a(nvm_write_word_lib.o)
 .gnu.attributes
                0x000002c0       0x10 /home/opt/microchip/xc32/v1.00/bin/../lib/gcc/pic32mx/4.5.1/../../../../pic32mx/lib/libmchp_peripheral_32MX795F512L.a(port_set_pins_digital_out_lib.o)
 .gnu.attributes
                0x000002d0       0x10 /home/opt/microchip/xc32/v1.00/bin/../lib/gcc/pic32mx/4.5.1/../../../../pic32mx/lib/libmchp_peripheral_32MX795F512L.a(port_clear_bits_lib.o)
 .gnu.attributes
                0x000002e0       0x10 /home/opt/microchip/xc32/v1.00/bin/../lib/gcc/pic32mx/4.5.1/../../../../pic32mx/lib/libmchp_peripheral_32MX795F512L.a(port_set_bits_lib.o)
 .gnu.attributes
                0x000002f0       0x10 /home/opt/microchip/xc32/v1.00/bin/../lib/gcc/pic32mx/4.5.1/../../../../pic32mx/lib/libmchp_peripheral_32MX795F512L.a(_ports_tbl_libp.o)
 .gnu.attributes
                0x00000300       0x10 /home/opt/microchip/xc32/v1.00/bin/../lib/gcc/pic32mx/4.5.1/../../../../pic32mx/lib/libmchp_peripheral_32MX795F512L.a(uart_lib.o)
 .gnu.attributes
                0x00000310       0x10 /home/opt/microchip/xc32/v1.00/bin/../lib/gcc/pic32mx/4.5.1/../../../../pic32mx/lib/libmchp_peripheral_32MX795F512L.a(int_restore_interrupts_lib.o)
OUTPUT(dist/default/production/BowlerSampleProject.X.production.elf elf32-tradlittlemips)
LOAD stack
LOAD data_init
