Archive member included because of file (symbol)

../../../../../c-bowler/firmware/library/NR-Clib/development/c-bowler.X/dist/default/production/c-bowler.X.a(BowlerPacketParser.o)
                              build/default/production/_ext/990863823/CoProcCom.o (_getBowlerPacket)
../../../../../c-bowler/firmware/library/NR-Clib/development/c-bowler.X/dist/default/production/c-bowler.X.a(Namespace_bcs_core.o)
                              build/default/production/_ext/805493626/Namespace_bcs_io.o (addRpcToNamespace)
../../../../../c-bowler/firmware/library/NR-Clib/development/c-bowler.X/dist/default/production/c-bowler.X.a(Bowler_Server.o)
                              build/default/production/_ext/321196743/Namespace_neuronrobotics_dyio.o (getLastPacketTime)
../../../../../c-bowler/firmware/library/NR-Clib/development/c-bowler.X/dist/default/production/c-bowler.X.a(Debug.o)
                              build/default/production/_ext/1825615050/PID.o (getPrintLevel)
../../../../../c-bowler/firmware/library/NR-Clib/development/c-bowler.X/dist/default/production/c-bowler.X.a(FIFO.o)
                              build/default/production/_ext/990863823/DyIODataTableManager.o (InitByteFifo)
../../../../../c-bowler/firmware/library/NR-Clib/development/c-bowler.X/dist/default/production/c-bowler.X.a(Bowler_Helper.o)
                              ../../../../../c-bowler/firmware/library/NR-Clib/development/c-bowler.X/dist/default/production/c-bowler.X.a(Debug.o) (CalcCRC)
../../../../../c-bowler/firmware/library/NR-Clib/development/c-bowler.X/dist/default/production/c-bowler.X.a(Scheduler.o)
                              build/default/production/_ext/805493626/Bcs_IO_AdvancedAsync.o (RunEvery)
../../../../../c-bowler/firmware/library/NR-Clib/development/c-bowler.X/dist/default/production/c-bowler.X.a(Namespace_bcs_pid.o)
                              build/default/production/_ext/1978776677/InitializationCallbacks.o (getBcsPidNamespace)
../../../../../c-bowler/firmware/library/NR-Clib/development/c-bowler.X/dist/default/production/c-bowler.X.a(AbstractPID.o)
                              ../../../../../c-bowler/firmware/library/NR-Clib/development/c-bowler.X/dist/default/production/c-bowler.X.a(Debug.o) (getPidGroupDataTable)
../../../../../c-bowler/firmware/library/NR-Clib/development/c-bowler.X/dist/default/production/c-bowler.X.a(usb_fifo.o)
                              build/default/production/_ext/1978776677/InitializationCallbacks.o (usb_CDC_Serial_Init)
../../../../../c-bowler/firmware/library/NR-Clib/development/c-bowler.X/dist/default/production/c-bowler.X.a(usb_device.o)
                              ../../../../../c-bowler/firmware/library/NR-Clib/development/c-bowler.X/dist/default/production/c-bowler.X.a(usb_fifo.o) (USBDeviceInit)
../../../../../c-bowler/firmware/library/NR-Clib/development/c-bowler.X/dist/default/production/c-bowler.X.a(LED.o)
                              build/default/production/_ext/1978776677/InitializationCallbacks.o (InitLEDS)
../../../../../c-bowler/firmware/library/NR-Clib/development/c-bowler.X/dist/default/production/c-bowler.X.a(ADC.o)
                              build/default/production/_ext/990863823/ADC.o (InitADCHardware)
../../../../../c-bowler/firmware/library/NR-Clib/development/c-bowler.X/dist/default/production/c-bowler.X.a(HAL_P32.o)
                              build/default/production/_ext/1978776677/InitializationCallbacks.o (Pic32_Bowler_HAL_Init)
../../../../../c-bowler/firmware/library/NR-Clib/development/c-bowler.X/dist/default/production/c-bowler.X.a(Delay.o)
                              ../../../../../c-bowler/firmware/library/NR-Clib/development/c-bowler.X/dist/default/production/c-bowler.X.a(ADC.o) (Delay10us)
../../../../../c-bowler/firmware/library/NR-Clib/development/c-bowler.X/dist/default/production/c-bowler.X.a(Bowler_USB_HAL.o)
                              ../../../../../c-bowler/firmware/library/NR-Clib/development/c-bowler.X/dist/default/production/c-bowler.X.a(HAL_P32.o) (SendPacketUSB)
../../../../../c-bowler/firmware/library/NR-Clib/development/c-bowler.X/dist/default/production/c-bowler.X.a(FlashStorage.o)
                              build/default/production/_ext/321196743/Namespace_neuronrobotics_dyio.o (FlashSetMac)
../../../../../c-bowler/firmware/library/NR-Clib/development/c-bowler.X/dist/default/production/c-bowler.X.a(Bowler_UART_HAL.o)
                              ../../../../../c-bowler/firmware/library/NR-Clib/development/c-bowler.X/dist/default/production/c-bowler.X.a(HAL_P32.o) (SetPICUARTFifo)
../../../../../c-bowler/firmware/library/NR-Clib/development/c-bowler.X/dist/default/production/c-bowler.X.a(Tick.o)
                              ../../../../../c-bowler/firmware/library/NR-Clib/development/c-bowler.X/dist/default/production/c-bowler.X.a(HAL_P32.o) (TickInit)
../../../../../c-bowler/firmware/library/NR-Clib/development/c-bowler.X/dist/default/production/c-bowler.X.a(UART.o)
[...]
Memory Configuration

Name             Origin             Length             Attributes
kseg0_program_mem 0x9d000000         0x00020000         xr
kseg0_boot_mem   0x9fc00490         0x00000970
exception_mem    0x9fc01000         0x00001000
kseg1_boot_mem   0xbfc00000         0x00000490
debug_exec_mem   0xbfc02000         0x00000ff0
config3          0xbfc02ff0         0x00000004
config2          0xbfc02ff4         0x00000004
config1          0xbfc02ff8         0x00000004
config0          0xbfc02ffc         0x00000004
kseg1_data_mem   0xa0000000         0x00008000         w !x
sfrs             0xbf800000         0x00100000
configsfrs       0xbfc02ff0         0x00000010
*default*        0x00000000         0xffffffff

Linker script and memory map

LOAD /home/opt/microchip/xc32/v1.00/bin/../lib/gcc/pic32mx/4.5.1/../../../../pic32mx/lib/crt0.o
LOAD build/default/production/_ext/108654538/PinFunctions.o
LOAD build/default/production/_ext/805493626/Debug_DyIO.o
LOAD build/default/production/_ext/805493626/Namespace_bcs_io.o
LOAD build/default/production/_ext/805493626/Abstract_bcs_io.o
LOAD build/default/production/_ext/805493626/Bcs_IO_AdvancedAsync.o
LOAD build/default/production/_ext/1051272628/Abstract_bcs_io_setmode.o
LOAD build/default/production/_ext/1051272628/Namespace_bcs_io_setmode.o
LOAD build/default/production/_ext/1825615050/CartesianController.o
LOAD build/default/production/_ext/1825615050/PID.o
LOAD build/default/production/_ext/1978776677/UpstreamPackets.o
LOAD build/default/production/_ext/1978776677/InitializationCallbacks.o
LOAD build/default/production/_ext/1978776677/DownStreamPackets.o
LOAD build/default/production/_ext/1978776677/AsyncManager.o
LOAD build/default/production/_ext/2110062566/UartDMARx.o
LOAD build/default/production/_ext/990863823/AVRInterface.o
LOAD build/default/production/_ext/990863823/Switches.o
LOAD build/default/production/_ext/990863823/DyIODataTableManager.o
LOAD build/default/production/_ext/990863823/CoProcCom.o
LOAD build/default/production/_ext/990863823/ADC.o
LOAD build/default/production/_ext/990863823/Counter.o
LOAD build/default/production/_ext/990863823/EEPROMMannager.o
LOAD build/default/production/_ext/990863823/SerialPassThrough.o
LOAD build/default/production/_ext/990863823/SPI.o
LOAD build/default/production/_ext/990863823/PPMReader.o
LOAD build/default/production/_ext/1020318379/Pin_State.o
LOAD build/default/production/_ext/1020318379/ChannelConfig.o
LOAD build/default/production/_ext/1020318379/ChannelValues.o
LOAD build/default/production/_ext/1020318379/ChannelMode.o
LOAD build/default/production/_ext/1281821416/Abstract_bsc_safe.o
LOAD build/default/production/_ext/1281821416/Namespace_bcs_safe.o
LOAD build/default/production/_ext/321196743/Namespace_neuronrobotics_dyio.o
LOAD build/default/production/_ext/321196743/Namespace_bcs_pid_dypid.o
LOAD build/default/production/_ext/1360937237/Main.o
LOAD build/default/production/_ext/1360937237/DyIOMain.o
LOAD ../../../../../c-bowler/firmware/library/NR-Clib/development/c-bowler.X/dist/default/production/c-bowler.X.a
                0x00000001                __MPLAB_BUILD = 0x1
LOAD /home/opt/microchip/xc32/v1.00/bin/../lib/gcc/pic32mx/4.5.1/libgcc.a
START GROUP
LOAD /home/opt/microchip/xc32/v1.00/bin/../lib/gcc/pic32mx/4.5.1/../../../../pic32mx/lib/libdebug.a
LOAD /home/opt/microchip/xc32/v1.00/bin/../lib/gcc/pic32mx/4.5.1/../../../../pic32mx/lib/libc.a
LOAD /home/opt/microchip/xc32/v1.00/bin/../lib/gcc/pic32mx/4.5.1/../../../../pic32mx/lib/libm.a
LOAD /home/opt/microchip/xc32/v1.00/bin/../lib/gcc/pic32mx/4.5.1/../../../../pic32mx/lib/libe.a
LOAD /home/opt/microchip/xc32/v1.00/bin/../lib/gcc/pic32mx/4.5.1/../../../../pic32mx/lib/libdsp.a
END GROUP
LOAD /home/opt/microchip/xc32/v1.00/bin/../lib/gcc/pic32mx/4.5.1/libgcc.a
                0x00000400                PROVIDE (_min_stack_size, 0x400)
                0x00000000                PROVIDE (_min_heap_size, 0x0)
LOAD /home/opt/microchip/xc32/v1.00/bin/../lib/gcc/pic32mx/4.5.1/../../../../pic32mx/lib/./proc/32MX440F128H/processor.o
START GROUP
LOAD /home/opt/microchip/xc32/v1.00/bin/../lib/gcc/pic32mx/4.5.1/../../../../pic32mx/lib/libmchp_peripheral.a
END GROUP
START GROUP
LOAD /home/opt/microchip/xc32/v1.00/bin/../lib/gcc/pic32mx/4.5.1/../../../../pic32mx/lib/libmchp_peripheral_32MX440F128H.a
END GROUP
                0x00000001                PROVIDE (_vector_spacing, 0x1)
                0x9fc01000                _ebase_address = 0x9fc01000
                0xbfc00000                _RESET_ADDR = 0xbfc00000
                0xbfc00380                _BEV_EXCPT_ADDR = 0xbfc00380
                0xbfc00480                _DBG_EXCPT_ADDR = 0xbfc00480
                0xbfc02000                _DBG_CODE_ADDR = 0xbfc02000
                0x00000ff0                _DBG_CODE_SIZE = 0xff0
                0x9fc01180                _GEN_EXCPT_ADDR = (_ebase_address + 0x180)

.config_BFC02FF0
 *(.config_BFC02FF0)

.config_BFC02FF4
 *(.config_BFC02FF4)

.config_BFC02FF8
 *(.config_BFC02FF8)

.config_BFC02FFC
 *(.config_BFC02FFC)
                0xbfc02000                PROVIDE (_DBG_CODE_ADDR, 0xbfc02000)
                0x00000ff0                PROVIDE (_DBG_CODE_SIZE, 0xff0)

.reset          0xbfc00000      0x1f4
 *(.reset)
 .reset         0xbfc00000       0x10 /home/opt/microchip/xc32/v1.00/bin/../lib/gcc/pic32mx/4.5.1/../../../../pic32mx/lib/crt0.o
                0xbfc00000                _reset
 *(.reset.startup)
 .reset.startup
                0xbfc00010      0x1e4 /home/opt/microchip/xc32/v1.00/bin/../lib/gcc/pic32mx/4.5.1/../../../../pic32mx/lib/crt0.o

.bev_excpt      0xbfc00380       0x10
 *(.bev_handler)
 .bev_handler   0xbfc00380       0x10 /home/opt/microchip/xc32/v1.00/bin/../lib/gcc/pic32mx/4.5.1/../../../../pic32mx/lib/crt0.o

.dbg_excpt      0xbfc00480        0x0
                0xbfc00480                . = (. + DEFINED (_DEBUGGER)?0x8:0x0)

.dbg_code       0xbfc02000        0x0
                0xbfc02000                . = (. + DEFINED (_DEBUGGER)?_DBG_CODE_SIZE:0x0)

.app_excpt      0x9fc01180       0x10
 *(.gen_handler)
 .gen_handler   0x9fc01180       0x10 /home/opt/microchip/xc32/v1.00/bin/../lib/gcc/pic32mx/4.5.1/../../../../pic32mx/lib/crt0.o

.vector_0       0x9fc01200        0x0
 *(.vector_0)
                0x00000001                ASSERT (((_vector_spacing == 0x0) || (SIZEOF (.vector_0) <= (_vector_spacing << 0x5))), function at exception vector 0 too large)

.vector_1       0x9fc01220        0x0
 *(.vector_1)
                0x00000001                ASSERT (((_vector_spacing == 0x0) || (SIZEOF (.vector_1) <= (_vector_spacing << 0x5))), function at exception vector 1 too large)

.vector_2       0x9fc01240        0x0
 *(.vector_2)
                0x00000001                ASSERT (((_vector_spacing == 0x0) || (SIZEOF (.vector_2) <= (_vector_spacing << 0x5))), function at exception vector 2 too large)

.vector_3       0x9fc01260        0x0
 *(.vector_3)
                0x00000001                ASSERT (((_vector_spacing == 0x0) || (SIZEOF (.vector_3) <= (_vector_spacing << 0x5))), function at exception vector 3 too large)

.vector_4       0x9fc01280        0x8
 *(.vector_4)
 .vector_4      0x9fc01280        0x8 ../../../../../c-bowler/firmware/library/NR-Clib/development/c-bowler.X/dist/default/production/c-bowler.X.a(Tick.o)
                0x00000001                ASSERT (((_vector_spacing == 0x0) || (SIZEOF (.vector_4) <= (_vector_spacing << 0x5))), function at exception vector 4 too large)

.vector_5       0x9fc012a0        0x0
 *(.vector_5)
                0x00000001                ASSERT (((_vector_spacing == 0x0) || (SIZEOF (.vector_5) <= (_vector_spacing << 0x5))), function at exception vector 5 too large)

.vector_6       0x9fc012c0        0x0
 *(.vector_6)
                0x00000001                ASSERT (((_vector_spacing == 0x0) || (SIZEOF (.vector_6) <= (_vector_spacing << 0x5))), function at exception vector 6 too large)

.vector_7       0x9fc012e0        0x8
 *(.vector_7)
 .vector_7      0x9fc012e0        0x8 build/default/production/_ext/990863823/Counter.o
                0x00000001                ASSERT (((_vector_spacing == 0x0) || (SIZEOF (.vector_7) <= (_vector_spacing << 0x5))), function at exception vector 7 too large)

.vector_8       0x9fc01300        0x0
 *(.vector_8)
                0x00000001                ASSERT (((_vector_spacing == 0x0) || (SIZEOF (.vector_8) <= (_vector_spacing << 0x5))), function at exception vector 8 too large)

.vector_9       0x9fc01320        0x0
 *(.vector_9)
                0x00000001                ASSERT (((_vector_spacing == 0x0) || (SIZEOF (.vector_9) <= (_vector_spacing << 0x5))), function at exception vector 9 too large)

.vector_10      0x9fc01340        0x0
 *(.vector_10)
                0x00000001                ASSERT (((_vector_spacing == 0x0) || (SIZEOF (.vector_10) <= (_vector_spacing << 0x5))), function at exception vector 10 too large)

.vector_11      0x9fc01360        0x8
 *(.vector_11)
 .vector_11     0x9fc01360        0x8 build/default/production/_ext/990863823/Counter.o
                0x00000001                ASSERT (((_vector_spacing == 0x0) || (SIZEOF (.vector_11) <= (_vector_spacing << 0x5))), function at exception vector 11 too large)

.vector_12      0x9fc01380        0x8
 *(.vector_12)
 .vector_12     0x9fc01380        0x8 build/default/production/_ext/990863823/Counter.o
                0x00000001                ASSERT (((_vector_spacing == 0x0) || (SIZEOF (.vector_12) <= (_vector_spacing << 0x5))), function at exception vector 12 too large)

.vector_13      0x9fc013a0        0x0
 *(.vector_13)
                0x00000001                ASSERT (((_vector_spacing == 0x0) || (SIZEOF (.vector_13) <= (_vector_spacing << 0x5))), function at exception vector 13 too large)

.vector_14      0x9fc013c0        0x0
 *(.vector_14)
                0x00000001                ASSERT (((_vector_spacing == 0x0) || (SIZEOF (.vector_14) <= (_vector_spacing << 0x5))), function at exception vector 14 too large)

.vector_15      0x9fc013e0        0x8
 *(.vector_15)
 .vector_15     0x9fc013e0        0x8 build/default/production/_ext/990863823/Counter.o
                0x00000001                ASSERT (((_vector_spacing == 0x0) || (SIZEOF (.vector_15) <= (_vector_spacing << 0x5))), function at exception vector 15 too large)

.vector_16      0x9fc01400        0x0
 *(.vector_16)
                0x00000001                ASSERT (((_vector_spacing == 0x0) || (SIZEOF (.vector_16) <= (_vector_spacing << 0x5))), function at exception vector 16 too large)

.vector_17      0x9fc01420        0x0
 *(.vector_17)
                0x00000001                ASSERT (((_vector_spacing == 0x0) || (SIZEOF (.vector_17) <= (_vector_spacing << 0x5))), function at exception vector 17 too large)

.vector_18      0x9fc01440        0x0
 *(.vector_18)
                0x00000001                ASSERT (((_vector_spacing == 0x0) || (SIZEOF (.vector_18) <= (_vector_spacing << 0x5))), function at exception vector 18 too large)

.vector_19      0x9fc01460        0x8
 *(.vector_19)
 .vector_19     0x9fc01460        0x8 build/default/production/_ext/990863823/Counter.o
                0x00000001                ASSERT (((_vector_spacing == 0x0) || (SIZEOF (.vector_19) <= (_vector_spacing << 0x5))), function at exception vector 19 too large)

.vector_20      0x9fc01480        0x0
 *(.vector_20)
                0x00000001                ASSERT (((_vector_spacing == 0x0) || (SIZEOF (.vector_20) <= (_vector_spacing << 0x5))), function at exception vector 20 too large)

.vector_21      0x9fc014a0        0x0
 *(.vector_21)
                0x00000001                ASSERT (((_vector_spacing == 0x0) || (SIZEOF (.vector_21) <= (_vector_spacing << 0x5))), function at exception vector 21 too large)

.vector_22      0x9fc014c0        0x0
 *(.vector_22)
                0x00000001                ASSERT (((_vector_spacing == 0x0) || (SIZEOF (.vector_22) <= (_vector_spacing << 0x5))), function at exception vector 22 too large)

.vector_23      0x9fc014e0        0x0
 *(.vector_23)
                0x00000001                ASSERT (((_vector_spacing == 0x0) || (SIZEOF (.vector_23) <= (_vector_spacing << 0x5))), function at exception vector 23 too large)

.vector_24      0x9fc01500        0x8
 *(.vector_24)
 .vector_24     0x9fc01500        0x8 ../../../../../c-bowler/firmware/library/NR-Clib/development/c-bowler.X/dist/default/production/c-bowler.X.a(Bowler_UART_HAL.o)
                0x00000001                ASSERT (((_vector_spacing == 0x0) || (SIZEOF (.vector_24) <= (_vector_spacing << 0x5))), function at exception vector 24 too large)

.vector_25      0x9fc01520        0x0
 *(.vector_25)
                0x00000001                ASSERT (((_vector_spacing == 0x0) || (SIZEOF (.vector_25) <= (_vector_spacing << 0x5))), function at exception vector 25 too large)

.vector_26      0x9fc01540        0x0
 *(.vector_26)
                0x00000001                ASSERT (((_vector_spacing == 0x0) || (SIZEOF (.vector_26) <= (_vector_spacing << 0x5))), function at exception vector 26 too large)

.vector_27      0x9fc01560        0x0
 *(.vector_27)
                0x00000001                ASSERT (((_vector_spacing == 0x0) || (SIZEOF (.vector_27) <= (_vector_spacing << 0x5))), function at exception vector 27 too large)

.vector_28      0x9fc01580        0x0
 *(.vector_28)
                0x00000001                ASSERT (((_vector_spacing == 0x0) || (SIZEOF (.vector_28) <= (_vector_spacing << 0x5))), function at exception vector 28 too large)

.vector_29      0x9fc015a0        0x0
 *(.vector_29)
                0x00000001                ASSERT (((_vector_spacing == 0x0) || (SIZEOF (.vector_29) <= (_vector_spacing << 0x5))), function at exception vector 29 too large)

.vector_30      0x9fc015c0        0x0
 *(.vector_30)
                0x00000001                ASSERT (((_vector_spacing == 0x0) || (SIZEOF (.vector_30) <= (_vector_spacing << 0x5))), function at exception vector 30 too large)

.vector_31      0x9fc015e0        0x0
 *(.vector_31)
                0x00000001                ASSERT (((_vector_spacing == 0x0) || (SIZEOF (.vector_31) <= (_vector_spacing << 0x5))), function at exception vector 31 too large)

.vector_32      0x9fc01600        0x8
 *(.vector_32)
 .vector_32     0x9fc01600        0x8 build/default/production/_ext/990863823/CoProcCom.o
                0x00000001                ASSERT (((_vector_spacing == 0x0) || (SIZEOF (.vector_32) <= (_vector_spacing << 0x5))), function at exception vector 32 too large)

.vector_33      0x9fc01620        0x0
 *(.vector_33)
                0x00000001                ASSERT (((_vector_spacing == 0x0) || (SIZEOF (.vector_33) <= (_vector_spacing << 0x5))), function at exception vector 33 too large)

.vector_34      0x9fc01640        0x0
 *(.vector_34)
                0x00000001                ASSERT (((_vector_spacing == 0x0) || (SIZEOF (.vector_34) <= (_vector_spacing << 0x5))), function at exception vector 34 too large)

.vector_35      0x9fc01660        0x0
 *(.vector_35)
                0x00000001                ASSERT (((_vector_spacing == 0x0) || (SIZEOF (.vector_35) <= (_vector_spacing << 0x5))), function at exception vector 35 too large)

.vector_36      0x9fc01680        0x0
 *(.vector_36)
                0x00000001                ASSERT (((_vector_spacing == 0x0) || (SIZEOF (.vector_36) <= (_vector_spacing << 0x5))), function at exception vector 36 too large)

.vector_37      0x9fc016a0        0x0
 *(.vector_37)
                0x00000001                ASSERT (((_vector_spacing == 0x0) || (SIZEOF (.vector_37) <= (_vector_spacing << 0x5))), function at exception vector 37 too large)

.vector_38      0x9fc016c0        0x0
 *(.vector_38)
                0x00000001                ASSERT (((_vector_spacing == 0x0) || (SIZEOF (.vector_38) <= (_vector_spacing << 0x5))), function at exception vector 38 too large)

.vector_39      0x9fc016e0        0x0
 *(.vector_39)
                0x00000001                ASSERT (((_vector_spacing == 0x0) || (SIZEOF (.vector_39) <= (_vector_spacing << 0x5))), function at exception vector 39 too large)

.vector_40      0x9fc01700        0x0
 *(.vector_40)
                0x00000001                ASSERT (((_vector_spacing == 0x0) || (SIZEOF (.vector_40) <= (_vector_spacing << 0x5))), function at exception vector 40 too large)

.vector_41      0x9fc01720        0x0
 *(.vector_41)
                0x00000001                ASSERT (((_vector_spacing == 0x0) || (SIZEOF (.vector_41) <= (_vector_spacing << 0x5))), function at exception vector 41 too large)

.vector_42      0x9fc01740        0x0
 *(.vector_42)
                0x00000001                ASSERT (((_vector_spacing == 0x0) || (SIZEOF (.vector_42) <= (_vector_spacing << 0x5))), function at exception vector 42 too large)

.vector_43      0x9fc01760        0x0
 *(.vector_43)
                0x00000001                ASSERT (((_vector_spacing == 0x0) || (SIZEOF (.vector_43) <= (_vector_spacing << 0x5))), function at exception vector 43 too large)

.vector_44      0x9fc01780        0x0
 *(.vector_44)
                0x00000001                ASSERT (((_vector_spacing == 0x0) || (SIZEOF (.vector_44) <= (_vector_spacing << 0x5))), function at exception vector 44 too large)

.vector_45      0x9fc017a0        0x8
 *(.vector_45)
 .vector_45     0x9fc017a0        0x8 ../../../../../c-bowler/firmware/library/NR-Clib/development/c-bowler.X/dist/default/production/c-bowler.X.a(usb_device.o)
                0x00000001                ASSERT (((_vector_spacing == 0x0) || (SIZEOF (.vector_45) <= (_vector_spacing << 0x5))), function at exception vector 45 too large)

.vector_46      0x9fc017c0        0x0
 *(.vector_46)
                0x00000001                ASSERT (((_vector_spacing == 0x0) || (SIZEOF (.vector_46) <= (_vector_spacing << 0x5))), function at exception vector 46 too large)

.vector_47      0x9fc017e0        0x0
 *(.vector_47)
                0x00000001                ASSERT (((_vector_spacing == 0x0) || (SIZEOF (.vector_47) <= (_vector_spacing << 0x5))), function at exception vector 47 too large)

.vector_48      0x9fc01800        0x0
 *(.vector_48)
                0x00000001                ASSERT (((_vector_spacing == 0x0) || (SIZEOF (.vector_48) <= (_vector_spacing << 0x5))), function at exception vector 48 too large)

.vector_49      0x9fc01820        0x0
 *(.vector_49)
                0x00000001                ASSERT (((_vector_spacing == 0x0) || (SIZEOF (.vector_49) <= (_vector_spacing << 0x5))), function at exception vector 49 too large)

.vector_50      0x9fc01840        0x0
 *(.vector_50)
                0x00000001                ASSERT (((_vector_spacing == 0x0) || (SIZEOF (.vector_50) <= (_vector_spacing << 0x5))), function at exception vector 50 too large)

.vector_51      0x9fc01860        0x0
 *(.vector_51)
                0x00000001                ASSERT (((_vector_spacing == 0x0) || (SIZEOF (.vector_51) <= (_vector_spacing << 0x5))), function at exception vector 51 too large)

.vector_52      0x9fc01880        0x0
 *(.vector_52)
                0x00000001                ASSERT (((_vector_spacing == 0x0) || (SIZEOF (.vector_52) <= (_vector_spacing << 0x5))), function at exception vector 52 too large)

.vector_53      0x9fc018a0        0x0
 *(.vector_53)
                0x00000001                ASSERT (((_vector_spacing == 0x0) || (SIZEOF (.vector_53) <= (_vector_spacing << 0x5))), function at exception vector 53 too large)

.vector_54      0x9fc018c0        0x0
 *(.vector_54)
                0x00000001                ASSERT (((_vector_spacing == 0x0) || (SIZEOF (.vector_54) <= (_vector_spacing << 0x5))), function at exception vector 54 too large)

.vector_55      0x9fc018e0        0x0
 *(.vector_55)
                0x00000001                ASSERT (((_vector_spacing == 0x0) || (SIZEOF (.vector_55) <= (_vector_spacing << 0x5))), function at exception vector 55 too large)

.vector_56      0x9fc01900        0x0
 *(.vector_56)
                0x00000001                ASSERT (((_vector_spacing == 0x0) || (SIZEOF (.vector_56) <= (_vector_spacing << 0x5))), function at exception vector 56 too large)

.vector_57      0x9fc01920        0x0
 *(.vector_57)
                0x00000001                ASSERT (((_vector_spacing == 0x0) || (SIZEOF (.vector_57) <= (_vector_spacing << 0x5))), function at exception vector 57 too large)

.vector_58      0x9fc01940        0x0
 *(.vector_58)
                0x00000001                ASSERT (((_vector_spacing == 0x0) || (SIZEOF (.vector_58) <= (_vector_spacing << 0x5))), function at exception vector 58 too large)

.vector_59      0x9fc01960        0x0
 *(.vector_59)
                0x00000001                ASSERT (((_vector_spacing == 0x0) || (SIZEOF (.vector_59) <= (_vector_spacing << 0x5))), function at exception vector 59 too large)

.vector_60      0x9fc01980        0x0
 *(.vector_60)
                0x00000001                ASSERT (((_vector_spacing == 0x0) || (SIZEOF (.vector_60) <= (_vector_spacing << 0x5))), function at exception vector 60 too large)

.vector_61      0x9fc019a0        0x0
 *(.vector_61)
                0x00000001                ASSERT (((_vector_spacing == 0x0) || (SIZEOF (.vector_61) <= (_vector_spacing << 0x5))), function at exception vector 61 too large)

.vector_62      0x9fc019c0        0x0
 *(.vector_62)
                0x00000001                ASSERT (((_vector_spacing == 0x0) || (SIZEOF (.vector_62) <= (_vector_spacing << 0x5))), function at exception vector 62 too large)

.vector_63      0x9fc019e0        0x0
 *(.vector_63)
                0x00000001                ASSERT (((_vector_spacing == 0x0) || (SIZEOF (.vector_63) <= (_vector_spacing << 0x5))), function at exception vector 63 too large)

.startup
 *(.startup)

.text
 *(.stub .gnu.linkonce.t.*)
 *(.text.*personality*)
 *(.mips16.fn.*)
 *(.mips16.call.*)
 *(.gnu.warning)

.rodata         0x9d000000        0x0
 *(.rodata.* .gnu.linkonce.r.*)
 *(.rodata1)
                0x9d000000                . = ALIGN (0x4)

.sdata2         0x9fc00490        0x0
 *(.sdata2 .sdata2.* .gnu.linkonce.s2.*)
                0x9fc00490                . = ALIGN (0x4)

.sbss2          0x9fc00490        0x0
 *(.sbss2 .sbss2.* .gnu.linkonce.sb2.*)
                0x9fc00490                . = ALIGN (0x4)

.eh_frame_hdr
 *(.eh_frame_hdr)

.eh_frame
 *(.eh_frame)

.dbg_data       0xa0000000        0x0
                0xa0000000                . = (. + DEFINED (_DEBUGGER)?0x200:0x0)

.persist        0xa0000000        0x0
                0xa0000000                _persist_begin = .
 *(.persist .persist.*)
                0xa0000000                . = ALIGN (0x4)
                0xa0000000                _persist_end = .

.eh_frame
 *(.eh_frame)
                0xa0000000                . = .
                0xa0007ff0                _gp = (ALIGN (0x10) + 0x7ff0)

.got
 *(.got.plt)
 *(.got)

.sdata          0xa0000000       0xfc
                0xa0000000                _sdata_begin = .
 *(.sdata .sdata.* .gnu.linkonce.s.*)
 .sdata         0xa0000000        0x8 build/default/production/_ext/1978776677/DownStreamPackets.o
                0xa0000000                bankA
                0xa0000004                bankB
 .sdata         0xa0000008        0x8 build/default/production/_ext/990863823/DyIODataTableManager.o
                0xa0000008                printData
 .sdata         0xa0000010       0x1c build/default/production/_ext/990863823/PPMReader.o
 .sdata         0xa000002c        0x4 build/default/production/_ext/1020318379/ChannelMode.o
                0xa000002c                brownOutDetect
 .sdata         0xa0000030       0x18 build/default/production/_ext/321196743/Namespace_neuronrobotics_dyio.o
                0xa0000030                syncVolt
                0xa0000038                ppm
 .sdata         0xa0000048       0x10 build/default/production/_ext/321196743/Namespace_bcs_pid_dypid.o
                0xa0000048                pid
                0xa0000050                vel
 .sdata         0xa0000058        0x8 ../../../../../c-bowler/firmware/library/NR-Clib/development/c-bowler.X/dist/default/production/c-bowler.X.a(Namespace_bcs_core.o)
 .sdata         0xa0000060        0x8 ../../../../../c-bowler/firmware/library/NR-Clib/development/c-bowler.X/dist/default/production/c-bowler.X.a(Bowler_Server.o)
                0xa0000060                MyMAC
 .sdata         0xa0000068       0x54 ../../../../../c-bowler/firmware/library/NR-Clib/development/c-bowler.X/dist/default/production/c-bowler.X.a(Namespace_bcs_pid.o)
 .sdata         0xa00000bc        0x4 ../../../../../c-bowler/firmware/library/NR-Clib/development/c-bowler.X/dist/default/production/c-bowler.X.a(usb_fifo.o)
 .sdata         0xa00000c0       0x10 ../../../../../c-bowler/firmware/library/NR-Clib/development/c-bowler.X/dist/default/production/c-bowler.X.a(FlashStorage.o)
                0xa00000c0                defMac
                0xa00000c8                MEMORY_BASE
                0xa00000cc                VirtualBase
 .sdata         0xa00000d0       0x18 ../../../../../c-bowler/firmware/library/NR-Clib/development/c-bowler.X/dist/default/production/c-bowler.X.a(Namespace_bcs_rpc.o)
 .sdata         0xa00000e8        0x4 ../../../../../c-bowler/firmware/library/NR-Clib/development/c-bowler.X/dist/default/production/c-bowler.X.a(PidRpc.o)
                0xa00000e8                zone
 .sdata         0xa00000ec        0x8 ../../../../../c-bowler/firmware/library/NR-Clib/development/c-bowler.X/dist/default/production/c-bowler.X.a(PidAsync.o)
 .sdata         0xa00000f4        0x8 ../../../../../c-bowler/firmware/library/NR-Clib/development/c-bowler.X/dist/default/production/c-bowler.X.a(usb_descriptors.o)
                0xa00000f4                sd000
                0xa00000f8                USB_CD_Ptr
                0xa00000fc                _sdata_end = .

.lit8
 *(.lit8)

.lit4
 *(.lit4)
                0xa00000fc                . = ALIGN (0x4)
                0xa00000fc                _data_end = .
                0xa00000fc                _bss_begin = .

.sbss           0xa00000fc      0x270
                0xa00000fc                _sbss_begin = .
 *(.dynsbss)
 *(.sbss .sbss.* .gnu.linkonce.sb.*)
 .sbss          0xa00000fc        0x4 build/default/production/_ext/805493626/Debug_DyIO.o
                0xa00000fc                maxNumCharsInModes
 .sbss          0xa0000100       0x6c build/default/production/_ext/805493626/Namespace_bcs_io.o
 .sbss          0xa000016c        0x8 build/default/production/_ext/805493626/Abstract_bcs_io.o
 .sbss          0xa0000174        0x4 build/default/production/_ext/805493626/Bcs_IO_AdvancedAsync.o
                0xa0000174                isInit
 .sbss          0xa0000178        0x4 build/default/production/_ext/1051272628/Abstract_bcs_io_setmode.o
                0xa0000178                setChanelModeHWPtr
 .sbss          0xa000017c       0x14 build/default/production/_ext/1051272628/Namespace_bcs_io_setmode.o
 .sbss          0xa0000190        0x1 build/default/production/_ext/1978776677/InitializationCallbacks.o
                0xa0000190                SaveTheState
 .sbss          0xa0000191        0x2 build/default/production/_ext/1978776677/DownStreamPackets.o
                0xa0000191                batteryCode0
                0xa0000192                batteryCode1
 *fill*         0xa0000193        0x1 00
 .sbss          0xa0000194       0x10 build/default/production/_ext/990863823/Switches.o
 .sbss          0xa00001a4       0x10 build/default/production/_ext/990863823/CoProcCom.o
                0xa00001b0                coProcRunning
 .sbss          0xa00001b4       0x14 build/default/production/_ext/990863823/ADC.o
                0xa00001b4                init
                0xa00001b8                lastHighTime
                0xa00001bc                lastLowTime
 .sbss          0xa00001c8        0x1 build/default/production/_ext/990863823/EEPROMMannager.o
                0xa00001c8                loadEEDone
 *fill*         0xa00001c9        0x3 00
 .sbss          0xa00001cc        0xc build/default/production/_ext/990863823/PPMReader.o
 .sbss          0xa00001d8       0x14 build/default/production/_ext/1281821416/Namespace_bcs_safe.o
 .sbss          0xa00001ec       0x38 build/default/production/_ext/321196743/Namespace_neuronrobotics_dyio.o
                0xa00001ec                pwr
 .sbss          0xa0000224       0x14 build/default/production/_ext/321196743/Namespace_bcs_pid_dypid.o
 .sbss          0xa0000238        0x4 ../../../../../c-bowler/firmware/library/NR-Clib/development/c-bowler.X/dist/default/production/c-bowler.X.a(Namespace_bcs_core.o)
 .sbss          0xa000023c        0x4 ../../../../../c-bowler/firmware/library/NR-Clib/development/c-bowler.X/dist/default/production/c-bowler.X.a(Bowler_Server.o)
 .sbss          0xa0000240        0xc ../../../../../c-bowler/firmware/library/NR-Clib/development/c-bowler.X/dist/default/production/c-bowler.X.a(Debug.o)
                0xa0000240                level
 .sbss          0xa000024c        0x4 ../../../../../c-bowler/firmware/library/NR-Clib/development/c-bowler.X/dist/default/production/c-bowler.X.a(Namespace_bcs_pid.o)
 .sbss          0xa0000250        0xc ../../../../../c-bowler/firmware/library/NR-Clib/development/c-bowler.X/dist/default/production/c-bowler.X.a(AbstractPID.o)
                0xa0000250                number_of_pid_groups
 .sbss          0xa000025c       0x10 ../../../../../c-bowler/firmware/library/NR-Clib/development/c-bowler.X/dist/default/production/c-bowler.X.a(usb_fifo.o)
 .sbss          0xa000026c        0x4 ../../../../../c-bowler/firmware/library/NR-Clib/development/c-bowler.X/dist/default/production/c-bowler.X.a(ADC.o)
                0xa000026c                ADCMask
 .sbss          0xa0000270       0x18 ../../../../../c-bowler/firmware/library/NR-Clib/development/c-bowler.X/dist/default/production/c-bowler.X.a(HAL_P32.o)
 .sbss          0xa0000288        0x4 ../../../../../c-bowler/firmware/library/NR-Clib/development/c-bowler.X/dist/default/production/c-bowler.X.a(FlashStorage.o)
                0xa0000288                streamSize
 .sbss          0xa000028c        0x8 ../../../../../c-bowler/firmware/library/NR-Clib/development/c-bowler.X/dist/default/production/c-bowler.X.a(Bowler_UART_HAL.o)
 .sbss          0xa0000294        0x8 ../../../../../c-bowler/firmware/library/NR-Clib/development/c-bowler.X/dist/default/production/c-bowler.X.a(Tick.o)
 .sbss          0xa000029c        0x8 ../../../../../c-bowler/firmware/library/NR-Clib/development/c-bowler.X/dist/default/production/c-bowler.X.a(UART.o)
                0xa000029c                useUart2
                0xa00002a0                useUart1
 .sbss          0xa00002a4        0x4 ../../../../../c-bowler/firmware/library/NR-Clib/development/c-bowler.X/dist/default/production/c-bowler.X.a(Namespace_bcs_rpc.o)
 .sbss          0xa00002a8        0x2 ../../../../../c-bowler/firmware/library/NR-Clib/development/c-bowler.X/dist/default/production/c-bowler.X.a(usb_callback.o)
 *(.scommon)
 *fill*         0xa00002aa        0x2 00
 .scommon       0xa00002ac       0x14 build/default/production/_ext/805493626/Abstract_bcs_io.o
                0xa00002ac                getAllChanelValueHWPtr
                0xa00002b0                getChanelValueHWPtr
                0xa00002b4                setAllChanelValueHWPtr
                0xa00002b8                setChanelValueHWPtr
                0xa00002bc                configChannelHWPtr
 .scommon       0xa00002c0        0x8 build/default/production/_ext/990863823/ADC.o
                0xa00002c0                lockOutTimeout
 .scommon       0xa00002c8       0x1c ../../../../../c-bowler/firmware/library/NR-Clib/development/c-bowler.X/dist/default/production/c-bowler.X.a(AbstractPID.o)
                0xa00002c8                resetPosition
                0xa00002cc                MathCalculationVelocity
                0xa00002d0                setOutputLocal
                0xa00002d4                MathCalculationPosition
                0xa00002d8                onPidConfigureLocal
                0xa00002dc                getPosition
                0xa00002e0                checkPIDLimitEvents
 .scommon       0xa00002e4       0x41 ../../../../../c-bowler/firmware/library/NR-Clib/development/c-bowler.X/dist/default/production/c-bowler.X.a(usb_device.o)
                0xa00002e4                pDst
                0xa00002e8                USBDeviceState
                0xa00002ec                controlTransferState
                0xa00002f0                USBInMaxPacketSize
                0xa00002f8                inPipes
                0xa0000300                BothEP0OutUOWNsSet
                0xa0000304                pBDTEntryEP0OutNext
                0xa0000308                SetupPkt
                0xa0000310                shortPacketStatus
                0xa0000314                pBDTEntryEP0OutCurrent
                0xa0000318                USBActiveConfiguration
                0xa000031c                RemoteWakeup
                0xa0000320                USTATcopy
                0xa0000324                USBAlternateInterface
 *fill*         0xa0000325        0x3 00
 .scommon       0xa0000328        0x4 ../../../../../c-bowler/firmware/library/NR-Clib/development/c-bowler.X/dist/default/production/c-bowler.X.a(FlashStorage.o)
                0xa0000328                stream
 .scommon       0xa000032c       0x40 ../../../../../c-bowler/firmware/library/NR-Clib/development/c-bowler.X/dist/default/production/c-bowler.X.a(usb_function_cdc.o)
                0xa000032c                control_signal_bitmap
                0xa0000330                cdc_tx_len
                0xa0000334                pCDCSrc
                0xa0000338                CDCDataOutHandle
                0xa000033c                cdc_rx_len
                0xa0000340                line_coding
                0xa0000348                BaudRateGen
                0xa000034c                CDCDataInHandle
                0xa0000350                cdc_notice
                0xa0000358                cdc_trf_state
                0xa000035c                pCDCDst
                0xa0000360                cdc_mem_type
                0xa0000364                dummy_encapsulated_cmd_response
                0xa000036c                _sbss_end = .

.bss            0xa0000400      0x3f8
 *(.dynbss)
 *(COMMON)
 COMMON         0xa0000400      0x158 build/default/production/_ext/990863823/ADC.o
                0xa0000400                adc
 COMMON         0xa0000558       0x8c build/default/production/_ext/990863823/Counter.o
                0xa0000558                Counter
 COMMON         0xa00005e4       0x16 build/default/production/_ext/1020318379/Pin_State.o
                0xa00005e4                self
 *fill*         0xa00005fa        0x6 00
 COMMON         0xa0000600       0xf7 ../../../../../c-bowler/firmware/library/NR-Clib/development/c-bowler.X/dist/default/production/c-bowler.X.a(usb_device.o)
                0xa0000600                BDT
                0xa0000680                CtrlTrfData
                0xa00006c0                pBDTEntryIn
                0xa00006d0                pBDTEntryOut
                0xa00006e0                USBInData
                0xa00006ec                outPipes
 *fill*         0xa00006f7        0x1 00
 COMMON         0xa00006f8       0x80 ../../../../../c-bowler/firmware/library/NR-Clib/development/c-bowler.X/dist/default/production/c-bowler.X.a(FlashStorage.o)
                0xa00006f8                flash
 COMMON         0xa0000778       0x80 ../../../../../c-bowler/firmware/library/NR-Clib/development/c-bowler.X/dist/default/production/c-bowler.X.a(usb_function_cdc.o)
                0xa0000778                cdc_data_tx
                0xa00007b8                cdc_data_rx
                0xa00007f8                . = ALIGN (0x4)
                0xa00007f8                . = ALIGN (0x4)
                0xa00007f8                _end = .
                0xa00007f8                _bss_end = .
                0x00008000                _bmxdudba_address = 0x8000
                0x00008000                _bmxdupba_address = 0x8000

/DISCARD/
 *(.pdr)
 *(.reginfo)
 *(.rel.dyn)
 *(.note.GNU-stack)
 *(.note.GNU-stack)
 *(.gnu_debuglink)
 *(.gnu.lto_*)
 *(.discard)

.stab
 *(.stab)

.stabstr
 *(.stabstr)

.stab.excl
 *(.stab.excl)

.stab.exclstr
 *(.stab.exclstr)

.stab.index
 *(.stab.index)

.stab.indexstr
 *(.stab.indexstr)

.comment        0x00000000       0x84
 *(.comment)
 .comment       0x00000000       0x33 build/default/production/_ext/108654538/PinFunctions.o
                                 0x34 (size before relaxing)
 .comment       0x00000000       0x34 build/default/production/_ext/805493626/Debug_DyIO.o
 .comment       0x00000000       0x34 build/default/production/_ext/805493626/Namespace_bcs_io.o
 .comment       0x00000000       0x34 build/default/production/_ext/805493626/Abstract_bcs_io.o
 .comment       0x00000000       0x34 build/default/production/_ext/805493626/Bcs_IO_AdvancedAsync.o
 .comment       0x00000000       0x34 build/default/production/_ext/1051272628/Abstract_bcs_io_setmode.o
 .comment       0x00000000       0x34 build/default/production/_ext/1051272628/Namespace_bcs_io_setmode.o
 .comment       0x00000000       0x34 build/default/production/_ext/1825615050/CartesianController.o
 .comment       0x00000000       0x34 build/default/production/_ext/1825615050/PID.o
 .comment       0x00000000       0x34 build/default/production/_ext/1978776677/UpstreamPackets.o
 .comment       0x00000000       0x34 build/default/production/_ext/1978776677/InitializationCallbacks.o
 .comment       0x00000000       0x34 build/default/production/_ext/1978776677/DownStreamPackets.o
 .comment       0x00000000       0x34 build/default/production/_ext/1978776677/AsyncManager.o
 .comment       0x00000000       0x34 build/default/production/_ext/2110062566/UartDMARx.o
 .comment       0x00000000       0x34 build/default/production/_ext/990863823/AVRInterface.o
 .comment       0x00000000       0x34 build/default/production/_ext/990863823/Switches.o
 .comment       0x00000000       0x34 build/default/production/_ext/990863823/DyIODataTableManager.o
 .comment       0x00000000       0x34 build/default/production/_ext/990863823/CoProcCom.o
 .comment       0x00000000       0x34 build/default/production/_ext/990863823/ADC.o
 .comment       0x00000000       0x34 build/default/production/_ext/990863823/Counter.o
 .comment       0x00000000       0x34 build/default/production/_ext/990863823/EEPROMMannager.o
 .comment       0x00000000       0x34 build/default/production/_ext/990863823/SerialPassThrough.o
 .comment       0x00000000       0x34 build/default/production/_ext/990863823/SPI.o
 .comment       0x00000000       0x34 build/default/production/_ext/990863823/PPMReader.o
 .comment       0x00000000       0x34 build/default/production/_ext/1020318379/Pin_State.o
 .comment       0x00000000       0x34 build/default/production/_ext/1020318379/ChannelConfig.o
 .comment       0x00000000       0x34 build/default/production/_ext/1020318379/ChannelValues.o
 .comment       0x00000000       0x34 build/default/production/_ext/1020318379/ChannelMode.o
 .comment       0x00000000       0x34 build/default/production/_ext/1281821416/Abstract_bsc_safe.o
 .comment       0x00000000       0x34 build/default/production/_ext/1281821416/Namespace_bcs_safe.o
 .comment       0x00000000       0x34 build/default/production/_ext/321196743/Namespace_neuronrobotics_dyio.o
 .comment       0x00000000       0x34 build/default/production/_ext/321196743/Namespace_bcs_pid_dypid.o
 .comment       0x00000000       0x34 build/default/production/_ext/1360937237/Main.o
 .comment       0x00000000       0x34 build/default/production/_ext/1360937237/DyIOMain.o
 .comment       0x00000000       0x34 ../../../../../c-bowler/firmware/library/NR-Clib/development/c-bowler.X/dist/default/production/c-bowler.X.a(BowlerPacketParser.o)
 .comment       0x00000000       0x34 ../../../../../c-bowler/firmware/library/NR-Clib/development/c-bowler.X/dist/default/production/c-bowler.X.a(Namespace_bcs_core.o)
 .comment       0x00000000       0x34 ../../../../../c-bowler/firmware/library/NR-Clib/development/c-bowler.X/dist/default/production/c-bowler.X.a(Bowler_Server.o)
 .comment       0x00000000       0x34 ../../../../../c-bowler/firmware/library/NR-Clib/development/c-bowler.X/dist/default/production/c-bowler.X.a(Debug.o)
 .comment       0x00000000       0x34 ../../../../../c-bowler/firmware/library/NR-Clib/development/c-bowler.X/dist/default/production/c-bowler.X.a(FIFO.o)
 .comment       0x00000000       0x34 ../../../../../c-bowler/firmware/library/NR-Clib/development/c-bowler.X/dist/default/production/c-bowler.X.a(Bowler_Helper.o)
 .comment       0x00000000       0x34 ../../../../../c-bowler/firmware/library/NR-Clib/development/c-bowler.X/dist/default/production/c-bowler.X.a(Scheduler.o)
 .comment       0x00000000       0x34 ../../../../../c-bowler/firmware/library/NR-Clib/development/c-bowler.X/dist/default/production/c-bowler.X.a(Namespace_bcs_pid.o)
 .comment       0x00000000       0x34 ../../../../../c-bowler/firmware/library/NR-Clib/development/c-bowler.X/dist/default/production/c-bowler.X.a(AbstractPID.o)
 .comment       0x00000000       0x34 ../../../../../c-bowler/firmware/library/NR-Clib/development/c-bowler.X/dist/default/production/c-bowler.X.a(usb_fifo.o)
 .comment       0x00000000       0x34 ../../../../../c-bowler/firmware/library/NR-Clib/development/c-bowler.X/dist/default/production/c-bowler.X.a(usb_device.o)
 .comment       0x00000000       0x34 ../../../../../c-bowler/firmware/library/NR-Clib/development/c-bowler.X/dist/default/production/c-bowler.X.a(LED.o)
 .comment       0x00000000       0x34 ../../../../../c-bowler/firmware/library/NR-Clib/development/c-bowler.X/dist/default/production/c-bowler.X.a(ADC.o)
 .comment       0x00000000       0x34 ../../../../../c-bowler/firmware/library/NR-Clib/development/c-bowler.X/dist/default/production/c-bowler.X.a(HAL_P32.o)
 .comment       0x00000000       0x34 ../../../../../c-bowler/firmware/library/NR-Clib/development/c-bowler.X/dist/default/production/c-bowler.X.a(Delay.o)
 .comment       0x00000000       0x34 ../../../../../c-bowler/firmware/library/NR-Clib/development/c-bowler.X/dist/default/production/c-bowler.X.a(Bowler_USB_HAL.o)
 .comment       0x00000000       0x34 ../../../../../c-bowler/firmware/library/NR-Clib/development/c-bowler.X/dist/default/production/c-bowler.X.a(FlashStorage.o)
 .comment       0x00000000       0x34 ../../../../../c-bowler/firmware/library/NR-Clib/development/c-bowler.X/dist/default/production/c-bowler.X.a(Bowler_UART_HAL.o)
 .comment       0x00000000       0x34 ../../../../../c-bowler/firmware/library/NR-Clib/development/c-bowler.X/dist/default/production/c-bowler.X.a(Tick.o)
 .comment       0x00000000       0x34 ../../../../../c-bowler/firmware/library/NR-Clib/development/c-bowler.X/dist/default/production/c-bowler.X.a(UART.o)
 .comment       0x00000000       0x34 ../../../../../c-bowler/firmware/library/NR-Clib/development/c-bowler.X/dist/default/production/c-bowler.X.a(Namespace_bcs_rpc.o)
 .comment       0x00000000       0x34 ../../../../../c-bowler/firmware/library/NR-Clib/development/c-bowler.X/dist/default/production/c-bowler.X.a(PidRpc.o)
 .comment       0x00000000       0x34 ../../../../../c-bowler/firmware/library/NR-Clib/development/c-bowler.X/dist/default/production/c-bowler.X.a(PidHysteresis.o)
 .comment       0x00000000       0x34 ../../../../../c-bowler/firmware/library/NR-Clib/development/c-bowler.X/dist/default/production/c-bowler.X.a(PidAsync.o)
 .comment       0x00000000       0x34 ../../../../../c-bowler/firmware/library/NR-Clib/development/c-bowler.X/dist/default/production/c-bowler.X.a(usb_callback.o)
 .comment       0x00000000       0x34 ../../../../../c-bowler/firmware/library/NR-Clib/development/c-bowler.X/dist/default/production/c-bowler.X.a(usb_function_cdc.o)
 .comment       0x00000000       0x34 ../../../../../c-bowler/firmware/library/NR-Clib/development/c-bowler.X/dist/default/production/c-bowler.X.a(usb_descriptors.o)
 .comment       0x00000000       0x34 ../../../../../c-bowler/firmware/library/NR-Clib/development/c-bowler.X/dist/default/production/c-bowler.X.a(PidVelocity.o)
 .comment       0x00000000       0x34 /home/opt/microchip/xc32/v1.00/bin/../lib/gcc/pic32mx/4.5.1/libgcc.a(floatunsisf.o)
 .comment       0x00000000       0x34 /home/opt/microchip/xc32/v1.00/bin/../lib/gcc/pic32mx/4.5.1/../../../../pic32mx/lib/libc.a(default-bootstrap-exception-handler.o)
 .comment       0x00000000       0x34 /home/opt/microchip/xc32/v1.00/bin/../lib/gcc/pic32mx/4.5.1/../../../../pic32mx/lib/libc.a(default-on-reset.o)
 .comment       0x00000000       0x34 /home/opt/microchip/xc32/v1.00/bin/../lib/gcc/pic32mx/4.5.1/../../../../pic32mx/lib/libc.a(default-on-bootstrap.o)
 .comment       0x00000033       0x51 /home/opt/microchip/xc32/v1.00/bin/../lib/gcc/pic32mx/4.5.1/../../../../pic32mx/lib/libmchp_peripheral_32MX440F128H.a(soft_reset_lib.o)
                                 0x52 (size before relaxing)
 .comment       0x00000000       0x52 /home/opt/microchip/xc32/v1.00/bin/../lib/gcc/pic32mx/4.5.1/../../../../pic32mx/lib/libmchp_peripheral_32MX440F128H.a(int_enable_interrupts_lib.o)
 .comment       0x00000000       0x52 /home/opt/microchip/xc32/v1.00/bin/../lib/gcc/pic32mx/4.5.1/../../../../pic32mx/lib/libmchp_peripheral_32MX440F128H.a(int_disable_interrupts_lib.o)
 .comment       0x00000000       0x52 /home/opt/microchip/xc32/v1.00/bin/../lib/gcc/pic32mx/4.5.1/../../../../pic32mx/lib/libmchp_peripheral_32MX440F128H.a(int_enable_mv_int_lib.o)
 .comment       0x00000000       0x52 /home/opt/microchip/xc32/v1.00/bin/../lib/gcc/pic32mx/4.5.1/../../../../pic32mx/lib/libmchp_peripheral_32MX440F128H.a(int_tbl_lib.o)
 .comment       0x00000000       0x52 /home/opt/microchip/xc32/v1.00/bin/../lib/gcc/pic32mx/4.5.1/../../../../pic32mx/lib/libmchp_peripheral_32MX440F128H.a(spi_getc_spi2_lib_legacy.o)
 .comment       0x00000000       0x52 /home/opt/microchip/xc32/v1.00/bin/../lib/gcc/pic32mx/4.5.1/../../../../pic32mx/lib/libmchp_peripheral_32MX440F128H.a(spi_open_spi2_lib_legacy.o)
 .comment       0x00000000       0x52 /home/opt/microchip/xc32/v1.00/bin/../lib/gcc/pic32mx/4.5.1/../../../../pic32mx/lib/libmchp_peripheral_32MX440F128H.a(spi_brg_tbl_lib_legacy.o)
 .comment       0x00000000       0x52 /home/opt/microchip/xc32/v1.00/bin/../lib/gcc/pic32mx/4.5.1/../../../../pic32mx/lib/libmchp_peripheral_32MX440F128H.a(nvm_erase_page_lib.o)
 .comment       0x00000000       0x52 /home/opt/microchip/xc32/v1.00/bin/../lib/gcc/pic32mx/4.5.1/../../../../pic32mx/lib/libmchp_peripheral_32MX440F128H.a(nvm_operation_lib.o)
 .comment       0x00000000       0x52 /home/opt/microchip/xc32/v1.00/bin/../lib/gcc/pic32mx/4.5.1/../../../../pic32mx/lib/libmchp_peripheral_32MX440F128H.a(nvm_write_word_lib.o)
 .comment       0x00000000       0x52 /home/opt/microchip/xc32/v1.00/bin/../lib/gcc/pic32mx/4.5.1/../../../../pic32mx/lib/libmchp_peripheral_32MX440F128H.a(port_set_pins_digital_out_lib.o)
 .comment       0x00000000       0x52 /home/opt/microchip/xc32/v1.00/bin/../lib/gcc/pic32mx/4.5.1/../../../../pic32mx/lib/libmchp_peripheral_32MX440F128H.a(port_clear_bits_lib.o)
 .comment       0x00000000       0x52 /home/opt/microchip/xc32/v1.00/bin/../lib/gcc/pic32mx/4.5.1/../../../../pic32mx/lib/libmchp_peripheral_32MX440F128H.a(port_set_bits_lib.o)
 .comment       0x00000000       0x52 /home/opt/microchip/xc32/v1.00/bin/../lib/gcc/pic32mx/4.5.1/../../../../pic32mx/lib/libmchp_peripheral_32MX440F128H.a(_ports_tbl_libp.o)
 .comment       0x00000000       0x52 /home/opt/microchip/xc32/v1.00/bin/../lib/gcc/pic32mx/4.5.1/../../../../pic32mx/lib/libmchp_peripheral_32MX440F128H.a(uart_lib.o)
 .comment       0x00000000       0x52 /home/opt/microchip/xc32/v1.00/bin/../lib/gcc/pic32mx/4.5.1/../../../../pic32mx/lib/libmchp_peripheral_32MX440F128H.a(int_restore_interrupts_lib.o)

.debug
 *(.debug)

.line
 *(.line)

.debug_srcinfo
 *(.debug_srcinfo)

.debug_sfnames
 *(.debug_sfnames)

.debug_aranges  0x00000000      0xa58
 *(.debug_aranges)
 .debug_aranges
                0x00000000       0x20 build/default/production/_ext/108654538/PinFunctions.o
 .debug_aranges
                0x00000020       0x20 build/default/production/_ext/805493626/Debug_DyIO.o
 .debug_aranges
                0x00000040       0x20 build/default/production/_ext/805493626/Namespace_bcs_io.o
 .debug_aranges
                0x00000060       0x20 build/default/production/_ext/805493626/Abstract_bcs_io.o
 .debug_aranges
                0x00000080       0x20 build/default/production/_ext/805493626/Bcs_IO_AdvancedAsync.o
 .debug_aranges
                0x000000a0       0x20 build/default/production/_ext/1051272628/Abstract_bcs_io_setmode.o
 .debug_aranges
                0x000000c0       0x20 build/default/production/_ext/1051272628/Namespace_bcs_io_setmode.o
 .debug_aranges
                0x000000e0       0x20 build/default/production/_ext/1825615050/CartesianController.o
 .debug_aranges
                0x00000100       0x20 build/default/production/_ext/1825615050/PID.o
 .debug_aranges
                0x00000120       0x20 build/default/production/_ext/1978776677/UpstreamPackets.o
 .debug_aranges
                0x00000140       0x20 build/default/production/_ext/1978776677/InitializationCallbacks.o
 .debug_aranges
                0x00000160       0x20 build/default/production/_ext/1978776677/DownStreamPackets.o
 .debug_aranges
                0x00000180       0x20 build/default/production/_ext/1978776677/AsyncManager.o
 .debug_aranges
                0x000001a0       0x20 build/default/production/_ext/990863823/AVRInterface.o
 .debug_aranges
                0x000001c0       0x20 build/default/production/_ext/990863823/Switches.o
 .debug_aranges
                0x000001e0       0x20 build/default/production/_ext/990863823/DyIODataTableManager.o
 .debug_aranges
                0x00000200       0x20 build/default/production/_ext/990863823/CoProcCom.o
 .debug_aranges
                0x00000220       0x20 build/default/production/_ext/990863823/ADC.o
 .debug_aranges
                0x00000240       0x20 build/default/production/_ext/990863823/Counter.o
 .debug_aranges
                0x00000260       0x20 build/default/production/_ext/990863823/EEPROMMannager.o
 .debug_aranges
                0x00000280       0x20 build/default/production/_ext/990863823/SerialPassThrough.o
 .debug_aranges
                0x000002a0       0x20 build/default/production/_ext/990863823/SPI.o
 .debug_aranges
                0x000002c0       0x20 build/default/production/_ext/990863823/PPMReader.o
 .debug_aranges
                0x000002e0       0x20 build/default/production/_ext/1020318379/Pin_State.o
 .debug_aranges
                0x00000300       0x20 build/default/production/_ext/1020318379/ChannelConfig.o
 .debug_aranges
                0x00000320       0x20 build/default/production/_ext/1020318379/ChannelValues.o
 .debug_aranges
                0x00000340       0x20 build/default/production/_ext/1020318379/ChannelMode.o
 .debug_aranges
                0x00000360       0x20 build/default/production/_ext/1281821416/Namespace_bcs_safe.o
 .debug_aranges
                0x00000380       0x20 build/default/production/_ext/321196743/Namespace_neuronrobotics_dyio.o
 .debug_aranges
                0x000003a0       0x20 build/default/production/_ext/321196743/Namespace_bcs_pid_dypid.o
 .debug_aranges
                0x000003c0       0x20 build/default/production/_ext/1360937237/Main.o
 .debug_aranges
                0x000003e0       0x20 build/default/production/_ext/1360937237/DyIOMain.o
 .debug_aranges
                0x00000400       0x20 ../../../../../c-bowler/firmware/library/NR-Clib/development/c-bowler.X/dist/default/production/c-bowler.X.a(BowlerPacketParser.o)
 .debug_aranges
                0x00000420       0x20 ../../../../../c-bowler/firmware/library/NR-Clib/development/c-bowler.X/dist/default/production/c-bowler.X.a(Namespace_bcs_core.o)
 .debug_aranges
                0x00000440       0x20 ../../../../../c-bowler/firmware/library/NR-Clib/development/c-bowler.X/dist/default/production/c-bowler.X.a(Bowler_Server.o)
 .debug_aranges
                0x00000460       0x20 ../../../../../c-bowler/firmware/library/NR-Clib/development/c-bowler.X/dist/default/production/c-bowler.X.a(Debug.o)
 .debug_aranges
                0x00000480       0x20 ../../../../../c-bowler/firmware/library/NR-Clib/development/c-bowler.X/dist/default/production/c-bowler.X.a(FIFO.o)
 .debug_aranges
                0x000004a0       0x20 ../../../../../c-bowler/firmware/library/NR-Clib/development/c-bowler.X/dist/default/production/c-bowler.X.a(Bowler_Helper.o)
 .debug_aranges
                0x000004c0       0x20 ../../../../../c-bowler/firmware/library/NR-Clib/development/c-bowler.X/dist/default/production/c-bowler.X.a(Scheduler.o)
 .debug_aranges
                0x000004e0       0x20 ../../../../../c-bowler/firmware/library/NR-Clib/development/c-bowler.X/dist/default/production/c-bowler.X.a(Namespace_bcs_pid.o)
 .debug_aranges
                0x00000500       0x20 ../../../../../c-bowler/firmware/library/NR-Clib/development/c-bowler.X/dist/default/production/c-bowler.X.a(AbstractPID.o)
 .debug_aranges
                0x00000520       0x20 ../../../../../c-bowler/firmware/library/NR-Clib/development/c-bowler.X/dist/default/production/c-bowler.X.a(usb_fifo.o)
 .debug_aranges
                0x00000540       0x20 ../../../../../c-bowler/firmware/library/NR-Clib/development/c-bowler.X/dist/default/production/c-bowler.X.a(usb_device.o)
 .debug_aranges
                0x00000560       0x20 ../../../../../c-bowler/firmware/library/NR-Clib/development/c-bowler.X/dist/default/production/c-bowler.X.a(LED.o)
 .debug_aranges
                0x00000580       0x20 ../../../../../c-bowler/firmware/library/NR-Clib/development/c-bowler.X/dist/default/production/c-bowler.X.a(ADC.o)
 .debug_aranges
                0x000005a0       0x20 ../../../../../c-bowler/firmware/library/NR-Clib/development/c-bowler.X/dist/default/production/c-bowler.X.a(HAL_P32.o)
 .debug_aranges
                0x000005c0       0x20 ../../../../../c-bowler/firmware/library/NR-Clib/development/c-bowler.X/dist/default/production/c-bowler.X.a(Delay.o)
 .debug_aranges
                0x000005e0       0x20 ../../../../../c-bowler/firmware/library/NR-Clib/development/c-bowler.X/dist/default/production/c-bowler.X.a(Bowler_USB_HAL.o)
 .debug_aranges
                0x00000600       0x20 ../../../../../c-bowler/firmware/library/NR-Clib/development/c-bowler.X/dist/default/production/c-bowler.X.a(FlashStorage.o)
 .debug_aranges
                0x00000620       0x20 ../../../../../c-bowler/firmware/library/NR-Clib/development/c-bowler.X/dist/default/production/c-bowler.X.a(Bowler_UART_HAL.o)
 .debug_aranges
                0x00000640       0x20 ../../../../../c-bowler/firmware/library/NR-Clib/development/c-bowler.X/dist/default/production/c-bowler.X.a(Tick.o)
 .debug_aranges
                0x00000660       0x20 ../../../../../c-bowler/firmware/library/NR-Clib/development/c-bowler.X/dist/default/production/c-bowler.X.a(UART.o)
 .debug_aranges
                0x00000680       0x20 ../../../../../c-bowler/firmware/library/NR-Clib/development/c-bowler.X/dist/default/production/c-bowler.X.a(Namespace_bcs_rpc.o)
 .debug_aranges
                0x000006a0       0x20 ../../../../../c-bowler/firmware/library/NR-Clib/development/c-bowler.X/dist/default/production/c-bowler.X.a(PidRpc.o)
 .debug_aranges
                0x000006c0       0x20 ../../../../../c-bowler/firmware/library/NR-Clib/development/c-bowler.X/dist/default/production/c-bowler.X.a(PidHysteresis.o)
 .debug_aranges
                0x000006e0       0x20 ../../../../../c-bowler/firmware/library/NR-Clib/development/c-bowler.X/dist/default/production/c-bowler.X.a(PidAsync.o)
 .debug_aranges
                0x00000700       0x20 ../../../../../c-bowler/firmware/library/NR-Clib/development/c-bowler.X/dist/default/production/c-bowler.X.a(usb_callback.o)
 .debug_aranges
                0x00000720       0x20 ../../../../../c-bowler/firmware/library/NR-Clib/development/c-bowler.X/dist/default/production/c-bowler.X.a(usb_function_cdc.o)
 .debug_aranges
                0x00000740       0x20 ../../../../../c-bowler/firmware/library/NR-Clib/development/c-bowler.X/dist/default/production/c-bowler.X.a(usb_descriptors.o)
 .debug_aranges
                0x00000760       0x20 ../../../../../c-bowler/firmware/library/NR-Clib/development/c-bowler.X/dist/default/production/c-bowler.X.a(PidVelocity.o)
 .debug_aranges
                0x00000780       0x20 /home/opt/microchip/xc32/v1.00/bin/../lib/gcc/pic32mx/4.5.1/libgcc.a(floatunsisf.o)
 .debug_aranges
                0x000007a0       0x20 /home/opt/microchip/xc32/v1.00/bin/../lib/gcc/pic32mx/4.5.1/../../../../pic32mx/lib/libc.a(default-bootstrap-exception-handler.o)
 .debug_aranges
                0x000007c0       0x20 /home/opt/microchip/xc32/v1.00/bin/../lib/gcc/pic32mx/4.5.1/../../../../pic32mx/lib/libc.a(default-on-reset.o)
 .debug_aranges
                0x000007e0       0x20 /home/opt/microchip/xc32/v1.00/bin/../lib/gcc/pic32mx/4.5.1/../../../../pic32mx/lib/libc.a(default-on-bootstrap.o)
 .debug_aranges
                0x00000800       0x20 /home/opt/microchip/xc32/v1.00/bin/../lib/gcc/pic32mx/4.5.1/../../../../pic32mx/lib/libmchp_peripheral_32MX440F128H.a(soft_reset_lib.o)
 .debug_aranges
                0x00000820       0x20 /home/opt/microchip/xc32/v1.00/bin/../lib/gcc/pic32mx/4.5.1/../../../../pic32mx/lib/libmchp_peripheral_32MX440F128H.a(int_enable_interrupts_lib.o)
 .debug_aranges
                0x00000840       0x20 /home/opt/microchip/xc32/v1.00/bin/../lib/gcc/pic32mx/4.5.1/../../../../pic32mx/lib/libmchp_peripheral_32MX440F128H.a(int_disable_interrupts_lib.o)
 .debug_aranges
                0x00000860       0x20 /home/opt/microchip/xc32/v1.00/bin/../lib/gcc/pic32mx/4.5.1/../../../../pic32mx/lib/libmchp_peripheral_32MX440F128H.a(int_enable_mv_int_lib.o)
 .debug_aranges
                0x00000880       0x60 /home/opt/microchip/xc32/v1.00/bin/../lib/gcc/pic32mx/4.5.1/../../../../pic32mx/lib/libmchp_peripheral_32MX440F128H.a(int_tbl_lib.o)
 .debug_aranges
                0x000008e0       0x20 /home/opt/microchip/xc32/v1.00/bin/../lib/gcc/pic32mx/4.5.1/../../../../pic32mx/lib/libmchp_peripheral_32MX440F128H.a(spi_getc_spi2_lib_legacy.o)
 .debug_aranges
                0x00000900       0x20 /home/opt/microchip/xc32/v1.00/bin/../lib/gcc/pic32mx/4.5.1/../../../../pic32mx/lib/libmchp_peripheral_32MX440F128H.a(spi_open_spi2_lib_legacy.o)
 .debug_aranges
                0x00000920       0x20 /home/opt/microchip/xc32/v1.00/bin/../lib/gcc/pic32mx/4.5.1/../../../../pic32mx/lib/libmchp_peripheral_32MX440F128H.a(nvm_erase_page_lib.o)
 .debug_aranges
                0x00000940       0x20 /home/opt/microchip/xc32/v1.00/bin/../lib/gcc/pic32mx/4.5.1/../../../../pic32mx/lib/libmchp_peripheral_32MX440F128H.a(nvm_operation_lib.o)
 .debug_aranges
                0x00000960       0x20 /home/opt/microchip/xc32/v1.00/bin/../lib/gcc/pic32mx/4.5.1/../../../../pic32mx/lib/libmchp_peripheral_32MX440F128H.a(nvm_write_word_lib.o)
 .debug_aranges
                0x00000980       0x20 /home/opt/microchip/xc32/v1.00/bin/../lib/gcc/pic32mx/4.5.1/../../../../pic32mx/lib/libmchp_peripheral_32MX440F128H.a(port_set_pins_digital_out_lib.o)
 .debug_aranges
                0x000009a0       0x20 /home/opt/microchip/xc32/v1.00/bin/../lib/gcc/pic32mx/4.5.1/../../../../pic32mx/lib/libmchp_peripheral_32MX440F128H.a(port_clear_bits_lib.o)
 .debug_aranges
                0x000009c0       0x20 /home/opt/microchip/xc32/v1.00/bin/../lib/gcc/pic32mx/4.5.1/../../../../pic32mx/lib/libmchp_peripheral_32MX440F128H.a(port_set_bits_lib.o)
 .debug_aranges
                0x000009e0       0x58 /home/opt/microchip/xc32/v1.00/bin/../lib/gcc/pic32mx/4.5.1/../../../../pic32mx/lib/libmchp_peripheral_32MX440F128H.a(uart_lib.o)
 .debug_aranges
                0x00000a38       0x20 /home/opt/microchip/xc32/v1.00/bin/../lib/gcc/pic32mx/4.5.1/../../../../pic32mx/lib/libmchp_peripheral_32MX440F128H.a(int_restore_interrupts_lib.o)

.debug_pubnames
                0x00000000     0x346b
 *(.debug_pubnames)
 .debug_pubnames
                0x00000000       0x26 build/default/production/_ext/108654538/PinFunctions.o
 .debug_pubnames
                0x00000026       0x44 build/default/production/_ext/805493626/Debug_DyIO.o
 .debug_pubnames
                0x0000006a       0x52 build/default/production/_ext/805493626/Namespace_bcs_io.o
 .debug_pubnames
                0x000000bc      0x277 build/default/production/_ext/805493626/Abstract_bcs_io.o
 .debug_pubnames
                0x00000333      0x191 build/default/production/_ext/805493626/Bcs_IO_AdvancedAsync.o
 .debug_pubnames
                0x000004c4       0xa6 build/default/production/_ext/1051272628/Abstract_bcs_io_setmode.o
 .debug_pubnames
                0x0000056a       0x65 build/default/production/_ext/1051272628/Namespace_bcs_io_setmode.o
 .debug_pubnames
                0x000005cf       0xb3 build/default/production/_ext/1825615050/CartesianController.o
 .debug_pubnames
                0x00000682       0xff build/default/production/_ext/1825615050/PID.o
 .debug_pubnames
                0x00000781       0x9c build/default/production/_ext/1978776677/UpstreamPackets.o
 .debug_pubnames
                0x0000081d       0x54 build/default/production/_ext/1978776677/InitializationCallbacks.o
 .debug_pubnames
                0x00000871      0x1c3 build/default/production/_ext/1978776677/DownStreamPackets.o
 .debug_pubnames
                0x00000a34       0x4c build/default/production/_ext/1978776677/AsyncManager.o
 .debug_pubnames
                0x00000a80       0xd0 build/default/production/_ext/990863823/AVRInterface.o
 .debug_pubnames
                0x00000b50       0x34 build/default/production/_ext/990863823/Switches.o
 .debug_pubnames
                0x00000b84       0x9f build/default/production/_ext/990863823/DyIODataTableManager.o
 .debug_pubnames
                0x00000c23      0x12e build/default/production/_ext/990863823/CoProcCom.o
 .debug_pubnames
                0x00000d51      0x123 build/default/production/_ext/990863823/ADC.o
 .debug_pubnames
                0x00000e74      0x1f9 build/default/production/_ext/990863823/Counter.o
 .debug_pubnames
                0x0000106d       0xa5 build/default/production/_ext/990863823/EEPROMMannager.o
 .debug_pubnames
                0x00001112       0x2e build/default/production/_ext/990863823/SerialPassThrough.o
 .debug_pubnames
                0x00001140       0x74 build/default/production/_ext/990863823/SPI.o
 .debug_pubnames
                0x000011b4       0x9e build/default/production/_ext/990863823/PPMReader.o
 .debug_pubnames
                0x00001252       0x28 build/default/production/_ext/1020318379/Pin_State.o
 .debug_pubnames
                0x0000127a       0x24 build/default/production/_ext/1020318379/ChannelConfig.o
 .debug_pubnames
                0x0000129e       0x92 build/default/production/_ext/1020318379/ChannelValues.o
 .debug_pubnames
                0x00001330       0x6f build/default/production/_ext/1020318379/ChannelMode.o
 .debug_pubnames
                0x0000139f       0x86 build/default/production/_ext/1281821416/Namespace_bcs_safe.o
 .debug_pubnames
                0x00001425      0x142 build/default/production/_ext/321196743/Namespace_neuronrobotics_dyio.o
 .debug_pubnames
                0x00001567       0xa7 build/default/production/_ext/321196743/Namespace_bcs_pid_dypid.o
 .debug_pubnames
                0x0000160e       0x1b build/default/production/_ext/1360937237/Main.o
 .debug_pubnames
                0x00001629       0x3f build/default/production/_ext/1360937237/DyIOMain.o
 .debug_pubnames
                0x00001668       0x9f ../../../../../c-bowler/firmware/library/NR-Clib/development/c-bowler.X/dist/default/production/c-bowler.X.a(BowlerPacketParser.o)
 .debug_pubnames
                0x00001707       0xf3 ../../../../../c-bowler/firmware/library/NR-Clib/development/c-bowler.X/dist/default/production/c-bowler.X.a(Namespace_bcs_core.o)
 .debug_pubnames
                0x000017fa       0x9f ../../../../../c-bowler/firmware/library/NR-Clib/development/c-bowler.X/dist/default/production/c-bowler.X.a(Bowler_Server.o)
 .debug_pubnames
                0x00001899      0x1be ../../../../../c-bowler/firmware/library/NR-Clib/development/c-bowler.X/dist/default/production/c-bowler.X.a(Debug.o)
 .debug_pubnames
                0x00001a57      0x154 ../../../../../c-bowler/firmware/library/NR-Clib/development/c-bowler.X/dist/default/production/c-bowler.X.a(FIFO.o)
 .debug_pubnames
                0x00001bab      0x136 ../../../../../c-bowler/firmware/library/NR-Clib/development/c-bowler.X/dist/default/production/c-bowler.X.a(Bowler_Helper.o)
 .debug_pubnames
                0x00001ce1       0x1f ../../../../../c-bowler/firmware/library/NR-Clib/development/c-bowler.X/dist/default/production/c-bowler.X.a(Scheduler.o)
 .debug_pubnames
                0x00001d00       0x48 ../../../../../c-bowler/firmware/library/NR-Clib/development/c-bowler.X/dist/default/production/c-bowler.X.a(Namespace_bcs_pid.o)
 .debug_pubnames
                0x00001d48      0x2df ../../../../../c-bowler/firmware/library/NR-Clib/development/c-bowler.X/dist/default/production/c-bowler.X.a(AbstractPID.o)
 .debug_pubnames
                0x00002027       0xfc ../../../../../c-bowler/firmware/library/NR-Clib/development/c-bowler.X/dist/default/production/c-bowler.X.a(usb_fifo.o)
 .debug_pubnames
                0x00002123      0x3d5 ../../../../../c-bowler/firmware/library/NR-Clib/development/c-bowler.X/dist/default/production/c-bowler.X.a(usb_device.o)
 .debug_pubnames
                0x000024f8       0x50 ../../../../../c-bowler/firmware/library/NR-Clib/development/c-bowler.X/dist/default/production/c-bowler.X.a(LED.o)
 .debug_pubnames
                0x00002548       0x52 ../../../../../c-bowler/firmware/library/NR-Clib/development/c-bowler.X/dist/default/production/c-bowler.X.a(ADC.o)
 .debug_pubnames
                0x0000259a      0x10c ../../../../../c-bowler/firmware/library/NR-Clib/development/c-bowler.X/dist/default/production/c-bowler.X.a(HAL_P32.o)
 .debug_pubnames
                0x000026a6       0x5d ../../../../../c-bowler/firmware/library/NR-Clib/development/c-bowler.X/dist/default/production/c-bowler.X.a(Delay.o)
 .debug_pubnames
                0x00002703       0x4c ../../../../../c-bowler/firmware/library/NR-Clib/development/c-bowler.X/dist/default/production/c-bowler.X.a(Bowler_USB_HAL.o)
 .debug_pubnames
                0x0000274f      0x13a ../../../../../c-bowler/firmware/library/NR-Clib/development/c-bowler.X/dist/default/production/c-bowler.X.a(FlashStorage.o)
 .debug_pubnames
                0x00002889       0xe8 ../../../../../c-bowler/firmware/library/NR-Clib/development/c-bowler.X/dist/default/production/c-bowler.X.a(Bowler_UART_HAL.o)
 .debug_pubnames
                0x00002971       0x8d ../../../../../c-bowler/firmware/library/NR-Clib/development/c-bowler.X/dist/default/production/c-bowler.X.a(Tick.o)
 .debug_pubnames
                0x000029fe       0x4e ../../../../../c-bowler/firmware/library/NR-Clib/development/c-bowler.X/dist/default/production/c-bowler.X.a(UART.o)
 .debug_pubnames
                0x00002a4c       0x3f ../../../../../c-bowler/firmware/library/NR-Clib/development/c-bowler.X/dist/default/production/c-bowler.X.a(Namespace_bcs_rpc.o)
 .debug_pubnames
                0x00002a8b       0xb4 ../../../../../c-bowler/firmware/library/NR-Clib/development/c-bowler.X/dist/default/production/c-bowler.X.a(PidRpc.o)
 .debug_pubnames
                0x00002b3f      0x11f ../../../../../c-bowler/firmware/library/NR-Clib/development/c-bowler.X/dist/default/production/c-bowler.X.a(PidHysteresis.o)
 .debug_pubnames
                0x00002c5e       0x5f ../../../../../c-bowler/firmware/library/NR-Clib/development/c-bowler.X/dist/default/production/c-bowler.X.a(PidAsync.o)
 .debug_pubnames
                0x00002cbd       0xfc ../../../../../c-bowler/firmware/library/NR-Clib/development/c-bowler.X/dist/default/production/c-bowler.X.a(usb_callback.o)
 .debug_pubnames
                0x00002db9      0x1b1 ../../../../../c-bowler/firmware/library/NR-Clib/development/c-bowler.X/dist/default/production/c-bowler.X.a(usb_function_cdc.o)
 .debug_pubnames
                0x00002f6a       0xc2 ../../../../../c-bowler/firmware/library/NR-Clib/development/c-bowler.X/dist/default/production/c-bowler.X.a(usb_descriptors.o)
 .debug_pubnames
                0x0000302c       0x39 ../../../../../c-bowler/firmware/library/NR-Clib/development/c-bowler.X/dist/default/production/c-bowler.X.a(PidVelocity.o)
 .debug_pubnames
                0x00003065       0x24 /home/opt/microchip/xc32/v1.00/bin/../lib/gcc/pic32mx/4.5.1/libgcc.a(floatunsisf.o)
 .debug_pubnames
                0x00003089       0x33 /home/opt/microchip/xc32/v1.00/bin/../lib/gcc/pic32mx/4.5.1/../../../../pic32mx/lib/libc.a(default-bootstrap-exception-handler.o)
 .debug_pubnames
                0x000030bc       0x20 /home/opt/microchip/xc32/v1.00/bin/../lib/gcc/pic32mx/4.5.1/../../../../pic32mx/lib/libc.a(default-on-reset.o)
 .debug_pubnames
                0x000030dc       0x24 /home/opt/microchip/xc32/v1.00/bin/../lib/gcc/pic32mx/4.5.1/../../../../pic32mx/lib/libc.a(default-on-bootstrap.o)
 .debug_pubnames
                0x00003100       0x20 /home/opt/microchip/xc32/v1.00/bin/../lib/gcc/pic32mx/4.5.1/../../../../pic32mx/lib/libmchp_peripheral_32MX440F128H.a(soft_reset_lib.o)
 .debug_pubnames
                0x00003120       0x2a /home/opt/microchip/xc32/v1.00/bin/../lib/gcc/pic32mx/4.5.1/../../../../pic32mx/lib/libmchp_peripheral_32MX440F128H.a(int_enable_interrupts_lib.o)
 .debug_pubnames
                0x0000314a       0x2b /home/opt/microchip/xc32/v1.00/bin/../lib/gcc/pic32mx/4.5.1/../../../../pic32mx/lib/libmchp_peripheral_32MX440F128H.a(int_disable_interrupts_lib.o)
 .debug_pubnames
                0x00003175       0x36 /home/opt/microchip/xc32/v1.00/bin/../lib/gcc/pic32mx/4.5.1/../../../../pic32mx/lib/libmchp_peripheral_32MX440F128H.a(int_enable_mv_int_lib.o)
 .debug_pubnames
                0x000031ab       0xca /home/opt/microchip/xc32/v1.00/bin/../lib/gcc/pic32mx/4.5.1/../../../../pic32mx/lib/libmchp_peripheral_32MX440F128H.a(int_tbl_lib.o)
 .debug_pubnames
                0x00003275       0x1f /home/opt/microchip/xc32/v1.00/bin/../lib/gcc/pic32mx/4.5.1/../../../../pic32mx/lib/libmchp_peripheral_32MX440F128H.a(spi_getc_spi2_lib_legacy.o)
 .debug_pubnames
                0x00003294       0x1f /home/opt/microchip/xc32/v1.00/bin/../lib/gcc/pic32mx/4.5.1/../../../../pic32mx/lib/libmchp_peripheral_32MX440F128H.a(spi_open_spi2_lib_legacy.o)
 .debug_pubnames
                0x000032b3       0x23 /home/opt/microchip/xc32/v1.00/bin/../lib/gcc/pic32mx/4.5.1/../../../../pic32mx/lib/libmchp_peripheral_32MX440F128H.a(nvm_erase_page_lib.o)
 .debug_pubnames
                0x000032d6       0x24 /home/opt/microchip/xc32/v1.00/bin/../lib/gcc/pic32mx/4.5.1/../../../../pic32mx/lib/libmchp_peripheral_32MX440F128H.a(nvm_operation_lib.o)
 .debug_pubnames
                0x000032fa       0x23 /home/opt/microchip/xc32/v1.00/bin/../lib/gcc/pic32mx/4.5.1/../../../../pic32mx/lib/libmchp_peripheral_32MX440F128H.a(nvm_write_word_lib.o)
 .debug_pubnames
                0x0000331d       0x2c /home/opt/microchip/xc32/v1.00/bin/../lib/gcc/pic32mx/4.5.1/../../../../pic32mx/lib/libmchp_peripheral_32MX440F128H.a(port_set_pins_digital_out_lib.o)
 .debug_pubnames
                0x00003349       0x24 /home/opt/microchip/xc32/v1.00/bin/../lib/gcc/pic32mx/4.5.1/../../../../pic32mx/lib/libmchp_peripheral_32MX440F128H.a(port_clear_bits_lib.o)
 .debug_pubnames
                0x0000336d       0x22 /home/opt/microchip/xc32/v1.00/bin/../lib/gcc/pic32mx/4.5.1/../../../../pic32mx/lib/libmchp_peripheral_32MX440F128H.a(port_set_bits_lib.o)
 .debug_pubnames
                0x0000338f       0xb1 /home/opt/microchip/xc32/v1.00/bin/../lib/gcc/pic32mx/4.5.1/../../../../pic32mx/lib/libmchp_peripheral_32MX440F128H.a(uart_lib.o)
 .debug_pubnames
                0x00003440       0x2b /home/opt/microchip/xc32/v1.00/bin/../lib/gcc/pic32mx/4.5.1/../../../../pic32mx/lib/libmchp_peripheral_32MX440F128H.a(int_restore_interrupts_lib.o)

.debug_info     0x00000000    0x5f45f
 *(.debug_info .gnu.linkonce.wi.*)
 .debug_info    0x00000000     0x160a build/default/production/_ext/108654538/PinFunctions.o
 .debug_info    0x0000160a     0x12fb build/default/production/_ext/805493626/Debug_DyIO.o
 .debug_info    0x00002905     0x181f build/default/production/_ext/805493626/Namespace_bcs_io.o
 .debug_info    0x00004124     0x20cc build/default/production/_ext/805493626/Abstract_bcs_io.o
 .debug_info    0x000061f0     0x1a12 build/default/production/_ext/805493626/Bcs_IO_AdvancedAsync.o
 .debug_info    0x00007c02     0x15ec build/default/production/_ext/1051272628/Abstract_bcs_io_setmode.o
 .debug_info    0x000091ee     0x16ce build/default/production/_ext/1051272628/Namespace_bcs_io_setmode.o
 .debug_info    0x0000a8bc     0x1240 build/default/production/_ext/1825615050/CartesianController.o
 .debug_info    0x0000bafc     0x1fb2 build/default/production/_ext/1825615050/PID.o
 .debug_info    0x0000daae     0x171c build/default/production/_ext/1978776677/UpstreamPackets.o
 .debug_info    0x0000f1ca     0x1e4e build/default/production/_ext/1978776677/InitializationCallbacks.o
 .debug_info    0x00011018     0x1c44 build/default/production/_ext/1978776677/DownStreamPackets.o
 .debug_info    0x00012c5c     0x13a8 build/default/production/_ext/1978776677/AsyncManager.o
 .debug_info    0x00014004      0xf61 build/default/production/_ext/2110062566/UartDMARx.o
 .debug_info    0x00014f65     0x12c9 build/default/production/_ext/990863823/AVRInterface.o
 .debug_info    0x0001622e     0x136e build/default/production/_ext/990863823/Switches.o
 .debug_info    0x0001759c     0x16f0 build/default/production/_ext/990863823/DyIODataTableManager.o
 .debug_info    0x00018c8c     0x2bad build/default/production/_ext/990863823/CoProcCom.o
 .debug_info    0x0001b839     0x1680 build/default/production/_ext/990863823/ADC.o
 .debug_info    0x0001ceb9     0x2148 build/default/production/_ext/990863823/Counter.o
 .debug_info    0x0001f001     0x1b38 build/default/production/_ext/990863823/EEPROMMannager.o
 .debug_info    0x00020b39     0x1130 build/default/production/_ext/990863823/SerialPassThrough.o
 .debug_info    0x00021c69     0x161f build/default/production/_ext/990863823/SPI.o
 .debug_info    0x00023288     0x1ac8 build/default/production/_ext/990863823/PPMReader.o
 .debug_info    0x00024d50     0x133b build/default/production/_ext/1020318379/Pin_State.o
 .debug_info    0x0002608b     0x114d build/default/production/_ext/1020318379/ChannelConfig.o
 .debug_info    0x000271d8     0x12ea build/default/production/_ext/1020318379/ChannelValues.o
 .debug_info    0x000284c2     0x135f build/default/production/_ext/1020318379/ChannelMode.o
 .debug_info    0x00029821      0xf66 build/default/production/_ext/1281821416/Abstract_bsc_safe.o
 .debug_info    0x0002a787     0x17cf build/default/production/_ext/1281821416/Namespace_bcs_safe.o
 .debug_info    0x0002bf56     0x1afd build/default/production/_ext/321196743/Namespace_neuronrobotics_dyio.o
 .debug_info    0x0002da53     0x17db build/default/production/_ext/321196743/Namespace_bcs_pid_dypid.o
 .debug_info    0x0002f22e      0xf68 build/default/production/_ext/1360937237/Main.o
 .debug_info    0x00030196     0x160b build/default/production/_ext/1360937237/DyIOMain.o
 .debug_info    0x000317a1     0x1516 ../../../../../c-bowler/firmware/library/NR-Clib/development/c-bowler.X/dist/default/production/c-bowler.X.a(BowlerPacketParser.o)
 .debug_info    0x00032cb7     0x19de ../../../../../c-bowler/firmware/library/NR-Clib/development/c-bowler.X/dist/default/production/c-bowler.X.a(Namespace_bcs_core.o)
 .debug_info    0x00034695     0x1968 ../../../../../c-bowler/firmware/library/NR-Clib/development/c-bowler.X/dist/default/production/c-bowler.X.a(Bowler_Server.o)
 .debug_info    0x00035ffd     0x1b34 ../../../../../c-bowler/firmware/library/NR-Clib/development/c-bowler.X/dist/default/production/c-bowler.X.a(Debug.o)
 .debug_info    0x00037b31     0x17f1 ../../../../../c-bowler/firmware/library/NR-Clib/development/c-bowler.X/dist/default/production/c-bowler.X.a(FIFO.o)
 .debug_info    0x00039322     0x19e2 ../../../../../c-bowler/firmware/library/NR-Clib/development/c-bowler.X/dist/default/production/c-bowler.X.a(Bowler_Helper.o)
 .debug_info    0x0003ad04     0x100e ../../../../../c-bowler/firmware/library/NR-Clib/development/c-bowler.X/dist/default/production/c-bowler.X.a(Scheduler.o)
 .debug_info    0x0003bd12     0x17b3 ../../../../../c-bowler/firmware/library/NR-Clib/development/c-bowler.X/dist/default/production/c-bowler.X.a(Namespace_bcs_pid.o)
 .debug_info    0x0003d4c5     0x254f ../../../../../c-bowler/firmware/library/NR-Clib/development/c-bowler.X/dist/default/production/c-bowler.X.a(AbstractPID.o)
 .debug_info    0x0003fa14     0x1b48 ../../../../../c-bowler/firmware/library/NR-Clib/development/c-bowler.X/dist/default/production/c-bowler.X.a(usb_fifo.o)
 .debug_info    0x0004155c     0x3647 ../../../../../c-bowler/firmware/library/NR-Clib/development/c-bowler.X/dist/default/production/c-bowler.X.a(usb_device.o)
 .debug_info    0x00044ba3     0x1176 ../../../../../c-bowler/firmware/library/NR-Clib/development/c-bowler.X/dist/default/production/c-bowler.X.a(LED.o)
 .debug_info    0x00045d19     0x1b83 ../../../../../c-bowler/firmware/library/NR-Clib/development/c-bowler.X/dist/default/production/c-bowler.X.a(ADC.o)
 .debug_info    0x0004789c     0x18c8 ../../../../../c-bowler/firmware/library/NR-Clib/development/c-bowler.X/dist/default/production/c-bowler.X.a(HAL_P32.o)
 .debug_info    0x00049164     0x1082 ../../../../../c-bowler/firmware/library/NR-Clib/development/c-bowler.X/dist/default/production/c-bowler.X.a(Delay.o)
 .debug_info    0x0004a1e6     0x105f ../../../../../c-bowler/firmware/library/NR-Clib/development/c-bowler.X/dist/default/production/c-bowler.X.a(Bowler_USB_HAL.o)
 .debug_info    0x0004b245     0x1773 ../../../../../c-bowler/firmware/library/NR-Clib/development/c-bowler.X/dist/default/production/c-bowler.X.a(FlashStorage.o)
 .debug_info    0x0004c9b8     0x24ef ../../../../../c-bowler/firmware/library/NR-Clib/development/c-bowler.X/dist/default/production/c-bowler.X.a(Bowler_UART_HAL.o)
 .debug_info    0x0004eea7     0x1465 ../../../../../c-bowler/firmware/library/NR-Clib/development/c-bowler.X/dist/default/production/c-bowler.X.a(Tick.o)
 .debug_info    0x0005030c     0x16c8 ../../../../../c-bowler/firmware/library/NR-Clib/development/c-bowler.X/dist/default/production/c-bowler.X.a(UART.o)
 .debug_info    0x000519d4     0x1810 ../../../../../c-bowler/firmware/library/NR-Clib/development/c-bowler.X/dist/default/production/c-bowler.X.a(Namespace_bcs_rpc.o)
 .debug_info    0x000531e4     0x16a9 ../../../../../c-bowler/firmware/library/NR-Clib/development/c-bowler.X/dist/default/production/c-bowler.X.a(PidRpc.o)
 .debug_info    0x0005488d     0x15b7 ../../../../../c-bowler/firmware/library/NR-Clib/development/c-bowler.X/dist/default/production/c-bowler.X.a(PidHysteresis.o)
 .debug_info    0x00055e44     0x179f ../../../../../c-bowler/firmware/library/NR-Clib/development/c-bowler.X/dist/default/production/c-bowler.X.a(PidAsync.o)
 .debug_info    0x000575e3     0x1c57 ../../../../../c-bowler/firmware/library/NR-Clib/development/c-bowler.X/dist/default/production/c-bowler.X.a(usb_callback.o)
 .debug_info    0x0005923a     0x28de ../../../../../c-bowler/firmware/library/NR-Clib/development/c-bowler.X/dist/default/production/c-bowler.X.a(usb_function_cdc.o)
 .debug_info    0x0005bb18     0x1692 ../../../../../c-bowler/firmware/library/NR-Clib/development/c-bowler.X/dist/default/production/c-bowler.X.a(usb_descriptors.o)
 .debug_info    0x0005d1aa     0x120f ../../../../../c-bowler/firmware/library/NR-Clib/development/c-bowler.X/dist/default/production/c-bowler.X.a(PidVelocity.o)
 .debug_info    0x0005e3b9      0x146 /home/opt/microchip/xc32/v1.00/bin/../lib/gcc/pic32mx/4.5.1/libgcc.a(floatunsisf.o)
 .debug_info    0x0005e4ff       0xcb /home/opt/microchip/xc32/v1.00/bin/../lib/gcc/pic32mx/4.5.1/../../../../pic32mx/lib/libc.a(default-bootstrap-exception-handler.o)
 .debug_info    0x0005e5ca       0xa5 /home/opt/microchip/xc32/v1.00/bin/../lib/gcc/pic32mx/4.5.1/../../../../pic32mx/lib/libc.a(default-on-reset.o)
 .debug_info    0x0005e66f       0xad /home/opt/microchip/xc32/v1.00/bin/../lib/gcc/pic32mx/4.5.1/../../../../pic32mx/lib/libc.a(default-on-bootstrap.o)
 .debug_info    0x0005e71c       0xc7 /home/opt/microchip/xc32/v1.00/bin/../lib/gcc/pic32mx/4.5.1/../../../../pic32mx/lib/libmchp_peripheral_32MX440F128H.a(soft_reset_lib.o)
 .debug_info    0x0005e7e3       0xc9 /home/opt/microchip/xc32/v1.00/bin/../lib/gcc/pic32mx/4.5.1/../../../../pic32mx/lib/libmchp_peripheral_32MX440F128H.a(int_enable_interrupts_lib.o)
 .debug_info    0x0005e8ac       0xcb /home/opt/microchip/xc32/v1.00/bin/../lib/gcc/pic32mx/4.5.1/../../../../pic32mx/lib/libmchp_peripheral_32MX440F128H.a(int_disable_interrupts_lib.o)
 .debug_info    0x0005e977       0xd1 /home/opt/microchip/xc32/v1.00/bin/../lib/gcc/pic32mx/4.5.1/../../../../pic32mx/lib/libmchp_peripheral_32MX440F128H.a(int_enable_mv_int_lib.o)
 .debug_info    0x0005ea48      0x1ab /home/opt/microchip/xc32/v1.00/bin/../lib/gcc/pic32mx/4.5.1/../../../../pic32mx/lib/libmchp_peripheral_32MX440F128H.a(int_tbl_lib.o)
 .debug_info    0x0005ebf3       0xbd /home/opt/microchip/xc32/v1.00/bin/../lib/gcc/pic32mx/4.5.1/../../../../pic32mx/lib/libmchp_peripheral_32MX440F128H.a(spi_getc_spi2_lib_legacy.o)
 .debug_info    0x0005ecb0       0xbd /home/opt/microchip/xc32/v1.00/bin/../lib/gcc/pic32mx/4.5.1/../../../../pic32mx/lib/libmchp_peripheral_32MX440F128H.a(spi_open_spi2_lib_legacy.o)
 .debug_info    0x0005ed6d        0x0 /home/opt/microchip/xc32/v1.00/bin/../lib/gcc/pic32mx/4.5.1/../../../../pic32mx/lib/libmchp_peripheral_32MX440F128H.a(spi_brg_tbl_lib_legacy.o)
 .debug_info    0x0005ed6d       0xbb /home/opt/microchip/xc32/v1.00/bin/../lib/gcc/pic32mx/4.5.1/../../../../pic32mx/lib/libmchp_peripheral_32MX440F128H.a(nvm_erase_page_lib.o)
 .debug_info    0x0005ee28       0xdc /home/opt/microchip/xc32/v1.00/bin/../lib/gcc/pic32mx/4.5.1/../../../../pic32mx/lib/libmchp_peripheral_32MX440F128H.a(nvm_operation_lib.o)
 .debug_info    0x0005ef04       0xbb /home/opt/microchip/xc32/v1.00/bin/../lib/gcc/pic32mx/4.5.1/../../../../pic32mx/lib/libmchp_peripheral_32MX440F128H.a(nvm_write_word_lib.o)
 .debug_info    0x0005efbf       0xd1 /home/opt/microchip/xc32/v1.00/bin/../lib/gcc/pic32mx/4.5.1/../../../../pic32mx/lib/libmchp_peripheral_32MX440F128H.a(port_set_pins_digital_out_lib.o)
 .debug_info    0x0005f090       0xbf /home/opt/microchip/xc32/v1.00/bin/../lib/gcc/pic32mx/4.5.1/../../../../pic32mx/lib/libmchp_peripheral_32MX440F128H.a(port_clear_bits_lib.o)
 .debug_info    0x0005f14f       0xbb /home/opt/microchip/xc32/v1.00/bin/../lib/gcc/pic32mx/4.5.1/../../../../pic32mx/lib/libmchp_peripheral_32MX440F128H.a(port_set_bits_lib.o)
 .debug_info    0x0005f20a        0x0 /home/opt/microchip/xc32/v1.00/bin/../lib/gcc/pic32mx/4.5.1/../../../../pic32mx/lib/libmchp_peripheral_32MX440F128H.a(_ports_tbl_libp.o)
 .debug_info    0x0005f20a      0x18a /home/opt/microchip/xc32/v1.00/bin/../lib/gcc/pic32mx/4.5.1/../../../../pic32mx/lib/libmchp_peripheral_32MX440F128H.a(uart_lib.o)
 .debug_info    0x0005f394       0xcb /home/opt/microchip/xc32/v1.00/bin/../lib/gcc/pic32mx/4.5.1/../../../../pic32mx/lib/libmchp_peripheral_32MX440F128H.a(int_restore_interrupts_lib.o)

.debug_abbrev   0x00000000     0x9099
 *(.debug_abbrev)
 .debug_abbrev  0x00000000      0x1c9 build/default/production/_ext/108654538/PinFunctions.o
 .debug_abbrev  0x000001c9      0x1ea build/default/production/_ext/805493626/Debug_DyIO.o
 .debug_abbrev  0x000003b3      0x244 build/default/production/_ext/805493626/Namespace_bcs_io.o
 .debug_abbrev  0x000005f7      0x315 build/default/production/_ext/805493626/Abstract_bcs_io.o
 .debug_abbrev  0x0000090c      0x29c build/default/production/_ext/805493626/Bcs_IO_AdvancedAsync.o
 .debug_abbrev  0x00000ba8      0x246 build/default/production/_ext/1051272628/Abstract_bcs_io_setmode.o
 .debug_abbrev  0x00000dee      0x244 build/default/production/_ext/1051272628/Namespace_bcs_io_setmode.o
 .debug_abbrev  0x00001032      0x205 build/default/production/_ext/1825615050/CartesianController.o
 .debug_abbrev  0x00001237      0x282 build/default/production/_ext/1825615050/PID.o
 .debug_abbrev  0x000014b9      0x243 build/default/production/_ext/1978776677/UpstreamPackets.o
 .debug_abbrev  0x000016fc      0x26d build/default/production/_ext/1978776677/InitializationCallbacks.o
 .debug_abbrev  0x00001969      0x2f0 build/default/production/_ext/1978776677/DownStreamPackets.o
 .debug_abbrev  0x00001c59      0x242 build/default/production/_ext/1978776677/AsyncManager.o
 .debug_abbrev  0x00001e9b      0x166 build/default/production/_ext/2110062566/UartDMARx.o
 .debug_abbrev  0x00002001      0x1f4 build/default/production/_ext/990863823/AVRInterface.o
 .debug_abbrev  0x000021f5      0x1e2 build/default/production/_ext/990863823/Switches.o
 .debug_abbrev  0x000023d7      0x29d build/default/production/_ext/990863823/DyIODataTableManager.o
 .debug_abbrev  0x00002674      0x382 build/default/production/_ext/990863823/CoProcCom.o
 .debug_abbrev  0x000029f6      0x246 build/default/production/_ext/990863823/ADC.o
 .debug_abbrev  0x00002c3c      0x2e2 build/default/production/_ext/990863823/Counter.o
 .debug_abbrev  0x00002f1e      0x23a build/default/production/_ext/990863823/EEPROMMannager.o
 .debug_abbrev  0x00003158      0x1d6 build/default/production/_ext/990863823/SerialPassThrough.o
 .debug_abbrev  0x0000332e      0x22b build/default/production/_ext/990863823/SPI.o
 .debug_abbrev  0x00003559      0x237 build/default/production/_ext/990863823/PPMReader.o
 .debug_abbrev  0x00003790      0x1da build/default/production/_ext/1020318379/Pin_State.o
 .debug_abbrev  0x0000396a      0x1f0 build/default/production/_ext/1020318379/ChannelConfig.o
 .debug_abbrev  0x00003b5a      0x1fd build/default/production/_ext/1020318379/ChannelValues.o
 .debug_abbrev  0x00003d57      0x1ff build/default/production/_ext/1020318379/ChannelMode.o
 .debug_abbrev  0x00003f56      0x166 build/default/production/_ext/1281821416/Abstract_bsc_safe.o
 .debug_abbrev  0x000040bc      0x271 build/default/production/_ext/1281821416/Namespace_bcs_safe.o
 .debug_abbrev  0x0000432d      0x2d7 build/default/production/_ext/321196743/Namespace_neuronrobotics_dyio.o
 .debug_abbrev  0x00004604      0x271 build/default/production/_ext/321196743/Namespace_bcs_pid_dypid.o
 .debug_abbrev  0x00004875      0x17d build/default/production/_ext/1360937237/Main.o
 .debug_abbrev  0x000049f2      0x232 build/default/production/_ext/1360937237/DyIOMain.o
 .debug_abbrev  0x00004c24      0x251 ../../../../../c-bowler/firmware/library/NR-Clib/development/c-bowler.X/dist/default/production/c-bowler.X.a(BowlerPacketParser.o)
 .debug_abbrev  0x00004e75      0x2c4 ../../../../../c-bowler/firmware/library/NR-Clib/development/c-bowler.X/dist/default/production/c-bowler.X.a(Namespace_bcs_core.o)
 .debug_abbrev  0x00005139      0x2be ../../../../../c-bowler/firmware/library/NR-Clib/development/c-bowler.X/dist/default/production/c-bowler.X.a(Bowler_Server.o)
 .debug_abbrev  0x000053f7      0x2d9 ../../../../../c-bowler/firmware/library/NR-Clib/development/c-bowler.X/dist/default/production/c-bowler.X.a(Debug.o)
 .debug_abbrev  0x000056d0      0x25b ../../../../../c-bowler/firmware/library/NR-Clib/development/c-bowler.X/dist/default/production/c-bowler.X.a(FIFO.o)
 .debug_abbrev  0x0000592b      0x275 ../../../../../c-bowler/firmware/library/NR-Clib/development/c-bowler.X/dist/default/production/c-bowler.X.a(Bowler_Helper.o)
 .debug_abbrev  0x00005ba0      0x1ac ../../../../../c-bowler/firmware/library/NR-Clib/development/c-bowler.X/dist/default/production/c-bowler.X.a(Scheduler.o)
 .debug_abbrev  0x00005d4c      0x233 ../../../../../c-bowler/firmware/library/NR-Clib/development/c-bowler.X/dist/default/production/c-bowler.X.a(Namespace_bcs_pid.o)
 .debug_abbrev  0x00005f7f      0x340 ../../../../../c-bowler/firmware/library/NR-Clib/development/c-bowler.X/dist/default/production/c-bowler.X.a(AbstractPID.o)
 .debug_abbrev  0x000062bf      0x2a3 ../../../../../c-bowler/firmware/library/NR-Clib/development/c-bowler.X/dist/default/production/c-bowler.X.a(usb_fifo.o)
 .debug_abbrev  0x00006562      0x2c6 ../../../../../c-bowler/firmware/library/NR-Clib/development/c-bowler.X/dist/default/production/c-bowler.X.a(usb_device.o)
 .debug_abbrev  0x00006828      0x1b7 ../../../../../c-bowler/firmware/library/NR-Clib/development/c-bowler.X/dist/default/production/c-bowler.X.a(LED.o)
 .debug_abbrev  0x000069df      0x1db ../../../../../c-bowler/firmware/library/NR-Clib/development/c-bowler.X/dist/default/production/c-bowler.X.a(ADC.o)
 .debug_abbrev  0x00006bba      0x288 ../../../../../c-bowler/firmware/library/NR-Clib/development/c-bowler.X/dist/default/production/c-bowler.X.a(HAL_P32.o)
 .debug_abbrev  0x00006e42      0x1b0 ../../../../../c-bowler/firmware/library/NR-Clib/development/c-bowler.X/dist/default/production/c-bowler.X.a(Delay.o)
 .debug_abbrev  0x00006ff2      0x1d4 ../../../../../c-bowler/firmware/library/NR-Clib/development/c-bowler.X/dist/default/production/c-bowler.X.a(Bowler_USB_HAL.o)
 .debug_abbrev  0x000071c6      0x24f ../../../../../c-bowler/firmware/library/NR-Clib/development/c-bowler.X/dist/default/production/c-bowler.X.a(FlashStorage.o)
 .debug_abbrev  0x00007415      0x2b0 ../../../../../c-bowler/firmware/library/NR-Clib/development/c-bowler.X/dist/default/production/c-bowler.X.a(Bowler_UART_HAL.o)
 .debug_abbrev  0x000076c5      0x21a ../../../../../c-bowler/firmware/library/NR-Clib/development/c-bowler.X/dist/default/production/c-bowler.X.a(Tick.o)
 .debug_abbrev  0x000078df      0x231 ../../../../../c-bowler/firmware/library/NR-Clib/development/c-bowler.X/dist/default/production/c-bowler.X.a(UART.o)
 .debug_abbrev  0x00007b10      0x27c ../../../../../c-bowler/firmware/library/NR-Clib/development/c-bowler.X/dist/default/production/c-bowler.X.a(Namespace_bcs_rpc.o)
 .debug_abbrev  0x00007d8c      0x23d ../../../../../c-bowler/firmware/library/NR-Clib/development/c-bowler.X/dist/default/production/c-bowler.X.a(PidRpc.o)
 .debug_abbrev  0x00007fc9      0x23d ../../../../../c-bowler/firmware/library/NR-Clib/development/c-bowler.X/dist/default/production/c-bowler.X.a(PidHysteresis.o)
 .debug_abbrev  0x00008206      0x26c ../../../../../c-bowler/firmware/library/NR-Clib/development/c-bowler.X/dist/default/production/c-bowler.X.a(PidAsync.o)
 .debug_abbrev  0x00008472      0x23e ../../../../../c-bowler/firmware/library/NR-Clib/development/c-bowler.X/dist/default/production/c-bowler.X.a(usb_callback.o)
 .debug_abbrev  0x000086b0      0x2da ../../../../../c-bowler/firmware/library/NR-Clib/development/c-bowler.X/dist/default/production/c-bowler.X.a(usb_function_cdc.o)
 .debug_abbrev  0x0000898a      0x218 ../../../../../c-bowler/firmware/library/NR-Clib/development/c-bowler.X/dist/default/production/c-bowler.X.a(usb_descriptors.o)
 .debug_abbrev  0x00008ba2      0x1c9 ../../../../../c-bowler/firmware/library/NR-Clib/development/c-bowler.X/dist/default/production/c-bowler.X.a(PidVelocity.o)
 .debug_abbrev  0x00008d6b       0x61 /home/opt/microchip/xc32/v1.00/bin/../lib/gcc/pic32mx/4.5.1/libgcc.a(floatunsisf.o)
 .debug_abbrev  0x00008dcc       0x25 /home/opt/microchip/xc32/v1.00/bin/../lib/gcc/pic32mx/4.5.1/../../../../pic32mx/lib/libc.a(default-bootstrap-exception-handler.o)
 .debug_abbrev  0x00008df1       0x25 /home/opt/microchip/xc32/v1.00/bin/../lib/gcc/pic32mx/4.5.1/../../../../pic32mx/lib/libc.a(default-on-reset.o)
 .debug_abbrev  0x00008e16       0x25 /home/opt/microchip/xc32/v1.00/bin/../lib/gcc/pic32mx/4.5.1/../../../../pic32mx/lib/libc.a(default-on-bootstrap.o)
 .debug_abbrev  0x00008e3b       0x34 /home/opt/microchip/xc32/v1.00/bin/../lib/gcc/pic32mx/4.5.1/../../../../pic32mx/lib/libmchp_peripheral_32MX440F128H.a(soft_reset_lib.o)
 .debug_abbrev  0x00008e6f       0x25 /home/opt/microchip/xc32/v1.00/bin/../lib/gcc/pic32mx/4.5.1/../../../../pic32mx/lib/libmchp_peripheral_32MX440F128H.a(int_enable_interrupts_lib.o)
 .debug_abbrev  0x00008e94       0x25 /home/opt/microchip/xc32/v1.00/bin/../lib/gcc/pic32mx/4.5.1/../../../../pic32mx/lib/libmchp_peripheral_32MX440F128H.a(int_disable_interrupts_lib.o)
 .debug_abbrev  0x00008eb9       0x25 /home/opt/microchip/xc32/v1.00/bin/../lib/gcc/pic32mx/4.5.1/../../../../pic32mx/lib/libmchp_peripheral_32MX440F128H.a(int_enable_mv_int_lib.o)
 .debug_abbrev  0x00008ede       0x25 /home/opt/microchip/xc32/v1.00/bin/../lib/gcc/pic32mx/4.5.1/../../../../pic32mx/lib/libmchp_peripheral_32MX440F128H.a(int_tbl_lib.o)
 .debug_abbrev  0x00008f03       0x25 /home/opt/microchip/xc32/v1.00/bin/../lib/gcc/pic32mx/4.5.1/../../../../pic32mx/lib/libmchp_peripheral_32MX440F128H.a(spi_getc_spi2_lib_legacy.o)
 .debug_abbrev  0x00008f28       0x25 /home/opt/microchip/xc32/v1.00/bin/../lib/gcc/pic32mx/4.5.1/../../../../pic32mx/lib/libmchp_peripheral_32MX440F128H.a(spi_open_spi2_lib_legacy.o)
 .debug_abbrev  0x00008f4d        0x1 /home/opt/microchip/xc32/v1.00/bin/../lib/gcc/pic32mx/4.5.1/../../../../pic32mx/lib/libmchp_peripheral_32MX440F128H.a(spi_brg_tbl_lib_legacy.o)
 .debug_abbrev  0x00008f4e       0x25 /home/opt/microchip/xc32/v1.00/bin/../lib/gcc/pic32mx/4.5.1/../../../../pic32mx/lib/libmchp_peripheral_32MX440F128H.a(nvm_erase_page_lib.o)
 .debug_abbrev  0x00008f73       0x34 /home/opt/microchip/xc32/v1.00/bin/../lib/gcc/pic32mx/4.5.1/../../../../pic32mx/lib/libmchp_peripheral_32MX440F128H.a(nvm_operation_lib.o)
 .debug_abbrev  0x00008fa7       0x25 /home/opt/microchip/xc32/v1.00/bin/../lib/gcc/pic32mx/4.5.1/../../../../pic32mx/lib/libmchp_peripheral_32MX440F128H.a(nvm_write_word_lib.o)
 .debug_abbrev  0x00008fcc       0x25 /home/opt/microchip/xc32/v1.00/bin/../lib/gcc/pic32mx/4.5.1/../../../../pic32mx/lib/libmchp_peripheral_32MX440F128H.a(port_set_pins_digital_out_lib.o)